12-02 14:53:39.521  1115  1460 D DisplayManagerService: Delivering display group event: groupId=0, event=2
12-02 14:53:39.521  1115  1460 D PowerManagerService: onDisplayGroupEventLocked: event=2 groupId=0
12-02 14:53:39.522  1115  1460 D InputManager-JNI: Viewport [0] type:1, displayId=0, uniqueId=local:4630947232161729153, orientation=0, logicalFrame=[0, 0][1440, 3040], physicalFrame=[0, 0][1440, 3040], deviceSize=[1440, 3040]
12-02 14:53:39.526  1115  1782 I InputReader: Reconfiguring input devices, changes=DISPLAY_INFO |  4
12-02 14:53:39.526  2680  2680 I RecentsView: onTaskRemoved() taskId : 4057
12-02 14:53:39.527  2680  2680 I RecentsView: onTaskRemoved() taskId : 4057
12-02 14:53:39.527  1999  1999 D DisplayLifecycle: removeDisplay id = 18
12-02 14:53:39.527  1115  1483 W UsageStatsService: Unexpected activity event reported! (com.deepwaterooo.dwsdkTest/com.deepwaterooo.dwsdk.MainActivity event : 23 instanceId : 130446377)
12-02 14:53:39.527  1115  1782 I InputReader: support feature by TSP : 0x5
12-02 14:53:39.527 12017 12926 I SAMSUNGWALLET: [ServiceTypeTable] isSupportOperator : VZW, US
12-02 14:53:39.528 12017 12926 I SAMSUNGWALLET: [ServiceTypeTable] Upgrade - ServiceTypeTable - entryFromCountryIso - index is : 101, iso : US
12-02 14:53:39.530 12017 12926 I SAMSUNGWALLET: [ResetData] getSAResetDialogFlag : false
12-02 14:53:39.534   694 18917 I keystore2: keystore2::maintenance: clear_namespace : Domain(0), 10755
12-02 14:53:39.536  1115  1458 D InputTransport: Input channel destroyed: 'Pointer', fd=837
12-02 14:53:39.536  1115  1781 I InputDispatcher: Erasing monitor PointerEventDispatcher18 (server) on display 18, pid=1115
12-02 14:53:39.536  1115  1781 D InputTransport: Input channel destroyed: 'Pointer', fd=834
12-02 14:53:39.536   940  1017 I SurfaceFlinger: id=45242 Removed Display Overlays#1 (144)
12-02 14:53:39.537  1115  1458 I WindowManager: release() >> CMFA mIsCmfaStarted is false for Display Id : 18
12-02 14:53:39.539  1115  4556 D InputMethodManagerService: removeClient
12-02 14:53:39.539  1115  4587 D InputMethodManagerService: removeClient
12-02 14:53:39.540   940   940 I Layer   : id=45233 removedFromDrawingState homeAnimationLayer#1 (144)
12-02 14:53:39.540   940   940 I Layer   : id=45232 removedFromDrawingState boostedAnimationLayer#1 (144)
12-02 14:53:39.540   940   940 I Layer   : id=45234 removedFromDrawingState splitScreenDividerAnchor#1 (144)
12-02 14:53:39.540   940   940 I Layer   : id=45231 removedFromDrawingState animationLayer#1 (144)
12-02 14:53:39.540   940   940 I Layer   : id=45235 removedFromDrawingState NaturalSwitchingAnchor#1 (144)
12-02 14:53:39.540   940   940 I Layer   : id=45236 removedFromDrawingState FreeformAnimationLayer#1 (144)
12-02 14:53:39.540   940   940 I Layer   : id=45237 removedFromDrawingState ImeAnchorInFreeformMode#1 (144)
12-02 14:53:39.540   940   940 I Layer   : id=45241 removedFromDrawingState RootWrapper#0 (144)
12-02 14:53:39.540   940   940 I Layer   : id=45228 removedFromDrawingState Root#1 (144)
12-02 14:53:39.540   940   940 I Layer   : id=45229 removedFromDrawingState Leaf:0:1#1 (144)
12-02 14:53:39.540   940   940 I Layer   : id=45238 removedFromDrawingState Leaf:3:14#1 (144)
12-02 14:53:39.540   940   940 I Layer   : id=45240 removedFromDrawingState Leaf:17:36#0 (144)
12-02 14:53:39.540   940   940 I Layer   : id=45230 removedFromDrawingState DefaultTaskDisplayArea#1 (144)
12-02 14:53:39.540   940   940 I Layer   : id=45239 removedFromDrawingState ImeContainer#1 (144)
12-02 14:53:39.540   940   940 I Layer   : id=45242 removedFromDrawingState Display Overlays#1 (144)
12-02 14:53:39.540   940   940 I Layer   : id=45229 removedFromDrawingState Leaf:0:1#1 (144)
12-02 14:53:39.540   940   940 I Layer   : id=45230 removedFromDrawingState DefaultTaskDisplayArea#1 (144)
12-02 14:53:39.540   940   940 I Layer   : id=45238 removedFromDrawingState Leaf:3:14#1 (144)
12-02 14:53:39.540   940   940 I Layer   : id=45239 removedFromDrawingState ImeContainer#1 (144)
12-02 14:53:39.540   940   940 I Layer   : id=45240 removedFromDrawingState Leaf:17:36#0 (144)
12-02 14:53:39.540   940   940 I SurfaceFlinger: id=45241 Removed RootWrapper#0 (144)
12-02 14:53:39.540   940   940 I SurfaceFlinger: id=45229 Removed Leaf:0:1#1 (144)
12-02 14:53:39.540   940   940 I SurfaceFlinger: id=45230 Removed DefaultTaskDisplayArea#1 (144)
12-02 14:53:39.540   940   940 I SurfaceFlinger: id=45238 Removed Leaf:3:14#1 (144)
12-02 14:53:39.540   940   940 I SurfaceFlinger: id=45239 Removed ImeContainer#1 (144)
12-02 14:53:39.540   940   940 I SurfaceFlinger: id=45240 Removed Leaf:17:36#0 (144)
12-02 14:53:39.540   940   940 I SurfaceFlinger: id=45237 Removed ImeAnchorInFreeformMode#1 (144)
12-02 14:53:39.540   940   940 I SurfaceFlinger: id=45236 Removed FreeformAnimationLayer#1 (144)
12-02 14:53:39.540   940   940 I SurfaceFlinger: id=45235 Removed NaturalSwitchingAnchor#1 (144)
12-02 14:53:39.540   940   940 I SurfaceFlinger: id=45233 Removed homeAnimationLayer#1 (144)
12-02 14:53:39.540   940  3148 I SurfaceFlinger: id=45251 Removed SurfaceView - com.deepwaterooo.dwsdkTest/com.deepwaterooo.dwsdk.MainActivity@bd4c16c@0#0 (144)
12-02 14:53:39.540   940  1016 I SurfaceFlinger: id=45249 Removed com.deepwaterooo.dwsdkTest/com.deepwaterooo.dwsdk.MainActivity$_30233#0 (144)
12-02 14:53:39.540   940   940 I SurfaceFlinger: id=45232 Removed boostedAnimationLayer#1 (144)
12-02 14:53:39.540   940   940 I SurfaceFlinger: id=45234 Removed splitScreenDividerAnchor#1 (144)
12-02 14:53:39.541   940  3148 I SurfaceFlinger: id=45252 Removed SurfaceView - com.deepwaterooo.dwsdkTest/com.deepwaterooo.dwsdk.MainActivity@bd4c16c@0(BLAST)#0 (144)
12-02 14:53:39.541   940  3148 I SurfaceFlinger: id=45253 Removed Background for SurfaceView - com.deepwaterooo.dwsdkTest/com.deepwaterooo.dwsdk.MainActivity@bd4c16c@0#0 (144)
12-02 14:53:39.541   940   940 I SurfaceFlinger: id=45231 Removed animationLayer#1 (144)
12-02 14:53:39.541   940  1016 I SurfaceFlinger: id=45250 Removed Bounds for - com.deepwaterooo.dwsdkTest/com.deepwaterooo.dwsdk.MainActivity@0#0 (144)
12-02 14:53:39.541   694 30264 I keystore2: keystore2::legacy_blob: In list_keystore_entries_for_uid: 0
12-02 14:53:39.541   940   940 E BpTransactionCompletedListener: Failed to transact (-32)
12-02 14:53:39.541   940   940 I Layer   : id=45249 Destroyed com.deepwaterooo.dwsdkTest/com.deepwaterooo.dwsdk.MainActivity$_30233#0
12-02 14:53:39.541   940   940 I Layer   : id=45250 Destroyed Bounds for - com.deepwaterooo.dwsdkTest/com.deepwaterooo.dwsdk.MainActivity@0#0
12-02 14:53:39.541   940   940 I Layer   : id=45251 Destroyed SurfaceView - com.deepwaterooo.dwsdkTest/com.deepwaterooo.dwsdk.MainActivity@bd4c16c@0#0
12-02 14:53:39.541   940   940 I Layer   : id=45253 Destroyed Background for SurfaceView - com.deepwaterooo.dwsdkTest/com.deepwaterooo.dwsdk.MainActivity@bd4c16c@0#0
12-02 14:53:39.541   772   772 I Zygote  : Process 30233 exited due to signal 9 (Killed)
12-02 14:53:39.541   940   940 I Layer   : id=45252 Destroyed SurfaceView - com.deepwaterooo.dwsdkTest/com.deepwaterooo.dwsdk.MainActivity@bd4c16c@0(BLAST)#0
12-02 14:53:39.542   940   940 I Layer   : id=45229 Destroyed Leaf:0:1#1
12-02 14:53:39.542   940   940 I Layer   : id=45238 Destroyed Leaf:3:14#1
12-02 14:53:39.542   940   940 I Layer   : id=45240 Destroyed Leaf:17:36#0
12-02 14:53:39.542   940   940 I Layer   : id=45230 Destroyed DefaultTaskDisplayArea#1
12-02 14:53:39.542   940   940 I Layer   : id=45233 Destroyed homeAnimationLayer#1
12-02 14:53:39.542   940   940 I Layer   : id=45234 Destroyed splitScreenDividerAnchor#1
12-02 14:53:39.542   940   940 I Layer   : id=45231 Destroyed animationLayer#1
12-02 14:53:39.542   940   940 I Layer   : id=45235 Destroyed NaturalSwitchingAnchor#1
12-02 14:53:39.542   940   940 I Layer   : id=45232 Destroyed boostedAnimationLayer#1
12-02 14:53:39.542   940   940 I Layer   : id=45237 Destroyed ImeAnchorInFreeformMode#1
12-02 14:53:39.542   940   940 I Layer   : id=45236 Destroyed FreeformAnimationLayer#1
12-02 14:53:39.542   940   940 I Layer   : id=45239 Destroyed ImeContainer#1
12-02 14:53:39.542   940   940 I Layer   : id=45241 Destroyed RootWrapper#0
12-02 14:53:39.542   940   940 I Layer   : id=45242 Destroyed Display Overlays#1
12-02 14:53:39.545  1115  1461 D InputDispatcher: removing all handles on display 18
12-02 14:53:39.548   694 30264 I keystore2: keystore2::legacy_blob: In list_knox_entries_for_uid: 0
12-02 14:53:39.550 12017 12926 I SAMSUNGWALLET: [Hint_d] isHomePackageRunning topPkgName = com.sec.android.app.launcher, topClsName = com.android.launcher3.uioverrides.QuickstepLauncher, return true , se : true
12-02 14:53:39.552 12017 12017 I SAMSUNGWALLET: [ServiceTypeTable] isSupportOperator : VZW, US
12-02 14:53:39.552 12017 12017 I SAMSUNGWALLET: [ServiceTypeTable] Upgrade - ServiceTypeTable - entryFromCountryIso - index is : 101, iso : US
12-02 14:53:39.553 12017 12017 I SAMSUNGWALLET: [Hint_IntroHintService] Hint Status - already visible, skip show
12-02 14:53:39.557  1115  4496 E TaskPersister: File error accessing recents directory (directory doesn't exist?).
12-02 14:53:39.561  1115  1997 V ActivityManager: Got obituary of 30233:com.deepwaterooo.dwsdkTest
12-02 14:53:39.561   696   696 D keymaster_swd: keymaster_swd [WRN] (swd_run_cb:251) swd_add_rng_entropy() returns 0
12-02 14:53:39.561  1115  1460 W ActivityManager: setHasOverlayUi called on unknown pid: 30233
12-02 14:53:39.562   770   808 D IptablesRestoreController: [iptables debug]iptables-restore execute *filter
12-02 14:53:39.562   770   808 D IptablesRestoreController: -D fw_OUTPUT -m owner --uid-owner 10755 -j DROP
12-02 14:53:39.562   770   808 D IptablesRestoreController: COMMIT
12-02 14:53:39.565   770   808 D IptablesRestoreController: [iptables debug]iptables-restore execute done, res : 0
12-02 14:53:39.566  1115  1555 I SPEG    : Finished
12-02 14:53:39.618  1115  1555 I PackageDexOptimizer: Running dexopt (dexoptNeeded=1) on: /data/app/~~YjJjccKl7pLRL1HDj7jYXw==/com.deepwaterooo.dwsdkTest-sNV_jzPDWBCT5dbcNtZgig==/base.apk pkg=com.deepwaterooo.dwsdkTest isa=arm dexoptFlags=boot_complete,profile_guided,public,enable_hidden_api_checks targetFilter=speed-profile oatDir=/data/app/~~YjJjccKl7pLRL1HDj7jYXw==/com.deepwaterooo.dwsdkTest-sNV_jzPDWBCT5dbcNtZgig==/oat classLoaderContext=PCL[]{PCL[/system/framework/android.test.base.jar]} async=false
12-02 14:53:39.618  2680 30331 I RecentModel: onTaskStackChangedBackground
12-02 14:53:39.624  2680 30331 I RecentTasksList: getTaskKeys, numTasks :3 callback : com.android.quickstep.-$$Lambda$RecentsModel$k1Mm-BV64Bc89eJHYugywZmW_Js@df58396
12-02 14:53:39.624  1144  5107 V installd: DexInv: --- BEGIN '/data/app/~~YjJjccKl7pLRL1HDj7jYXw==/com.deepwaterooo.dwsdkTest-sNV_jzPDWBCT5dbcNtZgig==/base.apk' ---
12-02 14:53:39.625  1144  5107 V installd: Running /apex/com.android.art/bin/dex2oat64 in=base.apk out=/data/app/~~YjJjccKl7pLRL1HDj7jYXw==/com.deepwaterooo.dwsdkTest-sNV_jzPDWBCT5dbcNtZgig==/oat/arm/base.odex
12-02 14:53:39.625  1115  2248 D ActivityTaskManager: getRecentPairTasks() maxNum :3 from 10111
12-02 14:53:39.625  1115  2248 D RecentTaskItemController: getRecentPairTasksImpl() maxNum :3 from 10111
12-02 14:53:39.626  2680  2739 I RecentTasksList: loadTasksInBackground() task id : 4056
12-02 14:53:39.753 30268 30268 I dex2oat64: No primary.vdex file in DexMetadata archive. Not doing fast verification.
12-02 14:53:39.753 30268 30268 I dex2oat64: /apex/com.android.art/bin/dex2oat64 --input-vdex-fd=-1 --output-vdex-fd=10 --dm-fd=14 --profile-file-fd=12 --classpath-dir=/data/app/~~YjJjccKl7pLRL1HDj7jYXw==/com.deepwaterooo.dwsdkTest-sNV_jzPDWBCT5dbcNtZgig== --class-loader-context=PCL[]{PCL[/system/framework/android.test.base.jar]} --compiler-filter=speed-profile --compilation-reason=install-speg-dm --max-image-block-size=524288 --resolve-startup-const-strings=true --generate-mini-debug-info -j6
12-02 14:53:39.785 30268 30268 W dex2oat64: ART APEX data files are untrusted.
12-02 14:53:39.819  1115  1459 D SettingsProvider: isChangeAllowed() : name = enabled_notification_listeners
12-02 14:53:39.917   853 27817 I sensors-hal: handle_sns_client_event:217, auto_rotation_event_2: mode:255, type:1:0/0.055,0.024,9.813, ar:0
12-02 14:53:39.917   853 27823 I sensors-hal: handle_sns_client_event:660, [0][18199] accel_sample [ 0.072,  0.030,  9.789] 837156282134809
12-02 14:53:40.003  1115  1867 D SemCellularStateManager: onSignalStrengthsChanged: mCellularSignalLevel=1
12-02 14:53:40.005  1999  2213 D MobileStatusTracker(0/8): onSignalStrengthsChanged signalStrength=SignalStrength:{mCdma=Invalid,mGsm=Invalid,mWcdma=Invalid,mTdscdma=Invalid,mLte=CellSignalStrengthLte: rssi=-79 rsrp=-114 rsrq=-15 rssnr=1 cqiTableIndex=2147483647 cqi=2147483647 ta=2147483647 level=1 parametersUseForLevel=0,mNr=Invalid,SignalBarInfo{ lteLevel=2 },rat=14,primary=CellSignalStrengthLte} level=2
12-02 14:53:40.005  1999  2213 D CscParser: OMC path : /product/omc/VZW/conf/customer.xml
12-02 14:53:40.006  1999  2213 I CscParser: getCustomerPath : omc customer file can read
12-02 14:53:40.006  1999  2213 E CscParser: update(): xml file exist
12-02 14:53:40.007  3697  3741 I EPDG -- SIM0 [SMARTCELLULAR]: onSignalStrengthsChanged: SignalStrength:{mCdma=Invalid,mGsm=Invalid,mWcdma=Invalid,mTdscdma=Invalid,mLte=CellSignalStrengthLte: rssi=-79 rsrp=-114 rsrq=-15 rssnr=1 cqiTableIndex=2147483647 cqi=2147483647 ta=2147483647 level=1 parametersUseForLevel=0,mNr=Invalid,SignalBarInfo{ lteLevel=2 },rat=14,primary=CellSignalStrengthLte}
12-02 14:53:40.007  3697  3771 I EPDG -- SIM0 [SMARTCELLULAR]: lastLteRSRP is -115 currentLteRSRP is -114 lastLteRSRQ is -15 currentLteRSRQ is -15 lastLteSNR is 3 currentLteSNR is 1
12-02 14:53:40.014  1999  2213 D NetworkController: SignalStrength from intent slotId=0
12-02 14:53:40.041  1999  1999 D NetworkController.WifiSignalController: notifyListener: visible=true, enabled=true, connected=true, inetCondition=1, isDefault=true, receivedCR=true, receivedIC=-1, shouldForceHide=false, emptyConnected=false
12-02 14:53:40.066  1115  1876 I SemWifiServiceDetector: Traff. tracking resumed
12-02 14:53:40.144 30268 30268 I dex2oat64: Explicit concurrent copying GC freed 624(279KB) AllocSpace objects, 0(0B) LOS objects, 99% free, 13KB/1549KB, paused 97us,24us total 6.119ms
12-02 14:53:40.189 30268 30268 I dex2oat64: dex2oat took 452.598ms (413.381ms cpu) (threads: 6) arena alloc=1264KB (1295016B) java alloc=29KB (29920B) native alloc=1346KB (1378896B) free=5459KB (5590128B)
12-02 14:53:40.215  1144  5107 V installd: DexInv: --- END '/data/app/~~YjJjccKl7pLRL1HDj7jYXw==/com.deepwaterooo.dwsdkTest-sNV_jzPDWBCT5dbcNtZgig==/base.apk' (success) ---
12-02 14:53:40.222  1115  1555 I BackupManagerService: [UserID:0] restoreAtInstall pkg=com.deepwaterooo.dwsdkTest token=5d restoreSet=0
12-02 14:53:40.224  1115  1555 V BackupManagerService: [UserID:0] Finishing install immediately
12-02 14:53:40.225  1115  1555 E AppHibernationService: Package com.deepwaterooo.dwsdkTest is not installed for user 0
12-02 14:53:40.225  1115  1555 E AppHibernationService: Package com.deepwaterooo.dwsdkTest is not installed for any user
12-02 14:53:40.237  1115  1555 D PackageManager: result of install: 1{38610012}
12-02 14:53:40.238  1144  5107 E installd: Couldn't opendir /data/app/vmdl1610573420.tmp: No such file or directory
12-02 14:53:40.238  1144  5107 E installd: Failed to delete /data/app/vmdl1610573420.tmp: No such file or directory
12-02 14:53:40.250  2680  2741 I SessionCommitReceiver: onReceive() intent.getAction : android.content.pm.action.SESSION_COMMITTED
12-02 14:53:40.250  2680  2741 W SessionCommitReceiver: onReceive() !isEnabled()
12-02 14:53:40.252  1115  1555 I MultiUserInstallPolicy: applyInstallPolicyPackageInternalLPw : com.deepwaterooo.dwsdkTest
12-02 14:53:40.259  4341  4341 I MediaProvider: Invalidating LocalCallingIdentity cache for package com.deepwaterooo.dwsdkTest. Reason: package android.intent.action.PACKAGE_ADDED
12-02 14:53:40.259  1115  1687 D OverlayManager: reconcileSettingsForPackage pkgName=com.deepwaterooo.dwsdkTest userId=0
12-02 14:53:40.260  1115  1687 I OverlayManager: updateOverlaysForTarget() called with: targetPackage = [com.deepwaterooo.dwsdkTest], userId = [0], flags = [0], skipLocaleOverlays = [false]
12-02 14:53:40.260  1115  1687 D OverlayManager: Writing overlay settings
12-02 14:53:40.267  1999  1999 D KeyguardUpdateMonitor: received broadcast android.intent.action.PACKAGE_ADDED
12-02 14:53:40.268  1999  1999 D SPluginManagerImpl: onReceive: android.intent.action.PACKAGE_ADDED, size:{com.android.systemui.pluginlock.PluginLockMediatorImpl@1f09a23=SPluginInstanceManager@1941935 (action=com.samsung.systemui.action.PLUGIN_LOCK), com.android.systemui.BixbyInteractor$2@373e612=SPluginInstanceManager@3889596 (action=com.samsung.systemui.bixby2.PLUGIN), com.android.systemui.volume.VolumeStarInteractor$1@377d807=SPluginInstanceManager@33860933 (action=com.samsung.systemui.volume.PLUGIN), com.android.systemui.navigationbar.NavBarInteractorManager$1@ba65be1=SPluginInstanceManager@19332250 (action=com.samsung.systemui.navigationbar.PLUGIN), com.android.systemui.slimindicator.SlimIndicatorPluginMediator@d35efed=SPluginInstanceManager@128756171 (action=com.samsung.systemui.action.SPLUGIN_SLIMINDICATOR), com.samsung.android.systemui.multistar.MultiStarManager$1@e82020c=SPluginInstanceManager@239228328 (action=com.samsung.systemui.action.PLUGIN_MULTISTAR), com.android.systemui.lockstar.PluginLockStarManager@ee9aec3=SPluginInstanceManager@4708545 (action=com.samsung.systemui.action.PLUGIN_LOCK_STAR), com.android.systemui.noticenter.NotiCenterPlugin$NotiCenterPluginListener@f9115be=SPluginInstanceManager@149440614 (action=com.samsung.systemui.action.PLUGIN_NOTICENTER)}
12-02 14:53:40.273  3211  3332 I PackageInfoManager_FLP: action : ACTION_PACKAGE_ADDED, packageName = com.deepwaterooo.dwsdkTest
12-02 14:53:40.275  1115  1687 D OverlayManager: Update package manager about changed overlays, packageSize : 1, updateFrameworkRes : false, pruneTargets : false, userId : 0
12-02 14:53:40.278  1999  1999 D FaceWidgetMetadataParser: updatePackage() com.deepwaterooo.dwsdkTest true
12-02 14:53:40.279  1999  1999 W FaceWidgetMetadataParser: updatePackage() there is no metadata
12-02 14:53:40.279  1999  1999 D FaceWidgetMetadataParser: removePackage() key = com.deepwaterooo.dwsdkTest
12-02 14:53:40.279  1954  2294 I TelephonyProvider: D/TelephonyProvider: Using old permission behavior for telephony provider compat
12-02 14:53:40.281  1115  1484 W BroadcastQueue: Background execution not allowed: receiving Intent { act=android.intent.action.PACKAGE_ADDED dat=package:com.deepwaterooo.dwsdkTest flg=0x4000010 (has extras) } to com.google.android.packageinstaller/com.android.packageinstaller.PackageInstalledReceiver
12-02 14:53:40.281  1115  1484 W BroadcastQueue: Background execution not allowed: receiving Intent { act=android.intent.action.PACKAGE_ADDED dat=package:com.deepwaterooo.dwsdkTest flg=0x4000010 (has extras) } to com.android.vending/com.google.android.finsky.packagemonitor.impl.PackageMonitorReceiverImpl$RegisteredReceiver
12-02 14:53:40.281  1115  1484 W BroadcastQueue: Background execution not allowed: receiving Intent { act=android.intent.action.PACKAGE_ADDED dat=package:com.deepwaterooo.dwsdkTest flg=0x4000010 (has extras) } to com.google.android.gms/.games.chimera.GamesSystemBroadcastReceiverProxy
12-02 14:53:40.282  1115  1484 W BroadcastQueue: Background execution not allowed: receiving Intent { act=android.intent.action.PACKAGE_ADDED dat=package:com.deepwaterooo.dwsdkTest flg=0x4000010 (has extras) } to com.google.android.gms/.gass.chimera.PackageChangeBroadcastReceiver
12-02 14:53:40.283  1115  1687 D OverlayManager: -> Updating overlay: target=com.deepwaterooo.dwsdkTest overlays=[OverlayPaths { resourceDirs = [], overlayPaths = [] }] userId=0
12-02 14:53:40.283 28335 28437 I SystemBroadcastReceiver: [#CMH#] onReceive completed :  0
12-02 14:53:40.283 28147 28147 I [PASS][SPASS]SPassApplication: onReceive android.intent.action.PACKAGE_ADDED : com.deepwaterooo.dwsdkTest
12-02 14:53:40.284 28335 28335 I Controller: [#CMH#] onPackageAdded  null
12-02 14:53:40.284  1115  1687 I SWT_ThemeManager: com.deepwaterooo.dwsdkTest doesn't have metadata
12-02 14:53:40.284  1115  1687 D OverlayManager: commit OverlayManagerTransaction { mRequests = [] }
12-02 14:53:40.289  1115  1744 I RoleService: Granting default roles...
12-02 14:53:40.295  1115  1115 D SGM:GameManager: identifyGamePackage. com.deepwaterooo.dwsdkTest, mCurrentUserId: 0, callerUserId: 0, callingMethodInfo: com.samsung.android.game.SemGameManager.isGamePackage(SemGameManager.java:104)
12-02 14:53:40.295  1115  1115 D SGM:PkgDataHelper: getGamePkgData(). com.deepwaterooo.dwsdkTest
12-02 14:53:40.296  1115  1115 D SGM:SemGameManager: isGamePackage(), pkgName=com.deepwaterooo.dwsdkTest, ret=false
12-02 14:53:40.302  2464  2464 D RegisteredNfcFServicesCache: Service unchanged, not updating
12-02 14:53:40.305  1954  1954 D CarrierSvcBindHelper: No carrier app for: 0
12-02 14:53:40.307  8964  8964 I GsaVoiceInteractionSrv: (REDACTED) O received %s
12-02 14:53:40.305  1115  1880 D SGM:GameManager: identifyGamePackage. com.deepwaterooo.dwsdkTest, mCurrentUserId: 0, callerUserId: 0, callingMethodInfo: com.samsung.android.game.SemGameManager.isGamePackage(SemGameManager.java:104)
12-02 14:53:40.308  1115  1880 D SGM:PkgDataHelper: getGamePkgData(). com.deepwaterooo.dwsdkTest
12-02 14:53:40.308  1115  1880 D SGM:SemGameManager: isGamePackage(), pkgName=com.deepwaterooo.dwsdkTest, ret=false
12-02 14:53:40.314  1115  1457 D SamsungAlarmManager: setInexact (T:3/F:8/AC:false) 20221202T145440 now=837157698 - CU:1000/CP:1115/L:728ff66:*CountQuotaTracker.cleanup*
12-02 14:53:40.315  1115  1457 V SamsungAlarmManager: setLocked to kernel - W:837224087 / NW:837177384, now=837157699
12-02 14:53:40.316  1115  1782 I InputReader: Reconfiguring input devices, changes=KEYBOARD_LAYOUTS |  16
12-02 14:53:40.318  1115  1484 W BroadcastQueue: Background execution not allowed: receiving Intent { act=android.intent.action.PACKAGE_ADDED dat=package:com.deepwaterooo.dwsdkTest flg=0x4000010 (has extras) } to com.google.android.gms/.chimera.GmsIntentOperationService$PersistentTrustedReceiver
12-02 14:53:40.318  1954  1954 I VvmPkgInstalledRcvr: onReceive(): android.intent.action.PACKAGE_ADDED
12-02 14:53:40.319  1115  2733 I Telecom:SamsungTelecomServiceImpl: getSystemDialerPackage - callingPid : 1954 / processName : sts
12-02 14:53:40.319  1954  1954 I VvmPkgInstalledRcvr: packageName: com.deepwaterooo.dwsdkTest, systemDialer: com.samsung.android.dialer
12-02 14:53:40.320  1115  2733 I Telecom:SamsungTelecomServiceImpl: getCallCapablePhoneAccounts - includeDisabledAccounts : false / callingPackage : com.android.phone
12-02 14:53:40.323  1954  1954 I VvmPkgInstalledRcvr: capablePhoneAccounts : [ComponentInfo{com.android.phone/com.android.services.telephony.TelephonyConnectionService}, ***, UserHandle{0}]
12-02 14:53:40.324  1954  1954 I VvmPkgInstalledRcvr: capablePhoneAccounts.size : 1
12-02 14:53:40.325  1115  1744 D CompatibilityChangeReporter: Compat change id reported: 135634846; UID 10341; state: DISABLED
12-02 14:53:40.325  1115  1744 D CompatibilityChangeReporter: Compat change id reported: 177438394; UID 10341; state: DISABLED
12-02 14:53:40.325  1115  1744 D CompatibilityChangeReporter: Compat change id reported: 135772972; UID 10341; state: DISABLED
12-02 14:53:40.325  1115  1744 D CompatibilityChangeReporter: Compat change id reported: 135754954; UID 10341; state: ENABLED
12-02 14:53:40.325  1115  1485 D CompatibilityChangeReporter: Compat change id reported: 143937733; UID 10341; state: ENABLED
12-02 14:53:40.328  1115  2733 I Telecom:SamsungTelecomServiceImpl: getCallCapablePhoneAccounts - includeDisabledAccounts : false / callingPackage : com.android.phone
12-02 14:53:40.329  1115  1484 W BroadcastQueue: Background execution not allowed: receiving Intent { act=android.intent.action.PACKAGE_ADDED dat=package:com.deepwaterooo.dwsdkTest flg=0x4000010 (has extras) } to com.google.android.googlequicksearchbox/com.google.android.apps.gsa.googlequicksearchbox.GelStubAppWatcher
12-02 14:53:40.331  1115  1484 W BroadcastQueue: Background execution not allowed: receiving Intent { act=android.intent.action.PACKAGE_ADDED dat=package:com.deepwaterooo.dwsdkTest flg=0x4000010 (has extras) } to com.samsung.android.app.taskedge/.edgepanel.TaskEdgePanelProvider
12-02 14:53:40.331  1115  1484 W BroadcastQueue: Background execution not allowed: receiving Intent { act=android.intent.action.PACKAGE_ADDED dat=package:com.deepwaterooo.dwsdkTest flg=0x4000010 (has extras) } to com.sec.android.app.samsungapps/.receiver.PackageAddedReceiver
12-02 14:53:40.332   934   934 D AF::TrackHandle: OpPlayAudio: track:79 usage:2 not muted
12-02 14:53:40.333   934   934 D AF::TrackHandle: OpPlayAudio: track:79 usage:2 not muted
12-02 14:53:40.333  1954  1954 I VvmPkgInstalledRcvr: phoneAccountHandle : ComponentInfo{com.android.phone/com.android.services.telephony.TelephonyConnectionService}, ***, UserHandle{0}
12-02 14:53:40.334   771   771 D Zygote  : Forked child process 30280
12-02 14:53:40.335  1954  1954 I VvmPkgInstalledRcvr: pinnedTelephonyManager : android.telephony.TelephonyManager@821696f
12-02 14:53:40.346  1954  1954 I VvmPkgInstalledRcvr: pinnedTelephonyManager : subscriberId: 311*********062
12-02 14:53:40.356  1954  1954 I VvmPkgInstalledRcvr: getCarrierVvmPackages : config: PersistableBundle[{carrier_volte_provisioned_bool=true, support_cdma_1x_voice_calls_bool=true, support_ss_over_cdma_bool=false, disable_charge_indication_bool=false, support_tdscdma_bool=false, httpSocketTimeout=60000, allowed_initial_attach_apn_types_string_array=[ia, ims, default, mms, dun], disable_supplementary_services_in_airplane_mode_bool=false, call_barring_default_service_class_int=1, call_redirection_service_component_name_string=null, carrier_wfc_supports_wifi_only_bool=false, carrier_default_actions_on_default_network_available_string_array=[false: 7, true: 8], operator_selection_expand_bool=true, disable_cdma_activation_code_bool=false, simplified_network_settings_bool=false, call_forwarding_when_unanswered_supported_bool=true, support_tdscdma_roaming_networks_string_array=null, gps.lpp_profile=2, call_barring_visibility_bool=false, gba_mode_int=1, gps.es_extension_sec=0, enable_apps_string_array=null, 5g_icon_display_secondary_grace_period_string=connected_mmwave,not_restricted_rrc_idle,Timer2, carrier_default_wfc_ims_roaming_enabled_bool=true, cdma_nonroaming_networks_string_array=null, signal_strength_nr_nsa_use_lte_as_primary_bool=true, aliasMinChars=2, fdn_number_length_limit_int=20, support_ims_call_forwarding_while_roaming_bool=true, wfc_data_spn_format_idx_int=0, hide_sim_lock_settings_bool=false, drop_video_call_when_answering_audio_call_bool=true, ci_action_on_sys_update_bool=false, carrier_certificate_string_array=[FF82050BF6BED1F152AC1A12DC83CACBAD401775161882872C6665FC5E15C8F2, AE23A03436DF07B0CD70FE881CDA2EC1D21215D7B7B0CC68E67B67F5DF89526A], convert_cdma_caller_id_mmi_codes_while_roaming_on_3gpp_bool=true, support_enhanced_call_blocking_bool=true, iwlan.ike_rekey_hard_timer_in_sec=14400, vvm_port_number_int=0, carrier_default_wfc_ims_enabled_bool=false, iwlan.ike_session_encryption_aes_ctr_key_size_int_array=[128, 192, 256], dial_string_replace_string_array=[*611:+19085594899, *86:+1MDN], opportunistic_network_entry_threshold_bandwidth_int=1024, opportunistic_network_data_switch_exit_hysteresis_time_long=3000, gsm_nonroaming_networks_string_array=null, imsserviceentitlement.ims_provisioning_bool=false, wifi.avoid_5ghz_softap_for_laa_bool=false, hide_ims_apn_bool=false, vvm_destination_number_string=, unmetered_nr_sa_mmwave_bool=true, dtmf_type_enabled_bool=true, allow_video_calling_fallback_bool=true, config_ims_package_override_string=com.google.android.ims, only_auto_select_in_home_network=false, iwlan.supported_prf_algorithms_int_array=[2, 4, 5, 6, 7], show_data_connected_roaming_notification=false, gps.es_supl_data_plane_only_roaming_plmn_string_array=null, imsserviceentitlement.fcm_sender_id_string=, smsToMmsTextThreshold=7, inflate_signal_strength_bool=true, force_home_network_bool=false, spdi_override_string_array=null, show_wfc_location_privacy_policy_bool=false, gps.supl_es=1, enableSMSDeliveryReports=true, iwlan.natt_keep_alive_timer_sec_int=20, missed_incoming_call_sms_originator_string_array=[], missed_incoming_call_sms_pattern_string_array=[], auto_retry_enabled_bool=false, ims.enable_presence_capability_exchange_bool=false, opportunistic_network_entry_threshold_rssnr_int=45, play_call_recording_tone_bool=false, unmetered_nr_nsa_sub6_bool=false, carrier_force_disable_etws_cmas_test_bool=false, call_waiting_service_class_int=1, allow_emergency_video_calls_bool=false, support_add_conference_participants_bool=false, csp_enabled_bool=false, default_sim_call_manager_string=, wifi.passpoint_profiles_string_array=[<?xml version="1.0" encoding="UTF-8"?><PasspointProfile autojoin="true"><PPSMO><![CDATA[<MgmtTree xmlns="syncml:dmddf1.2"><VerDTD>1.2</VerDTD><Node><NodeName>PerProviderSubscription</NodeName><RTProperties><Type><DDFName>urn:wfa:mo:hotspot2dot0-perprovidersubscription:1.0</DDFName></Type></RTProperties><Node><NodeName>i001</NodeName><Node><NodeName>HomeSP</NodeName><Node><NodeName>FriendlyName</NodeName><Value>VerizonWiFi</Value></Node><Node><NodeName>FQDN</NodeName><Value>wlan.mnc480.mcc311.3gppn
12-02 14:53:40.356  1954  1954 I VvmPkgInstalledRcvr: getCarrierVvmPackages : singlePackage: 
12-02 14:53:40.356  1954  1954 I VvmPkgInstalledRcvr: getCarrierVvmPackages : arrayPackages: null
12-02 14:53:40.356  1954  1954 I VvmPkgInstalledRcvr:  NOT contains : com.deepwaterooo.dwsdkTest
12-02 14:53:40.356  1954  1954 D ImsResolver: maybeAddedImsService, packageName: com.deepwaterooo.dwsdkTest
12-02 14:53:40.361  1954  1954 D CarrierConfigLoader: mHandler: EVENT_PACKAGE_CHANGED phoneId: 0
12-02 14:53:40.362 30280 30280 E ssioncontrolle: Not starting debugger since process cannot load the jdwp agent.
12-02 14:53:40.363  1115  1555 D CompatibilityChangeReporter: Compat change id reported: 168419799; UID 10755; state: DISABLED
12-02 14:53:40.365  1115  1484 W BroadcastQueue: Background execution not allowed: receiving Intent { act=android.intent.action.PACKAGE_ADDED dat=package:com.deepwaterooo.dwsdkTest flg=0x4000010 (has extras) } to com.sec.imsservice/com.sec.internal.ims.imsservice.ImsIntentReceiver
12-02 14:53:40.366 30280 30280 E USNET   : USNET: appName: com.google.android.permissioncontroller
12-02 14:53:40.367   934   934 D AF::TrackHandle: OpPlayAudio: track:79 usage:2 not muted
12-02 14:53:40.367 30280 30280 D ProcessState: Binder ioctl to enable oneway spam detection failed: Invalid argument
12-02 14:53:40.367   934   934 D AF::TrackHandle: OpPlayAudio: track:79 usage:2 not muted
12-02 14:53:40.368   934   934 D AF::TrackHandle: OpPlayAudio: track:79 usage:2 not muted
12-02 14:53:40.368   934   934 D AF::TrackHandle: OpPlayAudio: track:79 usage:2 not muted
12-02 14:53:40.368   934   934 D AF::TrackHandle: OpPlayAudio: track:79 usage:2 not muted
12-02 14:53:40.368   934   934 D AF::TrackHandle: OpPlayAudio: track:79 usage:2 not muted
12-02 14:53:40.368   934   934 D AF::TrackHandle: OpPlayAudio: track:79 usage:2 not muted
12-02 14:53:40.369   934   934 D AF::TrackHandle: OpPlayAudio: track:79 usage:2 not muted
12-02 14:53:40.372 30280 30280 D ActivityThread: setConscryptValidator
12-02 14:53:40.372 30280 30280 D ActivityThread: setConscryptValidator - put
12-02 14:53:40.376  1115  1485 W ActivityManager: Slow operation: 52ms so far, now at startProcess: done updating battery stats
12-02 14:53:40.376  1115  1485 W ActivityManager: Slow operation: 52ms so far, now at startProcess: building log message
12-02 14:53:40.376  1115  1485 I ActivityManager: Start proc 30280:com.google.android.permissioncontroller/u0a341 for service {com.google.android.permissioncontroller/com.android.permissioncontroller.role.service.RoleControllerServiceImpl}
12-02 14:53:40.378  1115  1115 D DARUtil : Device owner status not updated yet...
12-02 14:53:40.378  1115  1115 D DARUtil : Not an enterprise user : 0
12-02 14:53:40.378  1115  1115 D DARUtil : Device owner status not updated yet...
12-02 14:53:40.378  1115  1115 D DARUtil : Not an enterprise user : 0
12-02 14:53:40.380  1115  4554 D SamsungAlarmManager: setInexact (T:3/F:0/AC:false) 20321129T145340 now=837157764 - CU:10045/CP:11763/OP:PendingIntent{f5d1c1b: PendingIntentRecord{11761b8 com.google.android.gms/ startService}}
12-02 14:53:40.380  1115  1485 W ActivityManager: Slow operation: 56ms so far, now at startProcess: starting to update pids map
12-02 14:53:40.381  1115  1485 W ActivityManager: Slow operation: 56ms so far, now at startProcess: done updating pids map
12-02 14:53:40.382  1115  4554 V SamsungAlarmManager: setLocked to kernel - W:837224087 / NW:837177384, now=837157765
12-02 14:53:40.383  1115  1115 D SEP_UNION_SemDeviceInfoManagerService: onReceive : android.intent.action.PACKAGE_ADDED, userId = 0 
12-02 14:53:40.383  1115  1742 D SamsungAlarmManager: setInexact (T:3/F:0/AC:false) 20321129T145340 now=837157767 - CU:10045/CP:6815/OP:PendingIntent{fa0d2bf: PendingIntentRecord{66a1d8c com.google.android.gms/ startService}}
12-02 14:53:40.383  1115  1742 V SamsungAlarmManager: setLocked to kernel - W:837224087 / NW:837177384, now=837157767
12-02 14:53:40.386  1115  1484 W BroadcastQueue: Background execution not allowed: receiving Intent { act=android.intent.action.PACKAGE_ADDED dat=package:com.deepwaterooo.dwsdkTest flg=0x4000010 (has extras) } to com.verizon.loginengine.unbranded/com.verizon.vzwavs.AVSSystemReceiver
12-02 14:53:40.387  1115  1484 W BroadcastQueue: Background execution not allowed: receiving Intent { act=android.intent.action.PACKAGE_ADDED dat=package:com.deepwaterooo.dwsdkTest flg=0x4000010 (has extras) } to com.okta.android.mobile.oktamobile/.afw.AfwPackageAddedReceiver
12-02 14:53:40.390  1115  1115 D CompatibilityChangeReporter: Compat change id reported: 135634846; UID 1000; state: DISABLED
12-02 14:53:40.391  1115  1115 D CompatibilityChangeReporter: Compat change id reported: 177438394; UID 1000; state: DISABLED
12-02 14:53:40.391  1115  1115 D CompatibilityChangeReporter: Compat change id reported: 135772972; UID 1000; state: DISABLED
12-02 14:53:40.391  1115  1115 D CompatibilityChangeReporter: Compat change id reported: 135754954; UID 1000; state: ENABLED
12-02 14:53:40.391  1115  1115 D ActivityManager: Received SERVICE intent 0x28f0bf7 Key{startService pkg=com.samsung.android.localeoverlaymanager intent=act=com.samsung.android.localeoverlaymanager.action.PACKAGE_ADDED cmp=com.samsung.android.localeoverlaymanager/.ResourceOverlayService flags=0x2000000 u=0} requestCode=2 from uid 1000
12-02 14:53:40.391  1115  1115 D SEP_UNION_SemDeviceInfoManagerService: sendIntentAction() action = android.intent.action.PACKAGE_ADDED, tag =  
12-02 14:53:40.392  1115  1115 D ActivityManager: Received BROADCAST intent 0xe928438 Key{broadcastIntent pkg=com.sec.android.diagmonagent intent=act=com.sec.android.diagmonagent.intent.PACKAGE_ADDED pkg=com.sec.android.diagmonagent cmp=com.sec.android.diagmonagent/.sa.datalogging.monitor.AppInstallationMonitor$AppInstallationBroadcastReceiver flags=0x2000000 u=0} requestCode=0 sent=0 from uid 1000
12-02 14:53:40.392  1115  1115 D SEP_UNION_SemDeviceInfoManagerService: sendIntentAction() action = android.intent.action.PACKAGE_ADDED, tag =  
12-02 14:53:40.396  1115  2182 D CompatibilityChangeReporter: Compat change id reported: 168419799; UID 10341; state: DISABLED
12-02 14:53:40.397  1115  2182 I ActivityManager: DSS OFF for com.google.android.permissioncontroller
12-02 14:53:40.402   771   771 D Zygote  : Forked child process 30299
12-02 14:53:40.405  1115  2182 D ActivityManager: attachApplicationLocked() app=ProcessRecord{72349e6 30280:com.google.android.permissioncontroller/u0a341} app.isolatedEntryPoint=null instr2=null
12-02 14:53:40.409  1115  1458 D NetworkPolicy: onUidStateChanged() uid: 10341, isForeground(false, 6)
12-02 14:53:40.414  1115  1484 W BroadcastQueue: Background execution not allowed: receiving Intent { act=android.intent.action.PACKAGE_ADDED dat=package:com.deepwaterooo.dwsdkTest flg=0x4000010 (has extras) } to com.sohu.inputmethod.sogou/com.sohu.inputmethod.flx.dynamic.tools.download.InstallFinishReceiver
12-02 14:53:40.415 30280 30280 D ActivityThread: handleBindApplication()++ app=com.google.android.permissioncontroller
12-02 14:53:40.415  1115  1115 D ActivityManager: Received BROADCAST intent 0x3fb8c11 Key{broadcastIntent pkg=com.android.systemui intent=act=com.samsung.android.app.edgelighting.PACKAGE_ADDED cmp=com.android.systemui/.edgelighting.EdgeLightingReceiver$1 flags=0x2000000 u=0} requestCode=0 sent=0 from uid 1000
12-02 14:53:40.415  1115  1115 D SEP_UNION_SemDeviceInfoManagerService: sendIntentAction() action = android.intent.action.PACKAGE_ADDED, tag =  
12-02 14:53:40.416 30280 30280 D CompatibilityChangeReporter: Compat change id reported: 171979766; UID 10341; state: ENABLED
12-02 14:53:40.422  1115  1742 D CompatibilityChangeReporter: Compat change id reported: 135634846; UID 10287; state: DISABLED
12-02 14:53:40.423  1115  1518 D FASDataManager: getFASDataFromDB fasEntityList size : 241
12-02 14:53:40.423  1115  1742 D CompatibilityChangeReporter: Compat change id reported: 177438394; UID 10287; state: DISABLED
12-02 14:53:40.423  1115  1742 D CompatibilityChangeReporter: Compat change id reported: 135772972; UID 10287; state: DISABLED
12-02 14:53:40.428 30280 30280 W ssioncontrolle: Entry not found
12-02 14:53:40.429 30280 30280 W ssioncontrolle: Entry not found
12-02 14:53:40.429 30280 30280 W ssioncontrolle: Entry not found
12-02 14:53:40.429 30280 30280 W ssioncontrolle: Entry not found
12-02 14:53:40.429 30280 30280 W ssioncontrolle: Entry not found
12-02 14:53:40.430 30280 30280 W ssioncontrolle: Entry not found
12-02 14:53:40.430 30280 30280 W ssioncontrolle: Entry not found
12-02 14:53:40.433 30280 30280 W ssioncontrolle: JIT profile information will not be recorded: profile file does not exist.
12-02 14:53:40.433 30280 30280 W ssioncontrolle: JIT profile information will not be recorded: profile file does not exist.
12-02 14:53:40.433 30280 30280 W ssioncontrolle: JIT profile information will not be recorded: profile file does not exist.
12-02 14:53:40.433 30280 30280 W ssioncontrolle: JIT profile information will not be recorded: profile file does not exist.
12-02 14:53:40.433 30280 30280 W ssioncontrolle: JIT profile information will not be recorded: profile file does not exist.
12-02 14:53:40.433 30280 30280 W ssioncontrolle: JIT profile information will not be recorded: profile file does not exist.
12-02 14:53:40.433 30280 30280 W ssioncontrolle: JIT profile information will not be recorded: profile file does not exist.
12-02 14:53:40.438  1115  1880 D SemWifiPackageInfo: isSkipCategory - skip:NONE
12-02 14:53:40.442  1115  1549 E VerityUtils: Failed to measure fs-verity, errno 1: /data/app/~~YjJjccKl7pLRL1HDj7jYXw==/com.deepwaterooo.dwsdkTest-sNV_jzPDWBCT5dbcNtZgig==/base.apk
12-02 14:53:40.445  1115  1484 W BroadcastQueue: Background execution not allowed: receiving Intent { act=android.intent.action.PACKAGE_ADDED dat=package:com.deepwaterooo.dwsdkTest flg=0x4000010 (has extras) } to com.yunlangnet.ultradspace/cn.jpush.android.service.PushReceiver
12-02 14:53:40.446  1115  1485 W ActivityManager: Slow operation: 57ms so far, now at startProcess: done updating battery stats
12-02 14:53:40.446  1115  1485 W ActivityManager: Slow operation: 58ms so far, now at startProcess: building log message
12-02 14:53:40.446  1115  1485 I ActivityManager: Start proc 30299:com.samsung.android.localeoverlaymanager/1000 for service {com.samsung.android.localeoverlaymanager/com.samsung.android.localeoverlaymanager.ResourceOverlayService}
12-02 14:53:40.446  1115  1485 W ActivityManager: Slow operation: 58ms so far, now at startProcess: starting to update pids map
12-02 14:53:40.446  1115  1485 W ActivityManager: Slow operation: 58ms so far, now at startProcess: done updating pids map
12-02 14:53:40.446  1115  1485 D CompatibilityChangeReporter: Compat change id reported: 143937733; UID 10287; state: DISABLED
12-02 14:53:40.453   771   771 D Zygote  : Forked child process 30313
12-02 14:53:40.454  1115  1484 I ActivityManager: com.google.android.packageinstaller is exempt from freezer
12-02 14:53:40.454  1115  1484 D CompatibilityChangeReporter: Compat change id reported: 135634846; UID 10049; state: DISABLED
12-02 14:53:40.454  1115  1484 D CompatibilityChangeReporter: Compat change id reported: 177438394; UID 10049; state: DISABLED
12-02 14:53:40.455  1115  1484 D CompatibilityChangeReporter: Compat change id reported: 135772972; UID 10049; state: DISABLED
12-02 14:53:40.455 30280 30280 V GraphicsEnvironment: ANGLE Developer option for 'com.google.android.permissioncontroller' set to: 'default'
12-02 14:53:40.455  1115  1484 D CompatibilityChangeReporter: Compat change id reported: 135754954; UID 10049; state: ENABLED
12-02 14:53:40.455 30299 30299 E eoverlaymanage: Not starting debugger since process cannot load the jdwp agent.
12-02 14:53:40.456 30280 30280 D LoadedApk: LoadedApk::makeApplication() appContext.mOpPackageName=com.google.android.permissioncontroller appContext.mBasePackageName=com.google.android.permissioncontroller
12-02 14:53:40.456 30280 30280 D NetworkSecurityConfig: No Network Security Config specified, using platform default
12-02 14:53:40.458  1115  1518 D MARsPolicyManager: updateMARsTargetPackages mMARsTargetPackages.size-240
12-02 14:53:40.461 30280 30280 D NetworkSecurityConfig: No Network Security Config specified, using platform default
12-02 14:53:40.462  1115  1115 D ActivityManager: Received BROADCAST intent 0x28f775e Key{broadcastIntent pkg=com.samsung.android.provider.filterprovider intent=act=com.samsung.android.provider.filterprovider.INTENT_PACKAGE_ADDED cmp=com.samsung.android.provider.filterprovider/.PackageIntentReceiver flags=0x0 u=0} requestCode=0 sent=0 from uid 1000
12-02 14:53:40.462  1115  1115 D SEP_UNION_SemDeviceInfoManagerService: sendIntentAction() action = android.intent.action.PACKAGE_ADDED, tag =  
12-02 14:53:40.462  1115  1485 I ActivityManager: Start proc 30313:com.tencent.mm:hotpot../u0a287 for service {com.tencent.mm/com.tencent.mm.plugin.normsg.NormsgDataService}
12-02 14:53:40.463  1115  1485 D CompatibilityChangeReporter: Compat change id reported: 143937733; UID 10049; state: ENABLED
12-02 14:53:40.465 30299 30299 E USNET   : USNET: appName: com.samsung.android.localeoverlaymanager
12-02 14:53:40.466 30299 30299 D ProcessState: Binder ioctl to enable oneway spam detection failed: Invalid argument
12-02 14:53:40.466  1115  1115 D CompatibilityChangeReporter: Compat change id reported: 135634846; UID 10010; state: DISABLED
12-02 14:53:40.467  1115  1115 D CompatibilityChangeReporter: Compat change id reported: 177438394; UID 10010; state: DISABLED
12-02 14:53:40.467  1115  1115 D CompatibilityChangeReporter: Compat change id reported: 135772972; UID 10010; state: DISABLED
12-02 14:53:40.468  1115  1115 D CompatibilityChangeReporter: Compat change id reported: 135754954; UID 10010; state: ENABLED
12-02 14:53:40.472   771   771 D Zygote  : Forked child process 30323
12-02 14:53:40.476  1115  1115 D ActivityManager: Received SERVICE intent 0x247e885 Key{startService pkg=com.samsung.android.app.routines intent=act=com.samsung.android.rotine.ACTION_PACKAGE_CHANGED cmp=com.samsung.android.app.routines/.domainmodel.core.service.RoutineService flags=0x0 u=0} requestCode=10000 from uid 1000
12-02 14:53:40.476  1115  1115 D SEP_UNION_SemDeviceInfoManagerService: sendIntentAction() action = android.intent.action.PACKAGE_ADDED, tag =  
12-02 14:53:40.478 30299 30299 D ActivityThread: setConscryptValidator
12-02 14:53:40.483  1115  1115 D ActivityManager: Received BROADCAST intent 0x7c94658 Key{broadcastIntent pkg=com.sec.android.app.sbrowser intent=act=com.sec.android.app.sbrowser.pending_intent.SIX cmp=com.sec.android.app.sbrowser/.extensions.SixPackageReceiver flags=0x2000000 u=0} requestCode=0 sent=0 from uid 1000
12-02 14:53:40.483  1115  1115 D SEP_UNION_SemDeviceInfoManagerService: sendIntentAction() action = android.intent.action.PACKAGE_ADDED, tag =  
12-02 14:53:40.483  1115  1485 I ActivityManager: Start proc 30323:com.google.android.packageinstaller/u0a49 for broadcast {com.google.android.packageinstaller/com.android.packageinstaller.PackageInstalledReceiver}
12-02 14:53:40.483  1115  1485 D CompatibilityChangeReporter: Compat change id reported: 143937733; UID 10010; state: ENABLED
12-02 14:53:40.484 30313 30313 I libc    : SetHeapTaggingLevel: tag level set to 0
12-02 14:53:40.493  1115  1911 D NetdEventListenerService: DNS Requested by : 249, 1000, 0
12-02 14:53:40.495  1115  1115 D ActivityManager: Received BROADCAST intent 0xfa24ab3 Key{broadcastIntent pkg=com.sec.android.app.sbrowser intent=act=com.sec.android.app.sbrowser.pending_intent.ContentBlock cmp=com.sec.android.app.sbrowser/.blockers.content_block.ContentBlockReceiver flags=0x2000000 u=0} requestCode=0 sent=0 from uid 1000
12-02 14:53:40.495  1115  1115 D SEP_UNION_SemDeviceInfoManagerService: sendIntentAction() action = android.intent.action.PACKAGE_ADDED, tag =  
12-02 14:53:40.495 30299 30299 D ActivityThread: setConscryptValidator - put
12-02 14:53:40.499  1115  1115 D CompatibilityChangeReporter: Compat change id reported: 135634846; UID 10038; state: DISABLED
12-02 14:53:40.499  1115  1115 D CompatibilityChangeReporter: Compat change id reported: 177438394; UID 10038; state: DISABLED
12-02 14:53:40.499  1115  1115 D CompatibilityChangeReporter: Compat change id reported: 135772972; UID 10038; state: DISABLED
12-02 14:53:40.499  1115  1115 D CompatibilityChangeReporter: Compat change id reported: 135754954; UID 10038; state: ENABLED
12-02 14:53:40.500 30313 30313 E ent.mm:hotpot.: Not starting debugger since process cannot load the jdwp agent.
12-02 14:53:40.500  1115  1115 D ActivityManager: Received SERVICE intent 0x5010c94 Key{startService pkg=com.samsung.android.app.galaxyfinder intent=act=package_changed cmp=com.samsung.android.app.galaxyfinder/.acceleration.AppCoreService flags=0x0 u=0} requestCode=0 from uid 1000
12-02 14:53:40.501  1115  1115 D SEP_UNION_SemDeviceInfoManagerService: sendIntentAction() action = android.intent.action.PACKAGE_ADDED, tag =  
12-02 14:53:40.502 30313 30313 E USNET   : USNET: appName: com.tencent.mm:hotpot..
12-02 14:53:40.502  1115  1115 D ActivityManager: Received BROADCAST intent 0x8c59c97 Key{broadcastIntent pkg=com.android.settings intent=act=com.samsung.android.settings.intent.action.PACKAGE_ADDED flg=0x10000000 cmp=com.android.settings/com.samsung.android.settings.applications.cachedb.AppListCacheReceiver flags=0x2000000 u=0} requestCode=0 sent=0 from uid 1000
12-02 14:53:40.502  1115  1115 D SEP_UNION_SemDeviceInfoManagerService: sendIntentAction() action = android.intent.action.PACKAGE_ADDED, tag =  
12-02 14:53:40.503 30313 30313 D ProcessState: Binder ioctl to enable oneway spam detection failed: Invalid argument
12-02 14:53:40.504 30280 30280 D ActivityThread: handleBindApplication() --
12-02 14:53:40.505 30313 30313 D ActivityThread: setConscryptValidator
12-02 14:53:40.506 30313 30313 D ActivityThread: setConscryptValidator - put
12-02 14:53:40.510   771   771 D Zygote  : Forked child process 30340
12-02 14:53:40.513  1115  1742 D PackageManager: setEnabledSetting : userId = 0 packageName = com.google.android.permissioncontroller cmp = com.android.permissioncontroller.role.ui.SpecialAppAccessListActivity newState = 2 callingPackage = 10341/com.google.android.permissioncontroller
12-02 14:53:40.513 30323 30323 E ackageinstalle: Not starting debugger since process cannot load the jdwp agent.
12-02 14:53:40.514 30323 30323 E USNET   : USNET: appName: com.google.android.packageinstaller
12-02 14:53:40.515 30323 30323 D ProcessState: Binder ioctl to enable oneway spam detection failed: Invalid argument
12-02 14:53:40.518  1115  1115 D ActivityManager: Received BROADCAST intent 0x9353857 Key{broadcastIntent pkg=com.samsung.android.smartsuggestions intent=act=package_added flg=0x10000000 cmp=com.samsung.android.smartsuggestions/com.samsung.android.app.deepsky.donation.receiver.PackageChangeReceiver flags=0x0 u=0} requestCode=0 sent=0 from uid 1000
12-02 14:53:40.518  1115  1115 D SEP_UNION_SemDeviceInfoManagerService: sendIntentAction() action = android.intent.action.PACKAGE_ADDED, tag =  
12-02 14:53:40.518 30323 30323 D ActivityThread: setConscryptValidator
12-02 14:53:40.519  1115  2182 D CompatibilityChangeReporter: Compat change id reported: 168419799; UID 1000; state: DISABLED
12-02 14:53:40.520  1115  2182 I ActivityManager: DSS OFF for com.samsung.android.localeoverlaymanager
12-02 14:53:40.521  1115  1115 W LoadedApk: Slow system_server main thread handled for android.intent.action.PACKAGE_ADDED took 135 ms, Receiver = com.android.server.sepunion.eventdelegator.UnionContentBroadcastReceiver@5bbfa18
12-02 14:53:40.521  1115  1115 W Looper  : Slow dispatch took 138ms main h=android.app.ActivityThread$H c=android.app.LoadedApk$ReceiverDispatcher$Args$$ExternalSyntheticLambda0@94fb8a3 m=0
12-02 14:53:40.522 30323 30323 D ActivityThread: setConscryptValidator - put
12-02 14:53:40.536  1115  1115 W Looper  : Slow delivery took 252ms main h=com.android.server.media.MediaRouterService$UserHandler c=android.app.LoadedApk$ReceiverDispatcher$Args$$ExternalSyntheticLambda0@f90671e m=0
12-02 14:53:40.536  1115  1115 I Telecom : DefaultDialerCache: Refreshing default dialer for user 0: now com.samsung.android.dialer: DDC.oR@R48
