11-26 18:41:25.849   940  1016 I SurfaceFlinger: id=17434 createSurf (0x0),-1 flag=24000, Surface(name=234d322 NavigationBar0)/@0x398363e - animation-leash of insets_animation#1
11-26 18:41:25.849  1115  2617 D WindowManager: makeSurface duration=0 leash=Surface(name=Surface(name=234d322 NavigationBar0)/@0x398363e - animation-leash of insets_animation)/@0xa66871f
11-26 18:41:25.849  5146  5433 D KnoxHelper: getActivityList callingUserId: 0, target user: 0
11-26 18:41:25.850  1999  1999 D NavigationBar: onSystemBarAttributesChanged() -  displayId:0, appearance:0, navbarColorManagedByIme:false
11-26 18:41:25.850  1999  1999 V Navbar.Store: handleEvent [EventType] GET_BOOL_REGION_SAMPLING_ENABLED [Module] LightBarController  KEYS_DEFAULT=false
11-26 18:41:25.850  1999  1999 V Navbar.Store: --[Band]COLOR_PACK_GET_REGION_SAMPLING_ENABLED
11-26 18:41:25.850  1999  1999 V Navbar.Store: ----getValue(BOOL_REGION_SAMPLING_ENABLED)=false
11-26 18:41:25.851  5146  5433 D KnoxHelper: getActivityList callingUserId: 0, target user: 0
11-26 18:41:25.851  1115  2706 V WindowManager: Relayout Window{62ee612 u0 com.sec.android.app.launcher/com.sec.android.app.launcher.activities.LauncherActivity}: viewVisibility=0 req=1440x3040 d0
11-26 18:41:25.852   940   940 D SurfaceFlinger: Display 4630947232161729153 HWC layers:
11-26 18:41:25.852   940   940 D SurfaceFlinger:      CLIENT | 0xb400007a2c826dc0 | 0100 | RGBx_8888    |    1.0    0.0 1081.0 2280.0 |    0    0 1440 3040 | Wallpaper BBQ wrapper#0
11-26 18:41:25.852   940   940 D SurfaceFlinger:      CLIENT |              | 0000 |  Unknown  |    0.0    0.0    0.0    0.0 |    0    0 1440 3040 | OneUiHome-BlurLayer#0 (backgroundBlurRadius)
11-26 18:41:25.852   940   940 D SurfaceFlinger:      DEVICE | 0xb400007a2c84b2d0 | 0100 | RGBA_8888    |    0.0    0.0 1440.0 3040.0 |    0    0 1440 3040 | com.sec.android.app.launcher/com.sec[...].activities.LauncherActivity$_2680#0
11-26 18:41:25.852   940   940 D SurfaceFlinger:      DEVICE | 0xb400007a2c847b20 | 0100 | RGBA_8888    |    0.0    0.0 1440.0  142.0 |    0    0 1440  142 | StatusBar$_1999#0
11-26 18:41:25.852   940   940 D SurfaceFlinger:      DEVICE | 0xb400007a2c85e9e0 | 0100 | RGBA_8888    |    0.0    0.0   67.0  568.0 |    0  806   67 1374 | com.samsung.android.app.cocktailbars[...]arservice.CocktailBarService$_8812#0
11-26 18:41:25.852   940   940 D SurfaceFlinger:      DEVICE | 0xb400007a2c865820 | 0100 | RGBA_8888    |    0.0    0.0 1440.0  168.0 |    0 2872 1440 3040 | NavigationBar0$_1999#0
11-26 18:41:25.852   940   940 D SurfaceFlinger: 
11-26 18:41:25.852  2680  2839 I TouchInteractionService: onSystemUiStateChanged, stateFlags : 0
11-26 18:41:25.852  1999  1999 D SecLightBarControlHelper: updateStatus(WHITE icon) NumLightStacks:0, NumStacks:1, IndexLightStack:-1, StatusBarMode:0, StatusBarState:SHD, NeedDarkFontFromWallpaper:false, isWhiteKeyguardStatusBarBySettings:false
11-26 18:41:25.852  5146  5433 D KnoxHelper: getActivityList callingUserId: 0, target user: 0
11-26 18:41:25.853  5146  5433 D KnoxHelper: getActivityList callingUserId: 0, target user: 0
11-26 18:41:25.854  1115  2706 V WindowManager: Relayout hash=62ee612, pid=2680: mAttrs={(0,0)(fillxfill) sim={adjust=nothing forwardNavigation} layoutInDisplayCutoutMode=shortEdges ty=BASE_APPLICATION fmt=TRANSPARENT wanim=0x10302f2
11-26 18:41:25.854  1115  2706 V WindowManager:   fl=81910100
11-26 18:41:25.854  1115  2706 V WindowManager:   pfl=1e020040
11-26 18:41:25.854  1115  2706 V WindowManager:   vsysui=1700
11-26 18:41:25.854  1115  2706 V WindowManager:   bhv=SHOW_TRANSIENT_BARS_BY_SWIPE
11-26 18:41:25.854  1115  2706 V WindowManager:   fitSides= screenDimDuration=200000 naviIconColor=0}
11-26 18:41:25.854  5146  5433 D KnoxHelper: getActivityList callingUserId: 0, target user: 0
11-26 18:41:25.857  2680  2680 I ViewRootImpl@635960b[LauncherActivity]: Relayout returned: old=(0,0,1440,3040) new=(0,0,1440,3040) req=(1440,3040)0 dur=10 res=0x1 s={true -5476376670692175488} ch=false fn=155
11-26 18:41:25.857  2680  5159 I ViewRootImpl@635960b[LauncherActivity]: mWNT: t = android.view.SurfaceControl$Transaction@8fd3bd2 fN = 155 com.android.systemui.shared.system.ViewRootImplCompat.mergeWithNextTransaction:62 com.android.quickstep.util.SurfaceTransactionApplier.lambda$scheduleApply$0$SurfaceTransactionApplier:94 com.android.quickstep.util.-$$Lambda$SurfaceTransactionApplier$Xj9m0ayWHIr2xvQnKB4EJdxg8RU.accept:6 
11-26 18:41:25.857  2680  5159 I ViewRootImpl@635960b[LauncherActivity]: mWNT: merge t to BBQ
11-26 18:41:25.858  2680  2680 I PopupDataProvider: onNotificationFullRefresh prev dotInfoSize : 0
11-26 18:41:25.858  2680  2680 I TouchInteractionService: onSystemUiFlagsChanged, userUnlocked
11-26 18:41:25.859  5146  5433 D KnoxHelper: getActivityList callingUserId: 0, target user: 0
11-26 18:41:25.860  5146  5433 D KnoxHelper: getActivityList callingUserId: 0, target user: 0
11-26 18:41:25.860   940   940 I Layer   : id=17429 removedFromDrawingState Surface(name=13583cb StatusBar)/@0x336d7fd - animation-leash of insets_animation#0 (116)
11-26 18:41:25.860   940   940 I Layer   : id=17430 removedFromDrawingState Surface(name=234d322 NavigationBar0)/@0x398363e - animation-leash of insets_animation#0 (116)
11-26 18:41:25.860   940   940 I Layer   : id=69 removedFromDrawingState 234d322 NavigationBar0#0 (116)
11-26 18:41:25.860   940   940 I Layer   : id=81 removedFromDrawingState NavigationBar0$_1999#0 (116)
11-26 18:41:25.860   940   940 I Layer   : id=69 addToCurrentState 234d322 NavigationBar0#0 (116)
11-26 18:41:25.860   940   940 I Layer   : id=81 addToCurrentState NavigationBar0$_1999#0 (116)
11-26 18:41:25.862  2680  5160 I ViewRootImpl@635960b[LauncherActivity]: mWNT: t = android.view.SurfaceControl$Transaction@278a4a3 fN = 156 com.android.systemui.shared.system.ViewRootImplCompat.mergeWithNextTransaction:62 com.android.quickstep.util.SurfaceTransactionApplier.lambda$scheduleApply$0$SurfaceTransactionApplier:94 com.android.quickstep.util.-$$Lambda$SurfaceTransactionApplier$Xj9m0ayWHIr2xvQnKB4EJdxg8RU.accept:6 
11-26 18:41:25.862  2680  5160 I ViewRootImpl@635960b[LauncherActivity]: mWNT: merge t to BBQ
11-26 18:41:25.864  5146  5433 D KnoxHelper: getActivityList callingUserId: 0, target user: 0
11-26 18:41:25.864  5146  5433 D KnoxHelper: getActivityList callingUserId: 0, target user: 0
11-26 18:41:25.865  5146  5433 D KnoxHelper: getActivityList callingUserId: 0, target user: 0
11-26 18:41:25.865  1115  2714 V WindowManager: Relayout Window{4cdbd53 u0 NotificationShade}: viewVisibility=4 req=1440x3040 d0
11-26 18:41:25.867  1115  2714 V WindowManager: Relayout hash=4cdbd53, pid=1999: mAttrs={(0,0)(fillxfill) gr=TOP CENTER_VERTICAL sim={adjust=resize} layoutInDisplayCutoutMode=always ty=2040 fmt=TRANSLUCENT
11-26 18:41:25.867  1115  2714 V WindowManager:   fl=81840048
11-26 18:41:25.867  1115  2714 V WindowManager:   pfl=1b000000
11-26 18:41:25.867  1115  2714 V WindowManager:   bhv=SHOW_TRANSIENT_BARS_BY_SWIPE naviIconColor=0
11-26 18:41:25.867  1115  2714 V WindowManager:   sfl=42000}
11-26 18:41:25.867  5146  5433 D KnoxHelper: getActivityList callingUserId: 0, target user: 0
11-26 18:41:25.868  1999  1999 I ViewRootImpl@d8197b4[NotificationShade]: Relayout returned: old=(0,0,1440,3040) new=(0,0,1440,3040) req=(1440,3040)4 dur=2 res=0x1 s={false 0} ch=false fn=-1
11-26 18:41:25.868  1999  1999 D KeyguardBottomAreaShortcutView: updateCameraVisibility isCameraDisabled:false visible:true
11-26 18:41:25.869  1999  1999 D KeyguardBottomAreaShortcutView: mIndicationArea margin start : 217, end : 217, bottom : 513
11-26 18:41:25.869  1115  3218 W NetlinkSocket: maximum read
11-26 18:41:25.869  1999  1999 D QS      : setQSExpansion 0.0 -157.325
11-26 18:41:25.869  1999  1999 D QS      : setQSExpansion 0.0 -157.325
11-26 18:41:25.869  1115  3218 W NetlinkSocket: maximum read
11-26 18:41:25.869  2680  2680 I RecentsView: onTaskRemoved() taskId : 3580
11-26 18:41:25.870  1999  1999 D IndicatorGardenInputProperty: updateRotation() prv:-1 >> new:0
11-26 18:41:25.870  1999  1999 D DeviceState: getDeviceResolutionPixelSize - currentDensity = 560 deviceDensity = 560 initialDisplaySizeFactor = 1440 currentDisplaySizeFactor = 1440 initialDisplayDensity = 560 proportionalDensity = 560 proportionalPixel = 75
11-26 18:41:25.870  1115  3218 W NetlinkSocket: maximum read
11-26 18:41:25.870  2680  2680 I RecentsView: onTaskRemoved() taskId : 3580
11-26 18:41:25.870  1999  1999 D DeviceState: getDeviceResolutionPixelSize - currentDensity = 560 deviceDensity = 560 initialDisplaySizeFactor = 1440 currentDisplaySizeFactor = 1440 initialDisplayDensity = 560 proportionalDensity = 560 proportionalPixel = 34
11-26 18:41:25.870  1999  1999 D DeviceState: getDeviceResolutionPixelSize - currentDensity = 560 deviceDensity = 560 initialDisplaySizeFactor = 1440 currentDisplaySizeFactor = 1440 initialDisplayDensity = 560 proportionalDensity = 560 proportionalPixel = 32
11-26 18:41:25.871  5146  5433 D KnoxHelper: getActivityList callingUserId: 0, target user: 0
11-26 18:41:25.871  5146  5433 D KnoxHelper: getActivityList callingUserId: 0, target user: 0
11-26 18:41:25.872  5146  5433 D KnoxHelper: getActivityList callingUserId: 0, target user: 0
11-26 18:41:25.873  5146  5433 D KnoxHelper: getActivityList callingUserId: 0, target user: 0
11-26 18:41:25.873  2680  2739 I SPayUpdater: updateSpayHandler, show = false, defaultPage = false
11-26 18:41:25.873  2680  2739 I LiveIconUpdateEventHandler: LiveIcon Init
11-26 18:41:25.873  2680  2739 I LiveIconUpdateEventHandler: registerDateChangedReceiver
11-26 18:41:25.874  5146  5433 D KnoxHelper: getActivityList callingUserId: 0, target user: 0
11-26 18:41:25.875  5146  5433 D KnoxHelper: getActivityList callingUserId: 0, target user: 0
11-26 18:41:25.876  5146  5433 D KnoxHelper: getActivityList callingUserId: 0, target user: 0
11-26 18:41:25.878  1115  2161 D InputDispatcher: Focus entered window (0): 62ee612 com.sec.android.app.launcher/com.sec.android.app.launcher.activities.LauncherActivity
11-26 18:41:25.878  5146  5433 D KnoxHelper: getActivityList callingUserId: 0, target user: 0
11-26 18:41:25.878  2680  5159 I ViewRootImpl@635960b[LauncherActivity]: mWNT: t = android.view.SurfaceControl$Transaction@899f3a0 fN = 157 com.android.systemui.shared.system.ViewRootImplCompat.mergeWithNextTransaction:62 com.android.quickstep.util.SurfaceTransactionApplier.lambda$scheduleApply$0$SurfaceTransactionApplier:94 com.android.quickstep.util.-$$Lambda$SurfaceTransactionApplier$Xj9m0ayWHIr2xvQnKB4EJdxg8RU.accept:6 
11-26 18:41:25.879  2680  5159 I ViewRootImpl@635960b[LauncherActivity]: mWNT: merge t to BBQ
11-26 18:41:25.879  2680  2680 I ViewRootImpl@635960b[LauncherActivity]: MSG_WINDOW_FOCUS_CHANGED 1 1
11-26 18:41:25.879  2680  2680 I BaseActivity: addActivityFlags, flags : 8
11-26 18:41:25.879  5146  5433 D KnoxHelper: getActivityList callingUserId: 0, target user: 0
11-26 18:41:25.880  2680  2680 I InputMethodManager: startInputInner - mService.startInputOrWindowGainedFocus
11-26 18:41:25.880  1115  2161 D InputMethodManagerService: mSecureKeypadEnabled = false
11-26 18:41:25.880  1115  2161 V InputMethodManagerService: hideCurrentInputLocked : shouldHideSoftInput is false
11-26 18:41:25.880  1115  2161 D InputMethodManagerService: DESKTOP MODE! : 2
11-26 18:41:25.880  1115  2161 D InputMethodManagerService: NOT IN KNOX DESKTOP MODE!
11-26 18:41:25.880  1115  2161 V InputMethodManagerService: getDisplayIdOfInputMethodWindowToBeAdded : 0
11-26 18:41:25.881  1115  2161 D InputMethodManagerService: checkDisplayOfStartInputAndUpdateKeyboard display Id 0last 0
11-26 18:41:25.881  1115  2161 D InputTransport: Input channel constructed: 'ClientS', fd=780
11-26 18:41:25.881  1115  2161 D InputTransport: Input channel destroyed: 'ClientS', fd=780
11-26 18:41:25.881  5146  5433 D KnoxHelper: getActivityList callingUserId: 0, target user: 0
11-26 18:41:25.882  5146  5433 D KnoxHelper: getActivityList callingUserId: 0, target user: 0
11-26 18:41:25.883  5146  5433 D KnoxHelper: getActivityList callingUserId: 0, target user: 0
11-26 18:41:25.884  4404  4429 W id.diagmonagen: Reducing the number of considered missed Gc histogram windows from 447 to 100
11-26 18:41:25.884  1115  2062 D MdnieScenarioControlService:  packageName : com.sec.android.app.launcher    className : com.android.launcher3.uioverrides.QuickstepLauncher
11-26 18:41:25.884  1115  2062 V MdnieScenarioControlService: setUIMode from UI function(3)
11-26 18:41:25.884  5146  5433 D KnoxHelper: getActivityList callingUserId: 0, target user: 0
11-26 18:41:25.886  5146  5433 D KnoxHelper: getActivityList callingUserId: 0, target user: 0
11-26 18:41:25.887  5146  5433 D KnoxHelper: getActivityList callingUserId: 0, target user: 0
11-26 18:41:25.887  1115  2706 D SamsungAlarmManager: Cancel Alarm calling from uid:10045 pid :25726 / OP:PendingIntent{d988158: PendingIntentRecord{f5d920a com.google.android.gms/com.google.android.gms.tron broadcastIntent}}
11-26 18:41:25.888  5146  5433 D KnoxHelper: getActivityList callingUserId: 0, target user: 0
11-26 18:41:25.888  1115  2706 V SamsungAlarmManager: setLocked to kernel - W:332699878 / NW:332457384, now=332423272
11-26 18:41:25.889  5146  5433 D KnoxHelper: getActivityList callingUserId: 0, target user: 0
11-26 18:41:25.890  5198  5198 D InputMethodService: checkDisplayOfStartInputAndUpdateKeyboard display Id 0last 0
11-26 18:41:25.890  5146  5433 D KnoxHelper: getActivityList callingUserId: 0, target user: 0
11-26 18:41:25.890  1115  2161 I InputMethodManagerService: isAccessoryKeyboard 0
11-26 18:41:25.891  5146  5433 D KnoxHelper: getActivityList callingUserId: 0, target user: 0
11-26 18:41:25.891  1115  2617 I InputMethodManagerService: isAccessoryKeyboard 0
11-26 18:41:25.891  1115  2617 I InputMethodManagerService: isAccessoryKeyboard 0
11-26 18:41:25.892  5146  5433 D KnoxHelper: getActivityList callingUserId: 0, target user: 0
11-26 18:41:25.893  5146  5433 D KnoxHelper: getActivityList callingUserId: 0, target user: 0
11-26 18:41:25.894  1999  2252 D OpenGLRenderer: setSurface called with nullptr
11-26 18:41:25.894  1999  2252 D OpenGLRenderer: setSurface() destroyed EGLSurface
11-26 18:41:25.894  1999  2252 D OpenGLRenderer: destroyEglSurface
11-26 18:41:25.894  5146  5433 D KnoxHelper: getActivityList callingUserId: 0, target user: 0
11-26 18:41:25.894  2680  2680 I BadgeRenderer: Invalid count : 0
11-26 18:41:25.894  2680  2680 I BadgeRenderer: Invalid count : 0
11-26 18:41:25.895  1115  4555 I InputMethodManagerService: isAccessoryKeyboard 0
11-26 18:41:25.895  1115  2617 W WindowManager: Failed looking up window session=Session{b0d9c3d 1999:u0a10010} callers=com.android.server.wm.WindowManagerService.windowForClientLocked:6303 com.android.server.wm.WindowManagerService.relayoutWindow:2462 com.android.server.wm.Session.relayout:242 
11-26 18:41:25.895  1999  2081 I ViewRootImpl@93efde3[trunk]: 1) Force to draw a frame when frame become empty from non-empty
11-26 18:41:25.895  1115  4555 I InputMethodManagerService: isAccessoryKeyboard 0
11-26 18:41:25.896  1999  2081 I ViewRootImpl@93efde3[trunk]: Relayout returned: old=(0,0,1440,3040) new=(0,0,0,0) req=(1440,3040)8 dur=0 res=0x0 s={false 0} ch=true fn=5
11-26 18:41:25.896   940  1546 I SurfaceFlinger: id=17430 Removed Surface(name=234d322 NavigationBar0)/@0x398363e - animation-leash of insets_animation#0 (116)
11-26 18:41:25.896   940  1546 I SurfaceFlinger: id=17429 Removed Surface(name=13583cb StatusBar)/@0x336d7fd - animation-leash of insets_animation#0 (116)
11-26 18:41:25.896  1999  2081 I ViewRootImpl@93efde3[trunk]: dispatchDetachedFromWindow
11-26 18:41:25.896  2680  2741 W QuickstepModelDelegate: handleUpdate targets : 9
11-26 18:41:25.897  1115  4553 W WindowManager: Failed looking up window session=Session{b0d9c3d 1999:u0a10010} callers=com.android.server.wm.WindowManagerService.windowForClientLocked:6303 com.android.server.wm.WindowManagerService.removeWindow:2243 com.android.server.wm.Session.remove:225 
11-26 18:41:25.897  1999  2081 D InputTransport: Input channel destroyed: 'c045e4d', fd=186
11-26 18:41:25.898  1115  1460 D SGM:GameManager: identifyGamePackage. com.sec.android.app.launcher, mCurrentUserId: 0, callerUserId: 0, callingMethodInfo: com.android.server.ssrm.fgapps.GameAppUtils.isGame(GameAppUtils.java:84)
11-26 18:41:25.898  1115  1460 D SGM:PkgDataHelper: getGamePkgData(). com.sec.android.app.launcher
11-26 18:41:25.899  1115  1115 I CocktailBarManagerServiceContainer: handleMessage: entry what = 5
11-26 18:41:25.900  2680  5160 I ViewRootImpl@635960b[LauncherActivity]: mWNT: t = android.view.SurfaceControl$Transaction@f87ab59 fN = 158 com.android.systemui.shared.system.ViewRootImplCompat.mergeWithNextTransaction:62 com.android.quickstep.util.SurfaceTransactionApplier.lambda$scheduleApply$0$SurfaceTransactionApplier:94 com.android.quickstep.util.-$$Lambda$SurfaceTransactionApplier$Xj9m0ayWHIr2xvQnKB4EJdxg8RU.accept:6 
11-26 18:41:25.900  2680  5160 I ViewRootImpl@635960b[LauncherActivity]: mWNT: merge t to BBQ
11-26 18:41:25.900   940  1017 I SurfaceFlinger: id=17425 Removed Splash Screen com.defaultcompany.trunk$_1999#0 (116)
11-26 18:41:25.900  2680  2680 W SuggestedAppsViewImpl: pending predictedApps : 9, alpha: 0.0, overview: false
11-26 18:41:25.901  8812  8812 I Utils   : HomePackage : com.sec.android.app.launcher, resumePackageName : com.sec.android.app.launcher
11-26 18:41:25.902  1115  1460 D SGM:GameManager: noteResumeComponent(), received pkgName: com.sec.android.app.launcher, userId: 0
11-26 18:41:25.902  1115  1795 D SGM:GameManager: onLooperPrepared(), msg: MSG_APP_RESUME, pkgName: com.sec.android.app.launcher, userid: 0
11-26 18:41:25.902  1115  1795 D SGM:GameManager: handleResume().
11-26 18:41:25.902  1115  1795 D SGM:GameManager: sendFocusOutConditionally() - mPrevNotiPkg: KILL_YOURSELF, userId: 0
11-26 18:41:25.902  1115  1795 D SGM:GameManager:   handleResume(). pkgName: com.sec.android.app.launcher, userId: 0, isTunableApp: null
11-26 18:41:25.902  1115  1795 D SGM:GameManager: notifyFocusInOut(). of pkg: com.sec.android.app.launcher, type: 4, isMinimized: false, isTunableApp: false, userId: 0
11-26 18:41:25.902  1115  1795 D SGM:GameManager:   notifyFocusInOut(). do nothing. mKillNotiCount: 1
11-26 18:41:25.902  1115  1795 D SGM:NetworkLimit: callRelease
11-26 18:41:25.902  1115  1795 D SGM:SystemHelper: callReleaseBlock needReleaseBlock:false
11-26 18:41:25.902  1115  1460 I GameSDK@LifeCycle: noteResumeComponent(): package name  : com.sec.android.app.launcher
11-26 18:41:25.903  1115  1460 D SGM:GameManager: identifyGamePackage. com.sec.android.app.launcher, mCurrentUserId: 0, callerUserId: 0, callingMethodInfo: com.samsung.android.game.SemGameManager.isGamePackage(SemGameManager.java:104)
11-26 18:41:25.903  1115  1460 D SGM:PkgDataHelper: getGamePkgData(). com.sec.android.app.launcher
11-26 18:41:25.903  1115  1460 D SGM:SemGameManager: isGamePackage(), pkgName=com.sec.android.app.launcher, ret=false
11-26 18:41:25.904  1115  1460 D PowerManagerService: [api] setScreenDimDurationOverrideFromWindowManagerInternal: timeoutMillis: 200000
11-26 18:41:25.904  2680  2839 I RecentModel: onTaskStackChangedBackground
11-26 18:41:25.905 30379 30391 I SAMSUNGWALLET: [Hint_ProcessStatusChange] invoke foreground activities changed - onProcessDied pid:18741 uid : 10737
11-26 18:41:25.905  1115  1484 D BaseRestrictionMgr: Package: com.samsung.android.spay, userid: 0, hostingType: broadcast is allowed by freecess, caller is: com.sec.android.app.launcher
11-26 18:41:25.905 30379 30871 I SAMSUNGWALLET: [ServiceTypeTable] isSupportOperator : VZW, US
11-26 18:41:25.905  1115  3218 W NetlinkSocket: maximum read
11-26 18:41:25.905 30379 30871 I SAMSUNGWALLET: [ServiceTypeTable] Upgrade - ServiceTypeTable - entryFromCountryIso - index is : 101, iso : US
11-26 18:41:25.905  1115  3218 W NetlinkSocket: maximum read
11-26 18:41:25.906  2680  2839 I RecentTasksList: getTaskKeys, numTasks :3 callback : com.android.quickstep.-$$Lambda$RecentsModel$k1Mm-BV64Bc89eJHYugywZmW_Js@fe6e7ff
11-26 18:41:25.906  1115  1115 I Pageboost: package null
11-26 18:41:25.906 30379 30871 I SAMSUNGWALLET: [ResetData] getSAResetDialogFlag : false
11-26 18:41:25.906  3280  3280 E pageboostd: Received HALT command code 2
11-26 18:41:25.906  1115  2706 D SamsungAlarmManager: setInexact (T:3/F:0/AC:false) 20221126T214125 now=332423290 - CU:10045/CP:25726/OP:PendingIntent{dc05b04: PendingIntentRecord{f5d920a com.google.android.gms/com.google.android.gms.tron broadcastIntent}}
11-26 18:41:25.906  1115  2706 V SamsungAlarmManager: setLocked to kernel - W:332699878 / NW:332457384, now=332423290
11-26 18:41:25.907 30379 30379 I SAMSUNGWALLET: [Hint_IntroHintService] onReceive() action=com.sec.android.app.launcher.intent.action.UPDATE_SPAY_HANDLER
11-26 18:41:25.907 30379 30379 I SAMSUNGWALLET: [Hint_IntroHintService] home change, s home : false , default : false , gesture : false , s result : false , prev : false
11-26 18:41:25.907  1115  4588 W ActivityManager: Receiver with filter android.content.IntentFilter@fba28ed already registered for pid 2680, callerPackage is com.sec.android.app.launcher
11-26 18:41:25.909  2680  2739 I LiveIconUpdateEventHandler: cancelDateChangeAlarm
11-26 18:41:25.909  1115  2714 D SamsungAlarmManager: Cancel Alarm calling from uid:10111 pid :2680 / OP:PendingIntent{f09d322: PendingIntentRecord{3cf71b3 com.sec.android.app.launcher broadcastIntent}}
11-26 18:41:25.910  2680  2739 I LiveIconUpdateEventHandler: setDateChangeAlarm
11-26 18:41:25.910  1115  1115 V SamsungAlarmManager: setLocked to kernel - W:332699878 / NW:332457384, now=332423294
11-26 18:41:25.910  1115  1115 V SamsungAlarmManager: setLocked to kernel - W:332699878 / NW:332457384, now=332423294
11-26 18:41:25.911   940   940 I Layer   : id=17425 Destroyed Splash Screen com.defaultcompany.trunk$_1999#0
11-26 18:41:25.911   940   940 I Layer   : id=17430 Destroyed Surface(name=234d322 NavigationBar0)/@0x398363e - animation-leash of insets_animation#0
11-26 18:41:25.911   940   940 I Layer   : id=17429 Destroyed Surface(name=13583cb StatusBar)/@0x336d7fd - animation-leash of insets_animation#0
11-26 18:41:25.911 30379 30871 I SAMSUNGWALLET: [Hint_d] isHomePackageRunning topPkgName = com.sec.android.app.launcher, topClsName = com.android.launcher3.uioverrides.QuickstepLauncher, return true , se : true
11-26 18:41:25.911  2680  5159 I ViewRootImpl@635960b[LauncherActivity]: mWNT: t = android.view.SurfaceControl$Transaction@e3aa9cc fN = 159 com.android.systemui.shared.system.ViewRootImplCompat.mergeWithNextTransaction:62 com.android.quickstep.util.SurfaceTransactionApplier.lambda$scheduleApply$0$SurfaceTransactionApplier:94 com.android.quickstep.util.-$$Lambda$SurfaceTransactionApplier$Xj9m0ayWHIr2xvQnKB4EJdxg8RU.accept:6 
11-26 18:41:25.912  2680  5159 I ViewRootImpl@635960b[LauncherActivity]: mWNT: merge t to BBQ
11-26 18:41:25.912 30379 30379 I SAMSUNGWALLET: [ServiceTypeTable] isSupportOperator : VZW, US
11-26 18:41:25.912 30379 30379 I SAMSUNGWALLET: [ServiceTypeTable] Upgrade - ServiceTypeTable - entryFromCountryIso - index is : 101, iso : US
11-26 18:41:25.912 30379 30379 I SAMSUNGWALLET: [Hint_IntroHintService] Hint Status - already invisible, skip hide : [4000000] - 4000000
11-26 18:41:25.913  1115  2714 D SamsungAlarmManager: setInexact (T:0/F:0/AC:false) 20221127T000000 now=332423296 - CU:10111/CP:2680/OP:PendingIntent{76a2370: PendingIntentRecord{3cf71b3 com.sec.android.app.launcher broadcastIntent}}
11-26 18:41:25.913  1115  2714 V SamsungAlarmManager: setLocked to kernel - W:332699878 / NW:332457384, now=332423297
11-26 18:41:25.913  2680  2739 I LiveIconUpdateEventHandler: cancelMinuteChangeAlarm
11-26 18:41:25.913  1115  2714 D SamsungAlarmManager: Cancel Alarm calling from uid:10111 pid :2680 / OP:PendingIntent{79d66e9: PendingIntentRecord{495ff6e com.sec.android.app.launcher broadcastIntent}}
11-26 18:41:25.916  2680  2739 I LiveIconUpdateEventHandler: setMinuteChangeAlarm
11-26 18:41:25.916  1115  2161 D SamsungAlarmManager: setInexact (T:1/F:0/AC:false) 20221126T184200 now=332423300 - CU:10111/CP:2680/OP:PendingIntent{4c5760f: PendingIntentRecord{495ff6e com.sec.android.app.launcher broadcastIntent}}
11-26 18:41:25.916  1115  2161 V SamsungAlarmManager: setLocked to kernel - W:332699878 / NW:332457384, now=332423300
11-26 18:41:25.916  2680  2739 I LiveIconUpdateEventHandler: Initialized
11-26 18:41:25.916  1115  2714 D ActivityTaskManager: getRecentPairTasks() maxNum :3 from 10111
11-26 18:41:25.916  1115  2714 D RecentTaskItemController: getRecentPairTasksImpl() maxNum :3 from 10111
11-26 18:41:25.917  2680  2739 I RecentTasksList: loadTasksInBackground() task id : 3580
11-26 18:41:25.929  2680  5160 I ViewRootImpl@635960b[LauncherActivity]: mWNT: t = android.view.SurfaceControl$Transaction@e7ea415 fN = 160 com.android.systemui.shared.system.ViewRootImplCompat.mergeWithNextTransaction:62 com.android.quickstep.util.SurfaceTransactionApplier.lambda$scheduleApply$0$SurfaceTransactionApplier:94 com.android.quickstep.util.-$$Lambda$SurfaceTransactionApplier$Xj9m0ayWHIr2xvQnKB4EJdxg8RU.accept:6 
11-26 18:41:25.929  2680  5160 I ViewRootImpl@635960b[LauncherActivity]: mWNT: merge t to BBQ
11-26 18:41:25.944  2680  5159 I ViewRootImpl@635960b[LauncherActivity]: mWNT: t = android.view.SurfaceControl$Transaction@f28732a fN = 161 com.android.systemui.shared.system.ViewRootImplCompat.mergeWithNextTransaction:62 com.android.quickstep.util.SurfaceTransactionApplier.lambda$scheduleApply$0$SurfaceTransactionApplier:94 com.android.quickstep.util.-$$Lambda$SurfaceTransactionApplier$Xj9m0ayWHIr2xvQnKB4EJdxg8RU.accept:6 
11-26 18:41:25.944  2680  5159 I ViewRootImpl@635960b[LauncherActivity]: mWNT: merge t to BBQ
11-26 18:41:25.946  1115  1474 E Watchdog: !@Sync: 9081 heap: 95 / 112 [2022-11-26 18:41:25.946] sdogWay: softdog FD: 907
11-26 18:41:25.961  2680  5160 I ViewRootImpl@635960b[LauncherActivity]: mWNT: t = android.view.SurfaceControl$Transaction@3cc051b fN = 162 com.android.systemui.shared.system.ViewRootImplCompat.mergeWithNextTransaction:62 com.android.quickstep.util.SurfaceTransactionApplier.lambda$scheduleApply$0$SurfaceTransactionApplier:94 com.android.quickstep.util.-$$Lambda$SurfaceTransactionApplier$Xj9m0ayWHIr2xvQnKB4EJdxg8RU.accept:6 
11-26 18:41:25.961  2680  5160 I ViewRootImpl@635960b[LauncherActivity]: mWNT: merge t to BBQ
11-26 18:41:25.977  2680  5159 I ViewRootImpl@635960b[LauncherActivity]: mWNT: t = android.view.SurfaceControl$Transaction@54e96b8 fN = 163 com.android.systemui.shared.system.ViewRootImplCompat.mergeWithNextTransaction:62 com.android.quickstep.util.SurfaceTransactionApplier.lambda$scheduleApply$0$SurfaceTransactionApplier:94 com.android.quickstep.util.-$$Lambda$SurfaceTransactionApplier$Xj9m0ayWHIr2xvQnKB4EJdxg8RU.accept:6 
11-26 18:41:25.977  2680  5159 I ViewRootImpl@635960b[LauncherActivity]: mWNT: merge t to BBQ
11-26 18:41:25.985  1115  2062 V MdnieScenarioControlService: mAclOffEnabled : false mAclPreviewState : false mAclCompensationState : false
11-26 18:41:25.988  5146  5433 D KnoxHelper: getActivityList callingUserId: 0, target user: 0
11-26 18:41:25.989  5146  5433 D KnoxHelper: getActivityList callingUserId: 0, target user: 0
11-26 18:41:25.990  5146  5433 D KnoxHelper: getActivityList callingUserId: 0, target user: 0
11-26 18:41:25.991  5146  5433 D KnoxHelper: getActivityList callingUserId: 0, target user: 0
11-26 18:41:25.992  5146  5433 D KnoxHelper: getActivityList callingUserId: 0, target user: 0
11-26 18:41:25.992  5146  5433 D KnoxHelper: getActivityList callingUserId: 0, target user: 0
11-26 18:41:25.993  5146  5433 D KnoxHelper: getActivityList callingUserId: 0, target user: 0
11-26 18:41:25.994  5146  5433 D KnoxHelper: getActivityList callingUserId: 0, target user: 0
11-26 18:41:25.994  2680  5160 I ViewRootImpl@635960b[LauncherActivity]: mWNT: t = android.view.SurfaceControl$Transaction@eb26c91 fN = 164 com.android.systemui.shared.system.ViewRootImplCompat.mergeWithNextTransaction:62 com.android.quickstep.util.SurfaceTransactionApplier.lambda$scheduleApply$0$SurfaceTransactionApplier:94 com.android.quickstep.util.-$$Lambda$SurfaceTransactionApplier$Xj9m0ayWHIr2xvQnKB4EJdxg8RU.accept:6 
11-26 18:41:25.994  2680  5160 I ViewRootImpl@635960b[LauncherActivity]: mWNT: merge t to BBQ
11-26 18:41:25.995  5146  5433 D KnoxHelper: getActivityList callingUserId: 0, target user: 0
11-26 18:41:25.996  5146  5433 D KnoxHelper: getActivityList callingUserId: 0, target user: 0
11-26 18:41:25.997  5146  5433 D KnoxHelper: getActivityList callingUserId: 0, target user: 0
11-26 18:41:25.998  5146  5433 D KnoxHelper: getActivityList callingUserId: 0, target user: 0
11-26 18:41:25.999  5146  5433 D KnoxHelper: getActivityList callingUserId: 0, target user: 0
11-26 18:41:26.000  5146  5433 D KnoxHelper: getActivityList callingUserId: 0, target user: 0
11-26 18:41:26.001  5146  5433 D KnoxHelper: getActivityList callingUserId: 0, target user: 0
11-26 18:41:26.001  5146  5433 D KnoxHelper: getActivityList callingUserId: 0, target user: 0
11-26 18:41:26.002  5146  5433 D KnoxHelper: getActivityList callingUserId: 0, target user: 0
11-26 18:41:26.003  5146  5433 D KnoxHelper: getActivityList callingUserId: 0, target user: 0
11-26 18:41:26.004  5146  5433 D KnoxHelper: getActivityList callingUserId: 0, target user: 0
11-26 18:41:26.004  5146  5433 D KnoxHelper: getActivityList callingUserId: 0, target user: 0
11-26 18:41:26.005  5146  5433 D KnoxHelper: getActivityList callingUserId: 0, target user: 0
11-26 18:41:26.006  5146  5433 D KnoxHelper: getActivityList callingUserId: 0, target user: 0
11-26 18:41:26.006  5146  5433 D KnoxHelper: getActivityList callingUserId: 0, target user: 0
11-26 18:41:26.007  5146  5433 D KnoxHelper: getActivityList callingUserId: 0, target user: 0
11-26 18:41:26.009  5146  5433 D KnoxHelper: getActivityList callingUserId: 0, target user: 0
11-26 18:41:26.010  5146  5433 D KnoxHelper: getActivityList callingUserId: 0, target user: 0
11-26 18:41:26.011  5146  5433 D KnoxHelper: getActivityList callingUserId: 0, target user: 0
11-26 18:41:26.013  2680  5159 I ViewRootImpl@635960b[LauncherActivity]: mWNT: t = android.view.SurfaceControl$Transaction@83297f6 fN = 165 com.android.systemui.shared.system.ViewRootImplCompat.mergeWithNextTransaction:62 com.android.quickstep.util.SurfaceTransactionApplier.lambda$scheduleApply$0$SurfaceTransactionApplier:94 com.android.quickstep.util.-$$Lambda$SurfaceTransactionApplier$Xj9m0ayWHIr2xvQnKB4EJdxg8RU.accept:6 
11-26 18:41:26.013  2680  5159 I ViewRootImpl@635960b[LauncherActivity]: mWNT: merge t to BBQ
11-26 18:41:26.013  5146  5433 D KnoxHelper: getActivityList callingUserId: 0, target user: 0
11-26 18:41:26.014  5146  5433 D KnoxHelper: getActivityList callingUserId: 0, target user: 0
11-26 18:41:26.015  5146  5433 D KnoxHelper: getActivityList callingUserId: 0, target user: 0
11-26 18:41:26.016  5146  5433 D KnoxHelper: getActivityList callingUserId: 0, target user: 0
11-26 18:41:26.017  5146  5433 D KnoxHelper: getActivityList callingUserId: 0, target user: 0
11-26 18:41:26.017  5146  5433 D KnoxHelper: getActivityList callingUserId: 0, target user: 0
11-26 18:41:26.018  2680  2741 W QuickstepModelDelegate: handleUpdate targets : 9
11-26 18:41:26.023  2680  2680 W SuggestedAppsViewImpl: pending predictedApps : 9, alpha: 0.0, overview: false
11-26 18:41:26.028  2680  5160 I ViewRootImpl@635960b[LauncherActivity]: mWNT: t = android.view.SurfaceControl$Transaction@5b26664 fN = 166 com.android.systemui.shared.system.ViewRootImplCompat.mergeWithNextTransaction:62 com.android.quickstep.util.SurfaceTransactionApplier.lambda$scheduleApply$0$SurfaceTransactionApplier:94 com.android.quickstep.util.-$$Lambda$SurfaceTransactionApplier$Xj9m0ayWHIr2xvQnKB4EJdxg8RU.accept:6 
11-26 18:41:26.028  2680  5160 I ViewRootImpl@635960b[LauncherActivity]: mWNT: merge t to BBQ
11-26 18:41:26.044  2680  5159 I ViewRootImpl@635960b[LauncherActivity]: mWNT: t = android.view.SurfaceControl$Transaction@d8040cd fN = 167 com.android.systemui.shared.system.ViewRootImplCompat.mergeWithNextTransaction:62 com.android.quickstep.util.SurfaceTransactionApplier.lambda$scheduleApply$0$SurfaceTransactionApplier:94 com.android.quickstep.util.-$$Lambda$SurfaceTransactionApplier$Xj9m0ayWHIr2xvQnKB4EJdxg8RU.accept:6 
11-26 18:41:26.044  2680  5159 I ViewRootImpl@635960b[LauncherActivity]: mWNT: merge t to BBQ
11-26 18:41:26.061  2680  5160 I ViewRootImpl@635960b[LauncherActivity]: mWNT: t = android.view.SurfaceControl$Transaction@ee83d82 fN = 168 com.android.systemui.shared.system.ViewRootImplCompat.mergeWithNextTransaction:62 com.android.quickstep.util.SurfaceTransactionApplier.lambda$scheduleApply$0$SurfaceTransactionApplier:94 com.android.quickstep.util.-$$Lambda$SurfaceTransactionApplier$Xj9m0ayWHIr2xvQnKB4EJdxg8RU.accept:6 
11-26 18:41:26.061  2680  5160 I ViewRootImpl@635960b[LauncherActivity]: mWNT: merge t to BBQ
11-26 18:41:26.078  2680  5159 I ViewRootImpl@635960b[LauncherActivity]: mWNT: t = android.view.SurfaceControl$Transaction@2bfc93 fN = 169 com.android.systemui.shared.system.ViewRootImplCompat.mergeWithNextTransaction:62 com.android.quickstep.util.SurfaceTransactionApplier.lambda$scheduleApply$0$SurfaceTransactionApplier:94 com.android.quickstep.util.-$$Lambda$SurfaceTransactionApplier$Xj9m0ayWHIr2xvQnKB4EJdxg8RU.accept:6 
11-26 18:41:26.078  2680  5159 I ViewRootImpl@635960b[LauncherActivity]: mWNT: merge t to BBQ
11-26 18:41:26.088  8812  8812 I Utils   : isCurrentUser current = 0, ownerId = 0
11-26 18:41:26.088  8812  8812 I TrayVisibilityController: getComputedTrayVisible : keyguardState = 1
11-26 18:41:26.088  8812  8812 I TrayVisibilityController: updateTrayVisible: State=1 visible=1 mCurrentVisible=1 specificMode=0
11-26 18:41:26.088  8812  8812 I TrayStateController: onNotifyUpdateTray: state=0
11-26 18:41:26.094  2680  5160 I ViewRootImpl@635960b[LauncherActivity]: mWNT: t = android.view.SurfaceControl$Transaction@66184d0 fN = 170 com.android.systemui.shared.system.ViewRootImplCompat.mergeWithNextTransaction:62 com.android.quickstep.util.SurfaceTransactionApplier.lambda$scheduleApply$0$SurfaceTransactionApplier:94 com.android.quickstep.util.-$$Lambda$SurfaceTransactionApplier$Xj9m0ayWHIr2xvQnKB4EJdxg8RU.accept:6 
11-26 18:41:26.094  2680  5160 I ViewRootImpl@635960b[LauncherActivity]: mWNT: merge t to BBQ
11-26 18:41:26.111  2680  2680 W AppTransitionAnimatorImpl: onAnimationEnd - APP IN, Execution time for each frame : Start-(0)-0-(16)-0-(17)-0-(17)-0-(16)-1-(16)-1-(16)-0-(17)-0-(16)-1-(17)-0-(15)-1-(16)-0-(17)-0-(16)-1-(17)-0-(16)-0-(17)-0-(16)-0-(17)-0-(17)-0-(16)-0-End
11-26 18:41:26.111  1115  2714 D WindowManager: app-onAnimationFinished(): mOuter=com.android.server.wm.RemoteAnimationController@36d642b
11-26 18:41:26.111  1115  2714 D WindowManager: onAnimationFinished(): mPendingAnimations=1, caller=
11-26 18:41:26.111  1115  2714 D WindowManager: onAnimationFinished(): mPendingAnimations=1
11-26 18:41:26.111  1115  2714 D WindowManager: app-release(): mOuter=com.android.server.wm.RemoteAnimationController@36d642b
11-26 18:41:26.111  1115  2714 D WindowManager: onAnimationFinished(): Notify animation finished:
11-26 18:41:26.111  1115  2714 I WindowManager: Reparenting to original parent: Surface(name=DefaultTaskDisplayArea)/@0xdda5962, destroy=true, surface=Surface(name=Task=1)/@0xc822f5e
11-26 18:41:26.112  2680  2680 I AppTransitionAnimatorImpl: resetContentView
11-26 18:41:26.112  1115  2714 V WindowManager: Changing focus from null to Window{62ee612 u0 com.sec.android.app.launcher/com.sec.android.app.launcher.activities.LauncherActivity} displayId=0 Callers=com.android.server.wm.RootWindowContainer.updateFocusedWindowLocked:583 com.android.server.wm.WindowManagerService.updateFocusedWindowLocked:6479 com.android.server.wm.RootWindowContainer.performSurfacePlacementNoTrace:1061 com.android.server.wm.RootWindowContainer.performSurfacePlacement:959 
11-26 18:41:26.112  1115  2714 D StatusBarManagerService: notifyRequestedSystemKey recent=false home=false
11-26 18:41:26.112  2680  5159 I ViewRootImpl@635960b[LauncherActivity]: mWNT: t = android.view.SurfaceControl$Transaction@6dd1cc9 fN = 171 com.android.systemui.shared.system.ViewRootImplCompat.mergeWithNextTransaction:62 com.android.quickstep.util.SurfaceTransactionApplier.lambda$scheduleApply$0$SurfaceTransactionApplier:94 com.android.quickstep.util.-$$Lambda$SurfaceTransactionApplier$Xj9m0ayWHIr2xvQnKB4EJdxg8RU.accept:6 
11-26 18:41:26.112  2680  5159 I ViewRootImpl@635960b[LauncherActivity]: mWNT: merge t to BBQ
11-26 18:41:26.113  1115  2714 D WindowManager: 	container=Task{ed3f101 #1 type=home ?? U=0 visible=true mode=fullscreen translucent=false sz=1}
11-26 18:41:26.113  1115  2714 I WindowManager: Reparenting to original parent: Surface(name=Leaf:0:1)/@0xdc370d7, destroy=true, surface=Surface(name=WallpaperWindowToken{d16ff53 token=android.os.Binder@fe69342})/@0x878856
11-26 18:41:26.113  1115  2714 D WindowManager: 	wallpaper=WallpaperWindowToken{d16ff53 token=android.os.Binder@fe69342}
11-26 18:41:26.114  1115  2714 I WindowManager: Finishing remote animation
11-26 18:41:26.127   940   940 I Layer   : id=17426 removedFromDrawingState Surface(name=Task=1)/@0xc822f5e - animation-leash of app_transition#0 (113)
11-26 18:41:26.127  2680  2680 W Launcher: onEnterAnimationComplete
11-26 18:41:26.132   940  1016 I SurfaceFlinger: id=17426 Removed Surface(name=Task=1)/@0xc822f5e - animation-leash of app_transition#0 (113)
11-26 18:41:26.132   940  3148 I SurfaceFlinger: id=17427 Removed Surface(name=Task=3580)/@0xca03bc8 - animation-leash of app_transition#0 (113)
11-26 18:41:26.144   940   940 I Layer   : id=17428 removedFromDrawingState Surface(name=WallpaperWindowToken{d16ff53 token=android.os.Binder@fe69342})/@0x878856 - animation-leash of window_animation#0 (113)
11-26 18:41:26.144   940   940 I SurfaceFlinger: id=17428 Removed Surface(name=WallpaperWindowToken{d16ff53 token=android.os.Binder@fe69342})/@0x878856 - animation-leash of window_animation#0 (113)
11-26 18:41:26.144   940   940 I Layer   : id=17426 Destroyed Surface(name=Task=1)/@0xc822f5e - animation-leash of app_transition#0
11-26 18:41:26.144   940   940 I Layer   : id=17427 Destroyed Surface(name=Task=3580)/@0xca03bc8 - animation-leash of app_transition#0
11-26 18:41:26.144   940   940 I Layer   : id=17428 Destroyed Surface(name=WallpaperWindowToken{d16ff53 token=android.os.Binder@fe69342})/@0x878856 - animation-leash of window_animation#0
11-26 18:41:26.183  1115  1880 W SemWifiTransportLayerUtils: getApplicationCategory - IOException com.defaultcompany.trunk
11-26 18:41:26.183  1115  1880 W System.err: java.io.FileNotFoundException: https://play.google.com/store/apps/details?id=com.defaultcompany.trunk&hl=en
11-26 18:41:26.183  1115  1880 W System.err: 	at com.android.okhttp.internal.huc.HttpURLConnectionImpl.getInputStream(HttpURLConnectionImpl.java:255)
11-26 18:41:26.183  1115  1880 W System.err: 	at com.android.okhttp.internal.huc.DelegatingHttpsURLConnection.getInputStream(DelegatingHttpsURLConnection.java:211)
11-26 18:41:26.183  1115  1880 W System.err: 	at com.android.okhttp.internal.huc.HttpsURLConnectionImpl.getInputStream(HttpsURLConnectionImpl.java:30)
11-26 18:41:26.183  1115  1880 W System.err: 	at com.samsung.android.server.wifi.tcp.SemWifiTransportLayerUtils.getApplicationCategory(SemWifiTransportLayerUtils.java:104)
11-26 18:41:26.183  1115  1880 W System.err: 	at com.samsung.android.server.wifi.tcp.SemWifiTransportLayerMonitor$TcpMonitorHandler.handleMessage(SemWifiTransportLayerMonitor.java:241)
11-26 18:41:26.183  1115  1880 W System.err: 	at android.os.Handler.dispatchMessage(Handler.java:106)
11-26 18:41:26.183  1115  1880 W System.err: 	at android.os.Looper.loopOnce(Looper.java:226)
11-26 18:41:26.183  1115  1880 W System.err: 	at android.os.Looper.loop(Looper.java:313)
11-26 18:41:26.183  1115  1880 W System.err: 	at android.os.HandlerThread.run(HandlerThread.java:67)
11-26 18:41:26.184  1115  1880 D SemWifiPackageInfo: isSkipCategory - skip:FAILED
11-26 18:41:26.184  1115  1880 D SemWifiTransportLayerMonitor.TcpMonitorHandler: MSG_SAVE_PACKAGE_INFO
11-26 18:41:26.184  1115  1880 D SemWifiTransportLayerFileManager: saveWifiPackageInfoToFile
11-26 18:41:26.184  1115  1880 D SemWifiTransportLayerFileManager: writeWifiPackageInfoList
11-26 18:41:26.286  1115  1460 W ActivityTaskManager: Activity top resumed state loss timeout for ActivityRecord{4e76e9b u0 com.defaultcompany.trunk/com.deepwaterooo.dwsdk.MainActivity t-1 f}}
11-26 18:41:26.318  2680  2680 I QuickstepTransition: finishWaitingForResponse
11-26 18:41:26.426   862 18760 I HYPER-HAL: [RequestManager.cpp]releaseLocked(): Released ID : 3592540
11-26 18:41:26.640   862 18780 I HYPER-HAL: [RequestManager.cpp]releaseLocked(): Released ID : 658410
11-26 18:41:26.735   862 18763 I HYPER-HAL: [RequestManager.cpp]releaseLocked(): Released ID : 642429
11-26 18:41:26.816  1999  1999 D NetworkController.WifiSignalController: notifyListener: visible=true, enabled=true, connected=true, inetCondition=1, isDefault=true, receivedCR=true, receivedIC=-1, shouldForceHide=false, emptyConnected=false
11-26 18:41:26.904  1115  7844 D SGM:GameManager: identifyGamePackage. com.sec.android.app.launcher, mCurrentUserId: 0, callerUserId: 0, callingMethodInfo: com.android.server.ssrm.SortingMachine.isGame(SortingMachine.java:162)
11-26 18:41:26.904  1115  7844 D SGM:PkgDataHelper: getGamePkgData(). com.sec.android.app.launcher
11-26 18:41:26.940  1115  1882 D SemWifiSwitchForIndividualAppsService: isPackageException - result:1, com.sec.android.app.launcher
11-26 18:41:27.105  4427  5042 I SDHMS:C : SIOP:: AP:127(271,110) BAT:210(210,0) USB:216(216,0) CHG:218(218,0) PA:233(233,0) WIFI:207(207,0) BLK:0(0,0) SUBBAT:0(0,0) LRP:219(219,0) LRF:219(219) LRB:215(215) 
11-26 18:41:27.330   853 10729 I sensors-hal: handle_sns_client_event:217, auto_rotation_event_2: mode:255, type:1:0/-0.575,0.053,9.782, ar:0
11-26 18:41:27.331   853 10726 I sensors-hal: handle_sns_client_event:660, [0][39839] accel_sample [-0.564,  0.054,  9.769] 332424000478991
11-26 18:41:27.348   862 18761 I HYPER-HAL: [RequestManager.cpp]releaseLocked(): Released ID : 9863475
11-26 18:41:27.433   682   682 D io_stats: !@   8,0 r 2830786 108669112 w 2494722 109262404 d 0 0 f 0 0 iot 1841570 0 th 0 0 0 pt 0 inp 0 0 272588.250
11-26 18:41:27.738   888   942 E ANDR-PERF-UTIL: Failed to update node /proc/18741/sched_boost with value 0
11-26 18:41:27.738   888   942 E ANDR-PERF-OPTSHANDLER: can't reset task 18741
11-26 18:41:27.738   888   942 E ANDR-PERF-RESOURCEQS: Failed to reset optimization [3, 32]
11-26 18:41:27.808   862 18775 I HYPER-HAL: [RequestManager.cpp]releaseLocked(): Released ID : 1883770
11-26 18:41:28.010  2680  2739 I QuickstepModelDelegate: Widget predictions updated
11-26 18:41:28.013  2680  2741 I WidgetsPredictionUpdateTask: execute(), info: PendingAddWidgetInfo(id=-1 type=WIDGET container=# com.android.launcher3.logger.LauncherAtom$ContainerInfo@7ba6f targetComponent=ComponentInfo{com.tencent.mm/com.tencent.mm.plugin.appbrand.outerwidget.AppBrandOuterWidget} screen=-1 cell(-1,-1) span(4,2) minSpan(4,2) rank=0 rankOfList=-1 user=UserHandle{0} title=null hidden=0 screenType=0 componentName=ComponentInfo{com.tencent.mm/com.tencent.mm.plugin.appbrand.outerwidget.AppBrandOuterWidget}), info: PendingAddWidgetInfo(id=-1 type=WIDGET container=# com.android.launcher3.logger.LauncherAtom$ContainerInfo@7ba6f targetComponent=ComponentInfo{com.sec.android.app.clockpackage/com.sec.android.app.clockpackage.alarmwidget.ClockAlarmWidgetProvider} screen=-1 cell(-1,-1) span(2,1) minSpan(2,1) rank=0 rankOfList=-1 user=UserHandle{0} title=null hidden=0 screenType=0 componentName=ComponentInfo{com.sec.android.app.clockpackage/com.sec.android.app.clockpackage.alarmwidget.ClockAlarmWidgetProvider}), info: PendingAddWidgetInfo(id=-1 type=WIDGET container=# com.android.launcher3.logger.LauncherAtom$ContainerInfo@7ba6f targetComponent=ComponentInfo{com.sec.android.app.sbrowser/com.sec.android.app.sbrowser.search_widget.SearchWidgetProvider} screen=-1 cell(-1,-1) span(4,1) minSpan(1,1) rank=0 rankOfList=-1 user=UserHandle{0} title=null hidden=0 screenType=0 componentName=ComponentInfo{com.sec.android.app.sbrowser/com.sec.android.app.sbrowser.search_widget.SearchWidgetProvider}), info: PendingAddWidgetInfo(id=-1 type=WIDGET container=# com.android.launcher3.logger.LauncherAtom$ContainerInfo@7ba6f targetComponent=ComponentInfo{com.urbandroid.sleep/com.urbandroid.sleep.appwidget.GraphWidget} screen=-1 cell(-1,-1) span(4,2) minSpan(3,1) rank=0 rankOfList=-1 user=UserHandle{0} title=null hidden=0 screenType=0 componentName=ComponentInfo{com.urbandroid.sleep/com.urbandroid.sleep.appwidget.GraphWidget}), info: PendingAddWidgetInfo(id=-1 type=WIDGET container=# com.android.launcher3.logger.LauncherAtom$ContainerInfo@7ba6f targetComponent=ComponentInfo{com.google.android.apps.maps/com.google.android.apps.gmm.widget.SearchWidgetProvider} screen=-1 cell(-1,-1) span(3,2) minSpan(2,2) rank=0 rankOfList=-1 user=UserHandle{0} title=null hidden=0 screenType=0 componentName=ComponentInfo{com.google.android.apps.maps/com.google.android.apps.gmm.widget.SearchWidgetProvider}), info: PendingAddWidgetInfo(id=-1 type=WIDGET container=# com.android.launcher3.logger.LauncherAtom$ContainerInfo@7ba6f targetComponent=ComponentInfo{com.google.android.gm/com.google.android.gm.widget.GmailWidgetProvider} screen=-1 cell(-1,-1) span(3,2) minSpan(2,2) rank=0 rankOfList=-1 user=UserHandle{0} title=null hidden=0 screenType=0 componentName=ComponentInfo{com.google.android.gm/com.google.android.gm.widget.GmailWidgetProvider})
11-26 18:41:28.308  1115  1876 I SemWifiServiceDetector: Traff. tracking resumed
11-26 18:41:28.653  1115  1526 D PowerManagerService: UserActivityStateListenerState: 0
11-26 18:41:28.724  1115  2678 I SemDvfsHyPerManager: acquire hyper - AMS_RESUME_TAIL/1115@19, type = -999
11-26 18:41:28.724  1115  2678 I SemDvfsHyPerManager: acquire hyper - AMS_ACT_LAZY/1115@20, type = -999
11-26 18:41:28.725  1115  2678 D ActivityManagerPerformance: AMP_acquire() TAIL
11-26 18:41:28.725  1115  2678 D ActivityManagerPerformance: AMP_release() APP_SWITCH
11-26 18:41:28.725   862   901 I HYPER-HAL: [RequestManager.cpp]acquire(): Acquired ID : 643564  [1115 / 19]    HINT : AMS_RESUME_TAIL    list : 
11-26 18:41:28.726   862   901 I HYPER-HAL: [RequestManager.cpp]acquire(): Acquired ID : 644700  [1115 / 20]    HINT : AMS_ACT_LAZY    list : 
11-26 18:41:28.729   862   901 I HYPER-HAL: [RequestManager.cpp]releaseLocked(): Released ID : 645837
11-26 18:41:28.734  5138  5222 E TaskStackListenerAbstract: onTaskSnapshotChanged called by Binder.getCallingPid() 0 android.app.ITaskStackListener$Stub.onTransact:585 android.os.Binder.execTransactInternal:1220 android.os.Binder.execTransact:1179 <bottom of call stack> 
11-26 18:41:28.736  1115  3232 D FreecessController: com.urbandroid.sleep(state: Initial -> Freezeable, Reason: uidIdle)
11-26 18:41:28.763  1115  3181 I PkgPredictorService-NapClassifier: it's ready to run
11-26 18:41:28.769  1115  3181 D ActivityTaskManager: startActivityAsUser: callingPid=1115, callingUid=1000, caller=com.android.server.wm.ActivityTaskManagerService.startActivityAsUser:1743 android.app.ContextImpl.startActivityAsUser:1144 com.android.server.ipm.nap.IpmNapPreloadController.launchProcessFromNap:436 com.android.server.ipm.nap.IpmNapPreloadController.preloadApp:194 com.android.server.ipm.nap.IpmNapPreloadController.handleProcessForegroundFinish:135 com.android.server.ipm.nap.IpmNapPreloadController.handleMessageEvent:344 com.android.server.ipm.PreloadController$MainHandler.handleMessage:204 
11-26 18:41:28.771  1115  3181 I ActivityTaskManager: [SecIpm] intent received, starting preload launch:com.defaultcompany.trunk
11-26 18:41:28.772  1115  1460 D CompatibilityChangeReporter: Compat change id reported: 135634846; UID 10737; state: DISABLED
11-26 18:41:28.772  1115  1485 D CompatibilityChangeReporter: Compat change id reported: 143937733; UID 10737; state: DISABLED
11-26 18:41:28.776   772   772 D Zygote  : Forked child process 18785
11-26 18:41:28.776  1115  1485 I ActivityManager: Start proc 18785:com.defaultcompany.trunk/u0a737 for IpmLaunch {com.defaultcompany.trunk/com.deepwaterooo.dwsdk.MainActivity}
11-26 18:41:28.776  1115  1485 D ActivityManager: [SecIpm] it's a ML_TYPE_EMPTYPROCESS protected process com.defaultcompany.trunk
11-26 18:41:28.798 18785 18785 E ltcompany.trun: Not starting debugger since process cannot load the jdwp agent.
11-26 18:41:28.800 18785 18785 E USNET   : USNET: appName: com.defaultcompany.trunk
11-26 18:41:28.800 18785 18785 D ProcessState: Binder ioctl to enable oneway spam detection failed: Invalid argument
11-26 18:41:28.803 18785 18785 D ActivityThread: setConscryptValidator
11-26 18:41:28.804 18785 18785 D ActivityThread: setConscryptValidator - put
11-26 18:41:28.807  1115  2714 I ActivityManager: DSS OFF for com.defaultcompany.trunk
11-26 18:41:28.809  1115  2714 D ActivityManager: attachApplicationLocked() app=ProcessRecord{f6d9832 18785:com.defaultcompany.trunk/u0a737} app.isolatedEntryPoint=null instr2=null
11-26 18:41:28.811  1115  1458 D NetworkPolicy: onUidStateChanged() uid: 10737, isForeground(false, 19)
11-26 18:41:28.814 18785 18785 D ActivityThread: handleBindApplication()++ app=com.defaultcompany.trunk
11-26 18:41:28.815 18785 18785 D CompatibilityChangeReporter: Compat change id reported: 171979766; UID 10737; state: DISABLED
11-26 18:41:28.818  1115  1876 D SemNscXgbMsL1: Probability - Cloud gaming: [0.003235682]
11-26 18:41:28.818  1115  1876 D SemNscXgbMsL1: Probability - Real time: [0.00851472]
11-26 18:41:28.818  1115  1876 D SemNscXgbMsL1: Probability - Non real time: [0.9915245]
