12-02 14:53:41.237 30534 30534 D InsetsSourceConsumer: setRequestedVisible: visible=false, type=20, host=com.deepwaterooo.dwsdkTest/com.deepwaterooo.dwsdk.MainActivity, from=android.view.InsetsSourceConsumer.hide:242 android.view.InsetsController.collectSourceControls:1215 android.view.InsetsController.controlAnimationUnchecked:1077 android.view.InsetsController.applyAnimation:1456 android.view.InsetsController.applyAnimation:1437 android.view.InsetsController.hide:1006 android.view.InsetsController.hide:981 android.view.ViewRootImpl.controlInsetsForCompatibility:3116 android.view.ViewRootImpl.setView:1552 android.view.WindowManagerGlobal.addView:509 
12-02 14:53:41.237 30534 30534 D InsetsSourceConsumer: setRequestedVisible: visible=false, type=0, host=com.deepwaterooo.dwsdkTest/com.deepwaterooo.dwsdk.MainActivity, from=android.view.InsetsSourceConsumer.hide:242 android.view.InsetsController.collectSourceControls:1215 android.view.InsetsController.controlAnimationUnchecked:1077 android.view.InsetsController.applyAnimation:1456 android.view.InsetsController.applyAnimation:1437 android.view.InsetsController.hide:1006 android.view.InsetsController.hide:981 android.view.ViewRootImpl.controlInsetsForCompatibility:3116 android.view.ViewRootImpl.setView:1552 android.view.WindowManagerGlobal.addView:509 
12-02 14:53:41.237  1115  2248 W WindowManager: Failed looking up window session=Session{aa35c98 30534:u0a10755} callers=com.android.server.wm.WindowManagerService.windowForClientLocked:6303 com.android.server.wm.Session.insetsModified:700 android.view.IWindowSession$Stub.onTransact:1256 
12-02 14:53:41.238  1115  1996 D InputTransport: Input channel constructed: 'c3a672d', fd=911
12-02 14:53:41.238  1115  1996 D InputTransport: Input channel constructed: 'c3a672d', fd=914
12-02 14:53:41.238  1115  1996 D InputTransport: Input channel constructed: 'c3a672d', fd=918
12-02 14:53:41.239   940  3148 I SurfaceFlinger: id=45265 createSurf (0x0),-1 flag=80004, c3a672d com.deepwaterooo.dwsdkTest/com.deepwaterooo.dwsdk.MainActivity#0
12-02 14:53:41.239  1115  1996 D RestrictionPolicy: isScreenCaptureEnabled : ret=true userId=0
12-02 14:53:41.239  1115  1996 D InputTransport: Input channel destroyed: 'c3a672d', fd=918
12-02 14:53:41.240 30534 30534 I ViewRootImpl@7f5d3ed[MainActivity]: setView = com.android.internal.policy.DecorView@438393b TM=true
12-02 14:53:41.241  1115  2062 D MdnieScenarioControlService:  packageName : com.deepwaterooo.dwsdkTest    className : com.deepwaterooo.dwsdk.MainActivity
12-02 14:53:41.241  1115  2062 V MdnieScenarioControlService: setUIMode from UI function(3)
12-02 14:53:41.245 30534 30534 I SurfaceView@bd4c16c: onWindowVisibilityChanged(0) true android.view.SurfaceView{bd4c16c VFE...... .F....I. 0,0-0,0 #7f010000 app:id/unitySurfaceView} of ViewRootImpl@7f5d3ed[MainActivity]
12-02 14:53:41.245  1115  2248 V WindowManager: Relayout Window{c3a672d u0 com.deepwaterooo.dwsdkTest/com.deepwaterooo.dwsdk.MainActivity}: viewVisibility=0 req=1440x3040 d0
12-02 14:53:41.245  1115  2248 D RestrictionPolicy: isScreenCaptureEnabled : ret=true userId=0
12-02 14:53:41.246   940  3149 I SurfaceFlinger: id=45266 createSurf (1x1),-3 flag=40004, com.deepwaterooo.dwsdkTest/com.deepwaterooo.dwsdk.MainActivity$_30534#0
12-02 14:53:41.246  1115  2248 D WindowManager: makeSurface duration=1 name=com.deepwaterooo.dwsdkTest/com.deepwaterooo.dwsdk.MainActivity$_30534
12-02 14:53:41.248  1115  2248 V WindowManager: Changing focus from null to Window{c3a672d u0 com.deepwaterooo.dwsdkTest/com.deepwaterooo.dwsdk.MainActivity} displayId=0 Callers=com.android.server.wm.RootWindowContainer.updateFocusedWindowLocked:583 com.android.server.wm.WindowManagerService.updateFocusedWindowLocked:6479 com.android.server.wm.WindowManagerService.relayoutWindow:2749 com.android.server.wm.Session.relayout:242 
12-02 14:53:41.248  1115  2248 D MARsPolicyManager: onPackageResumedFG pkgName = com.deepwaterooo.dwsdkTest, userId = 0
12-02 14:53:41.248  1115  2248 I WindowManager: Cancelling animation restarting=true, leash=Surface(name=Surface(name=13583cb StatusBar)/@0x336d7fd - animation-leash of insets_animation)/@0xdda5a5e
12-02 14:53:41.248  1115  2248 I WindowManager: Reparenting to original parent: Surface(name=WindowToken{e42fe9a android.os.BinderProxy@2230bbc})/@0xed73cf2, destroy=false, surface=Surface(name=13583cb StatusBar)/@0x336d7fd
12-02 14:53:41.248  1115  2248 I WindowManager: Reparenting to leash, surface=Surface(name=13583cb StatusBar)/@0x336d7fd, leashParent=Surface(name=WindowToken{e42fe9a android.os.BinderProxy@2230bbc})/@0xed73cf2
12-02 14:53:41.248   940  3149 I SurfaceFlinger: id=45267 createSurf (0x0),-1 flag=24000, Surface(name=13583cb StatusBar)/@0x336d7fd - animation-leash of insets_animation#1
12-02 14:53:41.249  1115  2248 D WindowManager: makeSurface duration=0 leash=Surface(name=Surface(name=13583cb StatusBar)/@0x336d7fd - animation-leash of insets_animation)/@0x9c3537
12-02 14:53:41.249  1115  2248 I WindowManager: Cancelling animation restarting=true, leash=Surface(name=Surface(name=234d322 NavigationBar0)/@0x398363e - animation-leash of insets_animation)/@0x843b30c
12-02 14:53:41.249  1115  2248 I WindowManager: Reparenting to original parent: Surface(name=WindowToken{8b128ed android.os.BinderProxy@72b3b17})/@0xa4a2c9f, destroy=false, surface=Surface(name=234d322 NavigationBar0)/@0x398363e
12-02 14:53:41.249  1115  2248 I WindowManager: Reparenting to leash, surface=Surface(name=234d322 NavigationBar0)/@0x398363e, leashParent=Surface(name=WindowToken{8b128ed android.os.BinderProxy@72b3b17})/@0xa4a2c9f
12-02 14:53:41.249   940  3149 I SurfaceFlinger: id=45268 createSurf (0x0),-1 flag=24000, Surface(name=234d322 NavigationBar0)/@0x398363e - animation-leash of insets_animation#0
12-02 14:53:41.250  1115  2248 D WindowManager: makeSurface duration=1 leash=Surface(name=Surface(name=234d322 NavigationBar0)/@0x398363e - animation-leash of insets_animation)/@0x671bd10
12-02 14:53:41.250  1115  2248 D StatusBarManagerService: notifyRequestedSystemKey recent=false home=false
12-02 14:53:41.251  1999  1999 D NavigationBar: onSystemBarAttributesChanged() -  displayId:0, appearance:16 (APPEARANCE_LIGHT_NAVIGATION_BARS ), navbarColorManagedByIme:false
12-02 14:53:41.251  1115  2248 V WindowManager: Relayout hash=c3a672d, pid=30534: mAttrs={(0,0)(fillxfill) sim={adjust=pan forwardNavigation} ty=BASE_APPLICATION fmt=TRANSLUCENT wanim=0x1030303
12-02 14:53:41.251  1115  2248 V WindowManager:   fl=80810500
12-02 14:53:41.251  1115  2248 V WindowManager:   pfl=12020040
12-02 14:53:41.251  1115  2248 V WindowManager:   apr=LIGHT_NAVIGATION_BARS
12-02 14:53:41.251  1115  2248 V WindowManager:   bhv=SHOW_TRANSIENT_BARS_BY_SWIPE
12-02 14:53:41.251  1115  2248 V WindowManager:   fitSides= naviIconColor=0
12-02 14:53:41.251  1115  2248 V WindowManager:   sfl=100000}
12-02 14:53:41.251  1115  1461 D CompatibilityChangeReporter: Compat change id reported: 158002302; UID 10755; state: ENABLED
12-02 14:53:41.252  2680 30331 I TouchInteractionService: onSystemUiStateChanged, stateFlags : 0
12-02 14:53:41.252  2680  2680 I TouchInteractionService: onSystemUiFlagsChanged, userUnlocked
12-02 14:53:41.252 30534 30534 I ViewRootImpl@7f5d3ed[MainActivity]: Relayout returned: old=(0,0,1440,3040) new=(0,142,1440,3040) req=(1440,3040)0 dur=6 res=0x7 s={true 3917020144} ch=true fn=-1
12-02 14:53:41.252 30534 30534 I SurfaceView@bd4c16c: windowStopped(false) true android.view.SurfaceView{bd4c16c VFE...... .F....ID 0,0-1440,2730 #7f010000 app:id/unitySurfaceView} of ViewRootImpl@7f5d3ed[MainActivity]
12-02 14:53:41.253 30534 30534 I ViewRootImpl@7f5d3ed[MainActivity]: [DP] dp(1) 1 android.view.ViewRootImpl.reportNextDraw:11374 android.view.ViewRootImpl.performTraversals:4167 android.view.ViewRootImpl.doTraversal:2893 
12-02 14:53:41.253   940  3149 I SurfaceFlinger: id=45269 createSurf (0x0),-1 flag=20004, Bounds for - com.deepwaterooo.dwsdkTest/com.deepwaterooo.dwsdk.MainActivity@0#0
12-02 14:53:41.254   940  3149 I SurfaceFlinger: id=45270 createSurf (0x0),-1 flag=80004, SurfaceView - com.deepwaterooo.dwsdkTest/com.deepwaterooo.dwsdk.MainActivity@bd4c16c@0#0
12-02 14:53:41.256   940  3149 I SurfaceFlinger: id=45271 createSurf (0x0),-1 flag=40400, SurfaceView - com.deepwaterooo.dwsdkTest/com.deepwaterooo.dwsdk.MainActivity@bd4c16c@0(BLAST)#0
12-02 14:53:41.257   940  3149 I SurfaceFlinger: id=45272 createSurf (0x0),-1 flag=20404, Background for SurfaceView - com.deepwaterooo.dwsdkTest/com.deepwaterooo.dwsdk.MainActivity@bd4c16c@0#0
12-02 14:53:41.257 30534 30534 I SurfaceView@bd4c16c: pST: sr = Rect(0, 0 - 1440, 2730) sw = 1440 sh = 2730
12-02 14:53:41.257 30534 30534 I SurfaceView@bd4c16c: onSSPAndSRT: pl = 0 pt = 0 sx = 1.0 sy = 1.0
12-02 14:53:41.258 30534 30534 I SurfaceView@bd4c16c: pST: mTmpTransaction.apply, mTmpTransaction = android.view.SurfaceControl$Transaction@a2e0a70
12-02 14:53:41.258 30534 30534 I SurfaceView@bd4c16c: updateSurface: mVisible = true mSurface.isValid() = true
12-02 14:53:41.258 30534 30534 I SurfaceView@bd4c16c: updateSurface: mSurfaceCreated = false surfaceChanged = true visibleChanged = true
12-02 14:53:41.258 30534 30534 I SurfaceView@bd4c16c: surfaceCreated 1 #8 android.view.SurfaceView{bd4c16c VFE...... .F....ID 0,0-1440,2730 #7f010000 app:id/unitySurfaceView}
12-02 14:53:41.258 30534 30534 I SurfaceView@bd4c16c: surfaceChanged (1440,2730) 1 #8 android.view.SurfaceView{bd4c16c VFE...... .F....ID 0,0-1440,2730 #7f010000 app:id/unitySurfaceView}
12-02 14:53:41.258 30534 30534 I ViewRootImpl@7f5d3ed[MainActivity]: [DP] dp(2) 1 android.view.SurfaceView.updateSurface:1375 android.view.SurfaceView.lambda$new$1$SurfaceView:254 android.view.SurfaceView$$ExternalSyntheticLambda2.onPreDraw:2 
12-02 14:53:41.258 30534 30534 I ViewRootImpl@7f5d3ed[MainActivity]: [DP] pdf(1) 1 android.view.SurfaceView.notifyDrawFinished:599 android.view.SurfaceView.performDrawFinished:586 android.view.SurfaceView.$r8$lambda$st27mCkd9jfJkTrN_P3qIGKX6NY:0 
12-02 14:53:41.259 30534 30534 D hw-ProcessState: Binder ioctl to enable oneway spam detection failed: Invalid argument
12-02 14:53:41.259  1115  1461 D InsetsSourceProvider: updateVisibility: serverVisible=true, clientVisible=false, source=InsetsSource: {mType=ITYPE_STATUS_BAR, mFrame=[0,0][1440,142], mVisible=false, mWindowFrame=[0,0][0,0]}, controlTarget=Window{c3a672d u0 com.deepwaterooo.dwsdkTest/com.deepwaterooo.dwsdk.MainActivity}, from=com.android.server.wm.InsetsSourceProvider.setClientVisible:428 com.android.server.wm.InsetsSourceProvider.updateClientVisibility:413 com.android.server.wm.InsetsStateController.onInsetsModified:508 com.android.server.wm.InsetsStateController.lambda$notifyPendingInsetsControlChanged$6$InsetsStateController:689 com.android.server.wm.InsetsStateController$$ExternalSyntheticLambda1.run:2 com.android.server.wm.WindowAnimator.executeAfterPrepareSurfacesRunnables:345 com.android.server.wm.WindowAnimator.animate:226 com.android.server.wm.WindowAnimator.lambda$new$1$WindowAnimator:106 com.android.server.wm.WindowAnimator$$ExternalSyntheticLambda0.doFrame:2 android.view.Choreographer$CallbackRecord.run:1106 
12-02 14:53:41.269 30313 30313 I ent.mm:hotpot.: Thread[1,tid=30313,Native,Thread*=0xb400006ecf20f380,peer=0x72494d78,"main"] recursive attempt to load library "/data/app/~~Pfw9REXTbRq__lFoY7bnDA==/com.tencent.mm-pN4PwzO1Lt12jbHE_m99aw==/lib/arm64/libtrace-canary.so"
12-02 14:53:41.269 30313 30313 I ent.mm:hotpot.: Thread[1,tid=30313,Native,Thread*=0xb400006ecf20f380,peer=0x72494d78,"main"] recursive attempt to load library "/data/app/~~Pfw9REXTbRq__lFoY7bnDA==/com.tencent.mm-pN4PwzO1Lt12jbHE_m99aw==/lib/arm64/libtrace-canary.so"
12-02 14:53:41.271 30313 30313 D ActivityThread: handleBindApplication() --
12-02 14:53:41.275   940   940 I Layer   : id=45263 removedFromDrawingState Surface(name=13583cb StatusBar)/@0x336d7fd - animation-leash of insets_animation#0 (138)
12-02 14:53:41.275   940   940 I Layer   : id=45264 removedFromDrawingState Surface(name=234d322 NavigationBar0)/@0x398363e - animation-leash of insets_animation#1 (138)
12-02 14:53:41.276   940   940 I SurfaceFlinger: id=45263 Removed Surface(name=13583cb StatusBar)/@0x336d7fd - animation-leash of insets_animation#0 (138)
12-02 14:53:41.276   940   940 I SurfaceFlinger: id=45264 Removed Surface(name=234d322 NavigationBar0)/@0x398363e - animation-leash of insets_animation#1 (138)
12-02 14:53:41.277   940   940 I Layer   : id=45263 Destroyed Surface(name=13583cb StatusBar)/@0x336d7fd - animation-leash of insets_animation#0
12-02 14:53:41.277   940   940 I Layer   : id=45264 Destroyed Surface(name=234d322 NavigationBar0)/@0x398363e - animation-leash of insets_animation#1
12-02 14:53:41.277 30534 30534 I BufferQueueProducer: [ViewRootImpl@7f5d3ed[MainActivity]#0(BLAST Consumer)0](id:774600000000,api:2,p:30534,c:30534) queueBuffer: queued for the first time.
12-02 14:53:41.279  1115  1996 D InputDispatcher: Focus request (0): c3a672d com.deepwaterooo.dwsdkTest/com.deepwaterooo.dwsdk.MainActivity but waiting because NOT_VISIBLE
12-02 14:53:41.280 30534 30534 I ViewRootImpl@7f5d3ed[MainActivity]: [DP] pdf(0) 1 android.view.ViewRootImpl.performDraw:5181 android.view.ViewRootImpl.performTraversals:4186 android.view.ViewRootImpl.doTraversal:2893 
12-02 14:53:41.280 30534 30534 I ViewRootImpl@7f5d3ed[MainActivity]: [DP] rdf()
12-02 14:53:41.280 30534 30534 D ViewRootImpl@7f5d3ed[MainActivity]: reportDrawFinished (fn: -1) 
12-02 14:53:41.280  1115  2714 D WindowManager: finishDrawingWindow: Window{c3a672d u0 com.deepwaterooo.dwsdkTest/com.deepwaterooo.dwsdk.MainActivity} mDrawState=DRAW_PENDING
12-02 14:53:41.281  1115  1461 I WindowManager: Reparenting to leash, surface=Surface(name=c3a672d com.deepwaterooo.dwsdkTest/com.deepwaterooo.dwsdk.MainActivity)/@0x8832ecc, leashParent=Surface(name=ActivityRecord{54bebd4 u0 com.deepwaterooo.dwsdkTest/com.deepwaterooo.dwsdk.MainActivity t4058})/@0x5e54515
12-02 14:53:41.282   940  3149 I SurfaceFlinger: id=45273 createSurf (0x0),-1 flag=24000, Surface(name=c3a672d com.deepwaterooo.dwsdkTest/com.deepwaterooo.dwsdk.MainActivity)/@0x8832ecc - animation-leash of starting_reveal#0
12-02 14:53:41.282  1115  1461 D WindowManager: makeSurface duration=1 leash=Surface(name=Surface(name=c3a672d com.deepwaterooo.dwsdkTest/com.deepwaterooo.dwsdk.MainActivity)/@0x8832ecc - animation-leash of starting_reveal)/@0xe9002a
12-02 14:53:41.283 11763 27874 I Icing   : Usage reports ok 1, Failed Usage reports 0, indexed 0, rejected 0
12-02 14:53:41.287 11763 12286 I Icing   : IndexChimeraService.getServiceInterface callingPackage=com.google.android.gms componentName=null serviceId=30
12-02 14:53:41.288  1115  1457 D [secipm]: mSecIpmManager report to nap
12-02 14:53:41.288  1115  1457 I PkgPredictorService-SecIpmManagerServiceImpl: reportToNAP uid:10755 com.deepwaterooo.dwsdkTest/com.deepwaterooo.dwsdk.MainActivity thisTime:289
12-02 14:53:41.289  1115  3181 I PkgPredictorService-NapClassifier: it's ready to run
12-02 14:53:41.289  1115  2714 I SemDvfsHyPerManager: acquire hyper - AMS_RESUME_TAIL/1115@19, type = -999
12-02 14:53:41.289  1115  2714 I SemDvfsHyPerManager: acquire hyper - AMS_ACT_LAZY/1115@20, type = -999
12-02 14:53:41.289  1115  2714 D ActivityManagerPerformance: AMP_acquire() TAIL
12-02 14:53:41.289  1115  2714 D ActivityManagerPerformance: AMP_release() ACT_START
12-02 14:53:41.290   862   901 I HYPER-HAL: [RequestManager.cpp]acquire(): Acquired ID : 643564  [1115 / 19]    HINT : AMS_RESUME_TAIL    list : 
12-02 14:53:41.290   769   776 E statsd  : Predicate -7037417284711607308 dropping data for dimension key (10)0x2010101->10755[I] (10)0x30000->*launch*[S] 
12-02 14:53:41.291   769   776 E statsd  : Predicate 5980654721335871649 dropping data for dimension key (10)0x2010101->10755[I] (10)0x30000->*launch*[S] 
12-02 14:53:41.291  1115  3213 D PkgPredictorService-IpmAdcpController: com.deepwaterooo.dwsdkTest become forground, dex profile begin
12-02 14:53:41.292   862   901 I HYPER-HAL: [RequestManager.cpp]acquire(): Acquired ID : 644700  [1115 / 20]    HINT : AMS_ACT_LAZY    list : 
12-02 14:53:41.293  1115  1996 D InputDispatcher: Focus entered window (0): c3a672d com.deepwaterooo.dwsdkTest/com.deepwaterooo.dwsdk.MainActivity
12-02 14:53:41.293  1999  2847 I ViewRootImpl@8da76d6[dwsdkTest]: mWNT: t = android.view.SurfaceControl$Transaction@ee76cb0 fN = 2 android.view.SyncRtSurfaceTransactionApplier.applyTransaction:94 android.view.SyncRtSurfaceTransactionApplier.lambda$scheduleApply$0$SyncRtSurfaceTransactionApplier:71 android.view.SyncRtSurfaceTransactionApplier$$ExternalSyntheticLambda0.onFrameDraw:4 
12-02 14:53:41.293  1999  2847 I ViewRootImpl@8da76d6[dwsdkTest]: mWNT: merge t to BBQ
12-02 14:53:41.294  1999  2847 I ViewRootImpl@8da76d6[dwsdkTest]: mWNT: t = android.view.SurfaceControl$Transaction@bc71729 fN = 2 android.view.SyncRtSurfaceTransactionApplier.applyTransaction:94 android.view.SyncRtSurfaceTransactionApplier.lambda$scheduleApply$0$SyncRtSurfaceTransactionApplier:71 android.view.SyncRtSurfaceTransactionApplier$$ExternalSyntheticLambda0.onFrameDraw:4 
12-02 14:53:41.294  1999  2847 I ViewRootImpl@8da76d6[dwsdkTest]: mWNT: merge t to BBQ
12-02 14:53:41.294 30534 30534 I ViewRootImpl@7f5d3ed[MainActivity]: MSG_WINDOW_FOCUS_CHANGED 1 1
12-02 14:53:41.294 30534 30534 D InputMethodManager: startInputInner - Id : 0
12-02 14:53:41.294 30534 30534 I InputMethodManager: startInputInner - mService.startInputOrWindowGainedFocus
12-02 14:53:41.295  1115  2733 D InputMethodManagerService: mSecureKeypadEnabled = false
12-02 14:53:41.295  1115  2733 V InputMethodManagerService: Unspecified window will hide input
12-02 14:53:41.295  1115  2733 V InputMethodManagerService: hideCurrentInputLocked : shouldHideSoftInput is false
12-02 14:53:41.295  1115  2733 D InputMethodManagerService: DESKTOP MODE! : 2
12-02 14:53:41.295  1115  2733 D InputMethodManagerService: NOT IN KNOX DESKTOP MODE!
12-02 14:53:41.295  1115  2733 V InputMethodManagerService: getDisplayIdOfInputMethodWindowToBeAdded : 0
12-02 14:53:41.295  1115  2733 V InputMethodManagerService: Creating new session for client ClientState{cbab40b uid=10755 pid=30534 displayId=0}
12-02 14:53:41.295  1115  2733 D InputTransport: Input channel constructed: 'ClientS', fd=918
12-02 14:53:41.295  1115  2733 D InputTransport: Input channel constructed: 'ClientS', fd=920
12-02 14:53:41.296  1115  2733 D InputTransport: Input channel destroyed: 'ClientS', fd=920
12-02 14:53:41.298  1115  1457 I ActivityTaskManager: Displayed com.deepwaterooo.dwsdkTest/com.deepwaterooo.dwsdk.MainActivity: +289ms
12-02 14:53:41.298  1115  1457 I Pageboost: Launch time gathered : pid 30534 com.deepwaterooo.dwsdkTest 289
12-02 14:53:41.299   940   940 D SurfaceFlinger: Display 4630947232161729153 HWC layers:
12-02 14:53:41.299   940   940 D SurfaceFlinger:      DEVICE | 0xb400007a2c826dc0 | 0100 | RGBx_8888    |    1.0    0.0 1081.0 2280.0 |    0    0 1440 3040 | Wallpaper BBQ wrapper#0
12-02 14:53:41.299   940   940 D SurfaceFlinger:      DEVICE | 0xb400007a2c85b590 | 0100 | RGBA_8888    |    0.0    0.0 1440.0 3040.0 |    0    0 1440 3040 | com.sec.android.app.launcher/com.sec[...].activities.LauncherActivity$_2680#0
12-02 14:53:41.299   940   940 D SurfaceFlinger:  SOLID_COLOR |              | 0002 |  Unknown  |    0.0    0.0    0.0    0.0 |    9  159 1431 2855 | Background for SurfaceView - com.dee[...]erooo.dwsdk.MainActivity@bd4c16c@0#0
12-02 14:53:41.299   940   940 D SurfaceFlinger:      DEVICE | 0xb400007a2c865160 | 0100 | RGBA_8888    |    0.0    0.0 1440.0 2898.0 |    9  159 1431 3021 | com.deepwaterooo.dwsdkTest/com.deepwaterooo.dwsdk.MainActivity$_30534#0
12-02 14:53:41.299   940   940 D SurfaceFlinger:      DEVICE | 0xb400007a2c84a430 | 0100 | RGBA_8888    |    0.0    0.0 1440.0 3040.0 |    9   19 1431 3021 | Splash Screen com.deepwaterooo.dwsdkTest$_1999#0
12-02 14:53:41.299   940   940 D SurfaceFlinger:      DEVICE | 0xb400007a2c85a030 | 0100 | RGBA_8888    |    0.0    0.0 1440.0  142.0 |    0    0 1440  142 | StatusBar$_1999#0
12-02 14:53:41.299   940   940 D SurfaceFlinger:      DEVICE | 0xb4
12-02 14:53:41.299   940   940 D SurfaceFlinger: 00007a2c84e690 | 0100 | RGBA_8888    |    0.0    0.0   67.0  568.0 |    0  806   67 1374 | com.samsung.android.app.cocktailbars[...]arservice.CocktailBarService$_8812#0
12-02 14:53:41.299   940   940 D SurfaceFlinger:      DEVICE | 0xb400007a2c865790 | 0100 | RGBA_8888    |    0.0    0.0 1440.0  168.0 |    0 2872 1440 3040 | NavigationBar0$_1999#0
12-02 14:53:41.299   940   940 D SurfaceFlinger: 
12-02 14:53:41.300  3280  3280 E pageboostd: Received HALT command code 2
12-02 14:53:41.302  1115  2167 W InputMethodManagerService: onSessionCreated
12-02 14:53:41.302   862   901 I HYPER-HAL: [RequestManager.cpp]releaseLocked(): Released ID : 641295
12-02 14:53:41.303  1115  2167 D InputMethodManagerService: checkDisplayOfStartInputAndUpdateKeyboard display Id 0last 0
12-02 14:53:41.303  1115  2167 D InputTransport: Input channel constructed: 'ClientS', fd=920
12-02 14:53:41.303  1115  2167 D InputTransport: Input channel destroyed: 'ClientS', fd=920
12-02 14:53:41.303 30534 30534 D InputMethodManager: startInputInner - Id : 0
12-02 14:53:41.304  1115  4556 D RestrictionPolicy: isScreenCaptureEnabled : ret=true userId=0
12-02 14:53:41.304  5198  5198 D InputMethodService: checkDisplayOfStartInputAndUpdateKeyboard display Id 0last 0
12-02 14:53:41.304  1115  4556 I WindowManager: Cancelling animation restarting=true, leash=Surface(name=Surface(name=88eea16 InputMethod)/@0xe8791a2 - animation-leash of insets_animation)/@0x8219b15
12-02 14:53:41.304  1115  4556 I WindowManager: Reparenting to original parent: Surface(name=WindowToken{aa8f0c2 android.os.Binder@e52b90d})/@0x3648e33, destroy=false, surface=Surface(name=88eea16 InputMethod)/@0xe8791a2
12-02 14:53:41.304  1115  4556 I WindowManager: Reparenting to leash, surface=Surface(name=88eea16 InputMethod)/@0xe8791a2, leashParent=Surface(name=WindowToken{aa8f0c2 android.os.Binder@e52b90d})/@0x3648e33
12-02 14:53:41.305   940  3148 I SurfaceFlinger: id=45274 createSurf (0x0),-1 flag=24004, Surface(name=88eea16 InputMethod)/@0xe8791a2 - animation-leash of insets_animation#1
12-02 14:53:41.305  1115  4556 D WindowManager: makeSurface duration=1 leash=Surface(name=Surface(name=88eea16 InputMethod)/@0xe8791a2 - animation-leash of insets_animation)/@0xa96032c
12-02 14:53:41.306  1115  2248 I InputMethodManagerService: isAccessoryKeyboard 0
12-02 14:53:41.308  1115  1115 V SamsungAlarmManager: setLocked to kernel - W:837224087 / NW:837177384, now=837158692
12-02 14:53:41.308   940   940 I Layer   : id=45226 removedFromDrawingState Surface(name=88eea16 InputMethod)/@0xe8791a2 - animation-leash of insets_animation#0 (138)
12-02 14:53:41.309  1115  2248 D InputMethodManagerServicePhysicalKey: isConnectedDexOnPC false
12-02 14:53:41.309  1115  2248 D InputMethodManagerService: isImeSwitcherDisabledPackage : false
12-02 14:53:41.309  1999  2848 I ViewRootImpl@8da76d6[dwsdkTest]: mWNT: t = android.view.SurfaceControl$Transaction@f898aae fN = 3 android.view.SyncRtSurfaceTransactionApplier.applyTransaction:94 android.view.SyncRtSurfaceTransactionApplier.lambda$scheduleApply$0$SyncRtSurfaceTransactionApplier:71 android.view.SyncRtSurfaceTransactionApplier$$ExternalSyntheticLambda0.onFrameDraw:4 
12-02 14:53:41.309   940  1546 I SurfaceFlinger: id=45226 Removed Surface(name=88eea16 InputMethod)/@0xe8791a2 - animation-leash of insets_animation#0 (138)
12-02 14:53:41.309  1999  2848 I ViewRootImpl@8da76d6[dwsdkTest]: mWNT: merge t to BBQ
12-02 14:53:41.310  1115  2714 D CompatibilityChangeReporter: Compat change id reported: 135634846; UID 1000; state: DISABLED
12-02 14:53:41.310  1115  2714 D CompatibilityChangeReporter: Compat change id reported: 177438394; UID 1000; state: DISABLED
12-02 14:53:41.310  1115  2714 D CompatibilityChangeReporter: Compat change id reported: 135772972; UID 1000; state: DISABLED
12-02 14:53:41.310  1115  2714 D CompatibilityChangeReporter: Compat change id reported: 135754954; UID 1000; state: DISABLED
12-02 14:53:41.311  1115  1996 I InputMethodManagerService: isAccessoryKeyboard 0
12-02 14:53:41.312  1115  1996 I InputMethodManagerService: isAccessoryKeyboard 0
12-02 14:53:41.317 30534 30615 I Unity   : MemoryManager: Using 'Dynamic Heap' Allocator.
12-02 14:53:41.317  1115  4556 D CompatibilityChangeReporter: Compat change id reported: 171306433; UID 5012; state: DISABLED
12-02 14:53:41.319   771   771 D Zygote  : Forked child process 30625
12-02 14:53:41.320  1115  1485 I ActivityManager: Start proc 30625:com.samsung.android.provider.filterprovider/1000 for broadcast {com.samsung.android.provider.filterprovider/com.samsung.android.provider.filterprovider.PackageIntentReceiver}
12-02 14:53:41.320  1115  4556 D SamsungAlarmManager: setExact (T:2/F:9/AC:false) 20221209T145341 now=837158704 - CU:5012/CP:30495/OP:PendingIntent{c589fe1: PendingIntentRecord{b78d106 com.samsung.android.sm.devicesecurity broadcastIntent}}
12-02 14:53:41.320  1115  4556 V SamsungAlarmManager: setLocked to kernel - W:837224087 / NW:837177384, now=837158704
12-02 14:53:41.325   940   940 I Layer   : id=45226 Destroyed Surface(name=88eea16 InputMethod)/@0xe8791a2 - animation-leash of insets_animation#0
12-02 14:53:41.326  1999  2847 I ViewRootImpl@8da76d6[dwsdkTest]: mWNT: t = android.view.SurfaceControl$Transaction@665404f fN = 4 android.view.SyncRtSurfaceTransactionApplier.applyTransaction:94 android.view.SyncRtSurfaceTransactionApplier.lambda$scheduleApply$0$SyncRtSurfaceTransactionApplier:71 android.view.SyncRtSurfaceTransactionApplier$$ExternalSyntheticLambda0.onFrameDraw:4 
12-02 14:53:41.326  1999  2847 I ViewRootImpl@8da76d6[dwsdkTest]: mWNT: merge t to BBQ
12-02 14:53:41.328 30625 30625 I libc    : SetHeapTaggingLevel: tag level set to 0
12-02 14:53:41.335 11763 27874 I GmsCoreXrpcWrapper: Returning a channel provider with trafficStatsTag=12803 trafficStatsUid=-1
12-02 14:53:41.337  1115  2733 D CompatibilityChangeReporter: Compat change id reported: 149924527; UID 10755; state: ENABLED
12-02 14:53:41.337  1115  1996 D CompatibilityChangeReporter: Compat change id reported: 132649864; UID 10755; state: DISABLED
12-02 14:53:41.342  1115  2062 V MdnieScenarioControlService: mAclOffEnabled : false mAclPreviewState : false mAclCompensationState : false
12-02 14:53:41.342  1115  1996 D PackageManager: setEnabledSetting : userId = 0 packageName = com.samsung.android.rubin.app cmp = androidx.work.impl.background.systemjob.SystemJobService newState = 1 callingPackage = 5010/com.samsung.android.rubin.app
12-02 14:53:41.343  1999  2252 D OpenGLRenderer: setSurface called with nullptr
12-02 14:53:41.343  1999  2252 D OpenGLRenderer: setSurface() destroyed EGLSurface
12-02 14:53:41.343  1999  2252 D OpenGLRenderer: destroyEglSurface
12-02 14:53:41.345  1115  4556 V WindowManager: Relayout Window{b3f7465 u0 Splash Screen com.deepwaterooo.dwsdkTest}: viewVisibility=8 req=1440x3040 d0
12-02 14:53:41.346  1115  4556 I WindowManager: Reparenting to leash, surface=Surface(name=b3f7465 Splash Screen com.deepwaterooo.dwsdkTest)/@0x4a8fcf0, leashParent=Surface(name=ActivityRecord{54bebd4 u0 com.deepwaterooo.dwsdkTest/com.deepwaterooo.dwsdk.MainActivity t4058})/@0x5e54515
12-02 14:53:41.347   940  1546 I SurfaceFlinger: id=45275 createSurf (0x0),-1 flag=24000, Surface(name=b3f7465 Splash Screen com.deepwaterooo.dwsdkTest)/@0x4a8fcf0 - animation-leash of window_animation#0
12-02 14:53:41.348  1115  4556 D WindowManager: makeSurface duration=1 leash=Surface(name=Surface(name=b3f7465 Splash Screen com.deepwaterooo.dwsdkTest)/@0x4a8fcf0 - animation-leash of window_animation)/@0x4025c25
12-02 14:53:41.349  1115  4556 D InputTransport: Input channel constructed: 'Letterb', fd=920
12-02 14:53:41.349  1115  4556 D InputTransport: Input channel constructed: 'Letterb', fd=922
12-02 14:53:41.349  1115  4556 D InputTransport: Input channel constructed: 'Letterb', fd=923
12-02 14:53:41.349  1115  4556 D InputTransport: Input channel constructed: 'Letterb', fd=957
12-02 14:53:41.349  1115  4556 D InputTransport: Input channel constructed: 'Letterb', fd=958
12-02 14:53:41.349  1115  4556 D InputTransport: Input channel constructed: 'Letterb', fd=959
12-02 14:53:41.349  1115  4556 D InputTransport: Input channel constructed: 'Letterb', fd=960
12-02 14:53:41.349  1115  4556 D InputTransport: Input channel constructed: 'Letterb', fd=961
12-02 14:53:41.350 30625 30625 E .filterprovide: Not starting debugger since process cannot load the jdwp agent.
12-02 14:53:41.350   940  1546 I SurfaceFlinger: id=45276 createSurf (0x0),-1 flag=20004, Letterbox - top#0
12-02 14:53:41.352 11763 27874 I Icing   : Usage reports ok 0, Failed Usage reports 0, indexed 0, rejected 0
12-02 14:53:41.352 11763 27874 I Icing   : Indexing com.google.android.gms-apps from com.google.android.gms
12-02 14:53:41.352  1115  4556 V WindowManager: Relayout hash=b3f7465, pid=1999: mAttrs={(0,0)(fillxfill) sim={adjust=pan} ty=APPLICATION_STARTING fmt=TRANSLUCENT wanim=0x10302f2
12-02 14:53:41.352  1115  4556 V WindowManager:   fl=81030118
12-02 14:53:41.352  1115  4556 V WindowManager:   pfl=36000010
12-02 14:53:41.352  1115  4556 V WindowManager:   apr=LIGHT_STATUS_BARS LIGHT_NAVIGATION_BARS
12-02 14:53:41.352  1115  4556 V WindowManager:   bhv=DEFAULT
12-02 14:53:41.352  1115  4556 V WindowManager:   fitSides= naviIconColor=0}
12-02 14:53:41.353 30625 30625 E USNET   : USNET: appName: com.samsung.android.provider.filterprovider
12-02 14:53:41.353  1999  2081 I ViewRootImpl@8da76d6[dwsdkTest]: Relayout returned: old=(0,0,1440,3040) new=(0,0,1440,3040) req=(1440,3040)8 dur=8 res=0x5 s={false 0} ch=true fn=5
12-02 14:53:41.353  1999  2081 I ViewRootImpl@8da76d6[dwsdkTest]: dispatchDetachedFromWindow
12-02 14:53:41.354  1115  4571 I WindowManager: Cancelling animation restarting=false, leash=Surface(name=Surface(name=c3a672d com.deepwaterooo.dwsdkTest/com.deepwaterooo.dwsdk.MainActivity)/@0x8832ecc - animation-leash of starting_reveal)/@0xe9002a
12-02 14:53:41.354 30625 30625 D ProcessState: Binder ioctl to enable oneway spam detection failed: Invalid argument
12-02 14:53:41.354  1115  4571 I WindowManager: Reparenting to original parent: Surface(name=ActivityRecord{54bebd4 u0 com.deepwaterooo.dwsdkTest/com.deepwaterooo.dwsdk.MainActivity t4058})/@0x5e54515, destroy=false, surface=Surface(name=c3a672d com.deepwaterooo.dwsdkTest/com.deepwaterooo.dwsdk.MainActivity)/@0x8832ecc
12-02 14:53:41.354  1115  4571 D InputTransport: Input channel destroyed: 'b3f7465', fd=861
12-02 14:53:41.354  1115  4571 W InputManager-JNI: Input channel object 'b3f7465 Splash Screen com.deepwaterooo.dwsdkTest (client)' was disposed without first being removed with the input manager!
12-02 14:53:41.354  1115  4571 D InputTransport: Input channel destroyed: 'b3f7465', fd=864
12-02 14:53:41.357  1999  2081 D InputTransport: Input channel destroyed: 'b3f7465', fd=146
12-02 14:53:41.359   940   940 I Layer   : id=45273 removedFromDrawingState Surface(name=c3a672d com.deepwaterooo.dwsdkTest/com.deepwaterooo.dwsdk.MainActivity)/@0x8832ecc - animation-leash of starting_reveal#0 (139)
12-02 14:53:41.364   940   940 D SurfaceFlinger: Display 4630947232161729153 HWC layers:
12-02 14:53:41.364   940   940 D SurfaceFlinger:      DEVICE | 0xb400007a2c826dc0 | 0100 | RGBx_8888    |    1.0    0.0 1081.0 2280.0 |    0    0 1440 3040 | Wallpaper BBQ wrapper#0
12-02 14:53:41.364   940   940 D SurfaceFlinger:      DEVICE | 0xb400007a2c85b590 | 0100 | RGBA_8888    |    0.0    0.0 1440.0 3040.0 |    0    0 1440 3040 | com.sec.android.app.launcher/com.sec[...].activities.LauncherActivity$_2680#0
12-02 14:53:41.364   940   940 D SurfaceFlinger:  SOLID_COLOR |              | 0000 |  Unknown  |    0.0    0.0    0.0    0.0 |    2    4 1438  146 | Letterbox - top#0
12-02 14:53:41.364   940   940 D SurfaceFlinger:  SOLID_COLOR |              | 0002 |  Unknown  |    0.0    0.0    0.0    0.0 |    2  146 1438 2868 | Background for SurfaceView - com.dee[...]erooo.dwsdk.MainActivity@bd4c16c@0#0
12-02 14:53:41.364   940   940 D SurfaceFlinger:      DEVICE | 0xb400007a2c865160 | 0100 | RGBA_8888    |    0.0    0.0 1440.0 2898.0 |    2  146 1438 3036 | com.deepwaterooo.dwsdkTest/com.deepwaterooo.dwsdk.MainActivity$_30534#0
12-02 14:53:41.364   940   940 D SurfaceFlinger:      DEVICE | 0xb400007a2c84a430 | 0100 | RGBA_8888    |    0.0    0.0 1440.0 3040.0 |    2    4 1438 3036 | Splash Screen com.deepwaterooo.dwsdkTest$_1999#0
12-02 14:53:41.364   940   940 D SurfaceFlinger:      DEVICE | 0xb400007a2c
12-02 14:53:41.364   940   940 D SurfaceFlinger: 85a030 | 0100 | RGBA_8888    |    0.0    9.0 1440.0  142.0 |    0    0 1440  133 | StatusBar$_1999#0
12-02 14:53:41.364   940   940 D SurfaceFlinger:      DEVICE | 0xb400007a2c84e690 | 0100 | RGBA_8888    |    0.0    0.0   67.0  568.0 |    0  806   67 1374 | com.samsung.android.app.cocktailbars[...]arservice.CocktailBarService$_8812#0
12-02 14:53:41.364   940   940 D SurfaceFlinger:      DEVICE | 0xb400007a2c865790 | 0100 | RGBA_8888    |    0.0    0.0 1440.0  168.0 |    0 2872 1440 3040 | NavigationBar0$_1999#0
12-02 14:53:41.364   940   940 D SurfaceFlinger: 
12-02 14:53:41.365 11763 27874 I Icing   : Indexing done com.google.android.gms-apps
12-02 14:53:41.368 30534 30534 I DecorView: notifyKeepScreenOnChanged: keepScreenOn=true
12-02 14:53:41.370 30625 30625 D ActivityThread: setConscryptValidator
12-02 14:53:41.370 30625 30625 D ActivityThread: setConscryptValidator - put
12-02 14:53:41.373  1115  2714 I ActivityManager: DSS OFF for com.samsung.android.provider.filterprovider
12-02 14:53:41.373 30534 30615 I Unity   : SystemInfo CPU = ARM64 FP ASIMD AES, Cores = 8, Memory = 7461mb
12-02 14:53:41.373 30534 30615 I Unity   : SystemInfo ARM big.LITTLE configuration: 4 big (mask: 0xf0), 4 little (mask: 0xf)
12-02 14:53:41.373 30534 30615 I Unity   : ApplicationInfo com.deepwaterooo.dwsdkTest version 0.1 build ac5c7b75-97bc-461b-9eb7-1ce9202e954f
12-02 14:53:41.373 30534 30615 I Unity   : Built from '2020.3/staging' branch, Version '2020.3.29f1 (2ff179115da0)', Build type 'Release', Scripting Backend 'mono', CPU 'armeabi-v7a', Stripping 'Disabled'
12-02 14:53:41.375  1115  2714 D ActivityManager: attachApplicationLocked() app=ProcessRecord{6f9b871 30625:com.samsung.android.provider.filterprovider/1000} app.isolatedEntryPoint=null instr2=null
12-02 14:53:41.376  1115  2167 V WindowManager: Relayout Window{c3a672d u0 com.deepwaterooo.dwsdkTest/com.deepwaterooo.dwsdk.MainActivity}: viewVisibility=0 req=1440x2898 d0
12-02 14:53:41.377  1115  2167 D PowerManagerService: [api] acquire WakeLock SCREEN_BRIGHT_WAKE_LOCK        'WindowManager' ON_AFTER_RELEASE (uid=1000 pid=1115 ws=WorkSource{10755} displayId=-1)
12-02 14:53:41.377  1115  2167 D PowerManagerService: displayReady: false groupId=0
12-02 14:53:41.377  1115  1526 D DisplayPowerController[0]: animateScreenStateChange: target=2, mLogicalDisplay.isEnabled()=true
12-02 14:53:41.377  1115  1526 D DisplayPowerController[0]: getFinalBrightness: lowPowerMode: 141 (0.55) -> 127 (0.50)
12-02 14:53:41.377  1115  1526 D DisplayPowerController[0]: getFinalBrightness : Summary is 141 (0.55) -> 127 (0.50)
12-02 14:53:41.378  1115  1526 D DisplayPowerController[0]: Animating brightness: target=127 (0.50), sdrTarget=0.49764708, rate=0.7058823 mDisplayId=0, (PSM:, AB limit:( -1 (NaN) ~  -1 (NaN)) MB Limit:( -1 (NaN) ~ 486 (1.91)), sf=1.0
12-02 14:53:41.378  1115  2167 V WindowManager: Relayout hash=c3a672d, pid=30534: mAttrs={(0,0)(fillxfill) sim={adjust=pan} ty=BASE_APPLICATION fmt=TRANSLUCENT wanim=0x1030303
12-02 14:53:41.378  1115  2167 V WindowManager:   fl=80810580
12-02 14:53:41.378  1115  2167 V WindowManager:   pfl=12020040
12-02 14:53:41.378  1115  2167 V WindowManager:   apr=LIGHT_NAVIGATION_BARS
12-02 14:53:41.378  1115  2167 V WindowManager:   bhv=SHOW_TRANSIENT_BARS_BY_SWIPE
12-02 14:53:41.378  1115  2167 V WindowManager:   fitSides= naviIconColor=0
12-02 14:53:41.378  1115  2167 V WindowManager:   sfl=100000}
12-02 14:53:41.378  1115  1526 V DisplayPowerController[0]: Brightness [0.49764708] reason changing to: 'manual [ low_pwr ]', previous reason: 'manual [ low_pwr dim ]'.
12-02 14:53:41.378  1115  1526 D PowerManagerService: displayReady: true groupId=0
12-02 14:53:41.380 30534 30534 I ViewRootImpl@7f5d3ed[MainActivity]: Relayout returned: old=(0,142,1440,3040) new=(0,142,1440,3040) req=(1440,2898)0 dur=3 res=0x1 s={true 3917020144} ch=false fn=2
12-02 14:53:41.380 30534 30534 I ViewRootImpl@7f5d3ed[MainActivity]: updateBoundsLayer: t = android.view.SurfaceControl$Transaction@ee565cc sc = Surface(name=Bounds for - com.deepwaterooo.dwsdkTest/com.deepwaterooo.dwsdk.MainActivity@0)/@0x478b015 frame = 2
12-02 14:53:41.380 30534 30534 I ViewRootImpl@7f5d3ed[MainActivity]: mWNT: t = android.view.SurfaceControl$Transaction@ee565cc fN = 2 android.view.ViewRootImpl.prepareSurfaces:2752 android.view.ViewRootImpl.performTraversals:3998 android.view.ViewRootImpl.doTraversal:2893 
12-02 14:53:41.380 30534 30534 I ViewRootImpl@7f5d3ed[MainActivity]: mWNT: merge t to BBQ
12-02 14:53:41.386 30470 30634 I SQLiteConnection: /data/user/0/com.samsung.android.rubin.app/no_backup/androidx.work.workdb-wal 1048576 bytes: Bigger than 1048576; truncating
12-02 14:53:41.391 30625 30625 D ActivityThread: handleBindApplication()++ app=com.samsung.android.provider.filterprovider
12-02 14:53:41.392   866   866 I SehLight: lcd : 5377+
12-02 14:53:41.392 30534 30534 I DecorView: notifyKeepScreenOnChanged: keepScreenOn=true
12-02 14:53:41.393 30534 30534 D InsetsSourceConsumer: setRequestedVisible: visible=false, type=21, host=com.deepwaterooo.dwsdkTest/com.deepwaterooo.dwsdk.MainActivity, from=android.view.InsetsSourceConsumer.hide:242 android.view.InsetsController.collectSourceControls:1215 android.view.InsetsController.controlAnimationUnchecked:1077 android.view.InsetsController.applyAnimation:1456 android.view.InsetsController.applyAnimation:1437 android.view.InsetsController.hide:1006 android.view.InsetsController.hide:981 android.view.ViewRootImpl.controlInsetsForCompatibility:3116 android.view.ViewRootImpl.performTraversals:3606 android.view.ViewRootImpl.doTraversal:2893 
12-02 14:53:41.393 30534 30534 D InsetsSourceConsumer: setRequestedVisible: visible=false, type=1, host=com.deepwaterooo.dwsdkTest/com.deepwaterooo.dwsdk.MainActivity, from=android.view.InsetsSourceConsumer.hide:242 android.view.InsetsSourceConsumer.hide:246 android.view.InsetsController.hideDirectly:1473 android.view.InsetsController.controlAnimationUnchecked:1139 android.view.InsetsController.applyAnimation:1456 android.view.InsetsController.applyAnimation:1437 android.view.InsetsController.hide:1006 android.view.InsetsController.hide:981 android.view.ViewRootImpl.controlInsetsForCompatibility:3116 android.view.ViewRootImpl.performTraversals:3606 
12-02 14:53:41.393  1115  4556 D InsetsSourceProvider: updateVisibility: serverVisible=true, clientVisible=false, source=InsetsSource: {mType=ITYPE_NAVIGATION_BAR, mFrame=[0,2872][1440,3040], mVisible=false, mWindowFrame=[0,2872][1440,3040]}, controlTarget=Window{c3a672d u0 com.deepwaterooo.dwsdkTest/com.deepwaterooo.dwsdk.MainActivity}, from=com.android.server.wm.InsetsSourceProvider.setClientVisible:428 com.android.server.wm.InsetsSourceProvider.updateClientVisibility:413 com.android.server.wm.InsetsStateController.onInsetsModified:508 com.android.server.wm.InsetsPolicy.onInsetsModified:510 com.android.server.wm.Session.insetsModified:704 android.view.IWindowSession$Stub.onTransact:1256 com.android.server.wm.Session.onTransact:176 android.os.Binder.execTransactInternal:1220 android.os.Binder.execTransact:1179 <bottom of call stack> 
12-02 14:53:41.395 30625 30625 D CompatibilityChangeReporter: Compat change id reported: 171979766; UID 1000; state: DISABLED
12-02 14:53:41.395  1115  2248 V WindowManager: Relayout Window{c3a672d u0 com.deepwaterooo.dwsdkTest/com.deepwaterooo.dwsdk.MainActivity}: viewVisibility=0 req=1440x2898 d0
12-02 14:53:41.397  1115 30655 I SystemUiVisibilityPolicyController: handleMessage: entry what = 1
12-02 14:53:41.397   862 30408 I HYPER-HAL: [RequestManager.cpp]releaseLocked(): Released ID : 675750
12-02 14:53:41.397  1115  2248 V WindowManager: Relayout hash=c3a672d, pid=30534: mAttrs={(0,0)(fillxfill) sim={adjust=pan} ty=BASE_APPLICATION fmt=TRANSLUCENT wanim=0x1030303 sysuil=true
12-02 14:53:41.397  1115  2248 V WindowManager:   fl=80810580
12-02 14:53:41.397  1115  2248 V WindowManager:   pfl=12020040
12-02 14:53:41.397  1115  2248 V WindowManager:   vsysui=1706
12-02 14:53:41.397  1115  2248 V WindowManager:   apr=LIGHT_NAVIGATION_BARS
12-02 14:53:41.397  1115  2248 V WindowManager:   bhv=SHOW_TRANSIENT_BARS_BY_SWIPE
12-02 14:53:41.397  1115  2248 V WindowManager:   fitSides= naviIconColor=0
12-02 14:53:41.397  1115  2248 V WindowManager:   sfl=100000}
12-02 14:53:41.399 30534 30534 I ViewRootImpl@7f5d3ed[MainActivity]: Relayout returned: old=(0,142,1440,3040) new=(0,142,1440,3040) req=(1440,2898)0 dur=5 res=0x1 s={true 3917020144} ch=false fn=3
12-02 14:53:41.399  1999  1999 V Navbar.Store: handleEvent [EventType] ON_NAVBAR_WINDOW_STATE_HIDDEN [Module] NavigationBar
12-02 14:53:41.399  2680  4378 I TouchInteractionService: onSystemUiStateChanged, stateFlags : 2
12-02 14:53:41.399 30534 30534 I SurfaceView@bd4c16c: pST: sr = Rect(0, 0 - 1440, 2898) sw = 1440 sh = 2898
12-02 14:53:41.399 30534 30534 I SurfaceView@bd4c16c: onSSPAndSRT: pl = 0 pt = 0 sx = 1.0 sy = 1.0
12-02 14:53:41.399  2680  2680 I TouchInteractionService: onSystemUiFlagsChanged, userUnlocked
12-02 14:53:41.399 30534 30534 I SurfaceView@bd4c16c: pST: mTmpTransaction.apply, mTmpTransaction = android.view.SurfaceControl$Transaction@a2e0a70
12-02 14:53:41.400 30534 30534 I SurfaceView@bd4c16c: updateSurface: mVisible = true mSurface.isValid() = true
12-02 14:53:41.400 30534 30534 I SurfaceView@bd4c16c: updateSurface: mSurfaceCreated = true surfaceChanged = false visibleChanged = false
12-02 14:53:41.400 30534 30534 I SurfaceView@bd4c16c: surfaceChanged (1440,2898) 1 #5 android.view.SurfaceView{bd4c16c VFE...... .F....ID 0,0-1440,2898 #7f010000 app:id/unitySurfaceView aid=1073741824}
12-02 14:53:41.401 30534 30534 I ViewRootImpl@7f5d3ed[MainActivity]: [DP] dp(1) 1 android.view.SurfaceView.updateSurface:1375 android.view.SurfaceView.setFrame:675 android.view.View.layout:24458 
12-02 14:53:41.401 30534 30534 I ViewRootImpl@7f5d3ed[MainActivity]: [DP] pdf(0) 1 android.view.SurfaceView.notifyDrawFinished:599 android.view.SurfaceView.performDrawFinished:586 android.view.SurfaceView.$r8$lambda$st27mCkd9jfJkTrN_P3qIGKX6NY:0 
12-02 14:53:41.401 30534 30534 I ViewRootImpl@7f5d3ed[MainActivity]: [DP] rdf()
12-02 14:53:41.401 30534 30534 D ViewRootImpl@7f5d3ed[MainActivity]: reportDrawFinished (fn: 3) 
12-02 14:53:41.401  1115  2167 D WindowManager: finishDrawingWindow: Window{c3a672d u0 com.deepwaterooo.dwsdkTest/com.deepwaterooo.dwsdk.MainActivity} mDrawState=HAS_DRAWN
12-02 14:53:41.404   933   933 I SSC_DAEMON: physical_sensor_test_req_msg Sensor type :4, Msg type:11
12-02 14:53:41.404   866   866 I SehLight: lcd : 5377-
12-02 14:53:41.408   853 27823 I sensors-hal: handle_sns_client_event:660, [0][18210] accel_sample [ 0.079,  0.031,  9.791] 837158418343975
12-02 14:53:41.409  1115  1461 I WindowManager: Reparenting to original parent: Surface(name=DefaultTaskDisplayArea)/@0xdda5962, destroy=true, surface=Surface(name=Task=1)/@0xc822f5e
12-02 14:53:41.409  1115  1461 V WindowManager: Setting visibility of Window{62ee612 u0 com.sec.android.app.launcher/com.sec.android.app.launcher.activities.LauncherActivity}: false, caller=com.android.server.wm.WindowContainer.sendAppVisibilityToClients:1104 com.android.server.wm.WindowToken.setClientVisible:448 com.android.server.wm.ActivityRecord.setClientVisible:6985 com.android.server.wm.ActivityRecord.onAnimationFinished:7872 com.android.server.wm.WindowContainer.doAnimationFinished:3101 
12-02 14:53:41.409  2680  2680 I ViewRootImpl@635960b[LauncherActivity]: handleAppVisibility mAppVisible=true visible=false
12-02 14:53:41.409  1115  1461 V WindowManager: Setting visibility of Window{7e4ecd3 u0 com.android.systemui.ImageWallpaper}: false, caller=com.android.server.wm.WindowContainer.sendAppVisibilityToClients:1104 com.android.server.wm.WindowToken.setClientVisible:448 com.android.server.wm.WallpaperWindowToken.setVisible:162 com.android.server.wm.WallpaperWindowToken.updateWallpaperWindows:157 com.android.server.wm.WallpaperController.updateWallpaperTokens:672 
12-02 14:53:41.410  1999  2810 D WallpaperService: dispatchAppVisibility onVisibilityChanged(): false
12-02 14:53:41.410  1999  1999 D WallpaperService: reportVisibility onVisibilityChanged visible: false
12-02 14:53:41.410  1999  2245 I ImageWallpaper:  onVisibilityChanged false , 0
12-02 14:53:41.411  8812  8812 I TrayStateController: systemUiVisibilityChanged : 3 0
12-02 14:53:41.412   866   866 I SehLight: lcd : 5677+
12-02 14:53:41.412  1115  1461 I WindowManager: Reparenting to original parent: Surface(name=DefaultTaskDisplayArea)/@0xdda5962, destroy=true, surface=Surface(name=Task=4058)/@0xe5b9af3
12-02 14:53:41.412  8812  8812 E ActivityThread: Failed to find provider info for com.samsung.systemui.navillera.navilleraprovider
12-02 14:53:41.412  8812  8812 I Utils   : isCurrentUser current = 0, ownerId = 0
12-02 14:53:41.413  8812  8812 I TrayVisibilityController: updateTrayVisible: State=1048577 visible=2 mCurrentVisible=1 specificMode=0
12-02 14:53:41.414  8812  8812 I TrayStateController: setUiState 2 : 0 --> 2
12-02 14:53:41.414  1115  1461 I WindowManager: Reparenting to original parent: Surface(name=ActivityRecord{54bebd4 u0 com.deepwaterooo.dwsdkTest/com.deepwaterooo.dwsdk.MainActivity t4058})/@0x5e54515, destroy=true, surface=Surface(name=b3f7465 Splash Screen com.deepwaterooo.dwsdkTest)/@0x4a8fcf0
12-02 14:53:41.414  1115  1461 E WindowManager: win=Window{b3f7465 u0 Splash Screen com.deepwaterooo.dwsdkTest EXITING} destroySurfaces: appStopped=false win.mWindowRemovalAllowed=true win.mRemoveOnExit=true win.mViewVisibility=8 caller=com.android.server.wm.ActivityRecord.destroySurfaces:5842 com.android.server.wm.ActivityRecord.destroySurfaces:5823 com.android.server.wm.WindowState.onExitAnimationDone:5975 com.android.server.wm.WindowStateAnimator.onAnimationFinished:242 com.android.server.wm.WindowState.onAnimationFinished:6228 com.android.server.wm.WindowContainer$$ExternalSyntheticLambda0.onAnimationFinished:2 com.android.server.wm.SurfaceAnimator.lambda$getFinishedCallback$0$SurfaceAnimator:113 
12-02 14:53:41.415  1115  1461 I WindowManager: Destroying surface Surface(name=Splash Screen com.deepwaterooo.dwsdkTest$_1999)/@0xb073d3c called by com.android.server.wm.WindowStateAnimator.destroySurface:987 com.android.server.wm.WindowStateAnimator.destroySurfaceLocked:518 com.android.server.wm.WindowState.destroySurfaceUnchecked:4229 com.android.server.wm.WindowState.destroySurface:4203 com.android.server.wm.ActivityRecord.destroySurfaces:5842 com.android.server.wm.ActivityRecord.destroySurfaces:5823 com.android.server.wm.WindowState.onExitAnimationDone:5975 com.android.server.wm.WindowStateAnimator.onAnimationFinished:242 
12-02 14:53:41.415   940   940 D SurfaceFlinger: Display 4630947232161729153 HWC layers:
12-02 14:53:41.415   940   940 D SurfaceFlinger:  SOLID_COLOR |              | 0000 |  Unknown  |    0.0    0.0    0.0    0.0 |    0    0 1440  142 | Letterbox - top#0
12-02 14:53:41.415   940   940 D SurfaceFlinger:  SOLID_COLOR |              | 0002 |  Unknown  |    0.0    0.0    0.0    0.0 |    0  142 1440 3040 | Background for SurfaceView - com.dee[...]erooo.dwsdk.MainActivity@bd4c16c@0#0
12-02 14:53:41.415   940   940 D SurfaceFlinger:      DEVICE | 0xb400007a2c84d250 | 0100 | RGBA_8888    |    0.0    0.0 1440.0 2898.0 |    0  142 1440 3040 | com.deepwaterooo.dwsdkTest/com.deepwaterooo.dwsdk.MainActivity$_30534#0
12-02 14:53:41.415   940   940 D SurfaceFlinger:      DEVICE | 0xb400007a2c84a430 | 0100 | RGBA_8888    |    0.0    0.0 1440.0 3040.0 |    0    0 1440 3040 | Splash Screen com.deepwaterooo.dwsdkTest$_1999#0
12-02 14:53:41.415   940   940 D SurfaceFlinger:      DEVICE | 0xb400007a2c85a030 | 0100 | RGBA_8888    |    0.0   50.0 1440.0  142.0 |    0    0 1440   92 | StatusBar$_1999#0
12-02 14:53:41.415   940   940 D SurfaceFlinger:      DEVICE | 0xb400007a2c84e690 | 0100 | RGBA_8888    |    0.0    0.0   67.0  568.0 |    0  806   67 1374 | com.samsung.android.app.cocktailbars[...]arservice.CocktailBarService$_8812#0
12-02 14:53:41.415   940   940 D SurfaceFlinger:      DEVICE | 0xb400007a2c865790
12-02 14:53:41.415   940   940 D SurfaceFlinger:  | 0100 | RGBA_8888    |    0.0    0.0 1440.0  168.0 |    0 2872 1440 3040 | NavigationBar0$_1999#0
12-02 14:53:41.415   940   940 D SurfaceFlinger: 
12-02 14:53:41.419  1126 16341 I CameraService: onUidStateChanged: uid=10287, procState is changed. (10 -> 15)
12-02 14:53:41.420  1115  2248 I AppOps  : updateUidProcState uid: 10115 procState: 5 capability:15
12-02 14:53:41.420  1115  2248 I ActivityManager: Changes in 10111 2 to 5, 15 to 8
12-02 14:53:41.421   933  1693 I SSC_DAEMON: aor_event done
12-02 14:53:41.422  1115  1458 D NetworkPolicy: onUidStateChanged() uid: 10111, isForeground(true, 5)
12-02 14:53:41.422   933   933 I SSC_DAEMON: physical_sensor_test_req_msg Sensor type :4, Msg type:11
12-02 14:53:41.423  1115  1486 I libprocessgroup: Successfully killed process cgroup uid 1000 pid 13529 in 0ms
12-02 14:53:41.423   866   866 I SehLight: lcd : 5677-
12-02 14:53:41.425   940   940 I Layer   : id=45261 removedFromDrawingState Surface(name=Task=1)/@0xc822f5e - animation-leash of app_transition#0 (139)
12-02 14:53:41.426   940   940 I Layer   : id=45262 removedFromDrawingState Surface(name=Task=4058)/@0xe5b9af3 - animation-leash of app_transition#0 (139)
