11-26 18:41:28.818  1115  1876 D SemNscXgbMsL1: 1 sample inference time: 0.342084 msecs
11-26 18:41:28.819  1115  1876 D SemNscXgbL2Rt: L2 RT 1 sample inference time: 0.386771 msecs
11-26 18:41:28.819  1115  1876 D SemNscXgbL2Nrt: L2 NRT 1 sample inference time: 0.32151 msecs
11-26 18:41:28.823 18785 18785 D ApplicationLoaders: Returning zygote-cached class loader: /system/framework/android.test.base.jar
11-26 18:41:28.848 18785 18785 V GraphicsEnvironment: ANGLE Developer option for 'com.defaultcompany.trunk' set to: 'default'
11-26 18:41:28.848 18785 18785 V GraphicsEnvironment: App is not on the allowlist for updatable production driver.
11-26 18:41:28.850 18785 18785 D LoadedApk: LoadedApk::makeApplication() appContext.mOpPackageName=com.defaultcompany.trunk appContext.mBasePackageName=com.defaultcompany.trunk
11-26 18:41:28.850 18785 18785 D NetworkSecurityConfig: No Network Security Config specified, using platform default
11-26 18:41:28.860 18785 18785 D NetworkSecurityConfig: No Network Security Config specified, using platform default
11-26 18:41:28.860 18785 18785 D ActivityThread: handleBindApplication() --
11-26 18:41:29.028   862 18784 I HYPER-HAL: [RequestManager.cpp]releaseLocked(): Released ID : 643564
11-26 18:41:29.250  1115  4496 E TaskPersister: File error accessing recents directory (directory doesn't exist?).
11-26 18:41:29.322  1115  1876 D SemNscXgbMsL1: Probability - Cloud gaming: [0.003235682]
11-26 18:41:29.323  1115  1876 D SemNscXgbMsL1: Probability - Real time: [0.00851472]
11-26 18:41:29.324  1115  1876 D SemNscXgbMsL1: Probability - Non real time: [0.9915245]
11-26 18:41:29.324  1115  1876 D SemNscXgbMsL1: 1 sample inference time: 2.177709 msecs
11-26 18:41:29.327  1115  1876 D SemNscXgbL2Rt: L2 RT 1 sample inference time: 2.782864 msecs
11-26 18:41:29.329  1115  1876 D SemNscXgbL2Nrt: L2 NRT 1 sample inference time: 2.026406 msecs
11-26 18:41:29.332   853 10726 I sensors-hal: handle_sns_client_event:660, [0][39850] accel_sample [-0.565,  0.048,  9.772] 332426139239252
11-26 18:41:29.435   682   682 D io_stats: !@   8,0 r 2830786 108669112 w 2494727 109262672 d 0 0 f 0 0 iot 1841580 0 th 0 0 0 pt 0 inp 0 0 272590.251
11-26 18:41:29.736   862 18764 I HYPER-HAL: [RequestManager.cpp]releaseLocked(): Released ID : 9867918
11-26 18:41:29.833  1115  1876 D SemNscXgbMsL1: Probability - Cloud gaming: [0.003235682]
11-26 18:41:29.837  1115  1876 D SemNscXgbMsL1: Probability - Real time: [0.00851472]
11-26 18:41:29.837  1115  1876 D SemNscXgbMsL1: Probability - Non real time: [0.9915245]
11-26 18:41:29.838  1115  1876 D SemNscXgbMsL1: 1 sample inference time: 5.366094 msecs
11-26 18:41:29.840  1115  1876 D SemNscXgbL2Rt: L2 RT 1 sample inference time: 2.487864 msecs
11-26 18:41:29.843  1115  1876 D SemNscXgbL2Nrt: L2 NRT 1 sample inference time: 2.212968 msecs
11-26 18:41:29.906  1999  1999 D NetworkController.WifiSignalController: notifyListener: visible=true, enabled=true, connected=true, inetCondition=1, isDefault=true, receivedCR=true, receivedIC=-1, shouldForceHide=false, emptyConnected=false
11-26 18:41:30.345  1115  1876 D SemNscXgbMsL1: Probability - Cloud gaming: [0.003235682]
11-26 18:41:30.346  1115  1876 D SemNscXgbMsL1: Probability - Real time: [0.00851472]
11-26 18:41:30.347  1115  1876 D SemNscXgbMsL1: Probability - Non real time: [0.9915245]
11-26 18:41:30.347  1115  1876 D SemNscXgbMsL1: 1 sample inference time: 2.394167 msecs
11-26 18:41:30.351  1115  1876 D SemNscXgbL2Rt: L2 RT 1 sample inference time: 3.34724 msecs
11-26 18:41:30.355  1115  1876 D SemNscXgbL2Nrt: L2 NRT 1 sample inference time: 4.102187 msecs
11-26 18:41:30.743  1115  1955 I Pageboost: IoRecord pid : 18741
11-26 18:41:30.744  1115  1955 W System.err: java.io.FileNotFoundException: /proc/18741/io_record_control: open failed: ENOENT (No such file or directory)
11-26 18:41:30.745  1115  1955 W System.err: 	at libcore.io.IoBridge.open(IoBridge.java:575)
11-26 18:41:30.745  1115  1955 W System.err: 	at java.io.FileOutputStream.<init>(FileOutputStream.java:236)
11-26 18:41:30.745  1115  1955 W System.err: 	at java.io.FileOutputStream.<init>(FileOutputStream.java:186)
11-26 18:41:30.745  1115  1955 W System.err: 	at java.io.FileWriter.<init>(FileWriter.java:90)
11-26 18:41:30.745  1115  1955 W System.err: 	at com.android.server.am.Pageboost$IoRecord.write(Pageboost.java:1700)
11-26 18:41:30.745  1115  1955 W System.err: 	at com.android.server.am.Pageboost$IoRecord.getResultFromKernel(Pageboost.java:1924)
11-26 18:41:30.745  1115  1955 W System.err: 	at com.android.server.am.Pageboost$PageboostHandler.handleMessage(Pageboost.java:2451)
11-26 18:41:30.745  1115  1955 W System.err: 	at android.os.Handler.dispatchMessage(Handler.java:106)
11-26 18:41:30.745  1115  1955 W System.err: 	at android.os.Looper.loopOnce(Looper.java:226)
11-26 18:41:30.745  1115  1955 W System.err: 	at android.os.Looper.loop(Looper.java:313)
11-26 18:41:30.745  1115  1955 W System.err: 	at android.os.HandlerThread.run(HandlerThread.java:67)
11-26 18:41:30.745  1115  1955 W System.err: 	at com.android.server.ServiceThread.run(ServiceThread.java:44)
11-26 18:41:30.745  1115  1955 W System.err: Caused by: android.system.ErrnoException: open failed: ENOENT (No such file or directory)
11-26 18:41:30.745  1115  1955 W System.err: 	at libcore.io.Linux.open(Native Method)
11-26 18:41:30.746  1115  1955 W System.err: 	at libcore.io.ForwardingOs.open(ForwardingOs.java:567)
11-26 18:41:30.746  1115  1955 W System.err: 	at libcore.io.BlockGuardOs.open(BlockGuardOs.java:273)
11-26 18:41:30.746  1115  1955 W System.err: 	at libcore.io.IoBridge.open(IoBridge.java:561)
11-26 18:41:30.746  1115  1955 W System.err: 	... 11 more
11-26 18:41:30.746  1115  1955 E Pageboost: StopRecording Failed
11-26 18:41:30.747  1115  1955 E Pageboost: captureFinished fail
11-26 18:41:30.763  1115  1955 I Pageboost: db update :com.defaultcompany.trunk ret 1
11-26 18:41:30.857  1115  1876 D SemNscXgbMsL1: Probability - Cloud gaming: [0.003235682]
11-26 18:41:30.858  1115  1876 D SemNscXgbMsL1: Probability - Real time: [0.00851472]
11-26 18:41:30.858  1115  1876 D SemNscXgbMsL1: Probability - Non real time: [0.9915245]
11-26 18:41:30.858  1115  1876 D SemNscXgbMsL1: 1 sample inference time: 1.335833 msecs
11-26 18:41:30.860  1115  1876 D SemNscXgbL2Rt: L2 RT 1 sample inference time: 1.785365 msecs
11-26 18:41:30.861  1115  1876 D SemNscXgbL2Nrt: L2 NRT 1 sample inference time: 1.340208 msecs
11-26 18:41:31.291  1115  1494 D BatteryExternalStatsWorker: update stats : update-network-netlog (6)
11-26 18:41:31.291  1115  1494 D BatteryExternalStatsWorker: WifiActivityEnergyInfo was updated
11-26 18:41:31.305  1115  2714 D TelephonyManager: requestModemActivityInfo: Sending result to app: ModemActivityInfo{ mTimestamp=332428688 mSleepTimeMs=324894690 mIdleTimeMs=811315 mTxTimeMs[]=[887, 350, 5870, 15032, 62318] mRxTimeMs=6619189}
11-26 18:41:31.305  1115  1494 D BatteryExternalStatsWorker: ModemActivityInfo was updated
11-26 18:41:31.305  1115  1494 D BatteryExternalStatsWorker: done updateExternalStatsLocked
11-26 18:41:31.312  1115  1876 I SemWifiServiceDetector: Traff. tracking suspended
11-26 18:41:31.318   770  1826 D IptablesRestoreController: [iptables debug]iptables-restore execute *filter
11-26 18:41:31.318   770  1826 D IptablesRestoreController: -nvx -L tetherctrl_counters
11-26 18:41:31.318   770  1826 D IptablesRestoreController: COMMIT
11-26 18:41:31.320   770  1826 D IptablesRestoreController: [iptables debug]iptables-restore execute done, res : 0
11-26 18:41:31.320   770  1826 D IptablesRestoreController: [iptables debug]iptables-restore execute *filter
11-26 18:41:31.320   770  1826 D IptablesRestoreController: -nvx -L tetherctrl_counters
11-26 18:41:31.320   770  1826 D IptablesRestoreController: COMMIT
11-26 18:41:31.321   770  1826 D IptablesRestoreController: [iptables debug]iptables-restore execute done, res : 0
11-26 18:41:31.331   770  1826 D IptablesRestoreController: [iptables debug]iptables-restore execute *filter
11-26 18:41:31.331   770  1826 D IptablesRestoreController: -nvx -L tetherctrl_counters
11-26 18:41:31.331   770  1826 D IptablesRestoreController: COMMIT
11-26 18:41:31.332   853 10726 I sensors-hal: handle_sns_client_event:660, [0][39861] accel_sample [-0.567,  0.052,  9.771] 332428278087898
11-26 18:41:31.332   770  1826 D IptablesRestoreController: [iptables debug]iptables-restore execute done, res : 0
11-26 18:41:31.332   770  1826 D IptablesRestoreController: [iptables debug]iptables-restore execute *filter
11-26 18:41:31.332   770  1826 D IptablesRestoreController: -nvx -L tetherctrl_counters
11-26 18:41:31.332   770  1826 D IptablesRestoreController: COMMIT
11-26 18:41:31.333   770  1826 D IptablesRestoreController: [iptables debug]iptables-restore execute done, res : 0
11-26 18:41:31.436   682   682 D io_stats: !@   8,0 r 2830786 108669112 w 2494841 109263496 d 0 0 f 0 0 iot 1841600 0 th 0 0 0 pt 0 inp 0 0 272592.252
11-26 18:41:31.805  1115  7844 D SGM:GameManager: identifyGamePackage. com.sec.android.app.launcher, mCurrentUserId: 0, callerUserId: 0, callingMethodInfo: com.android.server.ssrm.SortingMachine.isGame(SortingMachine.java:162)
11-26 18:41:31.805  1115  7844 D SGM:PkgDataHelper: getGamePkgData(). com.sec.android.app.launcher
11-26 18:41:31.912  1115 18802 D WifiConnectivityMonitor.DnsPingerHandler: setCurrentLinkProperties: lp={InterfaceName: wlan0 LinkAddresses: [ fe80::147c:82ff:fe09:e448/64,192.168.1.203/24,2600:1700:e840:17a0:147c:82ff:fe09:e448/64,2600:1700:e840:17a0:2039:2677:86d0:2704/64 ] DnsAddresses: [ /2600:1700:e840:17a0::1,/192.168.1.254 ] Domains: attlocal.net MTU: 0 ServerAddress: /192.168.1.254 TcpBufferSizes: 524288,1048576,4194304,524288,1048576,4194304 Routes: [ fe80::/64 -> :: wlan0 mtu 0,2600:1700:e840:17a0::/64 -> :: wlan0 mtu 0,2600:1700:e840:17a0::/60 -> fe80::8a96:4eff:fe04:74a0 wlan0 mtu 0,::/0 -> fe80::8a96:4eff:fe04:74a0 wlan0 mtu 0,192.168.1.0/24 -> 0.0.0.0 wlan0 mtu 0,0.0.0.0/0 -> 192.168.1.254 wlan0 mtu 0 ]}
11-26 18:41:32.222  1115 18803 D WifiConnectivityMonitor.DnsThread:  [|209] []
11-26 18:41:32.223  1115  1886 D WifiConnectivityMonitor.NetworkStatsAnalyzer: DNS resultType : 0, responseTime : 209
11-26 18:41:32.623  1999  2213 D TileLifecycleManager: Unbinding service Intent { cmp=com.samsung.android.kidsinstaller/.quickpanel.service.KidsTileService (has extras) } UserHandle{0}
11-26 18:41:32.630  1115  2161 I ActivityManager: Changes in 10137 5 to 10, 8 to 0
11-26 18:41:32.632  1115  1458 D NetworkPolicy: onUidStateChanged() uid: 10137, isForeground(false, 10)
11-26 18:41:32.637  1115  4587 I ActivityManager: Killing 17308:com.samsung.gpuwatchapp/1000 (adj 999): empty #33
11-26 18:41:32.645  1115  1486 I libprocessgroup: Successfully killed process cgroup uid 1000 pid 17308 in 5ms
11-26 18:41:32.681   771   771 I Zygote  : Process 17308 exited due to signal 9 (Killed)
11-26 18:41:32.690  1115  2714 I ActivityManager: Killing 17349:com.sec.spp.push/u0a70 (adj 999): empty #33
11-26 18:41:32.697  1115  1486 I libprocessgroup: Successfully killed process cgroup uid 10070 pid 17349 in 5ms
11-26 18:41:32.725   771   771 I Zygote  : Process 17349 exited due to signal 9 (Killed)
11-26 18:41:32.838  1115  2714 D SamsungAlarmManager: Cancel Alarm calling from uid:10045 pid :25726 / OP:PendingIntent{78fca2e: PendingIntentRecord{ba1c02c com.google.android.gms/ startService}}
11-26 18:41:32.840  1115  2714 V SamsungAlarmManager: setLocked to kernel - W:332699878 / NW:332457384, now=332430224
11-26 18:41:32.855  1115  2714 D SamsungAlarmManager: Cancel Alarm calling from uid:10045 pid :19486 / OP:PendingIntent{56749cf: PendingIntentRecord{edc171 com.google.android.gms/ startService}}
11-26 18:41:32.855  1115  2714 V SamsungAlarmManager: setLocked to kernel - W:332699878 / NW:332457384, now=332430239
11-26 18:41:32.860  1115  2714 I ActivityManager: Killing 17437:com.samsung.android.app.watchmanager/u0a208 (adj 999): empty #33
11-26 18:41:32.867  1115  1486 I libprocessgroup: Successfully killed process cgroup uid 10208 pid 17437 in 5ms
11-26 18:41:32.900   771   771 I Zygote  : Process 17437 exited due to signal 9 (Killed)
11-26 18:41:32.990  1999  1999 D NetworkController.WifiSignalController: notifyListener: visible=true, enabled=true, connected=true, inetCondition=1, isDefault=true, receivedCR=true, receivedIC=-1, shouldForceHide=false, emptyConnected=false
11-26 18:41:33.017   940   940 I SurfaceFlinger: SFWD update time=272593834656221
11-26 18:41:33.333   853 10726 I sensors-hal: handle_sns_client_event:660, [0][39872] accel_sample [-0.565,  0.048,  9.773] 332430416853939
11-26 18:41:35.239  2036  2036 I wpa_supplicant: Heartbeat 27468
11-26 18:41:35.334   853 10726 I sensors-hal: handle_sns_client_event:660, [0][39883] accel_sample [-0.562,  0.046,  9.766] 332432555562718
11-26 18:41:35.612  1115  1886 D WifiConnectivityMonitor.NetworkStatsAnalyzer: Backhaul result - RSSI:-48, CE:25, PE:26, TI:34, PTI:35, TW:38, PTW:38, Tx:14, Rx:18, TxS:12, RxS:14, RESULT:true, IC:0, ICT:5, WC:0, WCT:5, R:1, RC:0, IE:0, EC:0
11-26 18:41:37.445   682   682 D io_stats: !@   8,0 r 2830786 108669112 w 2494846 109263636 d 0 0 f 0 0 iot 1841610 0 th 0 0 0 pt 0 inp 0 0 272598.261
11-26 18:41:37.701   853 10729 I sensors-hal: handle_sns_client_event:217, auto_rotation_event_2: mode:255, type:1:0/-0.565,0.038,9.754, ar:0
11-26 18:41:37.701   853 10726 I sensors-hal: handle_sns_client_event:660, [0][39894] accel_sample [-0.567,  0.044,  9.772] 332434694312145
11-26 18:41:38.746  1115  3232 D FreecessController: com.urbandroid.sleep(state: Freezeable -> Frozen, Reason: uidIdle)
11-26 18:41:38.747  1115  3232 D FreecessController: FZ : com.urbandroid.sleep(29434)
11-26 18:41:38.748  1115  3232 D FreecessController: FZ : com.urbandroid.sleep(0), reason: Bg
11-26 18:41:38.748   770  1826 E TrafficController: FREECESS
11-26 18:41:38.750  1115  3232 I PowerManagerService: [PWL] SetWakeLockEnableDisable uid = 10393 , disable= true
11-26 18:41:38.750  1115  3232 I PowerManagerService: [PWL] can not change uid =  10393
11-26 18:41:38.750  1115  3232 W LocationManagerService: onFreezeStateChanged, uid[10393]=true
11-26 18:41:38.898  1115  2733 D ConnectivityService: requestNetwork for uid/pid:5023/17651 activeRequest: null callbackRequest: 3548 [NetworkRequest [ REQUEST id=3549, [ Capabilities: INTERNET&NOT_RESTRICTED&TRUSTED&NOT_VCN_MANAGED Uid: 5023 RequestorUid: 5023 RequestorPkg: com.samsung.android.networkdiagnostic] ]] callback flags: 0 priority: 2147483647
11-26 18:41:38.900  1115  1821 D ConnectivityService: NetworkReassignment :
11-26 18:41:38.900  1115  1821 D ConnectivityService:   3549 : null  161
11-26 18:41:38.900  1115  1821 D ConnectivityService:    accepting network in place of null
11-26 18:41:38.906  1115  1811 D WifiNetworkFactory: got request NetworkRequest [ REQUEST id=3549, [ Capabilities: INTERNET&NOT_RESTRICTED&TRUSTED&NOT_VCN_MANAGED Uid: 5023 RequestorUid: 5023 RequestorPkg: com.samsung.android.networkdiagnostic] ]
11-26 18:41:38.906  1115  1811 D UntrustedWifiNetworkFactory: got request NetworkRequest [ REQUEST id=3549, [ Capabilities: INTERNET&NOT_RESTRICTED&TRUSTED&NOT_VCN_MANAGED Uid: 5023 RequestorUid: 5023 RequestorPkg: com.samsung.android.networkdiagnostic] ]
11-26 18:41:38.907 17651 18806 I [ND]ConnectedWifiMeasurementWorker: androidx.work-2 | Start Work
11-26 18:41:38.907  1115  1811 D OemPaidWifiNetworkFactory: got request NetworkRequest [ REQUEST id=3549, [ Capabilities: INTERNET&NOT_RESTRICTED&TRUSTED&NOT_VCN_MANAGED Uid: 5023 RequestorUid: 5023 RequestorPkg: com.samsung.android.networkdiagnostic] ]
11-26 18:41:38.914 17651 18806 W [ND]LocationUtilityImpl: androidx.work-2 | getLocationSingle: location time/provider condition is not satisfied
11-26 18:41:38.926  1954  2001 I System.out: Broadcasting: Intent { act=com.samsung.android.intent.action.CELL_INFO_RES_V2 cmp=com.samsung.android.networkdiagnostic/.receiver.NetworkDiagnosticReceiver (has extras) }
11-26 18:41:38.926  1115  2733 W ServiceManager: Permission failure: android.permission.HIGH_SAMPLING_RATE_SENSORS from uid=5023 pid=17651
11-26 18:41:38.927   746  1666 I CASS_DEBUG: acquire_wake_lock lock=1 id='client-interface'
11-26 18:41:38.927   746  1666 I CASS_DEBUG: release_wake_lock id='client-interface'
11-26 18:41:38.929   746  1666 I CASS_DEBUG: acquire_wake_lock lock=1 id='client-interface'
11-26 18:41:38.929   746  1666 I CASS_DEBUG: release_wake_lock id='client-interface'
11-26 18:41:38.929  1115  2714 D SensorService: Calling batch handle==61 flags=0 rate=200000000 timeout== 0
11-26 18:41:38.930   853   853 I sensors-hal: set_config:67, sample_period_ns is adjusted to 200000000 based on min/max delay_ns
11-26 18:41:38.930   853   853 I sensors-hal: batch:336, android.sensor.pressure/61, period=200000000, max_latency=0 request completed
11-26 18:41:38.930  1984  3997 I RILClient: processUnsolicited(): resp_id (11090), len(518)
11-26 18:41:38.930  1984  3997 I RILClient: processUnsolicited(): resp_id (11038), len(177)
11-26 18:41:38.931   853   853 I sensors-hal: activate:252, android.sensor.pressure/61 en=1
11-26 18:41:38.931   853   853 I sensors-hal: get_qmi_debug_flag:241, support_qmi_debug : false
11-26 18:41:38.937   853   853 I sensors-hal: activate:58, activate pressure
11-26 18:41:38.937   853   853 I sensors-hal: activate:270, android.sensor.pressure/61 en=1 completed
11-26 18:41:38.939 17651 17651 I [ND]NetworkDiagnosticReceiver: main | onReceive: com.samsung.android.intent.action.CELL_INFO_RES_V2
11-26 18:41:38.939 17651 17651 I [ND]NetworkDiagnosticReceiver: main | onReceive: Bundle[mParcelledData.dataSize=760]
11-26 18:41:38.939 17651 17651 I [ND]JobScheduleUtil: main | schedule
11-26 18:41:38.939 17651 17651 I [ND]JobScheduleUtil: main | INTENT_FROM_CP_CELL_INFO_RES_V2
11-26 18:41:38.939 17651 17651 I [ND]JobScheduleUtil: main | WIFI_CELL_INFO
11-26 18:41:38.940  1954  2295 I System.out: Broadcast completed: result=0
11-26 18:41:38.941   853 18810 I sensors-hal: handle_indication_realtime:466,  SCHED_FIFO(10) for qmi_cbk
11-26 18:41:38.953  1115  1115 V SamsungAlarmManager: setLocked to kernel - W:332699878 / NW:332457384, now=332436337
11-26 18:41:39.141   853 18810 I sensors-hal: handle_sns_std_sensor_event:86, [0] Pressure - 1016.17
11-26 18:41:39.144  1115  2714 D SensorService: Calling activate off 61
11-26 18:41:39.144   853   853 I sensors-hal: activate:252, android.sensor.pressure/61 en=0
11-26 18:41:39.147  1115  2733 I WifiService: startScan uid=5023
11-26 18:41:39.147   853   853 I sensors-hal: deactivate:301, disconnect qmi to disable sensor
11-26 18:41:39.147   853   853 I sensors-hal: deactivate:67, deactivate pressure
11-26 18:41:39.147   853   853 I sensors-hal: activate:270, android.sensor.pressure/61 en=0 completed
11-26 18:41:39.207  1115  1815 D SamsungAlarmManager: setInexact (T:2/F:8/AC:false) 20221126T184154 now=332436591 - CU:1000/CP:1115/L:9321cf0:WificondScannerImpl Scan Timeout
11-26 18:41:39.208  1115  1815 V SamsungAlarmManager: setLocked to kernel - W:332462840 / NW:332457384, now=332436592
11-26 18:41:40.941   853 10726 I sensors-hal: handle_sns_client_event:660, [0][39905] accel_sample [-0.567,  0.043,  9.772] 332436832977559
11-26 18:41:41.890  1115  2733 D WifiNl80211Manager: Scan result ready event
11-26 18:41:41.890  1115  2733 D WifiNative: Scan result ready event
11-26 18:41:41.891  1219  1988 I LOWI-9.0.0.63: [LOWI-Scan] lowi_close_record:Scan done in 332418997ms, 19 APs in scan results
11-26 18:41:41.891  1115  1815 D SamsungAlarmManager: Cancel Alarm calling from uid:1000 pid :1115 / L:9321cf0
11-26 18:41:41.892  1115  1815 V SamsungAlarmManager: setLocked to kernel - W:332699878 / NW:332457384, now=332439275
11-26 18:41:41.920  1115  1484 D BaseRestrictionMgr: Package: com.tencent.mm, userid: 0, hostingType: broadcast is Restricted by policy: 4 caller is: android
11-26 18:41:41.920  1115  1484 W BroadcastQueue: intent:Intent { act=android.net.wifi.SCAN_RESULTS flg=0x4000010 (has extras) } is skipped in RestrictedPackage to ProcessRecord{fe2556d 17701:com.tencent.mm:push/u0a287}
11-26 18:41:41.921  1115  1484 W BroadcastQueue: Background execution not allowed: receiving Intent { act=android.net.wifi.SCAN_RESULTS flg=0x4000010 (has extras) } to com.vzw.hss.myverizon/com.vzw.mobilefirst.inStore.receiver.MFWifiScanReceiver
11-26 18:41:42.004  1115  1868 V SemWifiScanPool: updateScanResult, scan:19 configKeys: 12 pool_bssid:17 pool_configKeys:12
11-26 18:41:42.008  1115  2714 E AppOps  : evalMode() Foreground mode : uid - 10356, op - 1, capability - 0
11-26 18:41:42.008  1115  2714 E AppOps  : evalMode() Foreground mode : uid - 10356, op - 0, capability - 0
11-26 18:41:42.015  1115  2714 E AppOps  : evalMode() Foreground mode : uid - 10356, op - 1, capability - 0
11-26 18:41:42.015  1954  2295 I LocationAccessPolicy: com.sohu.inputmethod.sogou is aware of fine but the app-ops permission is specifically denied.
11-26 18:41:42.016  1954  2295 I LocationAccessPolicy: checkLocationPermission - callingUid: 10356, callingPid: 5198, resultForFine: DENIED_SOFT
11-26 18:41:42.019  1115  2714 E AppOps  : evalMode() Foreground mode : uid - 10356, op - 1, capability - 0
11-26 18:41:42.019  1115  2714 E AppOps  : evalMode() Foreground mode : uid - 10356, op - 0, capability - 0
11-26 18:41:42.020  1115  2714 W WifiService: Permission violation - getScanResults not allowed for uid=10356, packageName=com.sohu.inputmethod.sogou, reason=java.lang.SecurityException: UID 10356 has no location permission
11-26 18:41:42.038 17651 18365 I [ND]ConnectedWifiMeasurementWorker: RxCachedThreadScheduler-3 | End Work: Success {mOutputData=Data {}}
11-26 18:41:42.039  1115  1884 D WifiConnectivityMonitor: MultiNetwork : false || false
11-26 18:41:42.039  1115  1884 D WifiConnectivityMonitor: MultiNetwork legacy (1000) false
11-26 18:41:42.039 17651 18123 I WM-WorkerWrapper: Worker result SUCCESS for Work [ id=d062c093-856e-4c42-9dd9-af192d96753d, tags={ Measurements, com.samsung.android.networkdiagnostic.core.background.measurement.ConnectedWifiMeasurementWorker } ]
11-26 18:41:42.043  1115  1821 D ConnectivityService:  Removing from current network [161 WIFI], leaving 125 requests.
11-26 18:41:42.044  1115  4555 V SamsungAlarmManager: setLocked to kernel - W:332699878 / NW:332457384, now=332439428
11-26 18:41:42.044  1115  4555 D SamsungAlarmManager: setInexact (T:3/F:0/AC:false) 20221126T184519 now=332439428 - CU:1000/CP:1115/L:208166:*job.delay*
11-26 18:41:42.044  1115  4555 V SamsungAlarmManager: setLocked to kernel - W:332699878 / NW:332457384, now=332439428
11-26 18:41:42.262  1999  1999 D NetworkController.WifiSignalController: notifyListener: visible=true, enabled=true, connected=true, inetCondition=1, isDefault=true, receivedCR=true, receivedIC=-1, shouldForceHide=false, emptyConnected=false
11-26 18:41:42.942   853 10726 I sensors-hal: handle_sns_client_event:660, [0][39916] accel_sample [-0.565,  0.048,  9.772] 332438971776465
11-26 18:41:43.457   682   682 D io_stats: !@   8,0 r 2830786 108669112 w 2494896 109264028 d 0 0 f 0 0 iot 1841620 0 th 0 0 0 pt 0 inp 0 0 272604.273
11-26 18:41:43.730   862 18740 I HYPER-HAL: [RequestManager.cpp]releaseLocked(): Released ID : 644700
11-26 18:41:44.942   853 10726 I sensors-hal: handle_sns_client_event:660, [0][39927] accel_sample [-0.564,  0.041,  9.776] 332441110753028
11-26 18:41:45.243  2036  2036 I wpa_supplicant: Heartbeat 27469
11-26 18:41:45.359  1999  1999 D NetworkController.WifiSignalController: notifyListener: visible=true, enabled=true, connected=true, inetCondition=1, isDefault=true, receivedCR=true, receivedIC=-1, shouldForceHide=false, emptyConnected=false
11-26 18:41:45.621  1115  1886 D WifiConnectivityMonitor.NetworkStatsAnalyzer: Backhaul result - RSSI:-48, CE:25, PE:25, TI:34, PTI:34, TW:37, PTW:38, Tx:2, Rx:2, TxS:0, RxS:0, RESULT:true, IC:0, ICT:5, WC:0, WCT:5, R:0, RC:0, IE:0, EC:0
11-26 18:41:46.944   853 10726 I sensors-hal: handle_sns_client_event:660, [0][39938] accel_sample [-0.566,  0.049,  9.770] 332443249530788
11-26 18:41:47.463   682   682 D io_stats: !@   8,0 r 2830786 108669112 w 2494917 109264240 d 0 0 f 0 0 iot 1841640 0 th 0 0 0 pt 0 inp 0 0 272608.279
11-26 18:41:48.072   853 10729 I sensors-hal: handle_sns_client_event:217, auto_rotation_event_2: mode:255, type:1:0/-0.577,0.055,9.744, ar:0
11-26 18:41:48.943   853 10726 I sensors-hal: handle_sns_client_event:660, [0][39949] accel_sample [-0.563,  0.048,  9.771] 332445388169642
11-26 18:41:50.944   853 10726 I sensors-hal: handle_sns_client_event:660, [0][39960] accel_sample [-0.565,  0.037,  9.768] 332447526758392
11-26 18:41:51.601  1999  1999 D NetworkController.WifiSignalController: notifyListener: visible=true, enabled=true, connected=true, inetCondition=1, isDefault=true, receivedCR=true, receivedIC=-1, shouldForceHide=false, emptyConnected=false
11-26 18:41:52.752  1115  1867 D SemCellularStateManager: onSignalStrengthsChanged: mCellularSignalLevel=1
11-26 18:41:52.753  1115  3218 W NetlinkSocket: maximum read
11-26 18:41:52.753  3697  3741 I EPDG -- SIM0 [SMARTCELLULAR]: onSignalStrengthsChanged: SignalStrength:{mCdma=Invalid,mGsm=Invalid,mWcdma=Invalid,mTdscdma=Invalid,mLte=CellSignalStrengthLte: rssi=-77 rsrp=-111 rsrq=-15 rssnr=6 cqiTableIndex=2147483647 cqi=2147483647 ta=2147483647 level=1 parametersUseForLevel=0,mNr=Invalid,SignalBarInfo{ lteLevel=3 },rat=14,primary=CellSignalStrengthLte}
11-26 18:41:52.753  1999  2213 D MobileStatusTracker(0/8): onSignalStrengthsChanged signalStrength=SignalStrength:{mCdma=Invalid,mGsm=Invalid,mWcdma=Invalid,mTdscdma=Invalid,mLte=CellSignalStrengthLte: rssi=-77 rsrp=-111 rsrq=-15 rssnr=6 cqiTableIndex=2147483647 cqi=2147483647 ta=2147483647 level=1 parametersUseForLevel=0,mNr=Invalid,SignalBarInfo{ lteLevel=3 },rat=14,primary=CellSignalStrengthLte} level=3
11-26 18:41:52.754  3697  3771 I EPDG -- SIM0 [SMARTCELLULAR]: lastLteRSRP is -113 currentLteRSRP is -111 lastLteRSRQ is -15 currentLteRSRQ is -15 lastLteSNR is 3 currentLteSNR is 6
11-26 18:41:52.754  1999  2213 D CscParser: OMC path : /product/omc/VZW/conf/customer.xml
11-26 18:41:52.754  1115  3218 W NetlinkSocket: maximum read
11-26 18:41:52.754  1999  2213 I CscParser: getCustomerPath : omc customer file can read
11-26 18:41:52.754  1999  2213 E CscParser: update(): xml file exist
11-26 18:41:52.764  1999  2213 D NetworkController.MobileSignalController(0/8): notifyListener: enabled=true, connected=true, dataConnected=false, networkType=LTE (4G_VZW), emergencyOnly=false, roaming=false, isDefault=false, fiveGAvailable=false, mmWave=false, showDisabledDataIcon=false, voWifiConnected=false, dataActivity=, simState=LOADED, cardOperator=VZW, simCardActivated=0
11-26 18:41:52.765  1999  2213 D NetworkController: SignalStrength from intent slotId=0
11-26 18:41:52.942   853 10726 I sensors-hal: handle_sns_client_event:660, [0][39971] accel_sample [-0.569,  0.038,  9.772] 332449665383705
11-26 18:41:54.034  1115  3218 W NetlinkSocket: maximum read
11-26 18:41:54.035  1115  3218 W NetlinkSocket: maximum read
11-26 18:41:54.035  1999  2213 D MobileStatusTracker(0/8): onSignalStrengthsChanged signalStrength=SignalStrength:{mCdma=Invalid,mGsm=Invalid,mWcdma=Invalid,mTdscdma=Invalid,mLte=CellSignalStrengthLte: rssi=-75 rsrp=-112 rsrq=-15 rssnr=6 cqiTableIndex=2147483647 cqi=2147483647 ta=2147483647 level=1 parametersUseForLevel=0,mNr=Invalid,SignalBarInfo{ lteLevel=3 },rat=14,primary=CellSignalStrengthLte} level=3
11-26 18:41:54.035  1999  2213 D CscParser: OMC path : /product/omc/VZW/conf/customer.xml
11-26 18:41:54.035  3697  3741 I EPDG -- SIM0 [SMARTCELLULAR]: onSignalStrengthsChanged: SignalStrength:{mCdma=Invalid,mGsm=Invalid,mWcdma=Invalid,mTdscdma=Invalid,mLte=CellSignalStrengthLte: rssi=-75 rsrp=-112 rsrq=-15 rssnr=6 cqiTableIndex=2147483647 cqi=2147483647 ta=2147483647 level=1 parametersUseForLevel=0,mNr=Invalid,SignalBarInfo{ lteLevel=3 },rat=14,primary=CellSignalStrengthLte}
11-26 18:41:54.036  1999  2213 I CscParser: getCustomerPath : omc customer file can read
11-26 18:41:54.036  3697  3771 I EPDG -- SIM0 [SMARTCELLULAR]: lastLteRSRP is -111 currentLteRSRP is -112 lastLteRSRQ is -15 currentLteRSRQ is -15 lastLteSNR is 6 currentLteSNR is 6
11-26 18:41:54.036  1999  2213 E CscParser: update(): xml file exist
11-26 18:41:54.036  1115  1867 D SemCellularStateManager: onSignalStrengthsChanged: mCellularSignalLevel=1
11-26 18:41:54.047  1999  2213 D NetworkController: SignalStrength from intent slotId=0
11-26 18:41:54.941   853 10726 I sensors-hal: handle_sns_client_event:660, [0][39982] accel_sample [-0.562,  0.051,  9.764] 332451803935944
11-26 18:41:55.245  2036  2036 I wpa_supplicant: Heartbeat 27470
11-26 18:41:55.313  1115  1867 D SemCellularStateManager: onSignalStrengthsChanged: mCellularSignalLevel=1
11-26 18:41:55.314  1115  3218 W NetlinkSocket: maximum read
11-26 18:41:55.315  1999  2213 D MobileStatusTracker(0/8): onSignalStrengthsChanged signalStrength=SignalStrength:{mCdma=Invalid,mGsm=Invalid,mWcdma=Invalid,mTdscdma=Invalid,mLte=CellSignalStrengthLte: rssi=-77 rsrp=-111 rsrq=-15 rssnr=5 cqiTableIndex=2147483647 cqi=2147483647 ta=2147483647 level=1 parametersUseForLevel=0,mNr=Invalid,SignalBarInfo{ lteLevel=3 },rat=14,primary=CellSignalStrengthLte} level=3
11-26 18:41:55.315  1999  2213 D CscParser: OMC path : /product/omc/VZW/conf/customer.xml
11-26 18:41:55.315  1115  3218 W NetlinkSocket: maximum read
11-26 18:41:55.315  1999  2213 I CscParser: getCustomerPath : omc customer file can read
11-26 18:41:55.316  1999  2213 E CscParser: update(): xml file exist
11-26 18:41:55.323  3697  3741 I EPDG -- SIM0 [SMARTCELLULAR]: onSignalStrengthsChanged: SignalStrength:{mCdma=Invalid,mGsm=Invalid,mWcdma=Invalid,mTdscdma=Invalid,mLte=CellSignalStrengthLte: rssi=-77 rsrp=-111 rsrq=-15 rssnr=5 cqiTableIndex=2147483647 cqi=2147483647 ta=2147483647 level=1 parametersUseForLevel=0,mNr=Invalid,SignalBarInfo{ lteLevel=3 },rat=14,primary=CellSignalStrengthLte}
11-26 18:41:55.324  3697  3771 I EPDG -- SIM0 [SMARTCELLULAR]: lastLteRSRP is -112 currentLteRSRP is -111 lastLteRSRQ is -15 currentLteRSRQ is -15 lastLteSNR is 6 currentLteSNR is 5
11-26 18:41:55.330  1999  2213 D NetworkController: SignalStrength from intent slotId=0
11-26 18:41:55.630  1115  1886 D WifiConnectivityMonitor.NetworkStatsAnalyzer: Backhaul result - RSSI:-49, CE:25, PE:25, TI:34, PTI:34, TW:1, PTW:37, Tx:1, Rx:1, TxS:0, RxS:0, RESULT:true, IC:0, ICT:5, WC:0, WCT:5, R:0, RC:0, IE:0, EC:0
11-26 18:41:55.958  1115  1474 E Watchdog: !@Sync: 9082 heap: 105 / 112 [2022-11-26 18:41:55.958] sdogWay: softdog FD: 905
11-26 18:41:56.254   743   743 E audit   : type=1400 audit(1669516916.249:23870): avc:  denied  { kill } for  pid=0 comm="swapper/3" capability=5  scontext=u:r:kernel:s0 tcontext=u:r:kernel:s0 tclass=capability permissive=0 SEPF_SM-G975U1_12_0001 audit_filtered
11-26 18:41:56.944   853 10726 I sensors-hal: handle_sns_client_event:660, [0][39993] accel_sample [-0.561,  0.055,  9.773] 332453942569226
11-26 18:41:57.118  4427  5042 I SDHMS:C : SIOP:: AP:131(227,110) BAT:211(211,0) USB:216(216,0) CHG:217(217,0) PA:234(234,0) WIFI:206(206,0) BLK:0(0,0) SUBBAT:0(0,0) LRP:216(216,0) LRF:216(216) LRB:212(212) 
11-26 18:41:57.481   682   682 D io_stats: !@   8,0 r 2830786 108669112 w 2494962 109264436 d 0 0 f 0 0 iot 1841650 0 th 0 0 0 pt 0 inp 0 0 272618.297
11-26 18:41:58.442   853 10729 I sensors-hal: handle_sns_client_event:217, auto_rotation_event_2: mode:255, type:1:0/-0.579,0.017,9.761, ar:0
11-26 18:41:58.881  1115 18813 D WifiConnectivityMonitor.DnsPingerHandler: setCurrentLinkProperties: lp={InterfaceName: wlan0 LinkAddresses: [ fe80::147c:82ff:fe09:e448/64,192.168.1.203/24,2600:1700:e840:17a0:147c:82ff:fe09:e448/64,2600:1700:e840:17a0:2039:2677:86d0:2704/64 ] DnsAddresses: [ /2600:1700:e840:17a0::1,/192.168.1.254 ] Domains: attlocal.net MTU: 0 ServerAddress: /192.168.1.254 TcpBufferSizes: 524288,1048576,4194304,524288,1048576,4194304 Routes: [ fe80::/64 -> :: wlan0 mtu 0,2600:1700:e840:17a0::/64 -> :: wlan0 mtu 0,2600:1700:e840:17a0::/60 -> fe80::8a96:4eff:fe04:74a0 wlan0 mtu 0,::/0 -> fe80::8a96:4eff:fe04:74a0 wlan0 mtu 0,192.168.1.0/24 -> 0.0.0.0 wlan0 mtu 0,0.0.0.0/0 -> 192.168.1.254 wlan0 mtu 0 ]}
11-26 18:41:58.943   853 10726 I sensors-hal: handle_sns_client_event:660, [0][40004] accel_sample [-0.565,  0.045,  9.762] 332456081228965
11-26 18:41:59.184  1115  1837 D DeviceStorageMonitorService: check() STORAGE TOTAL > 64G
11-26 18:41:59.189  1115  1837 W DeviceStorageMonitorService: updateBroadcasts(/data) oldLevel:0, newLevel:0, seq:1
11-26 18:41:59.190   633   664 E vold    : getUsedF2fsFileNode -> Cannot Get Used FileNode Number (errno=25 Inappropriate ioctl for device)
11-26 18:41:59.191  1115  1837 D DeviceStorageMonitorService: Cannot get USED FILE NODE NUMBER!!!
11-26 18:41:59.191  1115  1837 D DeviceStorageMonitorService: Available File Node Number is [-1]
11-26 18:41:59.191  1115  1837 W DeviceStorageMonitorService: updateBroadcasts_filenode(/data) fn_oldLevel:0, fn_newLevel:0, seq:1
11-26 18:41:59.199  1115 18814 D WifiConnectivityMonitor.DnsThread:  [|215] []
11-26 18:41:59.200  1115  1886 D WifiConnectivityMonitor.NetworkStatsAnalyzer: DNS resultType : 0, responseTime : 215
11-26 18:42:00.000  1115  1748 D SamsungAlarmManager: Expired : 8
11-26 18:42:00.001  1115  1748 V SamsungAlarmManager: Sending to uid : 1000 L=772868c:TIME_TICK alarm=Alarm{9d41458 type 3 origWhen 332457384 whenElapsed 332457384 android}
11-26 18:42:00.002  1115  1748 D SamsungAlarmManager: setExact (T:3/F:9/AC:false) 20221126T184300 now=332457386 - CU:1000/CP:1115/L:772868c:TIME_TICK
11-26 18:42:00.003  1115  1748 V SamsungAlarmManager: setLocked to kernel - W:332699878 / NW:332458181, now=332457386
11-26 18:42:00.005  1999  2710 D QSClockBellTower: onReceive(android.intent.action.TIME_TICK) mTimeZoneString:null
11-26 18:42:00.005  1999  1999 D KeyguardUpdateMonitor: received broadcast android.intent.action.TIME_TICK
11-26 18:42:00.006  1115  1748 V SamsungAlarmManager: setLocked to kernel - W:332699878 / NW:332458181, now=332457390
11-26 18:42:00.007  1115  1115 I EyeComfortSolutionService: action  :  android.intent.action.TIME_TICK
11-26 18:42:00.008  1999  1999 D QSClockBellTower: He is ready to ring the bell. (((QSClockBellSound - TimeText:6:42, TimeContentDescription:6:42 PM, DateText:Sat, November 26, ShortDateText:Sat, Nov 26, Demofalse)))
11-26 18:42:00.008  1115  2066 I EyeComfortSolutionService: BLF Adaptive Mode Enable : false , targetIndex : [0 + 11] = 6000.0
11-26 18:42:00.009  1115  2066 I SemMdnieManagerService: setNightModeStep : 11
11-26 18:42:00.009  1115  2066 I SemMdnieManagerService: setNightMode : false - 11 - true - false
11-26 18:42:00.009  1999  1999 D QSClockHomeIndicatorView: Home Indicator status_bar_clock notifyTimeChanged(QSClockBellSound - TimeText:6:42, TimeContentDescription:6:42 PM, DateText:Sat, November 26, ShortDateText:Sat, Nov 26, Demofalse) ClockVisibleByPolicy:true, ClockVisibleByUser:true, visible?true, parent:android.widget.LinearLayout{d2d8cb3 V.E...... ......ID 0,0-103,110 #7f0b0472 app:id/left_clock_container}
11-26 18:42:00.009  1999  1999 D QSClockBellTower: Everyone heard the bell. run(currentTime:1669516920006,   getTime():Sat Nov 26 18:42:00 PST 2022,   getTimeZone():libcore.util.ZoneInfo[mDstSavings=3600000,mUseDst=true,mDelegate=[id="America/Los_Angeles",mRawOffset=-28800000,mEarliestRawOffset=-28378000,transitions=186]])
11-26 18:42:00.009  1999  1999 D KeyguardUpdateMonitor: handleTimeUpdate
11-26 18:42:00.010  1999  1999 D FaceWidgetPagesController: onTimeChanged()
11-26 18:42:00.018  1115  2066 I SemMdnieManagerService: setNightMode : false - 11
11-26 18:42:00.033  1999  1999 D QS      : setQSExpansion 0.0 -157.325
11-26 18:42:00.035  1999  1999 D QS      : setQSExpansion 0.0 -157.325
11-26 18:42:00.035  1999  1999 V SecQSFragmentAnimatorBase: setQsExpansionPosition 0.0
11-26 18:42:00.035  1999  1999 V QsExpandAnimator: setQsExpansionPosition 0.0 0
11-26 18:42:00.035  1999  1999 D QS      : setQSExpansion 0.0 -157.325
11-26 18:42:00.037  1999  1999 D IndicatorGardenInputProperty: updateRotation() prv:-1 >> new:0
11-26 18:42:00.037  1999  1999 D DeviceState: getDeviceResolutionPixelSize - currentDensity = 560 deviceDensity = 560 initialDisplaySizeFactor = 1440 currentDisplaySizeFactor = 1440 initialDisplayDensity = 560 proportionalDensity = 560 proportionalPixel = 75
11-26 18:42:00.037  1999  1999 D DeviceState: getDeviceResolutionPixelSize - currentDensity = 560 deviceDensity = 560 initialDisplaySizeFactor = 1440 currentDisplaySizeFactor = 1440 initialDisplayDensity = 560 proportionalDensity = 560 proportionalPixel = 34
11-26 18:42:00.037  1999  1999 D DeviceState: getDeviceResolutionPixelSize - currentDensity = 560 deviceDensity = 560 initialDisplaySizeFactor = 1440 currentDisplaySizeFactor = 1440 initialDisplayDensity = 560 proportionalDensity = 560 proportionalPixel = 32
11-26 18:42:00.043  1999  1999 V QsExpandAnimator: updateAnimators
11-26 18:42:00.043  1999  1999 V QsExpandAnimator: clearAnimationState 
11-26 18:42:00.044  1999  1999 V QsExpandAnimator: setQsExpansionPosition 0.0 0
11-26 18:42:00.434  1115  3218 W NetlinkSocket: maximum read
11-26 18:42:00.435  1999  2213 D MobileStatusTracker(0/8): onSignalStrengthsChanged signalStrength=SignalStrength:{mCdma=Invalid,mGsm=Invalid,mWcdma=Invalid,mTdscdma=Invalid,mLte=CellSignalStrengthLte: rssi=-77 rsrp=-112 rsrq=-16 rssnr=3 cqiTableIndex=2147483647 cqi=2147483647 ta=2147483647 level=1 parametersUseForLevel=0,mNr=Invalid,SignalBarInfo{ lteLevel=3 },rat=14,primary=CellSignalStrengthLte} level=3
11-26 18:42:00.435  1115  1867 D SemCellularStateManager: onSignalStrengthsChanged: mCellularSignalLevel=1
11-26 18:42:00.435  1999  2213 D CscParser: OMC path : /product/omc/VZW/conf/customer.xml
11-26 18:42:00.436  1115  3218 W NetlinkSocket: maximum read
11-26 18:42:00.436  1999  2213 I CscParser: getCustomerPath : omc customer file can read
11-26 18:42:00.436  1999  2213 E CscParser: update(): xml file exist
11-26 18:42:00.443  3697  3741 I EPDG -- SIM0 [SMARTCELLULAR]: onSignalStrengthsChanged: SignalStrength:{mCdma=Invalid,mGsm=Invalid,mWcdma=Invalid,mTdscdma=Invalid,mLte=CellSignalStrengthLte: rssi=-77 rsrp=-112 rsrq=-16 rssnr=3 cqiTableIndex=2147483647 cqi=2147483647 ta=2147483647 level=1 parametersUseForLevel=0,mNr=Invalid,SignalBarInfo{ lteLevel=3 },rat=14,primary=CellSignalStrengthLte}
11-26 18:42:00.444  3697  3771 I EPDG -- SIM0 [SMARTCELLULAR]: lastLteRSRP is -111 currentLteRSRP is -112 lastLteRSRQ is -15 currentLteRSRQ is -16 lastLteSNR is 5 currentLteSNR is 3
11-26 18:42:00.450  1999  2213 D NetworkController: SignalStrength from intent slotId=0
11-26 18:42:00.799  1115  1748 D SamsungAlarmManager: Expired : 8
11-26 18:42:00.800  1115  1748 V SamsungAlarmManager: Sending to uid : 1000 L=4ad7921:DetectMovementSPListener alarm=Alarm{da21e04 type 3 origWhen 332458181 whenElapsed 332458181 android}
11-26 18:42:00.801  1115  2318 D SLocation: SPManager - SP is not support Q OS upgrade model!
11-26 18:42:00.803  1115  1748 V SamsungAlarmManager: setLocked to kernel - W:332699878 / NW:332482947, now=332458187
11-26 18:42:00.805  1115  2318 D SamsungAlarmManager: setExact (T:3/F:9/AC:false) 20221126T184300 now=332458189 - CU:1000/CP:1115/L:4ad7921:DetectMovementSPListener
11-26 18:42:00.805  1115  2318 V SamsungAlarmManager: setLocked to kernel - W:332699878 / NW:332482947, now=332458189
11-26 18:42:00.942   853 10726 I sensors-hal: handle_sns_client_event:660, [0][40015] accel_sample [-0.566,  0.052,  9.774] 332458219917142
11-26 18:42:00.976  1999  1999 D NetworkController.WifiSignalController: notifyListener: visible=true, enabled=true, connected=true, inetCondition=1, isDefault=true, receivedCR=true, receivedIC=-1, shouldForceHide=false, emptyConnected=false
11-26 18:42:03.491   682   682 D io_stats: !@   8,0 r 2830786 108669112 w 2494966 109264472 d 0 0 f 0 0 iot 1841690 0 th 0 0 0 pt 0 inp 0 0 272624.307
11-26 18:42:04.029  1999  1999 D NetworkController.WifiSignalController: notifyListener: visible=true, enabled=true, connected=true, inetCondition=1, isDefault=true, receivedCR=true, receivedIC=-1, shouldForceHide=false, emptyConnected=false
11-26 18:42:04.067   940   940 I SurfaceFlinger: SFWD update time=272624884232511
11-26 18:42:04.944   853 10726 I sensors-hal: handle_sns_client_event:660, [0][40026] accel_sample [-0.565,  0.051,  9.762] 332460358564538
11-26 18:42:05.251  2036  2036 I wpa_supplicant: Heartbeat 27471
11-26 18:42:05.539   770   797 W Netd    : No subsystem found in netlink event
11-26 18:42:05.543  3697  3697 I EPDG -- SIM0 [EpdgIntfCont]: Not Mobile Interface. Ignoring Event
11-26 18:42:05.543  3697  3697 I EPDG -- SIM0 [EpdgIntfCont]: Not Mobile Interface. Ignoring Event
11-26 18:42:05.543  3697  3742 I EPDG -- SIM0 [EpdgNetworkMgmtObserver]: EpdgAddressUpdated: address: Suppressed iface: SuppressedmFqdnRetryCount : 0
11-26 18:42:05.543  3697  3742 I EPDG -- SIM0 [EpdgNetworkMgmtObserver]: EpdgAddressUpdated: address: Suppressed iface: SuppressedmFqdnRetryCount : 0
11-26 18:42:05.544  2317  2337 D NetlinkTracker/wlan0: addressUpdated: 2600:1700:e840:17a0:147c:82ff:fe09:e448/64 on wlan0 flags 256 scope 0
11-26 18:42:05.545  2317  2337 D NetlinkTracker/wlan0: addressUpdated: 2600:1700:e840:17a0:2039:2677:86d0:2704/64 on wlan0 flags 1 scope 0
11-26 18:42:05.550  1115  1867 D SemCellularStateManager: onSignalStrengthsChanged: mCellularSignalLevel=1
11-26 18:42:05.552  1115  3218 W NetlinkSocket: maximum read
11-26 18:42:05.553  1115  3218 W NetlinkSocket: maximum read
11-26 18:42:05.554  3697  3741 I EPDG -- SIM0 [SMARTCELLULAR]: onSignalStrengthsChanged: SignalStrength:{mCdma=Invalid,mGsm=Invalid,mWcdma=Invalid,mTdscdma=Invalid,mLte=CellSignalStrengthLte: rssi=-77 rsrp=-113 rsrq=-15 rssnr=6 cqiTableIndex=2147483647 cqi=2147483647 ta=2147483647 level=1 parametersUseForLevel=0,mNr=Invalid,SignalBarInfo{ lteLevel=3 },rat=14,primary=CellSignalStrengthLte}
11-26 18:42:05.554  1999  2213 D MobileStatusTracker(0/8): onSignalStrengthsChanged signalStrength=SignalStrength:{mCdma=Invalid,mGsm=Invalid,mWcdma=Invalid,mTdscdma=Invalid,mLte=CellSignalStrengthLte: rssi=-77 rsrp=-113 rsrq=-15 rssnr=6 cqiTableIndex=2147483647 cqi=2147483647 ta=2147483647 level=1 parametersUseForLevel=0,mNr=Invalid,SignalBarInfo{ lteLevel=3 },rat=14,primary=CellSignalStrengthLte} level=3
11-26 18:42:05.554  3697  3771 I EPDG -- SIM0 [SMARTCELLULAR]: lastLteRSRP is -112 currentLteRSRP is -113 lastLteRSRQ is -16 currentLteRSRQ is -15 lastLteSNR is 3 currentLteSNR is 6
11-26 18:42:05.555  1999  2213 D CscParser: OMC path : /product/omc/VZW/conf/customer.xml
11-26 18:42:05.555  1999  2213 I CscParser: getCustomerPath : omc customer file can read
11-26 18:42:05.555  1999  2213 E CscParser: update(): xml file exist
11-26 18:42:05.566  1999  2213 D NetworkController: SignalStrength from intent slotId=0
11-26 18:42:05.568   859   859 D WifiHAL : Setting APF program, halHandle = 0xb400006f069cd6d0
11-26 18:42:05.568   859   859 I WifiHAL : createRequest: APF set program request
11-26 18:42:05.590   859   859 I WifiHAL : Done!
11-26 18:42:05.628  1115  1174 I system_server: Background young concurrent copying GC freed 426845(17MB) AllocSpace objects, 200(5468KB) LOS objects, 20% free, 89MB/112MB, paused 381us,368us total 100.006ms
11-26 18:42:05.635  1115  1886 D WifiConnectivityMonitor.NetworkStatsAnalyzer: Backhaul result - RSSI:-47, CE:25, PE:25, TI:34, PTI:34, TW:0, PTW:1, Tx:6, Rx:7, TxS:0, RxS:0, RESULT:true, IC:0, ICT:5, WC:0, WCT:5, R:0, RC:0, IE:0, EC:0
11-26 18:42:05.638  1115  1178 W System  : A resource failed to call close. 
11-26 18:42:05.638  1115  1178 W System  : A resource failed to call close. 
11-26 18:42:05.638  1115  1178 W System  : A resource failed to call close. 
11-26 18:42:05.638  1115  1178 W System  : A resource failed to call close. 
11-26 18:42:05.638  1115  1178 W System  : A resource failed to call end. 
11-26 18:42:05.640  1115  1178 W System  : A resource failed to call close. 
11-26 18:42:05.641  1115  1178 W System  : A resource failed to call release. 
11-26 18:42:06.942   853 10726 I sensors-hal: handle_sns_client_event:660, [0][40037] accel_sample [-0.567,  0.047,  9.773] 332462497210424
11-26 18:42:07.129  1999  1999 D NetworkController.WifiSignalController: notifyListener: visible=true, enabled=true, connected=true, inetCondition=1, isDefault=true, receivedCR=true, receivedIC=-1, shouldForceHide=false, emptyConnected=false
11-26 18:42:07.499   682   682 D io_stats: !@   8,0 r 2830786 108669112 w 2494974 109264512 d 0 0 f 0 0 iot 1841700 0 th 0 0 0 pt 0 inp 0 0 272628.315
11-26 18:42:08.119  1115  1867 D SemCellularStateManager: onSignalStrengthsChanged: mCellularSignalLevel=1
11-26 18:42:08.120  1115  3218 W NetlinkSocket: maximum read
11-26 18:42:08.120  3697  3741 I EPDG -- SIM0 [SMARTCELLULAR]: onSignalStrengthsChanged: SignalStrength:{mCdma=Invalid,mGsm=Invalid,mWcdma=Invalid,mTdscdma=Invalid,mLte=CellSignalStrengthLte: rssi=-79 rsrp=-112 rsrq=-15 rssnr=4 cqiTableIndex=2147483647 cqi=2147483647 ta=2147483647 level=1 parametersUseForLevel=0,mNr=Invalid,SignalBarInfo{ lteLevel=2 },rat=14,primary=CellSignalStrengthLte}
11-26 18:42:08.121  1115  3218 W NetlinkSocket: maximum read
11-26 18:42:08.121  3697  3771 I EPDG -- SIM0 [SMARTCELLULAR]: lastLteRSRP is -113 currentLteRSRP is -112 lastLteRSRQ is -15 currentLteRSRQ is -15 lastLteSNR is 6 currentLteSNR is 4
11-26 18:42:08.121  1999  2213 D MobileStatusTracker(0/8): onSignalStrengthsChanged signalStrength=SignalStrength:{mCdma=Invalid,mGsm=Invalid,mWcdma=Invalid,mTdscdma=Invalid,mLte=CellSignalStrengthLte: rssi=-79 rsrp=-112 rsrq=-15 rssnr=4 cqiTableIndex=2147483647 cqi=2147483647 ta=2147483647 level=1 parametersUseForLevel=0,mNr=Invalid,SignalBarInfo{ lteLevel=2 },rat=14,primary=CellSignalStrengthLte} level=2
11-26 18:42:08.121  1999  2213 D CscParser: OMC path : /product/omc/VZW/conf/customer.xml
11-26 18:42:08.122  1999  2213 I CscParser: getCustomerPath : omc customer file can read
11-26 18:42:08.122  1999  2213 E CscParser: update(): xml file exist
11-26 18:42:08.132  1999  2213 D NetworkController.MobileSignalController(0/8): notifyListener: enabled=true, connected=true, dataConnected=false, networkType=LTE (4G_VZW), emergencyOnly=false, roaming=false, isDefault=false, fiveGAvailable=false, mmWave=false, showDisabledDataIcon=false, voWifiConnected=false, dataActivity=, simState=LOADED, cardOperator=VZW, simCardActivated=0
11-26 18:42:08.133  1999  2213 D NetworkController: SignalStrength from intent slotId=0
11-26 18:42:08.812   853 10726 I sensors-hal: handle_sns_client_event:660, [0][40048] accel_sample [-0.567,  0.047,  9.764] 332464635932090
11-26 18:42:08.812   853 10729 I sensors-hal: handle_sns_client_event:217, auto_rotation_event_2: mode:255, type:1:0/-0.553,0.045,9.739, ar:0
11-26 18:42:10.239  1999  1999 D NetworkController.WifiSignalController: notifyListener: visible=true, enabled=true, connected=true, inetCondition=1, isDefault=true, receivedCR=true, receivedIC=-1, shouldForceHide=false, emptyConnected=false
11-26 18:42:10.942   853 10726 I sensors-hal: handle_sns_client_event:660, [0][40059] accel_sample [-0.573,  0.038,  9.768] 332466774588340
11-26 18:42:12.007  1115  1852 D UsbStatsMonitor: 0 0 0 0 0 0 0 0 0 0 0 0 1 0 0 0 0 0 0 0 0 0 0 0 0 0 0 0 0 0 0 0 0 0 0 0 0 0 0 0 0 0 0 0 0 0 0 0 17703855194138
11-26 18:42:12.944   853 10726 I sensors-hal: handle_sns_client_event:660, [0][40070] accel_sample [-0.566,  0.048,  9.763] 332468913327299
11-26 18:42:14.942   853 10726 I sensors-hal: handle_sns_client_event:660, [0][40081] accel_sample [-0.569,  0.041,  9.768] 332471051972299
11-26 18:42:14.985   940  3148 I SurfaceFlinger: [SEC_SF_EFFECTS] [capture x2 ]: captureDisplay(): size 1440 x 3040, raSourceCrop [0 0 1440 3040] 1440 x 3040
11-26 18:42:15.029  1115  9961 D system_server: mAFPC_Read - w = 1440, h = 3040, s = 32, f = 4, s_size = 17899520, luminance = 178, count = 1091, captureOrientation = 0
11-26 18:42:15.253  2036  2036 I wpa_supplicant: Heartbeat 27472
11-26 18:42:15.643  1115  1886 D WifiConnectivityMonitor.NetworkStatsAnalyzer: Backhaul result - RSSI:-48, CE:25, PE:25, TI:34, PTI:34, TW:0, PTW:0, Tx:0, Rx:0, TxS:0, RxS:0, RESULT:true, IC:0, ICT:5, WC:0, WCT:5, R:0, RC:0, IE:0, EC:0
11-26 18:42:16.942   853 10726 I sensors-hal: handle_sns_client_event:660, [0][40092] accel_sample [-0.569,  0.048,  9.765] 332473190676726
11-26 18:42:17.513   682   682 D io_stats: !@   8,0 r 2830786 108669112 w 2494979 109264540 d 0 0 f 0 0 iot 1841700 0 th 0 0 0 pt 0 inp 0 0 272638.329
