11-26 18:41:25.756 18741 18741 E AndroidRuntime: FATAL EXCEPTION: main
11-26 18:41:25.756 18741 18741 E AndroidRuntime: Process: com.defaultcompany.trunk, PID: 18741
11-26 18:41:25.756 18741 18741 E AndroidRuntime: java.lang.RuntimeException: Unable to instantiate activity ComponentInfo{com.defaultcompany.trunk/com.deepwaterooo.dwsdk.MainActivity}: java.lang.ClassNotFoundException: Didn't find class "com.deepwaterooo.dwsdk.MainActivity" on path: DexPathList[[zip file "/data/app/~~ZhGsGAJBdoFaGA3TnBg7LA==/com.defaultcompany.trunk-HivSdVddD5b33--E7l5zHA==/base.apk"],nativeLibraryDirectories=[/data/app/~~ZhGsGAJBdoFaGA3TnBg7LA==/com.defaultcompany.trunk-HivSdVddD5b33--E7l5zHA==/lib/arm, /data/app/~~ZhGsGAJBdoFaGA3TnBg7LA==/com.defaultcompany.trunk-HivSdVddD5b33--E7l5zHA==/base.apk!/lib/armeabi-v7a, /system/lib, /system/system_ext/lib]]
11-26 18:41:25.756 18741 18741 E AndroidRuntime: 	at android.app.ActivityThread.performLaunchActivity(ActivityThread.java:3914)
11-26 18:41:25.756 18741 18741 E AndroidRuntime: 	at android.app.ActivityThread.handleLaunchActivity(ActivityThread.java:4201)
11-26 18:41:25.756 18741 18741 E AndroidRuntime: 	at android.app.servertransaction.LaunchActivityItem.execute(LaunchActivityItem.java:103)
11-26 18:41:25.756 18741 18741 E AndroidRuntime: 	at android.app.servertransaction.TransactionExecutor.executeCallbacks(TransactionExecutor.java:135)
11-26 18:41:25.756 18741 18741 E AndroidRuntime: 	at android.app.servertransaction.TransactionExecutor.execute(TransactionExecutor.java:95)
11-26 18:41:25.756 18741 18741 E AndroidRuntime: 	at android.app.ActivityThread$H.handleMessage(ActivityThread.java:2438)
11-26 18:41:25.756 18741 18741 E AndroidRuntime: 	at android.os.Handler.dispatchMessage(Handler.java:106)
11-26 18:41:25.756 18741 18741 E AndroidRuntime: 	at android.os.Looper.loopOnce(Looper.java:226)
11-26 18:41:25.756 18741 18741 E AndroidRuntime: 	at android.os.Looper.loop(Looper.java:313)
11-26 18:41:25.756 18741 18741 E AndroidRuntime: 	at android.app.ActivityThread.main(ActivityThread.java:8663)
11-26 18:41:25.756 18741 18741 E AndroidRuntime: 	at java.lang.reflect.Method.invoke(Native Method)
11-26 18:41:25.756 18741 18741 E AndroidRuntime: 	at com.android.internal.os.RuntimeInit$MethodAndArgsCaller.run(RuntimeInit.java:567)
11-26 18:41:25.756 18741 18741 E AndroidRuntime: 	at com.android.internal.os.ZygoteInit.main(ZygoteInit.java:1135)
11-26 18:41:25.756 18741 18741 E AndroidRuntime: Caused by: java.lang.ClassNotFoundException: Didn't find class "com.deepwaterooo.dwsdk.MainActivity" on path: DexPathList[[zip file "/data/app/~~ZhGsGAJBdoFaGA3TnBg7LA==/com.defaultcompany.trunk-HivSdVddD5b33--E7l5zHA==/base.apk"],nativeLibraryDirectories=[/data/app/~~ZhGsGAJBdoFaGA3TnBg7LA==/com.defaultcompany.trunk-HivSdVddD5b33--E7l5zHA==/lib/arm, /data/app/~~ZhGsGAJBdoFaGA3TnBg7LA==/com.defaultcompany.trunk-HivSdVddD5b33--E7l5zHA==/base.apk!/lib/armeabi-v7a, /system/lib, /system/system_ext/lib]]
11-26 18:41:25.756 18741 18741 E AndroidRuntime: 	at dalvik.system.BaseDexClassLoader.findClass(BaseDexClassLoader.java:218)
11-26 18:41:25.756 18741 18741 E AndroidRuntime: 	at java.lang.ClassLoader.loadClass(ClassLoader.java:379)
11-26 18:41:25.756 18741 18741 E AndroidRuntime: 	at java.lang.ClassLoader.loadClass(ClassLoader.java:312)
11-26 18:41:25.756 18741 18741 E AndroidRuntime: 	at android.app.AppComponentFactory.instantiateActivity(AppComponentFactory.java:95)
11-26 18:41:25.756 18741 18741 E AndroidRuntime: 	at android.app.Instrumentation.newActivity(Instrumentation.java:1273)
11-26 18:41:25.756 18741 18741 E AndroidRuntime: 	at android.app.ActivityThread.performLaunchActivity(ActivityThread.java:3901)
11-26 18:41:25.756 18741 18741 E AndroidRuntime: 	... 12 more
11-26 18:41:25.756 18741 18741 E AndroidRuntime: 	Suppressed: java.lang.NoClassDefFoundError: Failed resolution of: Landroidx/appcompat/app/AppCompatActivity;
11-26 18:41:25.756 18741 18741 E AndroidRuntime: 		at java.lang.VMClassLoader.findLoadedClass(Native Method)
11-26 18:41:25.756 18741 18741 E AndroidRuntime: 		at java.lang.ClassLoader.findLoadedClass(ClassLoader.java:738)
11-26 18:41:25.756 18741 18741 E AndroidRuntime: 		at java.lang.ClassLoader.loadClass(ClassLoader.java:363)
11-26 18:41:25.756 18741 18741 E AndroidRuntime: 		... 16 more
11-26 18:41:25.756 18741 18741 E AndroidRuntime: 	Caused by: java.lang.ClassNotFoundException: androidx.appcompat.app.AppCompatActivity
11-26 18:41:25.756 18741 18741 E AndroidRuntime: 		... 19 more
11-26 18:41:25.758 30379 30871 I SAMSUNGWALLET: [ResetData] getSAResetDialogFlag : false
11-26 18:41:25.760 30379 30871 I SAMSUNGWALLET: [Hint_d] isHomePackageRunning topPkgName = com.defaultcompany.trunk, topClsName = com.deepwaterooo.dwsdk.MainActivity, return false , se : false
11-26 18:41:25.761 30379 30379 I SAMSUNGWALLET: [ServiceTypeTable] isSupportOperator : VZW, US
11-26 18:41:25.761 30379 30379 I SAMSUNGWALLET: [ServiceTypeTable] Upgrade - ServiceTypeTable - entryFromCountryIso - index is : 101, iso : US
11-26 18:41:25.761 30379 30379 I SAMSUNGWALLET: [Hint_IntroHintService] Hint Status - already invisible, skip hide : [4000000] - Home Package Not Running
11-26 18:41:25.761  1115  4587 D InputDispatcher: Focus left window (0): 62ee612 com.sec.android.app.launcher/com.sec.android.app.launcher.activities.LauncherActivity
11-26 18:41:25.761  2680  2680 I ViewRootImpl@635960b[LauncherActivity]: MSG_WINDOW_FOCUS_CHANGED 0 1
11-26 18:41:25.762  2680  2680 I BaseActivity: removeActivityFlags, flags : 8
11-26 18:41:25.762  1999  2252 I BufferQueueProducer: [ViewRootImpl@93efde3[trunk]#556(BLAST Consumer)556](id:7cf0000022c,api:1,p:1999,c:1999) queueBuffer: queued for the first time.
11-26 18:41:25.763  1115 18774 I DropBoxManagerService: add tag=data_app_crash isTagEnabled=true flags=0x2
11-26 18:41:25.766  1999  2081 I ViewRootImpl@93efde3[trunk]: [DP] pdf(0) 0 android.view.ViewRootImpl.lambda$addFrameCompleteCallbackIfNeeded$3$ViewRootImpl:4969 android.view.ViewRootImpl$$ExternalSyntheticLambda16.run:6 android.os.Handler.handleCallback:938 
11-26 18:41:25.766  1999  2081 I ViewRootImpl@93efde3[trunk]: [DP] rdf()
11-26 18:41:25.766  1999  2081 D ViewRootImpl@93efde3[trunk]: reportDrawFinished (fn: -1) 
11-26 18:41:25.766  1115  4587 D WindowManager: finishDrawingWindow: Window{c045e4d u0 Splash Screen com.defaultcompany.trunk} mDrawState=DRAW_PENDING
11-26 18:41:25.766  1115  1461 D WindowManager: performShow logReadyForDisplay  mToken.waitingToShow:true isTransitionSet:true
11-26 18:41:25.767  1115  1461 D TaskOrganizerController: Task appeared taskId=3580
11-26 18:41:25.767  1115  1461 D WindowManager: createAnimationAdapter(): container=Task{ed3f101 #1 type=home ?? U=0 visible=false mode=fullscreen translucent=true sz=1}
11-26 18:41:25.767  1115  1461 I WindowManager: Reparenting to leash, surface=Surface(name=Task=1)/@0xc822f5e, leashParent=Surface(name=DefaultTaskDisplayArea)/@0xdda5962
11-26 18:41:25.768  1999  1999 D FullscreenTaskListener: Fullscreen Task Appeared: #3580, caller=com.android.wm.shell.ShellTaskOrganizer.onTaskAppeared:387 com.android.wm.shell.ShellTaskOrganizer.onTaskAppeared:376 android.window.TaskOrganizer$1.lambda$onTaskAppeared$4$TaskOrganizer$1:297 
11-26 18:41:25.768   940  3148 I SurfaceFlinger: id=17426 createSurf (0x0),-1 flag=24000, Surface(name=Task=1)/@0xc822f5e - animation-leash of app_transition#0
11-26 18:41:25.769  1115  1461 D WindowManager: makeSurface duration=2 leash=Surface(name=Surface(name=Task=1)/@0xc822f5e - animation-leash of app_transition)/@0x217d46b
11-26 18:41:25.769  1115  1461 D WindowManager: startAnimation
11-26 18:41:25.769  1115  1461 D WindowManager: createAnimationAdapter(): container=Task{367b211 #3580 type=standard A=10737:com.defaultcompany.trunk U=0 visible=true mode=fullscreen translucent=false sz=1}
11-26 18:41:25.769  1115  1461 I WindowManager: Reparenting to leash, surface=Surface(name=Task=3580)/@0xca03bc8, leashParent=Surface(name=DefaultTaskDisplayArea)/@0xdda5962
11-26 18:41:25.769   940  3148 I SurfaceFlinger: id=17427 createSurf (0x0),-1 flag=24004, Surface(name=Task=3580)/@0xca03bc8 - animation-leash of app_transition#0
11-26 18:41:25.770  1115  1461 D WindowManager: makeSurface duration=1 leash=Surface(name=Surface(name=Task=3580)/@0xca03bc8 - animation-leash of app_transition)/@0xdd4c47
11-26 18:41:25.770  1115  1461 D WindowManager: startAnimation
11-26 18:41:25.770  1115  1461 D WindowManager: goodToGo()
11-26 18:41:25.770  1115  1461 D WindowManager: createAppAnimations()
11-26 18:41:25.770  1115  1461 D WindowManager: 	Add container=Task{367b211 #3580 type=standard A=10737:com.defaultcompany.trunk U=0 visible=true mode=fullscreen translucent=false sz=1}
11-26 18:41:25.771  1115  1461 D WindowManager: 	Add container=Task{ed3f101 #1 type=home ?? U=0 visible=false mode=fullscreen translucent=true sz=1}
11-26 18:41:25.771  1115  1461 D WindowManager: createWallpaperAnimations()
11-26 18:41:25.771  1115  1461 D WindowManager: 	visible=WallpaperWindowToken{d16ff53 token=android.os.Binder@fe69342}
11-26 18:41:25.771  1115  1461 I WindowManager: Reparenting to leash, surface=Surface(name=WallpaperWindowToken{d16ff53 token=android.os.Binder@fe69342})/@0x878856, leashParent=Surface(name=Leaf:0:1)/@0xdc370d7
11-26 18:41:25.771   940  3148 I SurfaceFlinger: id=17428 createSurf (0x0),-1 flag=24000, Surface(name=WallpaperWindowToken{d16ff53 token=android.os.Binder@fe69342})/@0x878856 - animation-leash of window_animation#0
11-26 18:41:25.771  1115  1461 D WindowManager: makeSurface duration=1 leash=Surface(name=Surface(name=WallpaperWindowToken{d16ff53 token=android.os.Binder@fe69342})/@0x878856 - animation-leash of window_animation)/@0x62a3a12
11-26 18:41:25.771  1115  1461 D WindowManager: startAnimation
11-26 18:41:25.771  1115  1461 D WindowManager: createNonAppWindowAnimations()
11-26 18:41:25.772  1115  1461 I WindowManager: Cancelling animation restarting=true, leash=Surface(name=Surface(name=13583cb StatusBar)/@0x336d7fd - animation-leash of insets_animation)/@0xcbde606
11-26 18:41:25.772  1115  1461 I WindowManager: Reparenting to original parent: Surface(name=WindowToken{e42fe9a android.os.BinderProxy@2230bbc})/@0xed73cf2, destroy=false, surface=Surface(name=13583cb StatusBar)/@0x336d7fd
11-26 18:41:25.772  1115  1461 I WindowManager: Reparenting to leash, surface=Surface(name=13583cb StatusBar)/@0x336d7fd, leashParent=Surface(name=WindowToken{e42fe9a android.os.BinderProxy@2230bbc})/@0xed73cf2
11-26 18:41:25.772   940  3148 I SurfaceFlinger: id=17429 createSurf (0x0),-1 flag=24000, Surface(name=13583cb StatusBar)/@0x336d7fd - animation-leash of insets_animation#0
11-26 18:41:25.772  1115  1461 D WindowManager: makeSurface duration=0 leash=Surface(name=Surface(name=13583cb StatusBar)/@0x336d7fd - animation-leash of insets_animation)/@0xa6de55e
11-26 18:41:25.772  1115  1461 I WindowManager: Cancelling animation restarting=true, leash=Surface(name=Surface(name=234d322 NavigationBar0)/@0x398363e - animation-leash of insets_animation)/@0x5eb0af4
11-26 18:41:25.772  1115  1461 I WindowManager: Reparenting to original parent: Surface(name=WindowToken{8b128ed android.os.BinderProxy@72b3b17})/@0xa4a2c9f, destroy=false, surface=Surface(name=234d322 NavigationBar0)/@0x398363e
11-26 18:41:25.773  1115  1461 I WindowManager: Reparenting to leash, surface=Surface(name=234d322 NavigationBar0)/@0x398363e, leashParent=Surface(name=WindowToken{8b128ed android.os.BinderProxy@72b3b17})/@0xa4a2c9f
11-26 18:41:25.773   940  3148 I SurfaceFlinger: id=17430 createSurf (0x0),-1 flag=24000, Surface(name=234d322 NavigationBar0)/@0x398363e - animation-leash of insets_animation#0
11-26 18:41:25.773  1115  1461 D WindowManager: makeSurface duration=1 leash=Surface(name=Surface(name=234d322 NavigationBar0)/@0x398363e - animation-leash of insets_animation)/@0xa0e5b55
11-26 18:41:25.774  1999  1999 D NavigationBar: onSystemBarAttributesChanged() -  displayId:0, appearance:24 (APPEARANCE_LIGHT_STATUS_BARS APPEARANCE_LIGHT_NAVIGATION_BARS ), navbarColorManagedByIme:false
11-26 18:41:25.774  1999  1999 V Navbar.Store: handleEvent [EventType] GET_BOOL_REGION_SAMPLING_ENABLED [Module] LightBarController  KEYS_DEFAULT=false
11-26 18:41:25.774  1999  1999 V Navbar.Store: --[Band]COLOR_PACK_GET_REGION_SAMPLING_ENABLED
11-26 18:41:25.774  1999  1999 V Navbar.Store: ----getValue(BOOL_REGION_SAMPLING_ENABLED)=false
11-26 18:41:25.774  1115  1460 D SGM:GameManager: identifyGamePackage. com.defaultcompany.trunk, mCurrentUserId: 0, callerUserId: 0, callingMethodInfo: com.android.server.ssrm.fgapps.GameAppUtils.isGame(GameAppUtils.java:84)
11-26 18:41:25.774  1115  1460 D SGM:PkgDataHelper: getGamePkgData(). com.defaultcompany.trunk
11-26 18:41:25.774  1115  1461 D WindowManager: RemoteAnimationController::onAnimationStart, animations=[Landroid.view.RemoteAnimationTarget;@c7aae5b
11-26 18:41:25.774  1115  1461 D WindowManager: goodToGo(): onAnimationStart, transit=TRANSIT_OLD_WALLPAPER_CLOSE, apps=2, wallpapers=1, nonApps=0
11-26 18:41:25.775  1115  1461 D WindowManager: startAnimation(): Notify animation start:
11-26 18:41:25.775  1115  1461 I WindowManager: Starting remote animation
11-26 18:41:25.775  1115  1461 I WindowManager: container=Task{367b211 #3580 type=standard A=10737:com.defaultcompany.trunk U=0 visible=true mode=fullscreen translucent=false sz=1}
11-26 18:41:25.775  1115  1461 I WindowManager: Target:
11-26 18:41:25.775  1115  1461 I WindowManager:   mode=0 taskId=3580 isTranslucent=false clipRect=[0,0][0,0] contentInsets=[0,142][0,168] prefixOrderIndex=23 position=[0,0] sourceContainerBounds=[0,0][1440,3040] screenSpaceBounds=[0,0][1440,3040] localBounds=[0,0][1440,3040]
11-26 18:41:25.775  1115  1461 I WindowManager:   windowConfiguration={ mBounds=Rect(0, 0 - 1440, 3040) mAppBounds=Rect(0, 142 - 1440, 2872) mMaxBounds=Rect(0, 0 - 1440, 3040) mWindowingMode=fullscreen mDisplayWindowingMode=fullscreen mActivityType=standard mAlwaysOnTop=undefined mRotation=ROTATION_0 mPopOver=undefined mFreeformTaskPinningState=unpinned}
11-26 18:41:25.775  1115  1461 I WindowManager:   leash=Surface(name=Surface(name=Task=3580)/@0xca03bc8 - animation-leash of app_transition)/@0xdd4c47
11-26 18:41:25.775  1115  1461 I WindowManager:   taskInfo=TaskInfo{userId=0 taskId=3580 displayId=0 isRunning=true baseIntent=Intent { act=android.intent.action.MAIN cat=[android.intent.category.LAUNCHER] flg=0x10200000 cmp=com.defaultcompany.trunk/com.deepwaterooo.dwsdk.MainActivity } baseActivity=ComponentInfo{com.defaultcompany.trunk/com.deepwaterooo.dwsdk.MainActivity} topActivity=ComponentInfo{com.defaultcompany.trunk/com.deepwaterooo.dwsdk.MainActivity} origActivity=null realActivity=ComponentInfo{com.defaultcompany.trunk/com.deepwaterooo.dwsdk.MainActivity} numActivities=1 lastActiveTime=332423143 supportsSplitScreenMultiWindow=true supportsMultiWindow=true resizeMode=1 isResizeable=true token=WCT{RemoteToken{6be26f8 Task{367b211 #3580 type=standard A=10737:com.defaultcompany.trunk U=0 visible=true mode=fullscreen translucent=false sz=1}}} topActivityType=1 pictureInPictureParams=PictureInPictureParams( aspectRatio=null sourceRectHint=null hasSetActions=false isAutoPipEnabled=false isSeamlessResizeEnabled=true) displayCutoutSafeInsets=Rect(0, 142 - 0, 0) topActivityInfo=ActivityInfo{aa657d1 com.deepwaterooo.dwsdk.MainActivity} launchCookies=[android.os.BinderProxy@43b4236] positionInParent=Point(0, 0) parentTaskId=-1 isFocused=false isVisible=true topActivityInSizeCompat=false locusId= null topLaunchHome=false launchSplitWindowingMode=0 isPairTask=false pairedTaskIds=[] pairWindowingMode=0 pairDockSide=0 isAnimatingByRecent=false originallySupportedSplitScreen=true isAnimatingFreeformToFullscreen=false topActivityInFixedAspectRatio=false isTopTransparentActivity=true}
11-26 18:41:25.775  1115  1461 I WindowManager:   windowType=-1container=Task{ed3f101 #1 type=home ?? U=0 visible=false mode=fullscreen translucent=true sz=1}
11-26 18:41:25.775  1115  1461 I WindowManager: Target:
11-26 18:41:25.775  1115  1461 I WindowManager:   mode=1 taskId=3293 isTranslucent=false clipRect=[0,0][0,0] contentInsets=[0,142][0,168] prefixOrderIndex=20 position=[0,0] sourceContainerBounds=[0,0][1440,3040] screenSpaceBounds=[0,0][1440,3040] localBounds=[0,0][1440,3040]
11-26 18:41:25.775  1115  1461 I WindowManager:   windowConfiguration={ mBounds=Rect(0, 0 - 1440, 3040) mAppBounds=Rect(0, 142 - 1440, 2872) mMaxBounds=Rect(0, 0 - 1440, 3040) mWindowingMode=fullscreen mDisplayWindowingMode=fullscreen mActivityType=home mAlwaysOnTop=undefined mRotation=ROTATION_0 mPopOver=undefined mFreeformTaskPinningState=unpinned}
11-26 18:41:25.775  1115  1461 I WindowManager:   leash=Surface(name=Surface(name=Task=1)/@0xc822f5e - animation-leash of app_transition)/@0x217d46b
11-26 18:41:25.775  1115  1461 I WindowManager:   taskInfo=TaskInfo{userId=0 taskId=3293 displayId=0 isRunning=true baseIntent=Intent { act=android.intent.action.MAIN cat=[android.intent.category.HOME] flg=0x10000100 cmp=com.sec.android.app.launcher/.activities.LauncherActivity } baseActivity=ComponentInfo{com.sec.android.app.launcher/com.sec.android.app.launcher.activities.LauncherActivity} topActivity=ComponentInfo{com.sec.android.app.launcher/com.android.launcher3.uioverrides.QuickstepLauncher} origActivity=ComponentInfo{com.sec.android.app.launcher/com.sec.android.app.launcher.activities.LauncherActivity} realActivity=ComponentInfo{com.sec.android.app.launcher/com.android.launcher3.uioverrides.QuickstepLauncher} numActivities=1 lastActiveTime=332423110 supportsSplitScreenMultiWindow=true supportsMultiWindow=true resizeMode=2 isResizeable=true token=WCT{RemoteToken{20bd3e2 Task{2d92c1e #3293 type=home A=10111:com.sec.android.app.launcher.activities.LauncherActivity U=0 rootTaskId=1 visible=false mode=fullscreen translucent=true sz=1}}} topActivityType=2 pictureInPictureParams=null displayCutoutSafeInsets=Rect(0, 142 - 0, 0) topActivityInfo=ActivityInfo{c644373 com.sec.android.app.launcher.activities.LauncherActivity} launchCookies=[] positionInParent=Point(0, 0) parentTaskId=-1 isFocused=false isVisible=false topActivityInSizeCompat=false locusId= LocusId[17_chars] topLaunchHome=false launchSplitWindowingMode=0 isPairTask=false pairedTaskIds=[] pairWindowingMode=0 pairDockSide=0 isAnimatingByRecent=false originallySupportedSplitScreen=true isAnimatingFreeformToFullscreen=false topActivityInFixedAspectRatio=false isTopTransparentActivity=false}
11-26 18:41:25.775  1115  1461 I WindowManager:   windowType=-1
11-26 18:41:25.775  1999  1999 D SecLightBarControlHelper: updateStatus(BLACK icon) NumLightStacks:1, NumStacks:1, IndexLightStack:0, StatusBarMode:0, StatusBarState:SHD, NeedDarkFontFromWallpaper:false, isWhiteKeyguardStatusBarBySettings:false
11-26 18:41:25.777  2680  2839 I QuickstepTransition: finishWaitingForResponse
11-26 18:41:25.777  2680  2839 I LauncherAnimationRunner: onAnimationStart, appTargets : [Lcom.android.systemui.shared.system.RemoteAnimationTargetCompat;@9ee0e70 mStartAtFrontOfQueue : true
11-26 18:41:25.777  2680  2680 I QuickstepTransition: AppLaunchAnimationRunner, onCreateAnimation
11-26 18:41:25.777  2680  2680 W AppTransitionAnimatorImpl: animation with floating icon
11-26 18:41:25.777  2680  2680 I FloatingIconView: drawable is not adaptive icon: true
11-26 18:41:25.777  2680  2680 I RemoteAnimationTargets: unfilteredApps : [Lcom.android.systemui.shared.system.RemoteAnimationTargetCompat;@9ee0e70 apps : [Lcom.android.systemui.shared.system.RemoteAnimationTargetCompat;@9ee0e70 wallpapers : [Lcom.android.systemui.shared.system.RemoteAnimationTargetCompat;@e0f626e targetMode : 0 hasRecents : false
11-26 18:41:25.777  2680  2680 W AppTransitionAnimatorImpl: onAnimationStart - APP IN
11-26 18:41:25.777   940   940 I Layer   : id=17421 removedFromDrawingState Surface(name=234d322 NavigationBar0)/@0x398363e - animation-leash of insets_animation#1 (118)
11-26 18:41:25.778   940   940 I Layer   : id=69 removedFromDrawingState 234d322 NavigationBar0#0 (118)
11-26 18:41:25.778   940   940 I Layer   : id=81 removedFromDrawingState NavigationBar0$_1999#0 (118)
11-26 18:41:25.778   940   940 I Layer   : id=17420 removedFromDrawingState Surface(name=13583cb StatusBar)/@0x336d7fd - animation-leash of insets_animation#1 (118)
11-26 18:41:25.778   940   940 I Layer   : id=69 addToCurrentState 234d322 NavigationBar0#0 (118)
11-26 18:41:25.778   940   940 I Layer   : id=81 addToCurrentState NavigationBar0$_1999#0 (118)
11-26 18:41:25.778  2680  2680 I BadgeRenderer: Invalid count : 0
11-26 18:41:25.778  2680  2680 I BadgeRenderer: Invalid count : 0
11-26 18:41:25.778  1115  2617 V WindowManager: Relayout Window{4cdbd53 u0 NotificationShade}: viewVisibility=4 req=1440x3040 d0
11-26 18:41:25.780  1115  2617 V WindowManager: Relayout hash=4cdbd53, pid=1999: mAttrs={(0,0)(fillxfill) gr=TOP CENTER_VERTICAL sim={adjust=resize} layoutInDisplayCutoutMode=always ty=2040 fmt=TRANSLUCENT
11-26 18:41:25.780  1115  2617 V WindowManager:   fl=81840048
11-26 18:41:25.780  1115  2617 V WindowManager:   pfl=1b000000
11-26 18:41:25.780  1115  2617 V WindowManager:   vsysui=2000
11-26 18:41:25.780  1115  2617 V WindowManager:   apr=LIGHT_STATUS_BARS
11-26 18:41:25.780  1115  2617 V WindowManager:   bhv=SHOW_TRANSIENT_BARS_BY_SWIPE naviIconColor=0
11-26 18:41:25.780  1115  2617 V WindowManager:   sfl=42000}
11-26 18:41:25.780  2680  6098 I TouchInteractionService: onSystemUiStateChanged, stateFlags : 131072
11-26 18:41:25.780  1115  1460 D SGM:GameManager: identifyGamePackage. com.defaultcompany.trunk, mCurrentUserId: 0, callerUserId: 0, callingMethodInfo: com.android.server.ssrm.SortingMachine.isGame(SortingMachine.java:162)
11-26 18:41:25.780  1115  1460 D SGM:PkgDataHelper: getGamePkgData(). com.defaultcompany.trunk
11-26 18:41:25.780  1999  1999 I ViewRootImpl@d8197b4[NotificationShade]: Relayout returned: old=(0,0,1440,3040) new=(0,0,1440,3040) req=(1440,3040)4 dur=2 res=0x1 s={false 0} ch=false fn=-1
11-26 18:41:25.781  1999  1999 D KeyguardBottomAreaShortcutView: updateCameraVisibility isCameraDisabled:false visible:true
11-26 18:41:25.781  1999  1999 D KeyguardBottomAreaShortcutView: mIndicationArea margin start : 217, end : 217, bottom : 513
11-26 18:41:25.782  1115  1460 D SGM:GameManager: noteResumeComponent(), received pkgName: com.defaultcompany.trunk, userId: 0
11-26 18:41:25.782  1999  1999 D QS      : setQSExpansion 0.0 -157.325
11-26 18:41:25.782  1999  1999 D QS      : setQSExpansion 0.0 -157.325
11-26 18:41:25.782  1115  1460 I GameSDK@LifeCycle: noteResumeComponent(): package name  : com.defaultcompany.trunk
11-26 18:41:25.783  1999  1999 D IndicatorGardenInputProperty: updateRotation() prv:-1 >> new:0
11-26 18:41:25.783  1115  1795 D SGM:GameManager: onLooperPrepared(), msg: MSG_APP_RESUME, pkgName: com.defaultcompany.trunk, userid: 0
11-26 18:41:25.783  1999  1999 D DeviceState: getDeviceResolutionPixelSize - currentDensity = 560 deviceDensity = 560 initialDisplaySizeFactor = 1440 currentDisplaySizeFactor = 1440 initialDisplayDensity = 560 proportionalDensity = 560 proportionalPixel = 75
11-26 18:41:25.783  1115  1795 D SGM:GameManager: handleResume().
11-26 18:41:25.783  1999  1999 D DeviceState: getDeviceResolutionPixelSize - currentDensity = 560 deviceDensity = 560 initialDisplaySizeFactor = 1440 currentDisplaySizeFactor = 1440 initialDisplayDensity = 560 proportionalDensity = 560 proportionalPixel = 34
11-26 18:41:25.783  1115  1795 D SGM:GameManager:   handleResume(). same package with Prev KILL_YOURSELF. ignore
11-26 18:41:25.783  1999  1999 D DeviceState: getDeviceResolutionPixelSize - currentDensity = 560 deviceDensity = 560 initialDisplaySizeFactor = 1440 currentDisplaySizeFactor = 1440 initialDisplayDensity = 560 proportionalDensity = 560 proportionalPixel = 32
11-26 18:41:25.783  1115  1115 I CocktailBarManagerServiceContainer: handleMessage: entry what = 5
11-26 18:41:25.784  1115  1460 D SGM:GameManager: identifyGamePackage. com.defaultcompany.trunk, mCurrentUserId: 0, callerUserId: 0, callingMethodInfo: com.samsung.android.game.SemGameManager.isGamePackage(SemGameManager.java:104)
11-26 18:41:25.784  1115  1460 D SGM:PkgDataHelper: getGamePkgData(). com.defaultcompany.trunk
11-26 18:41:25.784  1115  1460 D SGM:SemGameManager: isGamePackage(), pkgName=com.defaultcompany.trunk, ret=false
11-26 18:41:25.784  2680  5159 I ViewRootImpl@635960b[LauncherActivity]: mWNT: t = android.view.SurfaceControl$Transaction@ecd5146 fN = 151 com.android.systemui.shared.system.ViewRootImplCompat.mergeWithNextTransaction:62 com.android.quickstep.util.SurfaceTransactionApplier.lambda$scheduleApply$0$SurfaceTransactionApplier:94 com.android.quickstep.util.-$$Lambda$SurfaceTransactionApplier$Xj9m0ayWHIr2xvQnKB4EJdxg8RU.accept:6 
11-26 18:41:25.784  2680  5159 I ViewRootImpl@635960b[LauncherActivity]: mWNT: merge t to BBQ
11-26 18:41:25.784   940  3149 I SurfaceFlinger: id=17421 Removed Surface(name=234d322 NavigationBar0)/@0x398363e - animation-leash of insets_animation#1 (118)
11-26 18:41:25.784  2680  2680 I TouchInteractionService: onSystemUiFlagsChanged, userUnlocked
11-26 18:41:25.784   940  3149 I SurfaceFlinger: id=17420 Removed Surface(name=13583cb StatusBar)/@0x336d7fd - animation-leash of insets_animation#1 (118)
11-26 18:41:25.785  1115  1460 D PowerManagerService: [api] setScreenDimDurationOverrideFromWindowManagerInternal: timeoutMillis: -1
11-26 18:41:25.785  1115  2714 D Debug   : low && ship && 3rdparty app crash, do not dump
11-26 18:41:25.785  1115  2714 W ActivityManager: crash : com.defaultcompany.trunk,10737
11-26 18:41:25.785  1115  2714 W ContextImpl: Calling a method in the system process without a qualified user: android.app.ContextImpl.sendBroadcast:1242 com.android.server.am.AppErrors.crashApplicationInner:723 com.android.server.am.AppErrors.crashApplication:584 com.android.server.am.ActivityManagerService.handleApplicationCrashInner:9723 com.android.server.am.ActivityManagerService.handleApplicationCrash:9602 
11-26 18:41:25.785  1115  2714 W ActivityTaskManager:   Force finishing activity com.defaultcompany.trunk/com.deepwaterooo.dwsdk.MainActivity
11-26 18:41:25.785  1115  2714 W WindowManager: Prepare app transition: mNextAppTransitionRequests=[TRANSIT_CLOSE], mNextAppTransitionFlags=TRANSIT_FLAG_APP_CRASHED, displayId: 0 Callers=com.android.server.wm.DisplayContent.prepareAppTransition:6358 com.android.server.wm.Task.finishTopCrashedActivityLocked:8869 com.android.server.wm.RootWindowContainer.lambda$finishTopCrashedActivities$20:2776 com.android.server.wm.RootWindowContainer$$ExternalSyntheticLambda30.accept:10 com.android.server.wm.Task.forAllTasks:5185 
11-26 18:41:25.785  1115  2714 W WindowManager: Prepare app transition: mNextAppTransitionRequests=[TRANSIT_CLOSE, TRANSIT_CLOSE], mNextAppTransitionFlags=TRANSIT_FLAG_APP_CRASHED, displayId: 0 Callers=com.android.server.wm.DisplayContent.prepareAppTransition:6358 com.android.server.wm.DisplayContent.requestTransitionAndLegacyPrepare:6373 com.android.server.wm.Task.finishTopCrashedActivityLocked:8870 com.android.server.wm.RootWindowContainer.lambda$finishTopCrashedActivities$20:2776 com.android.server.wm.RootWindowContainer$$ExternalSyntheticLambda30.accept:10 
11-26 18:41:25.786  1115  3218 W NetlinkSocket: maximum read
11-26 18:41:25.786  1115  2714 D InputDispatcher: Focused application set to (0): 19d74a0
11-26 18:41:25.786  1115  2714 D SGM:GameManager: TaskStackListener.onTaskFocusChanged(), taskId=3580, focused=false
11-26 18:41:25.786  1115  2714 D SGM:GameManager: TaskStackListener.onTaskFocusChanged(), taskId=3293, focused=true
11-26 18:41:25.786  1115  2714 D SGM:GameManager:   sendRunningComponentFocus(), pkgName: com.sec.android.app.launcher, userId: 0
11-26 18:41:25.786  1115  1795 D SGM:GameManager: onLooperPrepared(), msg: MSG_TASK_FOCUSED, pkgName: com.sec.android.app.launcher, userId: 0
11-26 18:41:25.786  1115  1795 D SGM:GameManager: handleTaskFocused().
11-26 18:41:25.786  1115  1795 D SGM:GameManager: sendFocusOutConditionally() - mPrevNotiPkg: KILL_YOURSELF, userId: 0
11-26 18:41:25.786  1115  1795 D SGM:GameManager:   handleTaskFocused(), pkgName: com.sec.android.app.launcher, userID:0 mResumedPkgMap does not containsKey.
11-26 18:41:25.787  1115  2714 W WindowManager: Prepare app transition: mNextAppTransitionRequests=[TRANSIT_CLOSE, TRANSIT_CLOSE, TRANSIT_CLOSE], mNextAppTransitionFlags=TRANSIT_FLAG_APP_CRASHED, displayId: 0 Callers=com.android.server.wm.DisplayContent.prepareAppTransition:6358 com.android.server.wm.DisplayContent.prepareAppTransition:6353 com.android.server.wm.ActivityRecord.finishIfPossible:3619 com.android.server.wm.ActivityRecord.finishIfPossible:3425 com.android.server.wm.Task.finishTopCrashedActivityLocked:8871 
11-26 18:41:25.787  1115  2714 D RestrictionPolicy: isScreenCaptureEnabled : ret=true userId=0
11-26 18:41:25.787  8812  8812 I Utils   : HomePackage : com.sec.android.app.launcher, resumePackageName : com.defaultcompany.trunk
11-26 18:41:25.790   940   940 I Layer   : id=17431 Destroyed Screenshot Parent
11-26 18:41:25.794   940   940 I Layer   : id=17420 Destroyed Surface(name=13583cb StatusBar)/@0x336d7fd - animation-leash of insets_animation#1
11-26 18:41:25.794   940   940 I Layer   : id=17421 Destroyed Surface(name=234d322 NavigationBar0)/@0x398363e - animation-leash of insets_animation#1
11-26 18:41:25.794  2680  5160 I ViewRootImpl@635960b[LauncherActivity]: mWNT: t = android.view.SurfaceControl$Transaction@e531f07 fN = 152 com.android.systemui.shared.system.ViewRootImplCompat.mergeWithNextTransaction:62 com.android.quickstep.util.SurfaceTransactionApplier.lambda$scheduleApply$0$SurfaceTransactionApplier:94 com.android.quickstep.util.-$$Lambda$SurfaceTransactionApplier$Xj9m0ayWHIr2xvQnKB4EJdxg8RU.accept:6 
11-26 18:41:25.794  2680  5160 I ViewRootImpl@635960b[LauncherActivity]: mWNT: merge t to BBQ
11-26 18:41:25.795  1115  1794 V ActivityManager: Changed top to ProcessRecord{7b9bddf 2680:com.sec.android.app.launcher/u0a111}
11-26 18:41:25.795  1115  1484 W BroadcastQueue: Background execution not allowed: receiving Intent { act=android.intent.action.DROPBOX_ENTRY_ADDED flg=0x10 (has extras) } to com.google.android.gms/.stats.service.DropBoxEntryAddedReceiver
11-26 18:41:25.795  1115  1484 W BroadcastQueue: Background execution not allowed: receiving Intent { act=android.intent.action.DROPBOX_ENTRY_ADDED flg=0x10 (has extras) } to com.google.android.gms/.chimera.GmsIntentOperationService$PersistentTrustedReceiver
11-26 18:41:25.796 18741 18741 I Process : Sending signal. PID: 18741 SIG: 9
11-26 18:41:25.799  1115  3218 W NetlinkSocket: maximum read
11-26 18:41:25.800  1115  3218 W NetlinkSocket: maximum read
11-26 18:41:25.801  4404  4404 I DMASA[D]: [DropBoxReceiverManager]blockList : com.samsung.context.sdk.sampleapp2
11-26 18:41:25.801  4404  4404 I DMASA[D]: [DropBoxReceiverManager]allowList : com.whatsapp
11-26 18:41:25.801  4404  4404 I DMASA[D]: [DropBoxReceiverManager]allowList : com.google.android.apps.maps
11-26 18:41:25.801  4404  4404 I DMASA[D]: [DropBoxReceiverManager]allowList : com.samsung.context.sdk.sampleapp*
11-26 18:41:25.802  4404  4404 I DMASA[D]: [DropBoxReceiverManager]allowList : com.snapchat.android
11-26 18:41:25.802   940   940 D SurfaceFlinger: Display 4630947232161729153 HWC layers:
11-26 18:41:25.802   940   940 D SurfaceFlinger:      CLIENT | 0xb400007a2c826dc0 | 0100 | RGBx_8888    |    1.0    0.0 1081.0 2280.0 |    0    0 1440 3040 | Wallpaper BBQ wrapper#0
11-26 18:41:25.802   940   940 D SurfaceFlinger:      CLIENT |              | 0000 |  Unknown  |    0.0    0.0    0.0    0.0 |    0    0 1440 3040 | OneUiHome-BlurLayer#0 (backgroundBlurRadius)
11-26 18:41:25.802   940   940 D SurfaceFlinger:      CLIENT | 0xb400007a2c84b2d0 | 0100 | RGBA_8888    |    0.0    0.0 1440.0 3040.0 |    0    0 1440 3040 | com.sec.android.app.launcher/com.sec[...].activities.LauncherActivity$_2680#0
11-26 18:41:25.802   940   940 D SurfaceFlinger:      CLIENT | 0xb400007a2c863150 | 0100 | RGBA_8888    |    0.0  537.0 1440.0 1977.0 |  436  906  671 1142 | Splash Screen com.defaultcompany.trunk$_1999#0
11-26 18:41:25.802   940   940 D SurfaceFlinger:      DEVICE | 0xb400007a2c847b20 | 0100 | RGBA_8888    |    0.0    0.0 1440.0  142.0 |    0    0 1440  142 | StatusBar$_1999#0
11-26 18:41:25.802   940   940 D SurfaceFlinger:      DEVICE | 0xb400007a2c85e9e0 | 0100 | RGBA_8888    |    0.0    0.0   67.0  568.0 |    0  806   67 1374 | com.samsung.android.app.cocktailbars[...]arservice.CocktailBarService$_8812#0
11-26 18:41:25.802   940   940 D SurfaceFlinger:      DEVICE | 0xb400007a2c865820 | 0100 | RGBA_8
11-26 18:41:25.802   940   940 D SurfaceFlinger: 888    |    0.0    0.0 1440.0  168.0 |    0 2872 1440 3040 | NavigationBar0$_1999#0
11-26 18:41:25.802   940   940 D SurfaceFlinger: 
11-26 18:41:25.802  4404  4404 I DMASA[D]: [DropBoxReceiverManager]allowList : com.nhn.android.nmap
11-26 18:41:25.802  4404  4404 I DMASA[D]: [DropBoxReceiverManager]allowList : com.facebook.katana
11-26 18:41:25.802  4404  4404 I DMASA[D]: [DropBoxReceiverManager]allowList : com.yahoo.mobile.client.android.mail
11-26 18:41:25.802  4404  4404 I DMASA[D]: [DropBoxReceiverManager]allowList : com.samsung.diagmonagenttest
11-26 18:41:25.802  4404  4404 I DMASA[D]: [DropBoxReceiverManager]allowList : com.nhn.android.search
11-26 18:41:25.802  4404  4404 I DMASA[D]: [DropBoxReceiverManager]allowList : com.instagram.android
11-26 18:41:25.802   940  3151 D NativeSemDvfsManager: acquire:: timeout = 2000 mIsAcquired = 1  mTagName : SurfaceFlinger 
11-26 18:41:25.802  4404  4404 I DMASA[D]: [DropBoxReceiverManager]allowList : com.google.android.googlequicksearchbox
11-26 18:41:25.803  4404  4404 I DMASA[D]: [DropBoxReceiverManager]allowList : com.zhiliaoapp.musically
11-26 18:41:25.803   862   901 I HYPER-HAL: [RequestManager.cpp]acquire(): Acquired ID : 1883770  [940 / 1000]    HINT : SF_GPU_MINLOCK    list : [TIMEOUT / 2000] 
11-26 18:41:25.803   940  3151 E NativeCustomFrequencyManager: [NativeCFMS] BpCustomFrequencyManager::acquire()
11-26 18:41:25.804  4404  4404 I DMASA[D]: [DropBoxReceiverManager]allowList : com.google.android.gm
11-26 18:41:25.804  4404  4404 I DMASA[D]: [DropBoxReceiverManager]allowList : com.kakao.talk
11-26 18:41:25.804  1999  2247 E TaskStackListenerAbstract: onTaskSnapshotChanged called by Binder.getCallingPid() 0 android.app.ITaskStackListener$Stub.onTransact:585 android.os.Binder.execTransactInternal:1220 android.os.Binder.execTransact:1179 <bottom of call stack> 
11-26 18:41:25.804  4404  4404 I DMASA[D]: [DropBoxReceiverManager]allowList : com.google.android.youtube
11-26 18:41:25.804  1115  3218 W NetlinkSocket: maximum read
11-26 18:41:25.804  1115  3218 W NetlinkSocket: maximum read
11-26 18:41:25.804  4404  4404 I DMASA[D]: [DropBoxReceiverManager]allowList : com.microsoft.office.outlook
11-26 18:41:25.804  1999  5961 E TaskStackListenerAbstract: onTaskSnapshotChanged called by Binder.getCallingPid() 0 android.app.ITaskStackListener$Stub.onTransact:585 android.os.Binder.execTransactInternal:1220 android.os.Binder.execTransact:1179 <bottom of call stack> 
11-26 18:41:25.804  1115  3218 W NetlinkSocket: maximum read
11-26 18:41:25.804  1115  3218 W NetlinkSocket: maximum read
11-26 18:41:25.804  4404  4404 I DMASA[D]: [DropBoxReceiverManager]allowList : com.facebook.orca
11-26 18:41:25.804  4404  4404 I DMASA[D]: [DropBoxReceiverManager]allowList : com.netflix.mediaclient
11-26 18:41:25.804  4404  4404 W DMASA[D]: [DropBoxReceiverManager]This app does not allow 3rd-party FC detection: com.defaultcompany.trunk
11-26 18:41:25.805  4427 22989 E TaskStackListenerAbstract: onTaskSnapshotChanged called by Binder.getCallingPid() 0 android.app.ITaskStackListener$Stub.onTransact:585 android.os.Binder.execTransactInternal:1220 android.os.Binder.execTransact:1179 <bottom of call stack> 
11-26 18:41:25.811  2680  5159 I ViewRootImpl@635960b[LauncherActivity]: mWNT: t = android.view.SurfaceControl$Transaction@3428834 fN = 153 com.android.systemui.shared.system.ViewRootImplCompat.mergeWithNextTransaction:62 com.android.quickstep.util.SurfaceTransactionApplier.lambda$scheduleApply$0$SurfaceTransactionApplier:94 com.android.quickstep.util.-$$Lambda$SurfaceTransactionApplier$Xj9m0ayWHIr2xvQnKB4EJdxg8RU.accept:6 
11-26 18:41:25.811  2680  5159 I ViewRootImpl@635960b[LauncherActivity]: mWNT: merge t to BBQ
11-26 18:41:25.824   772   772 I Zygote  : Process 18741 exited due to signal 9 (Killed)
11-26 18:41:25.825  1115  2617 I ActivityManager: Process com.defaultcompany.trunk (pid 18741) has died: prcp TOP (348,3539)
11-26 18:41:25.825  1115  1486 I libprocessgroup: Successfully killed process cgroup uid 10737 pid 18741 in 0ms
11-26 18:41:25.827  1115  2617 I ActivityTaskManager: Removing activity ActivityRecord{4e76e9b u0 com.defaultcompany.trunk/com.deepwaterooo.dwsdk.MainActivity t3580 f}}(appDied)  from stack callers=com.android.server.wm.ActivityRecord.handleAppDied:4261 com.android.server.wm.WindowProcessController.handleAppDied:1287 com.android.server.wm.ActivityTaskManagerService$LocalService.handleAppDied:7031 com.android.server.am.ActivityManagerService.handleAppDiedLocked:3649 com.android.server.am.ActivityManagerService.appDiedLocked:3839 
11-26 18:41:25.828  1115  3218 W NetlinkSocket: maximum read
11-26 18:41:25.828  2680  5160 I ViewRootImpl@635960b[LauncherActivity]: mWNT: t = android.view.SurfaceControl$Transaction@50c065d fN = 154 com.android.systemui.shared.system.ViewRootImplCompat.mergeWithNextTransaction:62 com.android.quickstep.util.SurfaceTransactionApplier.lambda$scheduleApply$0$SurfaceTransactionApplier:94 com.android.quickstep.util.-$$Lambda$SurfaceTransactionApplier$Xj9m0ayWHIr2xvQnKB4EJdxg8RU.accept:6 
11-26 18:41:25.828  2680  5160 I ViewRootImpl@635960b[LauncherActivity]: mWNT: merge t to BBQ
11-26 18:41:25.829  1115  3181 D PkgPredictorService-IpmNapPreloadController: app:0_&_com.defaultcompany.trunk die, remove from <launchTime:2022-11-26 18:41:19 hour:18 day:7 previous:[com.defaultcompany.trunk, com.defaultcompany.trunk, com.defaultcompany.trunk] running:com.defaultcompany.trunk/unknown apkVersion:1.0 userId:0 screenOrientation:1 wifi:3 bt:0 predictTime:1 launching Time:0 predicted:true prediction:[0_&_com.tencent.mm, 0_&_com.defaultcompany.trunk, 0_&_com.android.settings] preloaded:true preloading:[0_&_com.tencent.mm, 0_&_com.defaultcompany.trunk]>
11-26 18:41:25.830  1115  2617 D InputTransport: Input channel destroyed: 'c045e4d', fd=559
11-26 18:41:25.830  1115  2617 W InputManager-JNI: Input channel object 'c045e4d Splash Screen com.defaultcompany.trunk (client)' was disposed without first being removed with the input manager!
11-26 18:41:25.830  1115  2617 D InputTransport: Input channel destroyed: 'c045e4d', fd=640
11-26 18:41:25.831  1115  2617 I WindowManager: Destroying surface Surface(name=Splash Screen com.defaultcompany.trunk$_1999)/@0xb9bd741 called by com.android.server.wm.WindowStateAnimator.destroySurface:987 com.android.server.wm.WindowStateAnimator.destroySurfaceLocked:518 com.android.server.wm.WindowState.removeImmediately:2960 com.android.server.wm.WindowContainer.removeImmediately:723 com.android.server.wm.WindowToken.removeImmediately:377 com.android.server.wm.ActivityRecord.removeImmediately:4273 com.android.server.wm.ActivityRecord.removeIfPossible:4280 com.android.server.wm.ActivityRecord.onRemovedFromDisplay:4369 
11-26 18:41:25.835  1115  2617 W ActivityTaskManager: removeImmediately: remove leash of taskId=3580
11-26 18:41:25.835  1115  2617 I WindowManager: Cancelling animation restarting=false, leash=Surface(name=Surface(name=Task=3580)/@0xca03bc8 - animation-leash of app_transition)/@0xdd4c47
11-26 18:41:25.835  1115  2617 I WindowManager: Reparenting to original parent: Surface(name=DefaultTaskDisplayArea)/@0xdda5962, destroy=false, surface=Surface(name=Task=3580)/@0xca03bc8
11-26 18:41:25.835   940  1546 I SurfaceFlinger: id=17432 createSurf (0x0),-1 flag=24004, Task=3580#1
11-26 18:41:25.837  4427  4427 I SDHMS:BarTender:Gatherer:AppError: update AppError : uid=10737, pkg=com.defaultcompany.trunk, errorType=crash
11-26 18:41:25.837  1115  2617 V MARsPolicyManager: Current Home Package com.sec.android.app.launcher Resumed
11-26 18:41:25.837  1115  2617 I SemDvfsHyPerManager: acquire hyper - AMS_APP_HOME/1115@32, type = -999
11-26 18:41:25.837   862   901 I HYPER-HAL: [RequestManager.cpp]acquire(): Acquired ID : 658410  [1115 / 32]    HINT : AMS_APP_HOME    list : 
11-26 18:41:25.838  1115  2617 D ActivityManagerPerformance: AMP_acquire() HOME
11-26 18:41:25.838  1115  2617 W WindowManager: Prepare app transition: mNextAppTransitionRequests=[TRANSIT_CLOSE, TRANSIT_CLOSE, TRANSIT_CLOSE, TRANSIT_OPEN], mNextAppTransitionFlags=TRANSIT_FLAG_APP_CRASHED, displayId: 0 Callers=com.android.server.wm.DisplayContent.prepareAppTransition:6358 com.android.server.wm.DisplayContent.prepareAppTransition:6353 com.android.server.wm.Task.resumeTopActivityInnerLocked:8420 com.android.server.wm.Task.resumeTopActivityInnerLocked:8129 com.android.server.wm.Task.resumeTopActivityUncheckedLocked:8027 
11-26 18:41:25.838  1115  3218 W NetlinkSocket: maximum read
11-26 18:41:25.838  1115  2617 V WindowManager: rotationForOrientation(orient=SCREEN_ORIENTATION_NOSENSOR (5), last=ROTATION_0 (0)); user=ROTATION_0 (0) 
11-26 18:41:25.838  1115  2617 D WindowManager: rotationForOrientation, orientationSource=ActivityRecord{19d74a0 u0 com.sec.android.app.launcher/.activities.LauncherActivity t3293}
11-26 18:41:25.839  1115  2617 V WindowManager: Computed rotation=ROTATION_0 (0) for display id=0 based on lastOrientation=SCREEN_ORIENTATION_NOSENSOR (5) and oldRotation=ROTATION_0 (0), caller=com.android.server.wm.DisplayRotation.updateOrientation:407 com.android.server.wm.DisplayContent.updateOrientation:1932 com.android.server.wm.DisplayContent.updateOrientation:1870 com.android.server.wm.RootWindowContainer.ensureVisibilityAndConfig:2207 com.android.server.wm.Task.resumeTopActivityInnerLocked:8488 com.android.server.wm.Task.resumeTopActivityInnerLocked:8129 
11-26 18:41:25.839  1115  2617 D TspStateManager: updateCustomValue customSetting=
11-26 18:41:25.839  1115  2617 D TspStateManager: updateCustomValue customSetting=
11-26 18:41:25.839  2680  2680 I ViewRootImpl@635960b[LauncherActivity]: stopped(false) old=false
11-26 18:41:25.839  2680  2680 I Launcher: !@Boot_DEBUG: Launcher.onResume()
11-26 18:41:25.839  2680  2680 I Launcher: !@Boot_EBS_D: Launcher.onResume()
11-26 18:41:25.840  2680  2680 I BaseActivity: addActivityFlags, flags : 18
11-26 18:41:25.840  2680  2680 I BaseActivity: removeActivityFlags, flags : 32
11-26 18:41:25.840  2680  2680 I AppsSearchBar: restoreCurrentCellLayoutAlpha: null
11-26 18:41:25.840  2680  2680 W PageOverlayMover: isMoving : false
11-26 18:41:25.840  2680  2680 I DecorView: notifyKeepScreenOnChanged: keepScreenOn=false
11-26 18:41:25.840  2680  2739 I IMM_LC  : hsifw() - flags=0, caller=android.view.inputmethod.InputMethodManager.hideSoftInputFromWindow:1846 android.view.inputmethod.InputMethodManager.hideSoftInputFromWindow:1815 com.android.launcher3.util.UiThreadHelper$UiCallbacks.handleMessage:103 android.os.Handler.dispatchMessage:102 android.os.Looper.loopOnce:226 
11-26 18:41:25.840  2680  2739 I IMM_LC  : hideSoftInputFromWindow - mService.hideSoftInput
11-26 18:41:25.840   769   776 E statsd  : Predicate -7037417284711607308 dropping data for dimension key (10)0x2010101->10737[I] (10)0x30000->*launch*[S] 
11-26 18:41:25.840  2680  2680 I Launcher: setWallpaperOffsets
11-26 18:41:25.840  1115  2714 D InputMethodManagerService: hideSoftInput
11-26 18:41:25.840  1115  2714 V InputMethodManagerService: Client requesting input be hidden
11-26 18:41:25.840  1115  2714 V InputMethodManagerService: hideCurrentInputLocked : shouldHideSoftInput is false
11-26 18:41:25.841  2680  2680 I DecorView: notifyKeepScreenOnChanged: keepScreenOn=false
11-26 18:41:25.841   769   776 E statsd  : Predicate 5980654721335871649 dropping data for dimension key (10)0x2010101->10737[I] (10)0x30000->*launch*[S] 
11-26 18:41:25.841  2680  2680 I BaseActivity: addActivityFlags, flags : 4
11-26 18:41:25.841  2680  2680 I Launcher: onDeferredResumed
11-26 18:41:25.841  2680  2680 W Launcher.NotificationListener: setNotificationsChangedListener connected : false
11-26 18:41:25.841  2680  2680 I BadgeCountUpdaterImpl: onNotificationsChangedConnected
11-26 18:41:25.841  2680  2680 W LauncherAppWidgetHost: setShouldListenFlag, mFlags:7 flag:resume on:true isFront:false
11-26 18:41:25.841  1115  2617 W WindowManager: Execute app transition: mNextAppTransitionRequests=[TRANSIT_CLOSE, TRANSIT_CLOSE, TRANSIT_CLOSE, TRANSIT_OPEN], mNextAppTransitionFlags=TRANSIT_FLAG_APP_CRASHED, displayId: 0 Callers=com.android.server.wm.RootWindowContainer.executeAppTransitionForAllDisplay:2701 com.android.server.wm.ActivityTaskSupervisor.reportResumedActivityLocked:2252 com.android.server.wm.ActivityRecord.completeResumeLocked:6320 com.android.server.wm.Task.resumeTopActivityInnerLocked:8578 com.android.server.wm.Task.resumeTopActivityInnerLocked:8129 
11-26 18:41:25.843  2680  9053 I Launcher: DisplayMetrics from Resources : DisplayMetrics{density=3.5, width=1440, height=2730, scaledDensity=3.8500001, xdpi=522.514, ydpi=521.729}
11-26 18:41:25.843  2680  9053 I Launcher: realMetrics from Wm : DisplayMetrics{density=3.5, width=1440, height=3040, scaledDensity=3.5, xdpi=522.514, ydpi=521.729}
11-26 18:41:25.843  2680  9053 I Launcher: DeviceProfile, isLand : false, isMultiWin :false, availableWidthPx : 1440, availableHeightPx : 2872
11-26 18:41:25.843  1115  2617 W ActivityTaskManager: Can't find TaskDisplayArea to determine support for multi window. Task id=3580 attached=false
11-26 18:41:25.843  1115  2617 W ActivityTaskManager: Can't find TaskDisplayArea to determine support for multi window. Task id=3580 attached=false
11-26 18:41:25.843  1115  2617 W ActivityTaskManager: Can't find TaskDisplayArea to determine support for multi window. Task id=3580 attached=false
11-26 18:41:25.843  1115  2617 D WindowManager: Loading animation for app transition. transit=TRANSIT_OLD_CRASHING_ACTIVITY_CLOSE enter=true frame=Rect(0, 0 - 1440, 2730) insets=Rect(0, 0 - 0, 0) surfaceInsets=Rect(0, 0 - 0, 0)
11-26 18:41:25.843   940   940 I Layer   : id=17425 removedFromDrawingState Splash Screen com.defaultcompany.trunk$_1999#0 (117)
11-26 18:41:25.844   940   940 I Layer   : id=17424 removedFromDrawingState c045e4d Splash Screen com.defaultcompany.trunk#0 (117)
11-26 18:41:25.844   940   940 I Layer   : id=17423 removedFromDrawingState ActivityRecord{4e76e9b u0 com.defaultcompany.trunk/com.deepwaterooo.dwsdk.MainActivity t3580}#0 (117)
11-26 18:41:25.844   940   940 I Layer   : id=17422 removedFromDrawingState Task=3580#0 (117)
11-26 18:41:25.844   940   940 I Layer   : id=17432 removedFromDrawingState Task=3580#1 (117)
11-26 18:41:25.844   940   940 I Layer   : id=17427 removedFromDrawingState Surface(name=Task=3580)/@0xca03bc8 - animation-leash of app_transition#0 (117)
11-26 18:41:25.844   940   940 I SurfaceFlinger: id=17423 Removed ActivityRecord{4e76e9b u0 com.defaultcompany.trunk/com.deepwaterooo.dwsdk.MainActivity t3580}#0 (117)
11-26 18:41:25.844   940   940 I SurfaceFlinger: id=17432 Removed Task=3580#1 (117)
11-26 18:41:25.844   940   940 I SurfaceFlinger: id=17424 Removed c045e4d Splash Screen com.defaultcompany.trunk#0 (117)
11-26 18:41:25.844   940   940 I Layer   : id=17432 Destroyed Task=3580#1
11-26 18:41:25.844   940   940 I Layer   : id=17423 Destroyed ActivityRecord{4e76e9b u0 com.defaultcompany.trunk/com.deepwaterooo.dwsdk.MainActivity t3580}#0
11-26 18:41:25.845   940   940 I Layer   : id=17424 Destroyed c045e4d Splash Screen com.defaultcompany.trunk#0
11-26 18:41:25.846  1115  2617 I WindowManager: Cancelling animation restarting=true, leash=Surface(name=Surface(name=13583cb StatusBar)/@0x336d7fd - animation-leash of insets_animation)/@0xa6de55e
11-26 18:41:25.846  1115  2617 I WindowManager: Reparenting to original parent: Surface(name=WindowToken{e42fe9a android.os.BinderProxy@2230bbc})/@0xed73cf2, destroy=false, surface=Surface(name=13583cb StatusBar)/@0x336d7fd
11-26 18:41:25.846  1115  2617 I WindowManager: Reparenting to leash, surface=Surface(name=13583cb StatusBar)/@0x336d7fd, leashParent=Surface(name=WindowToken{e42fe9a android.os.BinderProxy@2230bbc})/@0xed73cf2
11-26 18:41:25.846   940  1016 I SurfaceFlinger: id=17433 createSurf (0x0),-1 flag=24000, Surface(name=13583cb StatusBar)/@0x336d7fd - animation-leash of insets_animation#1
11-26 18:41:25.847  4427  4427 I SDHMS:BarTender:Analyzer:AppError: analyze app error : uid=10737, pkg=com.defaultcompany.trunk, appErrorCount=3
11-26 18:41:25.847  4427  4427 I SemDvfsHyPerManager: acquire hyper - APP_START_SHORT/4427@14, type = -999
11-26 18:41:25.847   862   901 I HYPER-HAL: [RequestManager.cpp]acquire(): Acquired ID : 9863475  [4427 / 14]    HINT : APP_START    list : [TIMEOUT / 1500] 
11-26 18:41:25.849  1115  2617 D WindowManager: makeSurface duration=2 leash=Surface(name=Surface(name=13583cb StatusBar)/@0x336d7fd - animation-leash of insets_animation)/@0xed32d79
11-26 18:41:25.849  1115  2617 I WindowManager: Cancelling animation restarting=true, leash=Surface(name=Surface(name=234d322 NavigationBar0)/@0x398363e - animation-leash of insets_animation)/@0xa0e5b55
11-26 18:41:25.849  1115  2617 I WindowManager: Reparenting to original parent: Surface(name=WindowToken{8b128ed android.os.BinderProxy@72b3b17})/@0xa4a2c9f, destroy=false, surface=Surface(name=234d322 NavigationBar0)/@0x398363e
11-26 18:41:25.849  1115  2617 I WindowManager: Reparenting to leash, surface=Surface(name=234d322 NavigationBar0)/@0x398363e, leashParent=Surface(name=WindowToken{8b128ed android.os.BinderProxy@72b3b17})/@0xa4a2c9f
