12-02 14:53:41.791  2680  2741 I GameLauncherManagerImp: com.example.dimple.myapplication does not contain game list
12-02 14:53:41.791  2680  2741 I GameLauncherManagerImp: cn.bluemobi.dylan.viewpagerfragmentlazyload does not contain game list
12-02 14:53:41.791  2680  2741 I GameLauncherManagerImp: com.example.rxjava2demo does not contain game list
12-02 14:53:41.791  2680  2741 I GameLauncherManagerImp: com.me.unittesting does not contain game list
12-02 14:53:41.791  2680  2741 I GameLauncherManagerImp: com.example.alan.androidunittest does not contain game list
12-02 14:53:41.791  2680  2741 I GameLauncherManagerImp: com.huangyuanlove.sunflower_java does not contain game list
12-02 14:53:41.791  2680  2741 I GameLauncherManagerImp: com.example.android.codelabs.navigation does not contain game list
12-02 14:53:41.791  2680  2741 I GameLauncherManagerImp: com.example.composehoo does not contain game list
12-02 14:53:41.791  2680  2741 I GameLauncherManagerImp: com.joe.jetpackdemo does not contain game list
12-02 14:53:41.791  2680  2741 I GameLauncherManagerImp: com.drake.brv.sample does not contain game list
12-02 14:53:41.791  2680  2741 I GameLauncherManagerImp: com.learn2crack.recyclerjsonparsing does not contain game list
12-02 14:53:41.791  2680  2741 I GameLauncherManagerImp: com.kaka.recyclerview does not contain game list
12-02 14:53:41.791  2680  2741 I GameLauncherManagerImp: com.jeroenmols.mockitoexample does not contain game list
12-02 14:53:41.791  2680  2741 I GameLauncherManagerImp: com.zl.weilu.androidut does not contain game list
12-02 14:53:41.791  2680  2741 I GameLauncherManagerImp: com.chs.doubankotlin does not contain game list
12-02 14:53:41.791  2680  2741 I GameLauncherManagerImp: top.littledavid.snake does not contain game list
12-02 14:53:41.791  2680  2741 I GameLauncherManagerImp: us.egek.mvvm does not contain game list
12-02 14:53:41.791  2680  2741 I GameLauncherManagerImp: us.egek.mvvm does not contain game list
12-02 14:53:41.791  2680  2741 I GameLauncherManagerImp: luyao.wanandroid does not contain game list
12-02 14:53:41.791  2680  2741 I GameLauncherManagerImp: luyao.wanandroid does not contain game list
12-02 14:53:41.791  2680  2741 I GameLauncherManagerImp: com.peanutbutterapps.mvvmrecyclerviewmitch does not contain game list
12-02 14:53:41.791  2680  2741 I GameLauncherManagerImp: com.example.pagingdemo does not contain game list
12-02 14:53:41.791  2680  2741 I GameLauncherManagerImp: com.codingwithmitch.mvvmrecipeapp does not contain game list
12-02 14:53:41.791  2680  2741 I GameLauncherManagerImp: com.me.ktl does not contain game list
12-02 14:53:41.791  2680  2741 I GameLauncherManagerImp: com.antonioleiva.coroutines does not contain game list
12-02 14:53:41.791  2680  2741 I GameLauncherManagerImp: com.wangsz.meizi does not contain game list
12-02 14:53:41.791  2680  2741 I GameLauncherManagerImp: com.wangsz.meizi does not contain game list
12-02 14:53:41.791   933   933 I SSC_DAEMON: physical_sensor_test_req_msg Sensor type :4, Msg type:11
12-02 14:53:41.792 30534 30615 D erooo.dwsdkTes: PlayerBase::PlayerBase()
12-02 14:53:41.792  2680  2741 I GameLauncherManagerImp: com.qingmei2.samplepaging does not contain game list
12-02 14:53:41.792  2680  2741 I GameLauncherManagerImp: com.mei_husky.sample_dagger2 does not contain game list
12-02 14:53:41.792  2680  2741 I GameLauncherManagerImp: com.example.hiltsample does not contain game list
12-02 14:53:41.792  2680  2741 I GameLauncherManagerImp: com.hqk.hiltdemo does not contain game list
12-02 14:53:41.792  2680  2741 I GameLauncherManagerImp: com.nightonke.wowoviewpagerexample does not contain game list
12-02 14:53:41.792  2680  2741 I GameLauncherManagerImp: com.example.liuwangshu.moonmessenger does not contain game list
12-02 14:53:41.792  2680  2741 I GameLauncherManagerImp: com.me.socket does not contain game list
12-02 14:53:41.792  2680  2741 I GameLauncherManagerImp: com.yuanhh.appbinderdemo does not contain game list
12-02 14:53:41.792  2680  2741 I GameLauncherManagerImp: com.me.recyclerview does not contain game list
12-02 14:53:41.792  2680  2741 I GameLauncherManagerImp: com.codetutor.fragmentsdemo does not contain game list
12-02 14:53:41.792  2680  2741 I GameLauncherManagerImp: com.example.fragmentdemo does not contain game list
12-02 14:53:41.792  2680  2741 I GameLauncherManagerImp: com.caobo.slideviewdemo does not contain game list
12-02 14:53:41.792  2680  2741 I GameLauncherManagerImp: com.mikelau.sample does not contain game list
12-02 14:53:41.792  2680  2741 I GameLauncherManagerImp: com.me.thread does not contain game list
12-02 14:53:41.792  2680  2741 I GameLauncherManagerImp: com.example.carson_ho.handler_learning does not contain game list
12-02 14:53:41.792  2680  2741 I GameLauncherManagerImp: com.example.carson_ho.handler_learning does not contain game list
12-02 14:53:41.792  2680  2741 I GameLauncherManagerImp: com.luck.custom does not contain game list
12-02 14:53:41.792  2680  2741 I GameLauncherManagerImp: com.ddmeng.helloanimations does not contain game list
12-02 14:53:41.792  2680  2741 I GameLauncherManagerImp: com.me.listview does not contain game list
12-02 14:53:41.792  2680  2741 I GameLauncherManagerImp: com.example.administrator.piechartview does not contain game list
12-02 14:53:41.792  2680  2741 I GameLauncherManagerImp: com.tylersuehr.bubblelayout does not contain game list
12-02 14:53:41.792  2680  2741 I GameLauncherManagerImp: com.openxu.customlayout does not contain game list
12-02 14:53:41.792  2680  2741 I GameLauncherManagerImp: net.anumbrella.rippledemo does not contain game list
12-02 14:53:41.792 30534 30615 D erooo.dwsdkTes: TrackPlayerBase::TrackPlayerBase()
12-02 14:53:41.792 30534 30615 I libOpenSLES: Emulating old channel mask behavior (ignoring positional mask 0x3, using default mask 0x3 based on channel count of 2)
12-02 14:53:41.792 30534 30615 W AudioTrack: set(): notificationFrames=-21 clamped to the range -1 to -8
12-02 14:53:41.794   866   866 I SehLight: lcd : 12604+
12-02 14:53:41.792  2680  2741 I GameLauncherManagerImp: com.me.egl does not contain game list
12-02 14:53:41.795  2680  2741 I GameLauncherManagerImp: com.example.eglintro does not contain game list
12-02 14:53:41.795  2680  2741 I GameLauncherManagerImp: com.lsp.myapplication does not contain game list
12-02 14:53:41.795  2680  2741 I GameLauncherManagerImp: com.afei.camerademo does not contain game list
12-02 14:53:41.795  2680  2741 I GameLauncherManagerImp: com.android.gles3jni does not contain game list
12-02 14:53:41.795  2680  2741 I GameLauncherManagerImp: com.spx.videoclipeditviewtest does not contain game list
12-02 14:53:41.795  2680  2741 I GameLauncherManagerImp: com.example.yllds.androidopengldemo does not contain game list
12-02 14:53:41.795  2680  2741 I GameLauncherManagerImp: com.cxp.learningvideo does not contain game list
12-02 14:53:41.795  2680  2741 I GameLauncherManagerImp: com.me.opengl does not contain game list
12-02 14:53:41.795  2680  2741 I GameLauncherManagerImp: com.ben.android.learnopengl does not contain game list
12-02 14:53:41.795  2680  2741 I GameLauncherManagerImp: me.crossle.demo.surfacetexture does not contain game list
12-02 14:53:41.795  2680  2741 I GameLauncherManagerImp: com.daasuu.exoplayerfilter does not contain game list
12-02 14:53:41.795  2680  2741 I GameLauncherManagerImp: com.pinssible.camerarecorder.camerarecorderdemo does not contain game list
12-02 14:53:41.795  2680  2741 I GameLauncherManagerImp: com.liubing.filtertestbed does not contain game list
12-02 14:53:41.795  2680  2741 I GameLauncherManagerImp: com.example.exoplayerdemo does not contain game list
12-02 14:53:41.795  2680  2741 I GameLauncherManagerImp: com.me.myplayer does not contain game list
12-02 14:53:41.795  2680  2741 I GameLauncherManagerImp: com.example.liuwangshu.myprogress does not contain game list
12-02 14:53:41.795  2680  2741 I GameLauncherManagerImp: com.me.ipc does not contain game list
12-02 14:53:41.795  2680  2741 I GameLauncherManagerImp: com.goldze.mvvmhabit does not contain game list
12-02 14:53:41.795  2680  2741 I GameLauncherManagerImp: com.goldze.mvvmhabit does not contain game list
12-02 14:53:41.795  2680  2741 I GameLauncherManagerImp: com.me.vd does not contain game list
12-02 14:53:41.795  2680  2741 I GameLauncherManagerImp: com.junerver.videorecorder does not contain game list
12-02 14:53:41.795  2680  2741 I GameLauncherManagerImp: com.me.cusviewgroup does not contain game list
12-02 14:53:41.795  2680  2741 I GameLauncherManagerImp: com.beiing.pilelayout does not contain game list
12-02 14:53:41.795  2680  2741 I GameLauncherManagerImp: com.single.flowlayout does not contain game list
12-02 14:53:41.795  2680  2741 I GameLauncherManagerImp: com.erlei.videorecorder does not contain game list
12-02 14:53:41.795  2680  2741 I GameLauncherManagerImp: com.example.cj.videoeditor does not contain game list
12-02 14:53:41.795  2680  2741 I GameLauncherManagerImp: com.ringdroid.testvideoedit does not contain game list
12-02 14:53:41.795  2680  2741 I GameLauncherManagerImp: us.zoom.videomeetings does not contain game list
12-02 14:53:41.795  2680  2741 I GameLauncherManagerImp: com.wjn.myapplication does not contain game list
12-02 14:53:41.795  2680  2741 I GameLauncherManagerImp: com.banshouweng.mybaseapplication does not contain game list
12-02 14:53:41.795  2680  2741 I GameLauncherManagerImp: com.example.mvvm does not contain game list
12-02 14:53:41.795  2680  2741 I GameLauncherManagerImp: com.me.mvx does not contain game list
12-02 14:53:41.795  2680  2741 I GameLauncherManagerImp: com.flying.xiaopo.poishuhui_kotlin does not contain game list
12-02 14:53:41.795  2680  2741 I GameLauncherManagerImp: com.marcouberti.video.playground does not contain game list
12-02 14:53:41.795  2680  2741 I GameLauncherManagerImp: com.example.news_app does not contain game list
12-02 14:53:41.795  2680  2741 I GameLauncherManagerImp: zcweicheng.opengl does not contain game list
12-02 14:53:41.795  2680  2741 I GameLauncherManagerImp: com.gmail.tiomamaster.watermarkablecamera does not contain game list
12-02 14:53:41.795  2680  2741 I GameLauncherManagerImp: com.hyejeanmoon.roomandpagelistdemo does not contain game list
12-02 14:53:41.795  2680  2741 I GameLauncherManagerImp: com.example.mvpdesignpatterndemo does not contain game list
12-02 14:53:41.795  2680  2741 I GameLauncherManagerImp: com.me.kp does not contain game list
12-02 14:53:41.795  2680  2741 I GameLauncherManagerImp: com.ocnyang.variationviewpager does not contain game list
12-02 14:53:41.795  2680  2741 I GameLauncherManagerImp: com.example.pagechangedemo does not contain game list
12-02 14:53:41.795  2680  2741 I GameLauncherManagerImp: com.llw.mvvm does not contain game list
12-02 14:53:41.795  2680  2741 I GameLauncherManagerImp: com.me.jv does not contain game list
12-02 14:53:41.795  2680  2741 I GameLauncherManagerImp: com.godaddy.android.colorpicker does not contain game list
12-02 14:53:41.795  2680  2741 I GameLauncherManagerImp: com.zj.play does not contain game list
12-02 14:53:41.795  2680  2741 I GameLauncherManagerImp: com.mythmayor.mvvmarchitecture does not contain game list
12-02 14:53:41.795  2680  2741 I GameLauncherManagerImp: com.mythmayor.mvvmarchitecture does not contain game list
12-02 14:53:41.795  2680  2741 I GameLauncherManagerImp: io.ak1.paper does not contain game list
12-02 14:53:41.795  2680  2741 I GameLauncherManagerImp: com.example.mynote does not contain game list
12-02 14:53:41.795  2680  2741 I GameLauncherManagerImp: com.example.notes does not contain game list
12-02 14:53:41.795  2680  2741 I GameLauncherManagerImp: com.ns.yc.yccustomtext does not contain game list
12-02 14:53:41.795  2680  2741 I GameLauncherManagerImp: com.awarmisland.android.richedittext does not contain game list
12-02 14:53:41.795  2680  2741 I GameLauncherManagerImp: com.plcoding.permissionhandlingcompose does not contain game list
12-02 14:53:41.795  2680  2741 I GameLauncherManagerImp: com.example.composephotointegration does not contain game list
12-02 14:53:41.795  2680  2741 I GameLauncherManagerImp: com.burhanrashid52.photoediting does not contain game list
12-02 14:53:41.795  2680  2741 I GameLauncherManagerImp: com.ellison.composemovie does not contain game list
12-02 14:53:41.795  2680  2741 I GameLauncherManagerImp: com.plcoding.mvvmtodoapp does not contain game list
12-02 14:53:41.795  2680  2741 I GameLauncherManagerImp: org.dx.demo.gifemoticon does not contain game list
12-02 14:53:41.795  2680  2741 I GameLauncherManagerImp: me.sunhapper.spcharedittool does not contain game list
12-02 14:53:41.795  2680  2741 I GameLauncherManagerImp: com.example.myapplication does not contain game list
12-02 14:53:41.795  2680  2741 I GameLauncherManagerImp: cn.hzw.doodledemo does not contain game list
12-02 14:53:41.795  2680  2741 I GameLauncherManagerImp: com.fmt.compose.myapplication does not contain game list
12-02 14:53:41.795  2680  2741 I GameLauncherManagerImp: com.me.doodle does not contain game list
12-02 14:53:41.795  2680  2741 I GameLauncherManagerImp: com.twidere.twiderex does not contain game list
12-02 14:53:41.795  2680  2741 I GameLauncherManagerImp: se.hellsoft.markdowncomposer does not contain game list
12-02 14:53:41.795  2680  2741 I GameLauncherManagerImp: com.example.jetpackcomposeplayground does not contain game list
12-02 14:53:41.795  2680  2741 I GameLauncherManagerImp: com.ireward.htmlcompose does not contain game list
12-02 14:53:41.795  2680  2741 I GameLauncherManagerImp: com.sendtion.xrichtext does not contain game list
12-02 14:53:41.795  2680  2741 I GameLauncherManagerImp: com.scwen.note does not contain game list
12-02 14:53:41.795  2680  2741 I GameLauncherManagerImp: com.example.gricheditor does not contain game list
12-02 14:53:41.795  2680  2741 I GameLauncherManagerImp: com.plcoding.cleanarchitecturenoteapp does not contain game list
12-02 14:53:41.795  2680  2741 I GameLauncherManagerImp: com.os.compose_doodles does not contain game list
12-02 14:53:41.795  2680  2741 I GameLauncherManagerImp: github.leavesczy.compose_chat does not contain game list
12-02 14:53:41.795  2680  2741 I GameLauncherManagerImp: com.okta.android.mobile.oktamobile does not contain game list
12-02 14:53:41.795  2680  2741 I GameLauncherManagerImp: com.okta.android.auth does not contain game list
12-02 14:53:41.795  2680  2741 I GameLauncherManagerImp: com.geico.mobile does not contain game list
12-02 14:53:41.795  2680  2741 I GameLauncherManagerImp: com.vzw.hss.myverizon does not contain game list
12-02 14:53:41.795  2680  2741 I GameLauncherManagerImp: com.microsoft.teams does not contain game list
12-02 14:53:41.795  2680  2741 I GameLauncherManagerImp: com.llw.network does not contain game list
12-02 14:53:41.795  2680  2741 I GameLauncherManagerImp: com.google.android.apps.walletnfcrel does not contain game list
12-02 14:53:41.795  2680  2741 I GameLauncherManagerImp: com.yunlangnet.ultradspace does not contain game list
12-02 14:53:41.795  2680  2741 I GameLauncherManagerImp: com.inkwired.droidinfo does not contain game list
12-02 14:53:41.795  2680  2741 I GameLauncherManagerImp: www.imguiderx.mvvmapp does not contain game list
12-02 14:53:41.795  2680  2741 I GameLauncherManagerImp: com.flavienlaurent.discrollview does not contain game list
12-02 14:53:41.795  2680  2741 I GameLauncherManagerImp: com.idisfkj.androidapianalysis.dev does not contain game list
12-02 14:53:41.795  2680  2741 I GameLauncherManagerImp: com.deepwaterooo.dwsdk does not contain game list
12-02 14:53:41.795  2680  2741 I GameLauncherManagerImp: com.deepwaterooo.dwsdkTest does not contain game list
12-02 14:53:41.795  2680  2741 I GameLauncherManagerImp: Hidden app size : 0 unHidden app size : 0 updateApp size : 0
12-02 14:53:41.797   934  2611 V APM_AudioPolicyManager: getOutputForAttrInt() attributes={ Content type: AUDIO_CONTENT_TYPE_UNKNOWN Usage: AUDIO_USAGE_MEDIA Source: AUDIO_SOURCE_DEFAULT Flags: 0x0 Tags:  } stream=AUDIO_STREAM_MUSIC session 8849 selectedDeviceId 0
12-02 14:53:41.797   934  2611 I APM_AudioPolicyManager: selectOutputFlags: remove ULL flag for dolby
12-02 14:53:41.797   934  2611 V APM_AudioPolicyManager: getOutputForAttrInt() device {type:0x2,@:}, sampling rate 48000, format 0x1, channel mask 0x3, flags 0x4 stream AUDIO_STREAM_MUSIC
12-02 14:53:41.797   934  2611 V APM_AudioPolicyManager: selectOutput new bestOutput 13 criteria 0 0 0 0 0 0 4 2 
12-02 14:53:41.797   934  2611 V APM_AudioPolicyManager: selectOutput new bestOutput 29 criteria 0 0 0 0 0 1 4 0 
12-02 14:53:41.797   934  2611 V APM_AudioPolicyManager: getOutputForAttrInt returns output 29 selectedDeviceId 3
12-02 14:53:41.797   934  2611 V APM_AudioPolicyManager: getOutputForAttr() returns output 29 requestedPortId 0 selectedDeviceId 3 for port ID 712
12-02 14:53:41.797   934  2611 I AudioFlinger: nonSecFlag 104, secFlag 0, outputFlags 4
12-02 14:53:41.797   934  2611 W AudioFlinger: createTrack_l(): mismatch between requested flags (00000104) and output flags (00000004)
12-02 14:53:41.797   934  2611 D AudioFlinger: Client defaulted notificationFrames to 192 for frameCount 1536
12-02 14:53:41.798  2680  2741 I ModelWriter: changeItemsVisibility++ : hiddenFlag = 4
12-02 14:53:41.799   934  2611 D AF::TrackHandle: OpPlayAudio: track:735 usage:1 not muted
12-02 14:53:41.799  1115  1115 D SEP_UNION_SemDeviceInfoManagerService: UnionContentObserver onChange: content://com.sec.android.app.launcher.settings/hiddenApps 
12-02 14:53:41.799  1115  1115 D SEP_UNION_SemDeviceInfoManagerService: Uri matches exactly. Reporting chagnes... 
12-02 14:53:41.801   934  2611 I AF::Track: setMixerOutConfig return default condition, mixer key 2002, thread key 2002
12-02 14:53:41.802 30534 30615 I AudioTrack: createTrack_l(0): AUDIO_OUTPUT_FLAG_FAST successful; frameCount 0 -> 1536
12-02 14:53:41.802  1115  1115 D CompatibilityChangeReporter: Compat change id reported: 135634846; UID 10038; state: DISABLED
12-02 14:53:41.802  2680  2741 I AppsModelWriter: changeItemsVisibility(start) : hiddenFlag = 4
12-02 14:53:41.802  1115  1115 D CompatibilityChangeReporter: Compat change id reported: 177438394; UID 10038; state: DISABLED
12-02 14:53:41.802  1115  1115 D CompatibilityChangeReporter: Compat change id reported: 135772972; UID 10038; state: DISABLED
12-02 14:53:41.803  1115  1115 D CompatibilityChangeReporter: Compat change id reported: 135754954; UID 10038; state: ENABLED
12-02 14:53:41.803  1115  1115 D ActivityManager: Received SERVICE intent 0x45c32eb Key{startService pkg=com.samsung.android.app.galaxyfinder intent=act=hide_apps cmp=com.samsung.android.app.galaxyfinder/.acceleration.AppCoreService flags=0x0 u=0} requestCode=0 from uid 1000
12-02 14:53:41.803  1115  1115 D SEP_UNION_SemDeviceInfoManagerService: reportUriChanged() uri = content://com.sec.android.app.launcher.settings/hiddenApps, tag =  
12-02 14:53:41.804  1115  1485 D CompatibilityChangeReporter: Compat change id reported: 143937733; UID 10038; state: ENABLED
12-02 14:53:41.804  2680  2741 I AppsModelWriter: normalizeVisibleItems : [matched = true] col = 4, raw : 5
12-02 14:53:41.805  2680  2741 I AppsModelWriter: normalizeVisibleItems(visibleItems)> 0, 21, 2, -102, 0, 0, UserHandle{0}, 0, Google, -1, -1
12-02 14:53:41.805  2680  2741 I AppsModelWriter: normalizeVisibleItems(visibleItems)> 0, 30, 2, -102, 0, 1, UserHandle{0}, 0, Samsung, -1, -1
12-02 14:53:41.805  2680  2741 I AppsModelWriter: normalizeVisibleItems(visibleItems)> 0, 39, 0, -102, 0, 2, UserHandle{0}, 0, Calendar, -1, -1
12-02 14:53:41.805  2680  2741 I AppsModelWriter: normalizeVisibleItems(visibleItems)> 0, 40, 0, -102, 0, 3, UserHandle{0}, 0, Camera, -1, -1
12-02 14:53:41.805  2680  2741 I AppsModelWriter: normalizeVisibleItems(visibleItems)> 0, 41, 0, -102, 0, 4, UserHandle{0}, 0, Chrome, -1, -1
12-02 14:53:41.805  2680  2741 I AppsModelWriter: normalizeVisibleItems(visibleItems)> 0, 42, 0, -102, 0, 5, UserHandle{0}, 0, Clock, -1, -1
12-02 14:53:41.805  2680  2741 I AppsModelWriter: normalizeVisibleItems(visibleItems)> 0, 43, 0, -102, 0, 6, UserHandle{0}, 0, Contacts, -1, -1
12-02 14:53:41.805  2680  2741 I AppsModelWriter: normalizeVisibleItems(visibleItems)> 0, 80, 0, -102, 0, 7, UserHandle{0}, 0, LinkedIn, -1, -1
12-02 14:53:41.805  2680  2741 I AppsModelWriter: normalizeVisibleItems(visibleItems)> 0, 44, 0, -102, 0, 8, UserHandle{0}, 0, Email, -1, -1
12-02 14:53:41.805  2680  2741 I AppsModelWriter: normalizeVisibleItems(visibleItems)> 0, 45, 0, -102, 0, 9, UserHandle{0}, 0, Facebook, -1, -1
12-02 14:53:41.805  2680  2741 I AppsModelWriter: normalizeVisibleItems(visibleItems)> 0, 46, 0, -102, 0, 10, UserHandle{0}, 0, Galaxy Store, -1, -1
12-02 14:53:41.805  2680  2741 I AppsModelWriter: normalizeVisibleItems(visibleItems)> 0, 47, 0, -102, 0, 11, UserHandle{0}, 0, Gallery, -1, -1
12-02 14:53:41.805  2680  2741 I AppsModelWriter: normalizeVisibleItems(visibleItems)> 0, 38, 0, -102, 0, 12, UserHandle{0}, 0, Calculator, -1, -1
12-02 14:53:41.805  2680  2741 I AppsModelWriter: normalizeVisibleItems(visibleItems)> 0, 48, 0, -102, 0, 13, UserHandle{0}, 0, Game Launcher, -1, -1
12-02 14:53:41.805  2680  2741 I AppsModelWriter: normalizeVisibleItems(visibleItems)> 0, 53, 0, -102, 0, 14, UserHandle{0}, 0, Samsung Notes, -1, -1
12-02 14:53:41.805  2680  2741 I AppsModelWriter: normalizeVisibleItems(visibleItems)> 0, 49, 0, -102, 0, 15, UserHandle{0}, 0, Messages, -1, -1
12-02 14:53:41.805  2680  2741 I AppsModelWriter: normalizeVisibleItems(visibleItems)> 0, 50, 0, -102, 0, 16, UserHandle{0}, 0, Phone, -1, -1
12-02 14:53:41.805  2680  2741 I AppsModelWriter: normalizeVisibleItems(visibleItems)> 0, 51, 0, -102, 0, 17, UserHandle{0}, 0, Play Music, -1, -1
12-02 14:53:41.805  2680  2741 I AppsModelWriter: normalizeVisibleItems(visibleItems)> 0, 52, 0, -102, 0, 18, UserHandle{0}, 0, Play Store, -1, -1
12-02 14:53:41.805  2680  2741 I AppsModelWriter: normalizeVisibleItems(visibleItems)> 0, 54, 0, -102, 0, 19, UserHandle{0}, 0, Samsung Wallet, -1, -1
12-02 14:53:41.805  2680  2741 I AppsModelWriter: normalizeVisibleItems(visibleItems)> 0, 55, 0, -102, 1, 0, UserHandle{0}, 0, Settings, -1, -1
12-02 14:53:41.805  2680  2741 I AppsModelWriter: normalizeVisibleItems(visibleItems)> 0, 56, 0, -102, 1, 1, UserHandle{0}, 0, Spotify, -1, -1
12-02 14:53:41.805  2680  2741 I AppsModelWriter: normalizeVisibleItems(visibleItems)> 0, 63, 0, -102, 1, 2, UserHandle{0}, 0, WeChat, -1, -1
12-02 14:53:41.805  2680  2741 I AppsModelWriter: normalizeVisibleItems(visibleItems)> 0, 70, 0, -102, 1, 3, UserHandle{0}, 0, Amazon Shopping, -1, -1
12-02 14:53:41.805  2680  2741 I AppsModelWriter: normalizeVisibleItems(visibleItems)> 0, 72, 0, -102, 1, 4, UserHandle{0}, 0, Samsung Global Goals, -1, -1
12-02 14:53:41.805  2680  2741 I AppsModelWriter: normalizeVisibleItems(visibleItems)> 0, 75, 0, -102, 1, 5, UserHandle{0}, 0, OneDrive, -1, -1
12-02 14:53:41.805  2680  2741 I AppsModelWriter: normalizeVisibleItems(visibleItems)> 0, 77, 0, -102, 1, 6, UserHandle{0}, 0, Tips, -1, -1
12-02 14:53:41.805  2680  2741 I AppsModelWriter: normalizeVisibleItems(visibleItems)> 0, 81, 0, -102, 1, 7, UserHandle{0}, 0, Evernote, -1, -1
12-02 14:53:41.805  2680  2741 I AppsModelWriter: normalizeVisibleItems(visibleItems)> 0, 82, 0, -102, 1, 8, UserHandle{0}, 0, Sogou Keyboard, -1, -1
12-02 14:53:41.805   933   933 I SSC_DAEMON: physical_sensor_test_req_msg Sensor type :4, Msg type:11
12-02 14:53:41.805  2680  2741 I AppsModelWriter: normalizeVisibleItems(visibleItems)> 0, 83, 0, -102, 1, 9, UserHandle{0}, 0, Safeway, -1, -1
12-02 14:53:41.805  2680  2741 I AppsModelWriter: normalizeVisibleItems(visibleItems)> 0, 85, 0, -102, 1, 10, UserHandle{0}, 0, Shopper, -1, -1
12-02 14:53:41.805  2680  2741 I AppsModelWriter: normalizeVisibleItems(visibleItems)> 0, 90, 0, -102, 2, 0, UserHandle{0}, 0, ApowerMirror, -1, -1
12-02 14:53:41.805  2680  2741 I AppsModelWriter: normalizeVisibleItems(visibleItems)> 0, 94, 0, -102, 2, 1, UserHandle{0}, 0, , -1, -1
12-02 14:53:41.805  2680  2741 I AppsModelWriter: normalizeVisibleItems(visibleItems)> 0, 95, 0, -102, 2, 2, UserHandle{0}, 0, ABP for Samsung Internet, -1, -1
12-02 14:53:41.805  2680  2741 I AppsModelWriter: normalizeVisibleItems(visibleItems)> 0, 96, 0, -102, 2, 3, UserHandle{0}, 0, AdBlock for Samsung Internet, -1, -1
12-02 14:53:41.805  2680  2741 I AppsModelWriter: normalizeVisibleItems(visibleItems)> 0, 97, 0, -102, 2, 4, UserHandle{0}, 0, Venmo, -1, -1
12-02 14:53:41.805  2680  2741 I AppsModelWriter: normalizeVisibleItems(visibleItems)> 0, 98, 0, -102, 2, 5, UserHandle{0}, 0, Zelle, -1, -1
12-02 14:53:41.805  2680  2741 I AppsModelWriter: normalizeVisibleItems(visibleItems)> 0, 99, 0, -102, 2, 6, UserHandle{0}, 0, Google TV, -1, -1
12-02 14:53:41.805  2680  2741 I AppsModelWriter: normalizeVisibleItems(visibleItems)> 0, 100, 0, -102, 2, 7, UserHandle{0}, 0, Walmart, -1, -1
12-02 14:53:41.805  2680  2741 I AppsModelWriter: normalizeVisibleItems(visibleItems)> 0, 101, 0, -102, 2, 8, UserHandle{0}, 0, Shops, -1, -1
12-02 14:53:41.805  2680  2741 I AppsModelWriter: normalizeVisibleItems(visibleItems)> 0, 104, 0, -102, 2, 9, UserHandle{0}, 0, Visual Voicemail, -1, -1
12-02 14:53:41.805  2680  2741 I AppsModelWriter: normalizeVisibleItems(visibleItems)> 0, 105, 0, -102, 2, 10, UserHandle{0}, 0, Voice, -1, -1
12-02 14:53:41.805  2680  2741 I AppsModelWriter: normalizeVisibleItems(visibleItems)> 0, 106, 0, -102, 2, 11, UserHandle{0}, 0, Samsung Pass, -1, -1
12-02 14:53:41.805  2680  2741 I AppsModelWriter: normalizeVisibleItems(visibleItems)> 0, 107, 0, -102, 2, 12, UserHandle{0}, 0, Authy, -1, -1
12-02 14:53:41.805  2680  2741 I AppsModelWriter: normalizeVisibleItems(visibleItems)> 0, 108, 0, -102, 2, 13, UserHandle{0}, 0, Yahoo Mail, -1, -1
12-02 14:53:41.805  2680  2741 I AppsModelWriter: normalizeVisibleItems(visibleItems)> 0, 110, 0, -102, 3, 0, UserHandle{0}, 0, MileIQ, -1, -1
12-02 14:53:41.805  2680  2741 I AppsModelWriter: normalizeVisibleItems(visibleItems)> 0, 112, 0, -102, 3, 1, UserHandle{0}, 0, Alipay, -1, -1
12-02 14:53:41.805  2680  2741 I AppsModelWriter: normalizeVisibleItems(visibleItems)> 0, 113, 0, -102, 3, 2, UserHandle{0}, 0, , -1, -1
12-02 14:53:41.805  2680  2741 I AppsModelWriter: normalizeVisibleItems(visibleItems)> 0, 116, 0, -102, 3, 3, UserHandle{0}, 0, Sleep, -1, -1
12-02 14:53:41.805  2680  2741 I AppsModelWriter: normalizeVisibleItems(visibleItems)> 0, 117, 0, -102, 3, 4, UserHandle{0}, 0, Calm, -1, -1
12-02 14:53:41.805  2680  2741 I AppsModelWriter: normalizeVisibleItems(visibleItems)> 0, 118, 0, -102, 3, 5, UserHandle{0}, 0, SleepScore, -1, -1
12-02 14:53:41.805  2680  2741 I AppsModelWriter: normalizeVisibleItems(visibleItems)> 0, 120, 0, -102, 3, 6, UserHandle{0}, 0, ZenKey, -1, -1
12-02 14:53:41.805  2680  2741 I AppsModelWriter: normalizeVisibleItems(visibleItems)> 0, 150, 0, -102, 3, 7, UserHandle{0}, 0, JNI & NDK , -1, -1
12-02 14:53:41.805  2680  2741 I AppsModelWriter: normalizeVisibleItems(visibleItems)> 0, 151, 0, -102, 3, 8, UserHandle{0}, 0, DataBindingAdapter, -1, -1
12-02 14:53:41.805  2680  2741 I AppsModelWriter: normalizeVisibleItems(visibleItems)> 0, 152, 0, -102, 3, 9, UserHandle{0}, 0, Video, -1, -1
12-02 14:53:41.805  2680  2741 I AppsModelWriter: normalizeVisibleItems(visibleItems)> 0, 158, 0, -102, 3, 10, UserHandle{0}, 0, BindingDemo, -1, -1
12-02 14:53:41.805  2680  2741 I AppsModelWriter: normalizeVisibleItems(visibleItems)> 0, 159, 0, -102, 3, 11, UserHandle{0}, 0, recyclerviewDB, -1, -1
12-02 14:53:41.805  2680  2741 I AppsModelWriter: normalizeVisibleItems(visibleItems)> 0, 160, 0, -102, 3, 12, UserHandle{0}, 0, JetPackTest, -1, -1
12-02 14:53:41.805  2680  2741 I AppsModelWriter: normalizeVisibleItems(visibleItems)> 0, 161, 0, -102, 4, 0, UserHandle{0}, 0, DataBindingSamples, -1, -1
12-02 14:53:41.805  2680  2741 I AppsModelWriter: normalizeVisibleItems(visibleItems)> 0, 163, 0, -102, 4, 1, UserHandle{0}, 0, Leaks, -1, -1
12-02 14:53:41.805  2680  2741 I AppsModelWriter: normalizeVisibleItems(visibleItems)> 0, 162, 0, -102, 4, 2, UserHandle{0}, 0, MyGithub, -1, -1
12-02 14:53:41.805  2680  2741 I AppsModelWriter: normalizeVisibleItems(visibleItems)> 0, 164, 0, -102, 4, 3, UserHandle{0}, 0, dagger2Demo, -1, -1
12-02 14:53:41.805  2680  2741 I AppsModelWriter: normalizeVisibleItems(visibleItems)> 0, 165, 0, -102, 4, 4, UserHandle{0}, 0, Dagger2Sample, -1, -1
12-02 14:53:41.805  2680  2741 I AppsModelWriter: normalizeVisibleItems(visibleItems)> 0, 166, 0, -102, 4, 5, UserHandle{0}, 0, DaggerAndroidMVVM, -1, -1
12-02 14:53:41.805  2680  2741 I AppsModelWriter: normalizeVisibleItems(visibleItems)> 0, 169, 0, -102, 4, 6, UserHandle{0}, 0, Citi Mobile, -1, -1
12-02 14:53:41.805  2680  2741 I AppsModelWriter: normalizeVisibleItems(visibleItems)> 0, 170, 0, -102, 4, 7, UserHandle{0}, 0, Adobe Acrobat, -1, -1
12-02 14:53:41.806   933  1693 I SSC_DAEMON: aor_event done
12-02 14:53:41.806  1115  1460 D SGM:GameManager: identifyForegroundApp. com.deepwaterooo.dwsdkTest, mCurrentUserId: 0, callerUserId: 0
12-02 14:53:41.806  1115  1460 D SGM:PkgDataHelper: getGamePkgData(). com.deepwaterooo.dwsdkTest
12-02 14:53:41.806  1115  1460 D SGM:SemGameManager: isForegroundGame(), ret=false
12-02 14:53:41.806   866   866 I SehLight: lcd : 12604-
12-02 14:53:41.806   933  1693 I SSC_DAEMON: aor_event done
12-02 14:53:41.805  2680  2741 I AppsModelWriter: normalizeVisibleItems(visibleItems)> 0, 171, 0, -102, 4, 8, UserHandle{0}, 0, Smart EM Checker, -1, -1
12-02 14:53:41.808  2680  2741 I AppsModelWriter: normalizeVisibleItems(visibleItems)> 0, 172, 0, -102, 4, 9, UserHandle{0}, 0, Sound Meter, -1, -1
12-02 14:53:41.808  2680  2741 I AppsModelWriter: normalizeVisibleItems(visibleItems)> 0, 174, 0, -102, 4, 10, UserHandle{0}, 0, Voicemail, -1, -1
12-02 14:53:41.808  2680  2741 I AppsModelWriter: normalizeVisibleItems(visibleItems)> 0, 190, 0, -102, 4, 11, UserHandle{0}, 0, generalPrac, -1, -1
12-02 14:53:41.808  2680  2741 I AppsModelWriter: normalizeVisibleItems(visibleItems)> 0, 192, 0, -102, 4, 12, UserHandle{0}, 0, ContentProvider, -1, -1
12-02 14:53:41.808  2680  2741 I AppsModelWriter: normalizeVisibleItems(visibleItems)> 0, 193, 0, -102, 4, 13, UserHandle{0}, 0, ContentProvider2, -1, -1
12-02 14:53:41.808  2680  2741 I AppsModelWriter: normalizeVisibleItems(visibleItems)> 0, 194, 0, -102, 4, 14, UserHandle{0}, 0, SMSClient, -1, -1
12-02 14:53:41.808  2680  2741 I AppsModelWriter: normalizeVisibleItems(visibleItems)> 0, 195, 0, -102, 4, 15, UserHandle{0}, 0, My Application, -1, -1
12-02 14:53:41.808  2680  2741 I AppsModelWriter: normalizeVisibleItems(visibleItems)> 0, 196, 0, -102, 4, 16, UserHandle{0}, 0, ViewPagerFragmentLazyLoad, -1, -1
12-02 14:53:41.808  2680  2741 I AppsModelWriter: normalizeVisibleItems(visibleItems)> 0, 197, 0, -102, 5, 0, UserHandle{0}, 0, Rxjava2Demo, -1, -1
12-02 14:53:41.808  2680  2741 I AppsModelWriter: normalizeVisibleItems(visibleItems)> 0, 198, 0, -102, 5, 1, UserHandle{0}, 0, unittesting, -1, -1
12-02 14:53:41.808  2680  2741 I AppsModelWriter: normalizeVisibleItems(visibleItems)> 0, 199, 0, -102, 5, 2, UserHandle{0}, 0, AndroidUnitTest, -1, -1
12-02 14:53:41.808  2680  2741 I AppsModelWriter: normalizeVisibleItems(visibleItems)> 0, 200, 0, -102, 5, 3, UserHandle{0}, 0, Sunflower, -1, -1
12-02 14:53:41.808  2680  2741 I AppsModelWriter: normalizeVisibleItems(visibleItems)> 0, 201, 0, -102, 5, 4, UserHandle{0}, 0, Navigation codelab, -1, -1
12-02 14:53:41.808  2680  2741 I AppsModelWriter: normalizeVisibleItems(visibleItems)> 0, 202, 0, -102, 5, 5, UserHandle{0}, 0, ComposeHoo, -1, -1
12-02 14:53:41.808  2680  2741 I AppsModelWriter: normalizeVisibleItems(visibleItems)> 0, 203, 0, -102, 5, 6, UserHandle{0}, 0, Hoo, -1, -1
12-02 14:53:41.808  2680  2741 I AppsModelWriter: normalizeVisibleItems(visibleItems)> 0, 204, 0, -102, 5, 7, UserHandle{0}, 0, BRV, -1, -1
12-02 14:53:41.808  2680  2741 I AppsModelWriter: normalizeVisibleItems(visibleItems)> 0, 205, 0, -102, 5, 8, UserHandle{0}, 0, RecyclerJsonParsing, -1, -1
12-02 14:53:41.808  2680  2741 I AppsModelWriter: normalizeVisibleItems(visibleItems)> 0, 206, 0, -102, 5, 9, UserHandle{0}, 0, RecyclerViewDemo, -1, -1
12-02 14:53:41.808  2680  2741 I AppsModelWriter: normalizeVisibleItems(visibleItems)> 0, 207, 0, -102, 5, 10, UserHandle{0}, 0, MockitoExample, -1, -1
12-02 14:53:41.808   696   696 W keymaster_tee: [WRN]begin req PARAMS: A32 B2 P64 
12-02 14:53:41.808  2680  2741 I AppsModelWriter: normalizeVisibleItems(visibleItems)> 0, 208, 0, -102, 5, 11, UserHandle{0}, 0, AndroidUT, -1, -1
12-02 14:53:41.809   934  2611 I AF::Track: setMixerOutConfig return default condition, mixer key 2002, thread key 2002
12-02 14:53:41.809  2680  2741 I AppsModelWriter: normalizeVisibleItems(visibleItems)> 0, 209, 0, -102, 5, 12, UserHandle{0}, 0, DouBanKotlin, -1, -1
12-02 14:53:41.809   934  2611 I AudioPolicyEffectException: MySpaceHandler::checkDetachCondition media 1, ring 0, mp 0
12-02 14:53:41.809   934  2611 I AudioPolicyEffectException: MySpace detach value 1
12-02 14:53:41.809  2680  2741 I AppsModelWriter: normalizeVisibleItems(visibleItems)> 0, 210, 0, -102, 5, 13, UserHandle{0}, 0, Snake, -1, -1
12-02 14:53:41.809   934  2611 V APM_AudioPolicyManager: startOutput() output 29, stream 3, session 8849, portId 712
12-02 14:53:41.809  2680  2741 I AppsModelWriter: normalizeVisibleItems(visibleItems)> 0, 212, 0, -102, 5, 14, UserHandle{0}, 0, Boilerplate, -1, -1
12-02 14:53:41.809  2680  2741 I AppsModelWriter: normalizeVisibleItems(visibleItems)> 0, 213, 0, -102, 5, 15, UserHandle{0}, 0, Leaks, -1, -1
12-02 14:53:41.809  2680  2741 I AppsModelWriter: normalizeVisibleItems(visibleItems)> 0, 215, 0, -102, 5, 16, UserHandle{0}, 0, Leaks, -1, -1
12-02 14:53:41.809  2680  2741 I AppsModelWriter: normalizeVisibleItems(visibleItems)> 0, 214, 0, -102, 5, 17, UserHandle{0}, 0, Wanandroid, -1, -1
12-02 14:53:41.809  2680  2741 I AppsModelWriter: normalizeVisibleItems(visibleItems)> 0, 216, 0, -102, 5, 18, UserHandle{0}, 0, MVVM RecyclerView Mitch, -1, -1
12-02 14:53:41.809  2680  2741 I AppsModelWriter: normalizeVisibleItems(visibleItems)> 0, 218, 0, -102, 6, 0, UserHandle{0}, 0, PagingDemo, -1, -1
12-02 14:53:41.809  2680  2741 I AppsModelWriter: normalizeVisibleItems(visibleItems)> 0, 219, 0, -102, 6, 1, UserHandle{0}, 0, MVVMRecipeApp, -1, -1
12-02 14:53:41.809  2680  2741 I AppsModelWriter: normalizeVisibleItems(visibleItems)> 0, 220, 0, -102, 6, 2, UserHandle{0}, 0, ktl, -1, -1
12-02 14:53:41.809  2680  2741 I AppsModelWriter: normalizeVisibleItems(visibleItems)> 0, 221, 0, -102, 6, 3, UserHandle{0}, 0, Coroutines, -1, -1
12-02 14:53:41.809  2680  2741 I AppsModelWriter: normalizeVisibleItems(visibleItems)> 0, 223, 0, -102, 6, 4, UserHandle{0}, 0, Leaks, -1, -1
12-02 14:53:41.809  2680  2741 I AppsModelWriter: normalizeVisibleItems(visibleItems)> 0, 222, 0, -102, 6, 5, UserHandle{0}, 0, Meizikt, -1, -1
12-02 14:53:41.809  2680  2741 I AppsModelWriter: normalizeVisibleItems(visibleItems)> 0, 225, 0, -102, 6, 6, UserHandle{0}, 0, SamplePaging, -1, -1
12-02 14:53:41.809  2680  2741 I AppsModelWriter: normalizeVisibleItems(visibleItems)> 0, 226, 0, -102, 6, 7, UserHandle{0}, 0, Sample_dagger2, -1, -1
12-02 14:53:41.809  2680  2741 I AppsModelWriter: normalizeVisibleItems(visibleItems)> 0, 227, 0, -102, 6, 8, UserHandle{0}, 0, HiltSample, -1, -1
12-02 14:53:41.809  2680  2741 I AppsModelWriter: normalizeVisibleItems(visibleItems)> 0, 228, 0, -102, 6, 9, UserHandle{0}, 0, HiltDemo, -1, -1
12-02 14:53:41.809  2680  2741 I AppsModelWriter: normalizeVisibleItems(visibleItems)> 0, 229, 0, -102, 6, 10, UserHandle{0}, 0, WoWo, -1, -1
12-02 14:53:41.809  2680  2741 I AppsModelWriter: normalizeVisibleItems(visibleItems)> 0, 231, 0, -102, 6, 11, UserHandle{0}, 0, MoonMessenger, -1, -1
12-02 14:53:41.809  2680  2741 I AppsModelWriter: normalizeVisibleItems(visibleItems)> 0, 233, 0, -102, 6, 12, UserHandle{0}, 0, socket, -1, -1
12-02 14:53:41.809  2680  2741 I AppsModelWriter: normalizeVisibleItems(visibleItems)> 0, 235, 0, -102, 6, 13, UserHandle{0}, 0, AppBinderDemo, -1, -1
12-02 14:53:41.809  2680  2741 I AppsModelWriter: normalizeVisibleItems(visibleItems)> 0, 236, 0, -102, 6, 14, UserHandle{0}, 0, recyclerview, -1, -1
12-02 14:53:41.809  2680  2741 I AppsModelWriter: normalizeVisibleItems(visibleItems)> 0, 237, 0, -102, 6, 15, UserHandle{0}, 0, FragmentsDemo, -1, -1
12-02 14:53:41.809  2680  2741 I AppsModelWriter: normalizeVisibleItems(visibleItems)> 0, 238, 0, -102, 7, 0, UserHandle{0}, 0, FragmentDemo, -1, -1
12-02 14:53:41.809  2680  2741 I AppsModelWriter: normalizeVisibleItems(visibleItems)> 0, 239, 0, -102, 7, 1, UserHandle{0}, 0, SlideViewDemo, -1, -1
12-02 14:53:41.809  2680  2741 I AppsModelWriter: normalizeVisibleItems(visibleItems)> 0, 240, 0, -102, 7, 2, UserHandle{0}, 0, ShimmerRecyclerViewX Sample, -1, -1
12-02 14:53:41.809  2680  2741 I AppsModelWriter: normalizeVisibleItems(visibleItems)> 0, 241, 0, -102, 7, 3, UserHandle{0}, 0, thread, -1, -1
12-02 14:53:41.809  2680  2741 I AppsModelWriter: normalizeVisibleItems(visibleItems)> 0, 242, 0, -102, 7, 4, UserHandle{0}, 0, Handler_learning, -1, -1
12-02 14:53:41.809  2680  2741 I AppsModelWriter: normalizeVisibleItems(visibleItems)> 0, 243, 0, -102, 7, 5, UserHandle{0}, 0, Leaks, -1, -1
12-02 14:53:41.809  2680  2741 I AppsModelWriter: normalizeVisibleItems(visibleItems)> 0, 244, 0, -102, 7, 6, UserHandle{0}, 0, CustomDialog, -1, -1
12-02 14:53:41.809  2680  2741 I AppsModelWriter: normalizeVisibleItems(visibleItems)> 0, 245, 0, -102, 7, 7, UserHandle{0}, 0, HelloAnimations, -1, -1
12-02 14:53:41.809  2680  2741 I AppsModelWriter: normalizeVisibleItems(visibleItems)> 0, 246, 0, -102, 7, 8, UserHandle{0}, 0, listview, -1, -1
12-02 14:53:41.809  2680  2741 I AppsModelWriter: normalizeVisibleItems(visibleItems)> 0, 247, 0, -102, 7, 9, UserHandle{0}, 0, PieChartView, -1, -1
12-02 14:53:41.809  2680  2741 I AppsModelWriter: normalizeVisibleItems(visibleItems)> 0, 248, 0, -102, 7, 10, UserHandle{0}, 0, BubbleLayout Example, -1, -1
12-02 14:53:41.809  2680  2741 I AppsModelWriter: normalizeVisibleItems(visibleItems)> 0, 250, 0, -102, 7, 11, UserHandle{0}, 0, MyTextView, -1, -1
12-02 14:53:41.809  2680  2741 I AppsModelWriter: normalizeVisibleItems(visibleItems)> 0, 251, 0, -102, 7, 12, UserHandle{0}, 0, RippleDemo, -1, -1
12-02 14:53:41.809  2680  2741 I AppsModelWriter: normalizeVisibleItems(visibleItems)> 0, 252, 0, -102, 7, 13, UserHandle{0}, 0, egl, -1, -1
12-02 14:53:41.809  1115  1847 D AS.SoundAliveHelper: notify dvfs state : 2, screen : true
12-02 14:53:41.809  2680  2741 I AppsModelWriter: normalizeVisibleItems(visibleItems)> 0, 253, 0, -102, 7, 14, UserHandle{0}, 0, EGLIntro, -1, -1
12-02 14:53:41.809  2680  2741 I AppsModelWriter: normalizeVisibleItems(visibleItems)> 0, 256, 0, -102, 7, 15, UserHandle{0}, 0, My Application, -1, -1
12-02 14:53:41.809  2680  2741 I AppsModelWriter: normalizeVisibleItems(visibleItems)> 0, 257, 0, -102, 7, 16, UserHandle{0}, 0, CameraDemo, -1, -1
12-02 14:53:41.809  2680  2741 I AppsModelWriter: normalizeVisibleItems(visibleItems)> 0, 258, 0, -102, 7, 17, UserHandle{0}, 0, GLES3JNI, -1, -1
12-02 14:53:41.809  2680  2741 I AppsModelWriter: normalizeVisibleItems(visibleItems)> 0, 259, 0, -102, 8, 0, UserHandle{0}, 0, VideoClipEditViewTest, -1, -1
12-02 14:53:41.809  2680  2741 I AppsModelWriter: normalizeVisibleItems(visibleItems)> 0, 260, 0, -102, 8, 1, UserHandle{0}, 0, OpenGLRenderer, -1, -1
12-02 14:53:41.809  2680  2741 I AppsModelWriter: normalizeVisibleItems(visibleItems)> 0, 261, 0, -102, 8, 2, UserHandle{0}, 0, Learning Video, -1, -1
12-02 14:53:41.809  2680  2741 I AppsModelWriter: normalizeVisibleItems(visibleItems)> 0, 262, 0, -102, 8, 3, UserHandle{0}, 0, opengl, -1, -1
12-02 14:53:41.809  2680  2741 I AppsModelWriter: normalizeVisibleItems(visibleItems)> 0, 263, 0, -102, 8, 4, UserHandle{0}, 0, LearnOpenGL, -1, -1
12-02 14:53:41.809  2680  2741 I AppsModelWriter: normalizeVisibleItems(visibleItems)> 0, 264, 0, -102, 8, 5, UserHandle{0}, 0, MediaPlayerSurface, -1, -1
12-02 14:53:41.809  2680  2741 I AppsModelWriter: normalizeVisibleItems(visibleItems)> 0, 265, 0, -102, 8, 6, UserHandle{0}, 0, ExoPlayerFilter, -1, -1
12-02 14:53:41.809  2680  2741 I AppsModelWriter: normalizeVisibleItems(visibleItems)> 0, 266, 0, -102, 8, 7, UserHandle{0}, 0, CameraRecorderDemo, -1, -1
12-02 14:53:41.809  2680  2741 I AppsModelWriter: normalizeVisibleItems(visibleItems)> 0, 267, 0, -102, 8, 8, UserHandle{0}, 0, FilterTestBed, -1, -1
12-02 14:53:41.809  2680  2741 I AppsModelWriter: normalizeVisibleItems(visibleItems)> 0, 268, 0, -102, 8, 9, UserHandle{0}, 0, ExoplayerDemo, -1, -1
12-02 14:53:41.809  2680  2741 I AppsModelWriter: normalizeVisibleItems(visibleItems)> 0, 269, 0, -102, 8, 10, UserHandle{0}, 0, myplayer, -1, -1
12-02 14:53:41.809  2680  2741 I AppsModelWriter: normalizeVisibleItems(visibleItems)> 0, 270, 0, -102, 8, 11, UserHandle{0}, 0, MyProgress, -1, -1
12-02 14:53:41.809  2680  2741 I AppsModelWriter: normalizeVisibleItems(visibleItems)> 0, 271, 0, -102, 8, 12, UserHandle{0}, 0, ipc, -1, -1
12-02 14:53:41.809  2680  2741 I AppsModelWriter: normalizeVisibleItems(visibleItems)> 0, 273, 0, -102, 8, 13, UserHandle{0}, 0, Leaks, -1, -1
12-02 14:53:41.809  2680  2741 I AppsModelWriter: normalizeVisibleItems(visibleItems)> 0, 272, 0, -102, 8, 14, UserHandle{0}, 0, MVVMHabit-sample, -1, -1
12-02 14:53:41.809  2680  2741 I AppsModelWriter: normalizeVisibleItems(visibleItems)> 0, 274, 0, -102, 8, 15, UserHandle{0}, 0, vd, -1, -1
12-02 14:53:41.809  2680  2741 I AppsModelWriter: normalizeVisibleItems(visibleItems)> 0, 275, 0, -102, 8, 16, UserHandle{0}, 0, VideoRecorder, -1, -1
12-02 14:53:41.809  2680  2741 I AppsModelWriter: normalizeVisibleItems(visibleItems)> 0, 276, 0, -102, 8, 17, UserHandle{0}, 0, CusViewGroup, -1, -1
12-02 14:53:41.809  2680  2741 I AppsModelWriter: normalizeVisibleItems(visibleItems)> 0, 277, 0, -102, 8, 18, UserHandle{0}, 0, PileLayout, -1, -1
12-02 14:53:41.809  2680  2741 I AppsModelWriter: normalizeVisibleItems(visibleItems)> 0, 278, 0, -102, 8, 19, UserHandle{0}, 0, LayoutManager-FlowLayout, -1, -1
12-02 14:53:41.809  2680  2741 I AppsModelWriter: normalizeVisibleItems(visibleItems)> 0, 279, 0, -102, 9, 0, UserHandle{0}, 0, VideoRecorder, -1, -1
12-02 14:53:41.809  2680  2741 I AppsModelWriter: normalizeVisibleItems(visibleItems)> 0, 282, 0, -102, 9, 1, UserHandle{0}, 0, VideoEditor, -1, -1
12-02 14:53:41.809  2680  2741 I AppsModelWriter: normalizeVisibleItems(visibleItems)> 0, 283, 0, -102, 9, 2, UserHandle{0}, 0, TestVideoEdit, -1, -1
12-02 14:53:41.809   771   771 D Zygote  : Forked child process 30779
12-02 14:53:41.809  2680  2741 I AppsModelWriter: normalizeVisibleItems(visibleItems)> 0, 284, 0, -102, 9, 3, UserHandle{0}, 0, Zoom, -1, -1
12-02 14:53:41.809  2680  2741 I AppsModelWriter: normalizeVisibleItems(visibleItems)> 0, 285, 0, -102, 9, 4, UserHandle{0}, 0, My Application, -1, -1
12-02 14:53:41.809  2680  2741 I AppsModelWriter: normalizeVisibleItems(visibleItems)> 0, 286, 0, -102, 9, 5, UserHandle{0}, 0, MyBaseApplication, -1, -1
12-02 14:53:41.809  2680  2741 I AppsModelWriter: normalizeVisibleItems(visibleItems)> 0, 287, 0, -102, 9, 6, UserHandle{0}, 0, mvvm, -1, -1
12-02 14:53:41.810  2680  2741 I AppsModelWriter: normalizeVisibleItems(visibleItems)> 0, 288, 0, -102, 9, 7, UserHandle{0}, 0, mvx, -1, -1
12-02 14:53:41.810  2680  2741 I AppsModelWriter: normalizeVisibleItems(visibleItems)> 0, 289, 0, -102, 9, 8, UserHandle{0}, 0, PoiShuhui, -1, -1
12-02 14:53:41.810  2680  2741 I AppsModelWriter: normalizeVisibleItems(visibleItems)> 0, 290, 0, -102, 9, 9, UserHandle{0}, 0, Video Editing Playground, -1, -1
12-02 14:53:41.810  2680  2741 I AppsModelWriter: normalizeVisibleItems(visibleItems)> 0, 291, 0, -102, 9, 10, UserHandle{0}, 0, News_App, -1, -1
12-02 14:53:41.810  2680  2741 I AppsModelWriter: normalizeVisibleItems(visibleItems)> 0, 292, 0, -102, 9, 11, UserHandle{0}, 0, Opengl, -1, -1
12-02 14:53:41.810  2680  2741 I AppsModelWriter: normalizeVisibleItems(visibleItems)> 0, 293, 0, -102, 9, 12, UserHandle{0}, 0, WatermarkableCamera, -1, -1
12-02 14:53:41.810  2680  2741 I AppsModelWriter: normalizeVisibleItems(visibleItems)> 0, 294, 0, -102, 9, 13, UserHandle{0}, 0, RoomAndPageListDemo, -1, -1
12-02 14:53:41.810  1115  1526 D DisplayPowerController[0]: animateScreenStateChange: target=2, mLogicalDisplay.isEnabled()=true
12-02 14:53:41.810  1115  1526 D DisplayPowerController[0]: getFinalBrightness: lowPowerMode: 141 (0.55) -> 127 (0.50)
12-02 14:53:41.810  1115  1526 D DisplayPowerController[0]: getFinalBrightness : Summary is 141 (0.55) -> 127 (0.50)
12-02 14:53:41.810  1115  1847 D CompatibilityChangeReporter: Compat change id reported: 135634846; UID 10097; state: DISABLED
12-02 14:53:41.810  1115  1847 D CompatibilityChangeReporter: Compat change id reported: 177438394; UID 10097; state: DISABLED
12-02 14:53:41.810  1115  1847 D CompatibilityChangeReporter: Compat change id reported: 135772972; UID 10097; state: DISABLED
12-02 14:53:41.810  1115  1847 D CompatibilityChangeReporter: Compat change id reported: 135754954; UID 10097; state: ENABLED
12-02 14:53:41.810   866   866 I SehLight: lcd : 12690+
12-02 14:53:41.810  2680  2741 I AppsModelWriter: normalizeVisibleItems(visibleItems)> 0, 297, 0, -102, 9, 14, UserHandle{0}, 0, Mvc Mvp Mvvm, -1, -1
12-02 14:53:41.811  2680  2741 I AppsModelWriter: normalizeVisibleItems(visibleItems)> 0, 300, 0, -102, 9, 15, UserHandle{0}, 0, kp, -1, -1
12-02 14:53:41.811  2680  2741 I AppsModelWriter: normalizeVisibleItems(visibleItems)> 0, 301, 0, -102, 9, 16, UserHandle{0}, 0, VariationViewPager, -1, -1
12-02 14:53:41.811  2680  2741 I AppsModelWriter: normalizeVisibleItems(visibleItems)> 0, 302, 0, -102, 9, 17, UserHandle{0}, 0, pageChangeDemo, -1, -1
12-02 14:53:41.811  2680  2741 I AppsModelWriter: normalizeVisibleItems(visibleItems)> 0, 303, 0, -102, 10, 0, UserHandle{0}, 0, MVVM-Demo, -1, -1
12-02 14:53:41.811  2680  2741 I AppsModelWriter: normalizeVisibleItems(visibleItems)> 0, 309, 0, -102, 10, 1, UserHandle{0}, 0, jv, -1, -1
12-02 14:53:41.811  1115  1115 D AudioPlayerStateMonitor: Found a new active media playback. AudioPlaybackConfiguration piid:7023 deviceId:3 type:OpenSL ES AudioPlayer (Buffer Queue) u/pid:10755/30534 state:started attr:AudioAttributes: usage=USAGE_MEDIA content=CONTENT_TYPE_UNKNOWN flags=0x0 tags= bundle=null sessionId:8849
12-02 14:53:41.811   934  2611 V APM_AudioPolicyManager: selectOutputForMusicEffects activeOnly 1 output 29 flags 0x00000004
12-02 14:53:41.811   934  2611 V APM_AudioPolicyManager: selectOutputForMusicEffects selected output 13
12-02 14:53:41.811   934  2611 V APM_AudioPolicyManager: getNewOutputDevices selected devices {type:0x2,@:}
12-02 14:53:41.811   934  2611 V APM_AudioPolicyManager: setOutputDevices device {type:0x2,@:} delayMs 0
12-02 14:53:41.811   934  2611 V APM_AudioPolicyManager: setOutputDevices() prevDevice {type:0x2,@:}
12-02 14:53:41.811   934  2611 V APM_AudioPolicyManager: setOutputDevices: suppressing checkDeviceMuteStrategies
12-02 14:53:41.811   934  2611 V APM_AudioPolicyManager: setOutputDevices changing device to {type:0x2,@:}
12-02 14:53:41.811  1115  1847 W ContentProviderHelper: wait for provider publish: waiters=0 callerApp=ProcessRecord{51658d5 1115:system/1000} cpr=ContentProviderRecord{ef35375 u0 com.sec.android.app.soundalive/.compatibility.SAContentProvider}
12-02 14:53:41.811   866   866 I SehLight: lcd : 12690-
12-02 14:53:41.811 30534 30534 D MediaRouter: onRestoreRoute() : route=RouteInfo{ name=Phone, description=null, status=null, category=RouteCategory{ name=System types=ROUTE_TYPE_LIVE_AUDIO ROUTE_TYPE_LIVE_VIDEO  groupable=false }, supportedTypes=ROUTE_TYPE_LIVE_AUDIO ROUTE_TYPE_LIVE_VIDEO , presentationDisplay=null }
12-02 14:53:41.811 30534 30534 V MediaRouter: Selecting route: RouteInfo{ name=Phone, description=null, status=null, category=RouteCategory{ name=System types=ROUTE_TYPE_LIVE_AUDIO ROUTE_TYPE_LIVE_VIDEO  groupable=false }, supportedTypes=ROUTE_TYPE_LIVE_AUDIO ROUTE_TYPE_LIVE_VIDEO , presentationDisplay=null }
12-02 14:53:41.812  2680  2741 I AppsModelWriter: normalizeVisibleItems(visibleItems)> 0, 312, 0, -102, 10, 2, UserHandle{0}, 0, Compose Color Picker, -1, -1
12-02 14:53:41.812  2680  2741 I AppsModelWriter: normalizeVisibleItems(visibleItems)> 0, 314, 0, -102, 10, 3, UserHandle{0}, 0, Play Android, -1, -1
12-02 14:53:41.812  2680  2741 I AppsModelWriter: normalizeVisibleItems(visibleItems)> 0, 319, 0, -102, 10, 4, UserHandle{0}, 0, Leaks, -1, -1
12-02 14:53:41.812  2680  2741 I AppsModelWriter: normalizeVisibleItems(visibleItems)> 0, 318, 0, -102, 10, 5, UserHandle{0}, 0, MvvmArchitecture, -1, -1
12-02 14:53:41.812  2680  2741 I AppsModelWriter: normalizeVisibleItems(visibleItems)> 0, 320, 0, -102, 10, 6, UserHandle{0}, 0, Paper, -1, -1
12-02 14:53:41.812  2680  2741 I AppsModelWriter: normalizeVisibleItems(visibleItems)> 0, 321, 0, -102, 10, 7, UserHandle{0}, 0, MyNote, -1, -1
12-02 14:53:41.812  2680  2741 I AppsModelWriter: normalizeVisibleItems(visibleItems)> 0, 322, 0, -102, 10, 8, UserHandle{0}, 0, Notes, -1, -1
12-02 14:53:41.812  2680  2741 I AppsModelWriter: normalizeVisibleItems(visibleItems)> 0, 324, 0, -102, 10, 9, UserHandle{0}, 0, YCCustomText, -1, -1
12-02 14:53:41.812  2680  2741 I AppsModelWriter: normalizeVisibleItems(visibleItems)> 0, 325, 0, -102, 10, 10, UserHandle{0}, 0, RichEditText, -1, -1
12-02 14:53:41.812  2680  2741 I AppsModelWriter: normalizeVisibleItems(visibleItems)> 0, 330, 0, -102, 10, 11, UserHandle{0}, 0, PermissionHandlingCompose, -1, -1
12-02 14:53:41.812  2680  2741 I AppsModelWriter: normalizeVisibleItems(visibleItems)> 0, 331, 0, -102, 10, 12, UserHandle{0}, 0, Compose Photo, -1, -1
