12-02 14:53:37.033  1115  1460 I DisplayDeviceRepository: Display device changed: DisplayDeviceInfo{"SpegVirtualDisplay": uniqueId="virtual:com.deepwaterooo.dwsdkTest:10755", 1440 x 3040
12-02 14:53:37.033  1115  1460 I DisplayDeviceRepository:     modeId 16, defaultModeId 16, supportedModes [{id=16, width=1440, height=3040, fps=60.0, alternativeRefreshRates=[]}]
12-02 14:53:37.033  1115  1460 I DisplayDeviceRepository:     colorMode 0, supportedColorModes [0], hdrCapabilities null
12-02 14:53:37.033  1115  1460 I DisplayDeviceRepository:     allmSupported false, gameContentTypeSupported false, density 560, 560.0 x 560.0 dpi, appVsyncOff 0, presDeadline 16666666
12-02 14:53:37.033  1115  1460 I DisplayDeviceRepository:     touch VIRTUAL, rotation 0, type VIRTUAL, deviceProductInfo null
12-02 14:53:37.033  1115  1460 I DisplayDeviceRepository:     state ON, owner com.deepwaterooo.dwsdkTest (uid 10755), frameRateOverride , brightnessMinimum 0.0, brightnessMaximum 0.0, brightnessDefault 0.0
12-02 14:53:37.033  1115  1460 I DisplayDeviceRepository:     , FLAG_ROTATES_WITH_CONTENT, FLAG_OWN_CONTENT_ONLY}
12-02 14:53:37.033  1115  1458 I WindowManager: enableTouchListener debugmode:false
12-02 14:53:37.033  1115  1458 D WALLPAPER_SVC:WallpaperManagerService: onDisplayReadyInternal, displayId = 18 
12-02 14:53:37.036  1115  1526 D DisplayPowerController[18]: animateScreenStateChange: target=2, mLogicalDisplay.isEnabled()=true
12-02 14:53:37.036  1115  1526 D DisplayPowerController[18]: mWindowManagerPolicy.screenTurningOn() +
12-02 14:53:37.036  1115  1526 I WindowManager: Display 18 turning on...
12-02 14:53:37.036  1115  1460 V XrManagerService: updateVrModeLocked vrMode=false displayId=18
12-02 14:53:37.037  1115  1555 I SPEG    : SpegVirtualDisplay state is on at iteration 3
12-02 14:53:37.038  1115  1461 D CompatibilityChangeReporter: Compat change id reported: 158002302; UID 10010; state: ENABLED
12-02 14:53:37.040  1115  1460 D InputManager-JNI: Viewport [0] type:1, displayId=0, uniqueId=local:4630947232161729153, orientation=0, logicalFrame=[0, 0][1440, 3040], physicalFrame=[0, 0][1440, 3040], deviceSize=[1440, 3040]
12-02 14:53:37.040  1115  1460 D InputManager-JNI: Viewport [1] type:3, displayId=18, uniqueId=virtual:com.deepwaterooo.dwsdkTest:10755, orientation=0, logicalFrame=[0, 0][1440, 3040], physicalFrame=[0, 0][1440, 3040], deviceSize=[1440, 3040]
12-02 14:53:37.040  1115  2714 D WifiDisplayAdapter: getWifiDisplayStatusLocked: result=WifiDisplayStatus{featureState=2, scanState=0, activeDisplayState=0, activeDisplay=null, displays=[]}
12-02 14:53:37.042  1115  1115 I XrManagerService: handleVrStateChange state=128(0x80) type=0
12-02 14:53:37.044  1115  1526 I WindowManager: All windows ready for display: 18
12-02 14:53:37.044  1115  1526 D DisplayPowerController[18]: mWindowManagerPolicy.screenTurningOn() -
12-02 14:53:37.044  1115  1526 D DisplayPowerController[18]: getFinalBrightness : Summary is   0 (0.00) ->   0 (0.00)
12-02 14:53:37.045  1115  1526 D DisplayPowerController[18]: Animating brightness: target=  0 (0.00), sdrTarget=0.0, rate=0.0(hbm:0.0) mDisplayId=18, (PSM:, AB limit:( -1 (NaN) ~  -1 (NaN)) MB Limit:( -1 (NaN) ~ 486 (1.91)), sf=1.0
12-02 14:53:37.047  1115  1458 I WindowManager: TouchEventView is already added
12-02 14:53:37.047  1115  1458 W WindowManager: Setting mWindowManagerDrawComplete
12-02 14:53:37.047  1115  1526 V DisplayPowerController[18]: Brightness [0.0] reason changing to: 'manual', previous reason: '0'.
12-02 14:53:37.048  1115  1526 D DisplayPowerController[18]: animateScreenStateChange: target=2, mLogicalDisplay.isEnabled()=true
12-02 14:53:37.048  1115  1526 D DisplayPowerController[18]: getFinalBrightness : Summary is   0 (0.00) ->   0 (0.00)
12-02 14:53:37.049  1115  1782 I InputReader: Reconfiguring input devices, changes=DISPLAY_INFO |  4
12-02 14:53:37.049  1115  1782 I InputReader: support feature by TSP : 0x5
12-02 14:53:37.050  1115 30227 D DisplayManagerService: !@display_state requestDisplayStateInternal: UNKNOWN -> ON displayId=18
12-02 14:53:37.050  1115  1526 D DisplayPowerController[18]: animateScreenStateChange: target=2, mLogicalDisplay.isEnabled()=true
12-02 14:53:37.050  1115  1526 D DisplayPowerController[18]: getFinalBrightness : Summary is   0 (0.00) ->   0 (0.00)
12-02 14:53:37.050  1115  1526 D DisplayPowerController[18]: !@mWindowManagerPolicy.screenTurnedOn()
12-02 14:53:37.050  1115  1526 I WindowManager: Display 18 turned on...
12-02 14:53:37.050  1115  1526 D PowerManagerService: displayReady: true groupId=0
12-02 14:53:37.051 12017 12017 I MediaRouter: Skip setBluetoothA2dpOn(): types=8388615, isPlaybackActive()=false, BT route=null
12-02 14:53:37.052  1115  4587 D WifiDisplayAdapter: getWifiDisplayStatusLocked: result=WifiDisplayStatus{featureState=2, scanState=0, activeDisplayState=0, activeDisplay=null, displays=[]}
12-02 14:53:37.053 12017 12017 W SAMSUNGWALLET: [SEPAdapter] isChromeCastConnected result false
12-02 14:53:37.053 12017 12017 W SAMSUNGWALLET: [SEPAdapter] isHdmiConnected state -1
12-02 14:53:37.053  1115  1115 D SGM:GameManager: onDisplayChanged. displyId: 18, state: 2
12-02 14:53:37.053  1115  1115 D BrightnessSynchronizer: onDisplayChanged() : displayId=18
12-02 14:53:37.055 12017 12926 I SAMSUNGWALLET: [ServiceTypeTable] isSupportOperator : VZW, US
12-02 14:53:37.055 12017 12926 I SAMSUNGWALLET: [ServiceTypeTable] Upgrade - ServiceTypeTable - entryFromCountryIso - index is : 101, iso : US
12-02 14:53:37.060  1115  1555 D ActivityTaskManager: startActivityAsUser: callingPid=1115, callingUid=1000, caller=com.android.server.wm.ActivityTaskManagerService.startActivityAsUser:1743 com.android.server.wm.ActivityTaskManagerService.startActivity:1696 com.android.server.am.ActivityManagerService.startActivity:3513 com.android.server.pm.PackageManagerService.spegLaunchApp:23773 com.android.server.pm.PackageManagerService.executePostCommitSteps:24113 com.android.server.pm.PackageManagerService.installPackagesLI:23136 com.android.server.pm.PackageManagerService.installPackagesTracedLI:22415 
12-02 14:53:37.061  1999  1999 D DisplayLifecycle: updateDisplay id = 18
12-02 14:53:37.157  1115  1178 W System  : A resource failed to call close. 
12-02 14:53:37.270  1115  1911 D NetdEventListenerService: DNS Requested by : 249, 10181, 0
12-02 14:53:37.270  1115  1459 D SettingsProvider: isChangeAllowed() : name = enabled_notification_listeners
12-02 14:53:37.275  1115  1555 I ActivityTaskManager: START u0 {act=android.intent.action.MAIN cat=[android.intent.category.LAUNCHER] flg=0x50040000 pkg=com.deepwaterooo.dwsdkTest cmp=com.deepwaterooo.dwsdkTest/com.deepwaterooo.dwsdk.MainActivity} from uid 1000
12-02 14:53:37.279  1115  1555 D ActivityTaskManager: calculate: ActivityOptions LaunchMode(mLaunchWindowingMode=0, mForceLaunchWindowingMode=0, mLaunchDisplayId=18)
12-02 14:53:37.279  1115  1555 D ActivityTaskManager: TaskLaunchParamsModifier:task=null activity=ActivityRecord{79a23ae u0 com.deepwaterooo.dwsdkTest/com.deepwaterooo.dwsdk.MainActivity display-from-option=18 display-id=18 display-windowing-mode=1 suggested-display-area=DefaultTaskDisplayArea@169108815
12-02 14:53:37.279  1115  1555 D [secipm]: mSecIpmManager Preload com.deepwaterooo.dwsdkTest dex files
12-02 14:53:37.280  1115  1555 D ActivityTaskManager: calculate: ActivityOptions LaunchMode(mLaunchWindowingMode=0, mForceLaunchWindowingMode=0, mLaunchDisplayId=18)
12-02 14:53:37.280  1115  1555 D ActivityTaskManager: TaskLaunchParamsModifier:task=null activity=ActivityRecord{79a23ae u0 com.deepwaterooo.dwsdkTest/com.deepwaterooo.dwsdk.MainActivity t-1} display-from-option=18 display-id=18 display-windowing-mode=1 suggested-display-area=DefaultTaskDisplayArea@169108815 non-freeform-display display-area=DefaultTaskDisplayArea@169108815
12-02 14:53:37.280  1115  1555 I SPEG    : Skipping boost of com.deepwaterooo.dwsdkTest
12-02 14:53:37.280  1115  3213 D PkgPredictorService-IpmAdcpController: create a new DexPreloadTask pkg:com.deepwaterooo.dwsdkTest  path:/data/app/~~YjJjccKl7pLRL1HDj7jYXw==/com.deepwaterooo.dwsdkTest-sNV_jzPDWBCT5dbcNtZgig==
12-02 14:53:37.281  1115  1555 W ActivityTaskManager: Can't find TaskDisplayArea to determine support for multi window. Task id=4057 attached=false
12-02 14:53:37.283   940  1546 I SurfaceFlinger: id=45243 createSurf (0x0),-1 flag=24004, Task=4057#0
12-02 14:53:37.287  1115  1555 D ActivityTaskManager: calculate: ActivityOptions LaunchMode(mLaunchWindowingMode=0, mForceLaunchWindowingMode=0, mLaunchDisplayId=18)
12-02 14:53:37.287  1115  1555 D ActivityTaskManager: TaskLaunchParamsModifier:task=Task{ba764dc #4057 type=standard A=10755:com.deepwaterooo.dwsdkTest U=0 visible=false mode=fullscreen translucent=true sz=0} activity=ActivityRecord{79a23ae u0 com.deepwaterooo.dwsdkTest/com.deepwaterooo.dwsdk.MainActivity t-1} display-from-option=18 display-id=18 display-windowing-mode=1 suggested-display-area=DefaultTaskDisplayArea@169108815 non-freeform-display display-area=DefaultTaskDisplayArea@169108815
12-02 14:53:37.288  1115  1555 D CompatibilityChangeReporter: Compat change id reported: 174042980; UID 10755; state: DISABLED
12-02 14:53:37.289  1115  1555 D CompatibilityChangeReporter: Compat change id reported: 184838306; UID 10755; state: DISABLED
12-02 14:53:37.290  1115  1555 D CompatibilityChangeReporter: Compat change id reported: 185004937; UID 10755; state: DISABLED
12-02 14:53:37.291  1115  1555 D CompatibilityChangeReporter: Compat change id reported: 181136395; UID 10755; state: DISABLED
12-02 14:53:37.292  1115  1555 D CompatibilityChangeReporter: Compat change id reported: 174042936; UID 10755; state: DISABLED
12-02 14:53:37.292   940  1546 I SurfaceFlinger: id=45244 createSurf (0x0),-1 flag=80004, ActivityRecord{79a23ae u0 com.deepwaterooo.dwsdkTest/com.deepwaterooo.dwsdk.MainActivity t4057}#0
12-02 14:53:37.295  1115  1555 I SPEG    : Display #18 (SpegVirtualDisplay), owner: com.deepwaterooo.dwsdkTest
12-02 14:53:37.296  1115  1555 I SPEG    : Display #18 (SpegVirtualDisplay), owner: com.deepwaterooo.dwsdkTest
12-02 14:53:37.297  1115  1555 W WindowManager: Prepare app transition: mNextAppTransitionRequests=[TRANSIT_OPEN], mNextAppTransitionFlags=, displayId: 18 Callers=com.android.server.wm.DisplayContent.prepareAppTransition:6358 com.android.server.wm.DisplayContent.prepareAppTransition:6353 com.android.server.wm.Task.startActivityLocked:8728 com.android.server.wm.ActivityStarter.startActivityInner:2911 com.android.server.wm.ActivityStarter.startActivityUnchecked:2333 
12-02 14:53:37.298  1115  1555 D CompatibilityChangeReporter: Compat change id reported: 168419799; UID 10755; state: DISABLED
12-02 14:53:37.298  1115  1555 D ActivityTaskManager: Add starting com.android.server.wm.ActivityRecord$AddStartingWindow@52929e5: typeParam=41
12-02 14:53:37.298  1115  1555 I SPEG    : Display #18 (SpegVirtualDisplay), owner: com.deepwaterooo.dwsdkTest
12-02 14:53:37.299  1115  1555 D MARsPolicyManager: onPackageResumedFG pkgName = com.deepwaterooo.dwsdkTest, userId = 0
12-02 14:53:37.299  1115  1555 I SPEG    : Skipping boost of com.deepwaterooo.dwsdkTest
12-02 14:53:37.299  1999  1999 D ShellTaskOrganizer: addStartingWindow: info=StartingWindowInfo{taskId=4057 targetActivityInfo=null displayId=18 topActivityType=1 preferredStartingWindowType=29 insetsState=null topWindowLayoutParams=null mainWindowLayoutParams=null splashScreenThemeResId 0
12-02 14:53:37.299  1999  2081 D StartingSurfaceDrawer: addSplashScreen com.deepwaterooo.dwsdkTest theme=10302e3 task=4057 suggestType=3
12-02 14:53:37.300  1115  1555 W WindowManager: Prepare app transition: mNextAppTransitionRequests=[TRANSIT_OPEN, TRANSIT_OPEN], mNextAppTransitionFlags=, displayId: 18 Callers=com.android.server.wm.DisplayContent.prepareAppTransition:6358 com.android.server.wm.Task.resumeTopActivityInnerLocked:8410 com.android.server.wm.Task.resumeTopActivityInnerLocked:8129 com.android.server.wm.Task.resumeTopActivityUncheckedLocked:8027 com.android.server.wm.RootWindowContainer.resumeFocusedTasksTopActivities:2804 
12-02 14:53:37.302  1115  1555 V WindowManager: rotationForOrientation(orient=SCREEN_ORIENTATION_UNSPECIFIED (-1), last=ROTATION_0 (0)); user=ROTATION_0 (0) 
12-02 14:53:37.302  1115  1555 D WindowManager: rotationForOrientation, orientationSource=null
12-02 14:53:37.303  1115  1555 V WindowManager: Computed rotation=ROTATION_0 (0) for display id=18 based on lastOrientation=SCREEN_ORIENTATION_UNSPECIFIED (-1) and oldRotation=ROTATION_0 (0), caller=com.android.server.wm.DisplayRotation.updateOrientation:407 com.android.server.wm.DisplayContent.updateOrientation:1932 com.android.server.wm.DisplayContent.updateOrientation:1870 com.android.server.wm.RootWindowContainer.ensureVisibilityAndConfig:2207 com.android.server.wm.ActivityStarter.handleStartResult:2405 com.android.server.wm.ActivityStarter.startActivityUnchecked:2337 
12-02 14:53:37.309  1115  1555 I SPEG    : Skipping boost of com.deepwaterooo.dwsdkTest
12-02 14:53:37.323  1115  2248 D InputTransport: Input channel constructed: '1dc076b', fd=838
12-02 14:53:37.323  1115  2248 D InputTransport: Input channel constructed: '1dc076b', fd=840
12-02 14:53:37.323  1115  2248 D InputTransport: Input channel constructed: '1dc076b', fd=843
12-02 14:53:37.324   940  1016 I SurfaceFlinger: id=45245 createSurf (0x0),-1 flag=80004, 1dc076b Splash Screen com.deepwaterooo.dwsdkTest#0
12-02 14:53:37.326  1115  2248 D InputTransport: Input channel destroyed: '1dc076b', fd=843
12-02 14:53:37.329  1115  1460 D CompatibilityChangeReporter: Compat change id reported: 135634846; UID 10755; state: DISABLED
12-02 14:53:37.330  1999  2081 I ViewRootImpl@15142bd[dwsdkTest]: setView = android.widget.FrameLayout@5f02803 TM=true
12-02 14:53:37.331  1115  1485 D CompatibilityChangeReporter: Compat change id reported: 143937733; UID 10755; state: DISABLED
12-02 14:53:37.332  1115  4587 V WindowManager: Relayout Window{1dc076b u0 Splash Screen com.deepwaterooo.dwsdkTest}: viewVisibility=0 req=1440x3040 d18
12-02 14:53:37.333   940  1016 I SurfaceFlinger: id=45246 createSurf (1x1),-3 flag=40004, Splash Screen com.deepwaterooo.dwsdkTest$_1999#0
12-02 14:53:37.334  1115  4587 D WindowManager: makeSurface duration=2 name=Splash Screen com.deepwaterooo.dwsdkTest$_1999
12-02 14:53:37.341  1115  4587 V WindowManager: Relayout hash=1dc076b, pid=1999: mAttrs={(0,0)(fillxfill) sim={adjust=pan} ty=APPLICATION_STARTING fmt=TRANSLUCENT wanim=0x10302f2
12-02 14:53:37.341  1115  4587 V WindowManager:   fl=81030118
12-02 14:53:37.341  1115  4587 V WindowManager:   pfl=36000010
12-02 14:53:37.341  1115  4587 V WindowManager:   apr=LIGHT_STATUS_BARS LIGHT_NAVIGATION_BARS
12-02 14:53:37.341  1115  4587 V WindowManager:   bhv=DEFAULT
12-02 14:53:37.341  1115  4587 V WindowManager:   fitSides= naviIconColor=0}
12-02 14:53:37.344  1999  2081 I ViewRootImpl@15142bd[dwsdkTest]: Relayout returned: old=(0,0,1440,3040) new=(0,0,1440,3040) req=(1440,3040)0 dur=11 res=0x7 s={true -5476376670686577248} ch=true fn=-1
12-02 14:53:37.344  1999  2252 D OpenGLRenderer: eglCreateWindowSurface
12-02 14:53:37.350   772   772 D Zygote  : Forked child process 30233
12-02 14:53:37.350  1999  2081 I ViewRootImpl@15142bd[dwsdkTest]: [DP] dp(1) 0 android.view.ViewRootImpl.reportNextDraw:11374 android.view.ViewRootImpl.performTraversals:4167 android.view.ViewRootImpl.doTraversal:2893 
12-02 14:53:37.351  1115  1485 I ActivityManager: Start proc 30233:com.deepwaterooo.dwsdkTest/u0a755 for activity {com.deepwaterooo.dwsdkTest/com.deepwaterooo.dwsdk.MainActivity}
12-02 14:53:37.359  1999  2252 I BufferQueueProducer: [ViewRootImpl@15142bd[dwsdkTest]#1629(BLAST Consumer)1629](id:7cf0000065d,api:1,p:1999,c:1999) queueBuffer: queued for the first time.
12-02 14:53:37.362  1999  2081 I ViewRootImpl@15142bd[dwsdkTest]: [DP] pdf(0) 0 android.view.ViewRootImpl.lambda$addFrameCompleteCallbackIfNeeded$3$ViewRootImpl:4969 android.view.ViewRootImpl$$ExternalSyntheticLambda16.run:6 android.os.Handler.handleCallback:938 
12-02 14:53:37.362  1999  2081 I ViewRootImpl@15142bd[dwsdkTest]: [DP] rdf()
12-02 14:53:37.362  1999  2081 D ViewRootImpl@15142bd[dwsdkTest]: reportDrawFinished (fn: -1) 
12-02 14:53:37.363  1115  2248 D WindowManager: finishDrawingWindow: Window{1dc076b u0 Splash Screen com.deepwaterooo.dwsdkTest} mDrawState=DRAW_PENDING
12-02 14:53:37.363  1115  1461 W WindowManager: Execute app transition: mNextAppTransitionRequests=[TRANSIT_OPEN, TRANSIT_OPEN], mNextAppTransitionFlags=, displayId: 18 Callers=com.android.server.wm.ActivityRecord.onStartingWindowDrawn:6816 com.android.server.wm.WindowState.performShowLocked:5614 com.android.server.wm.WindowStateAnimator.commitFinishDrawingLocked:323 com.android.server.wm.DisplayContent.lambda$new$10$DisplayContent:1214 com.android.server.wm.DisplayContent$$ExternalSyntheticLambda26.accept:4 
12-02 14:53:37.363  1115  1461 D WindowManager: performShow logReadyForDisplay  mToken.waitingToShow:true isTransitionSet:true
12-02 14:53:37.364  1115  1461 D TaskOrganizerController: Task appeared taskId=4057
12-02 14:53:37.365  1115  1461 D WindowManager: Loading animation for app transition. transit=TRANSIT_OLD_TASK_OPEN enter=true frame=Rect(0, 0 - 1440, 3040) insets=Rect(0, 0 - 0, 0) surfaceInsets=Rect(0, 0 - 0, 0)
12-02 14:53:37.366  1999  1999 D FullscreenTaskListener: Fullscreen Task Appeared: #4057, caller=com.android.wm.shell.ShellTaskOrganizer.onTaskAppeared:387 com.android.wm.shell.ShellTaskOrganizer.onTaskAppeared:376 android.window.TaskOrganizer$1.lambda$onTaskAppeared$4$TaskOrganizer$1:297 
12-02 14:53:37.366  1115  1461 I WindowManager: Reparenting to leash, surface=Surface(name=DefaultTaskDisplayArea)/@0xaa0e0d3, leashParent=Surface(name=RootWrapper)/@0x1323410
12-02 14:53:37.366   940  1546 I SurfaceFlinger: id=45247 createSurf (0x0),-1 flag=24004, Surface(name=DefaultTaskDisplayArea)/@0xaa0e0d3 - animation-leash of app_transition#0
12-02 14:53:37.367  1115  1461 D WindowManager: makeSurface duration=1 leash=Surface(name=Surface(name=DefaultTaskDisplayArea)/@0xaa0e0d3 - animation-leash of app_transition)/@0x29d3b09
12-02 14:53:37.370 16693 16701 W ndroid.game.go: Reducing the number of considered missed Gc histogram windows from 183 to 100
12-02 14:53:37.451 30233 30233 E erooo.dwsdkTes: Not starting debugger since process cannot load the jdwp agent.
12-02 14:53:37.466 30233 30233 E USNET   : USNET: appName: com.deepwaterooo.dwsdkTest
12-02 14:53:37.482 30233 30233 D ProcessState: Binder ioctl to enable oneway spam detection failed: Invalid argument
12-02 14:53:37.510 30233 30233 D ActivityThread: setConscryptValidator
12-02 14:53:37.514 30233 30233 D ActivityThread: setConscryptValidator - put
12-02 14:53:37.533  1115  2248 D ActivityManager: Disabled DSS for com.deepwaterooo.dwsdkTest since it appears to be running on an external display
12-02 14:53:37.533  1115  2248 I ActivityManager: DSS OFF for com.deepwaterooo.dwsdkTest
12-02 14:53:37.541  1115  2248 I DexController: getTaskHasActivityIsWaitingToRun: r=ActivityRecord{79a23ae u0 com.deepwaterooo.dwsdkTest/com.deepwaterooo.dwsdk.MainActivity t4057}, app=ProcessRecord{b477f61 30233:com.deepwaterooo.dwsdkTest/u0a755}
12-02 14:53:37.542  1115  2248 D ActivityManager: attachApplicationLocked() app=ProcessRecord{b477f61 30233:com.deepwaterooo.dwsdkTest/u0a755} app.isolatedEntryPoint=null instr2=null
12-02 14:53:37.545  1115  2248 V WindowManager: rotationForOrientation(orient=SCREEN_ORIENTATION_UNSPECIFIED (-1), last=ROTATION_0 (0)); user=ROTATION_0 (0) 
12-02 14:53:37.545  1115  2248 D WindowManager: rotationForOrientation, orientationSource=null
12-02 14:53:37.546  1115  2248 V WindowManager: Computed rotation=ROTATION_0 (0) for display id=18 based on lastOrientation=SCREEN_ORIENTATION_UNSPECIFIED (-1) and oldRotation=ROTATION_0 (0), caller=com.android.server.wm.DisplayRotation.updateOrientation:407 com.android.server.wm.DisplayContent.updateOrientation:1932 com.android.server.wm.DisplayContent.updateOrientation:1870 com.android.server.wm.RootWindowContainer.ensureVisibilityAndConfig:2207 com.android.server.wm.ActivityTaskSupervisor.realStartActivityLocked:939 com.android.server.wm.RootWindowContainer.startActivityForAttachedApplicationIfNeeded:2356 
12-02 14:53:37.548  1115  1795 D SGM:GameManager: onLooperPrepared(), msg: MSG_APP_CREATE, pkgName: com.deepwaterooo.dwsdkTest, userId: 0
12-02 14:53:37.549  1115  2248 D SGM:PkgDataHelper: notifyAppCreate(), pkgName: com.deepwaterooo.dwsdkTest, userId: 0, sendRet: true
12-02 14:53:37.550  1115  2248 D MARsPolicyManager: onPackageResumedFG pkgName = com.deepwaterooo.dwsdkTest, userId = 0
12-02 14:53:37.550  1115  2248 I SPEG    : Do not set focus
12-02 14:53:37.551  1115  2248 D SGM:GameManager: TaskStackListener.onTaskFocusChanged(), taskId=3293, focused=false
12-02 14:53:37.551  1115  2248 D SGM:GameManager: TaskStackListener.onTaskFocusChanged(), taskId=4057, focused=true
12-02 14:53:37.554  1115  2248 D SGM:GameManager:   sendRunningComponentFocus(), pkgName: com.deepwaterooo.dwsdkTest, userId: 0
12-02 14:53:37.554  1115  1795 D SGM:GameManager: onLooperPrepared(), msg: MSG_TASK_FOCUSED, pkgName: com.deepwaterooo.dwsdkTest, userId: 0
12-02 14:53:37.555  1115  1795 D SGM:GameManager: handleTaskFocused().
12-02 14:53:37.555  1115  1795 D SGM:GameManager: sendFocusOutConditionally() - mPrevNotiPkg: KILL_YOURSELF, userId: 0
12-02 14:53:37.555  1115  1795 D SGM:GameManager:   handleTaskFocused(), pkgName: com.deepwaterooo.dwsdkTest, userID:0
12-02 14:53:37.555  1115  1795 D SGM:GameManager: handleResume().
12-02 14:53:37.555  1115  1795 D SGM:GameManager: sendFocusOutConditionally() - mPrevNotiPkg: KILL_YOURSELF, userId: 0
12-02 14:53:37.555  1115  1795 D SGM:GameManager:   handleResume(). pkgName: com.deepwaterooo.dwsdkTest, userId: 0, isTunableApp: null
12-02 14:53:37.555  1115  1795 D SGM:GameManager: notifyFocusInOut(). of pkg: com.deepwaterooo.dwsdkTest, type: 4, isMinimized: false, isTunableApp: false, userId: 0
12-02 14:53:37.555  1115  1795 D SGM:GameManager:   notifyFocusInOut(). do nothing. mKillNotiCount: 1
12-02 14:53:37.555  1115  1795 D SGM:NetworkLimit: callRelease
12-02 14:53:37.555  1115  1795 D SGM:SystemHelper: callReleaseBlock needReleaseBlock:false
12-02 14:53:37.558  1115  1460 I ActivityManager: Changes in 10755 20 to 2, 0 to 15
12-02 14:53:37.558  1115  1460 I AppOps  : updateUidProcState uid: 10755 procState: 2 capability:15
12-02 14:53:37.558  1115  1460 I AppOps  : commitUidPendingStateLocked() :: UID - 10755, 700 > 200, 0 > 15
12-02 14:53:37.562  1115  1458 D NetworkPolicy: onUidStateChanged() uid: 10755, isForeground(true, 2)
12-02 14:53:37.568  1115  1458 D SSRM:LoadDetectMonitor: PID = 30233, UID = 10755
12-02 14:53:37.571 12017 15098 I SAMSUNGWALLET: [Hint_ProcessStatusChange] fg Change, pid : 30233 , isNotify : true , isForeground : true , fg list : [2680, 30233]
12-02 14:53:37.572 12017 12926 I SAMSUNGWALLET: [ServiceTypeTable] isSupportOperator : VZW, US
12-02 14:53:37.572 12017 12926 I SAMSUNGWALLET: [ServiceTypeTable] Upgrade - ServiceTypeTable - entryFromCountryIso - index is : 101, iso : US
12-02 14:53:37.574 12017 12926 I SAMSUNGWALLET: [ResetData] getSAResetDialogFlag : false
12-02 14:53:37.576 12017 12926 I SAMSUNGWALLET: [Hint_d] isHomePackageRunning topPkgName = com.sec.android.app.launcher, topClsName = com.android.launcher3.uioverrides.QuickstepLauncher, return true , se : true
12-02 14:53:37.577 12017 12017 I SAMSUNGWALLET: [ServiceTypeTable] isSupportOperator : VZW, US
12-02 14:53:37.578 12017 12017 I SAMSUNGWALLET: [ServiceTypeTable] Upgrade - ServiceTypeTable - entryFromCountryIso - index is : 101, iso : US
12-02 14:53:37.578 12017 12017 I SAMSUNGWALLET: [Hint_IntroHintService] Hint Status - already visible, skip show
12-02 14:53:37.583 30233 30233 D ActivityThread: handleBindApplication()++ app=com.deepwaterooo.dwsdkTest
12-02 14:53:37.588 30233 30233 D CompatibilityChangeReporter: Compat change id reported: 171979766; UID 10755; state: DISABLED
12-02 14:53:37.604  1115  1460 D SGM:GameManager: identifyGamePackage. com.deepwaterooo.dwsdkTest, mCurrentUserId: 0, callerUserId: 0, callingMethodInfo: com.android.server.ssrm.fgapps.GameAppUtils.isGame(GameAppUtils.java:84)
12-02 14:53:37.604  1115  1460 D SGM:PkgDataHelper: getGamePkgData(). com.deepwaterooo.dwsdkTest
12-02 14:53:37.604  1115  1460 D SGM:GameManager: identifyGamePackage. com.deepwaterooo.dwsdkTest, mCurrentUserId: 0, callerUserId: 0, callingMethodInfo: com.android.server.ssrm.SortingMachine.isGame(SortingMachine.java:162)
12-02 14:53:37.604  1115  1460 D SGM:PkgDataHelper: getGamePkgData(). com.deepwaterooo.dwsdkTest
12-02 14:53:37.606  1115  1460 D SGM:GameManager: noteResumeComponent(), received pkgName: com.deepwaterooo.dwsdkTest, userId: 0
12-02 14:53:37.606  1115  1460 I GameSDK@LifeCycle: noteResumeComponent(): package name  : com.deepwaterooo.dwsdkTest
12-02 14:53:37.610  1115  1795 D SGM:GameManager: onLooperPrepared(), msg: MSG_APP_RESUME, pkgName: com.deepwaterooo.dwsdkTest, userid: 0
12-02 14:53:37.610  1115  1795 D SGM:GameManager: handleResume().
12-02 14:53:37.610  1115  1795 D SGM:GameManager:   handleResume(). same package with Prev KILL_YOURSELF. ignore
12-02 14:53:37.610  1115  1115 I CocktailBarManagerServiceContainer: handleMessage: entry what = 5
12-02 14:53:37.616  8812  8812 I Utils   : HomePackage : com.sec.android.app.launcher, resumePackageName : com.deepwaterooo.dwsdkTest
12-02 14:53:37.633 30233 30233 D ApplicationLoaders: Returning zygote-cached class loader: /system/framework/android.test.base.jar
12-02 14:53:37.672 30233 30233 I SPEG    : Preparing application
12-02 14:53:37.696  1115  2062 D MdnieScenarioControlService:  packageName : com.sec.android.app.launcher    className : com.android.launcher3.uioverrides.QuickstepLauncher
12-02 14:53:37.697  1115  2062 V MdnieScenarioControlService: setUIMode from UI function(3)
12-02 14:53:37.727 16693 30226 I GOS:SystemEventReactor: addPkgDataFromServer(), use server category: unknown
12-02 14:53:37.733 16693 30226 I GOS:SystemEventReactor: addPkgDataFromServer(), A package was added : com.deepwaterooo.dwsdkTest as unknown
12-02 14:53:37.755  1115  1461 I WindowManager: Reparenting to original parent: Surface(name=RootWrapper)/@0x1323410, destroy=true, surface=Surface(name=DefaultTaskDisplayArea)/@0xaa0e0d3
12-02 14:53:37.769   940   940 I Layer   : id=45247 removedFromDrawingState Surface(name=DefaultTaskDisplayArea)/@0xaa0e0d3 - animation-leash of app_transition#0 (142)
12-02 14:53:37.769   940   940 I SurfaceFlinger: id=45247 Removed Surface(name=DefaultTaskDisplayArea)/@0xaa0e0d3 - animation-leash of app_transition#0 (142)
12-02 14:53:37.770   940   940 I Layer   : id=45247 Destroyed Surface(name=DefaultTaskDisplayArea)/@0xaa0e0d3 - animation-leash of app_transition#0
12-02 14:53:37.776  1115  4587 I GenerationRegistry: mBackingStore.isClosed() : false
12-02 14:53:37.798  1115  2062 V MdnieScenarioControlService: mAclOffEnabled : false mAclPreviewState : false mAclCompensationState : false
12-02 14:53:37.902  1115  4587 D InputTransport: Input channel constructed: 'c72b16c', fd=873
12-02 14:53:37.902  1115  4587 D InputTransport: Input channel constructed: 'c72b16c', fd=877
12-02 14:53:37.902  1115  4587 D InputTransport: Input channel constructed: 'c72b16c', fd=880
12-02 14:53:37.904   940  1546 I SurfaceFlinger: id=45248 createSurf (0x0),-1 flag=80004, c72b16c com.deepwaterooo.dwsdkTest/com.deepwaterooo.dwsdk.MainActivity#0
12-02 14:53:37.907  1115  4587 D RestrictionPolicy: isScreenCaptureEnabled : ret=true userId=0
12-02 14:53:37.907  1115  4587 D InputTransport: Input channel destroyed: 'c72b16c', fd=880
12-02 14:53:37.918  8812  8812 I Utils   : isCurrentUser current = 0, ownerId = 0
12-02 14:53:37.919  8812  8812 I TrayVisibilityController: getComputedTrayVisible : keyguardState = 1
12-02 14:53:37.919  8812  8812 I TrayVisibilityController: updateTrayVisible: State=1 visible=1 mCurrentVisible=1 specificMode=0
12-02 14:53:37.919  8812  8812 I TrayStateController: onNotifyUpdateTray: state=0
12-02 14:53:37.928  1115  4587 V WindowManager: Relayout Window{c72b16c u0 com.deepwaterooo.dwsdkTest/com.deepwaterooo.dwsdk.MainActivity}: viewVisibility=0 req=1440x3040 d18
12-02 14:53:37.928  1115  4587 D RestrictionPolicy: isScreenCaptureEnabled : ret=true userId=0
12-02 14:53:37.929   940  1546 I SurfaceFlinger: id=45249 createSurf (1x1),-3 flag=40004, com.deepwaterooo.dwsdkTest/com.deepwaterooo.dwsdk.MainActivity$_30233#0
12-02 14:53:37.931  1115  4587 D WindowManager: makeSurface duration=3 name=com.deepwaterooo.dwsdkTest/com.deepwaterooo.dwsdk.MainActivity$_30233
12-02 14:53:37.937  1115  1461 D CompatibilityChangeReporter: Compat change id reported: 158002302; UID 10755; state: ENABLED
12-02 14:53:37.938  1115  4587 V WindowManager: Relayout hash=c72b16c, pid=30233: mAttrs={(0,0)(fillxfill) sim={adjust=pan forwardNavigation} ty=BASE_APPLICATION fmt=TRANSLUCENT wanim=0x1030303
12-02 14:53:37.938  1115  4587 V WindowManager:   fl=0
12-02 14:53:37.938  1115  4587 V WindowManager:   pfl=12020040
12-02 14:53:37.938  1115  4587 V WindowManager:   apr=LIGHT_NAVIGATION_BARS
12-02 14:53:37.938  1115  4587 V WindowManager:   bhv=DEFAULT
12-02 14:53:37.938  1115  4587 V WindowManager:   fitSides= naviIconColor=0
12-02 14:53:37.938  1115  4587 V WindowManager:   sfl=100000}
12-02 14:53:37.946   940  1546 W ServiceManager: Permission failure: android.permission.ACCESS_SURFACE_FLINGER from uid=10755 pid=30233
12-02 14:53:37.946   940  1546 D PermissionCache: checking android.permission.ACCESS_SURFACE_FLINGER for uid=10755 => denied (849 us)
12-02 14:53:37.947   940  1546 W ServiceManager: Permission failure: android.permission.ROTATE_SURFACE_FLINGER from uid=10755 pid=30233
12-02 14:53:37.947   940  1546 D PermissionCache: checking android.permission.ROTATE_SURFACE_FLINGER for uid=10755 => denied (474 us)
12-02 14:53:37.950   940  1546 I SurfaceFlinger: id=45250 createSurf (0x0),-1 flag=20004, Bounds for - com.deepwaterooo.dwsdkTest/com.deepwaterooo.dwsdk.MainActivity@0#0
12-02 14:53:37.952   940  1546 I SurfaceFlinger: id=45251 createSurf (0x0),-1 flag=80004, SurfaceView - com.deepwaterooo.dwsdkTest/com.deepwaterooo.dwsdk.MainActivity@bd4c16c@0#0
12-02 14:53:37.953   940  1546 I SurfaceFlinger: id=45252 createSurf (0x0),-1 flag=40400, SurfaceView - com.deepwaterooo.dwsdkTest/com.deepwaterooo.dwsdk.MainActivity@bd4c16c@0(BLAST)#0
12-02 14:53:37.958   940  1016 I SurfaceFlinger: id=45253 createSurf (0x0),-1 flag=20404, Background for SurfaceView - com.deepwaterooo.dwsdkTest/com.deepwaterooo.dwsdk.MainActivity@bd4c16c@0#0
12-02 14:53:38.013  1115  4587 D WindowManager: finishDrawingWindow: Window{c72b16c u0 com.deepwaterooo.dwsdkTest/com.deepwaterooo.dwsdk.MainActivity} mDrawState=DRAW_PENDING
12-02 14:53:38.016  1115  1461 I WindowManager: Reparenting to leash, surface=Surface(name=c72b16c com.deepwaterooo.dwsdkTest/com.deepwaterooo.dwsdk.MainActivity)/@0x8f7858, leashParent=Surface(name=ActivityRecord{79a23ae u0 com.deepwaterooo.dwsdkTest/com.deepwaterooo.dwsdk.MainActivity t4057})/@0xfd13db1
12-02 14:53:38.017   940  1546 I SurfaceFlinger: id=45254 createSurf (0x0),-1 flag=24000, Surface(name=c72b16c com.deepwaterooo.dwsdkTest/com.deepwaterooo.dwsdk.MainActivity)/@0x8f7858 - animation-leash of starting_reveal#0
12-02 14:53:38.019  1115  1461 D WindowManager: makeSurface duration=2 leash=Surface(name=Surface(name=c72b16c com.deepwaterooo.dwsdkTest/com.deepwaterooo.dwsdk.MainActivity)/@0x8f7858 - animation-leash of starting_reveal)/@0x4c96296
12-02 14:53:38.029  1115  1457 D [secipm]: mSecIpmManager report to nap
12-02 14:53:38.029  1115  1457 I PkgPredictorService-SecIpmManagerServiceImpl: reportToNAP uid:10755 com.deepwaterooo.dwsdkTest/com.deepwaterooo.dwsdk.MainActivity thisTime:956
12-02 14:53:38.030  1115  3181 I PkgPredictorService-NapClassifier: it's ready to run
12-02 14:53:38.031  1115  3213 D PkgPredictorService-IpmAdcpController: com.deepwaterooo.dwsdkTest become forground, dex profile begin
12-02 14:53:38.041  1999  2847 I ViewRootImpl@15142bd[dwsdkTest]: mWNT: t = android.view.SurfaceControl$Transaction@3544db9 fN = 2 android.view.SyncRtSurfaceTransactionApplier.applyTransaction:94 android.view.SyncRtSurfaceTransactionApplier.lambda$scheduleApply$0$SyncRtSurfaceTransactionApplier:71 android.view.SyncRtSurfaceTransactionApplier$$ExternalSyntheticLambda0.onFrameDraw:4 
12-02 14:53:38.041  1999  2847 I ViewRootImpl@15142bd[dwsdkTest]: mWNT: merge t to BBQ
12-02 14:53:38.041  1999  2847 I ViewRootImpl@15142bd[dwsdkTest]: mWNT: t = android.view.SurfaceControl$Transaction@a9a5fe fN = 2 android.view.SyncRtSurfaceTransactionApplier.applyTransaction:94 android.view.SyncRtSurfaceTransactionApplier.lambda$scheduleApply$0$SyncRtSurfaceTransactionApplier:71 android.view.SyncRtSurfaceTransactionApplier$$ExternalSyntheticLambda0.onFrameDraw:4 
12-02 14:53:38.041  1999  2847 I ViewRootImpl@15142bd[dwsdkTest]: mWNT: merge t to BBQ
12-02 14:53:38.045  1115  1460 I ActivityManager: Killing 29118:com.samsung.android.samsungpassautofill/u0a125 (adj 999): empty for 2290s
12-02 14:53:38.047  1115  1460 I ActivityManager: Killing 29185:com.samsung.android.sdk.handwriting/u0a132 (adj 999): empty for 2294s
12-02 14:53:38.052  1115  1457 I ActivityTaskManager: Displayed com.deepwaterooo.dwsdkTest/com.deepwaterooo.dwsdk.MainActivity: +956ms
12-02 14:53:38.052  1115  1457 I Pageboost: Launch time gathered : pid 30233 com.deepwaterooo.dwsdkTest 956
12-02 14:53:38.056  3280  3280 E pageboostd: Received HALT command code 2
12-02 14:53:38.060  1999  2848 I ViewRootImpl@15142bd[dwsdkTest]: mWNT: t = android.view.SurfaceControl$Transaction@943415f fN = 3 android.view.SyncRtSurfaceTransactionApplier.applyTransaction:94 android.view.SyncRtSurfaceTransactionApplier.lambda$scheduleApply$0$SyncRtSurfaceTransactionApplier:71 android.view.SyncRtSurfaceTransactionApplier$$ExternalSyntheticLambda0.onFrameDraw:4 
12-02 14:53:38.060  1999  2848 I ViewRootImpl@15142bd[dwsdkTest]: mWNT: merge t to BBQ
12-02 14:53:38.060  1115  1486 I libprocessgroup: Successfully killed process cgroup uid 10125 pid 29118 in 12ms
12-02 14:53:38.077  1999  2847 I ViewRootImpl@15142bd[dwsdkTest]: mWNT: t = android.view.SurfaceControl$Transaction@e07f7ac fN = 4 android.view.SyncRtSurfaceTransactionApplier.applyTransaction:94 android.view.SyncRtSurfaceTransactionApplier.lambda$scheduleApply$0$SyncRtSurfaceTransactionApplier:71 android.view.SyncRtSurfaceTransactionApplier$$ExternalSyntheticLambda0.onFrameDraw:4 
12-02 14:53:38.077  1999  2847 I ViewRootImpl@15142bd[dwsdkTest]: mWNT: merge t to BBQ
12-02 14:53:38.087   771   771 I Zygote  : Process 29118 exited due to signal 9 (Killed)
12-02 14:53:38.090   771   771 I Zygote  : Process 29185 exited due to signal 9 (Killed)
12-02 14:53:38.092  1999  2252 D OpenGLRenderer: setSurface called with nullptr
12-02 14:53:38.092  1999  2252 D OpenGLRenderer: setSurface() destroyed EGLSurface
12-02 14:53:38.095  1999  2252 D OpenGLRenderer: destroyEglSurface
12-02 14:53:38.097  1115  1486 I libprocessgroup: Successfully killed process cgroup uid 10132 pid 29185 in 5ms
12-02 14:53:38.099  1115  1996 V WindowManager: Relayout Window{1dc076b u0 Splash Screen com.deepwaterooo.dwsdkTest}: viewVisibility=8 req=1440x3040 d18
12-02 14:53:38.100  1115  1996 I WindowManager: Reparenting to leash, surface=Surface(name=1dc076b Splash Screen com.deepwaterooo.dwsdkTest)/@0xe8dc3a5, leashParent=Surface(name=ActivityRecord{79a23ae u0 com.deepwaterooo.dwsdkTest/com.deepwaterooo.dwsdk.MainActivity t4057})/@0xfd13db1
12-02 14:53:38.100   940  1016 I SurfaceFlinger: id=45255 createSurf (0x0),-1 flag=24000, Surface(name=1dc076b Splash Screen com.deepwaterooo.dwsdkTest)/@0xe8dc3a5 - animation-leash of window_animation#0
12-02 14:53:38.102  1115  1996 D WindowManager: makeSurface duration=1 leash=Surface(name=Surface(name=1dc076b Splash Screen com.deepwaterooo.dwsdkTest)/@0xe8dc3a5 - animation-leash of window_animation)/@0xa96c37a
12-02 14:53:38.107  1115  1996 V WindowManager: Relayout hash=1dc076b, pid=1999: mAttrs={(0,0)(fillxfill) sim={adjust=pan} ty=APPLICATION_STARTING fmt=TRANSLUCENT wanim=0x10302f2
12-02 14:53:38.107  1115  1996 V WindowManager:   fl=81030118
12-02 14:53:38.107  1115  1996 V WindowManager:   pfl=36000010
12-02 14:53:38.107  1115  1996 V WindowManager:   apr=LIGHT_STATUS_BARS LIGHT_NAVIGATION_BARS
12-02 14:53:38.107  1115  1996 V WindowManager:   bhv=DEFAULT
12-02 14:53:38.107  1115  1996 V WindowManager:   fitSides= naviIconColor=0}
12-02 14:53:38.108  1999  2081 I ViewRootImpl@15142bd[dwsdkTest]: Relayout returned: old=(0,0,1440,3040) new=(0,0,1440,3040) req=(1440,3040)8 dur=8 res=0x5 s={false 0} ch=true fn=5
12-02 14:53:38.108  1999  2081 I ViewRootImpl@15142bd[dwsdkTest]: dispatchDetachedFromWindow
12-02 14:53:38.109  1115  1997 I WindowManager: Cancelling animation restarting=false, leash=Surface(name=Surface(name=c72b16c com.deepwaterooo.dwsdkTest/com.deepwaterooo.dwsdk.MainActivity)/@0x8f7858 - animation-leash of starting_reveal)/@0x4c96296
12-02 14:53:38.109  1115  1997 I WindowManager: Reparenting to original parent: Surface(name=ActivityRecord{79a23ae u0 com.deepwaterooo.dwsdkTest/com.deepwaterooo.dwsdk.MainActivity t4057})/@0xfd13db1, destroy=false, surface=Surface(name=c72b16c com.deepwaterooo.dwsdkTest/com.deepwaterooo.dwsdk.MainActivity)/@0x8f7858
12-02 14:53:38.109  1115  1997 D InputTransport: Input channel destroyed: '1dc076b', fd=838
12-02 14:53:38.109  1115  1997 W InputManager-JNI: Input channel object '1dc076b Splash Screen com.deepwaterooo.dwsdkTest (client)' was disposed without first being removed with the input manager!
12-02 14:53:38.109  1115  1997 D InputTransport: Input channel destroyed: '1dc076b', fd=840
12-02 14:53:38.112  1999  2081 D InputTransport: Input channel destroyed: '1dc076b', fd=291
12-02 14:53:38.121   940   940 I Layer   : id=45254 removedFromDrawingState Surface(name=c72b16c com.deepwaterooo.dwsdkTest/com.deepwaterooo.dwsdk.MainActivity)/@0x8f7858 - animation-leash of starting_reveal#0 (149)
12-02 14:53:38.155  1115  1461 I WindowManager: Reparenting to original parent: Surface(name=ActivityRecord{79a23ae u0 com.deepwaterooo.dwsdkTest/com.deepwaterooo.dwsdk.MainActivity t4057})/@0xfd13db1, destroy=true, surface=Surface(name=1dc076b Splash Screen com.deepwaterooo.dwsdkTest)/@0xe8dc3a5
12-02 14:53:38.156  1115  1461 E WindowManager: win=Window{1dc076b u0 Splash Screen com.deepwaterooo.dwsdkTest EXITING} destroySurfaces: appStopped=false win.mWindowRemovalAllowed=true win.mRemoveOnExit=true win.mViewVisibility=8 caller=com.android.server.wm.ActivityRecord.destroySurfaces:5842 com.android.server.wm.ActivityRecord.destroySurfaces:5823 com.android.server.wm.WindowState.onExitAnimationDone:5975 com.android.server.wm.WindowStateAnimator.onAnimationFinished:242 com.android.server.wm.WindowState.onAnimationFinished:6228 com.android.server.wm.WindowContainer$$ExternalSyntheticLambda0.onAnimationFinished:2 com.android.server.wm.SurfaceAnimator.lambda$getFinishedCallback$0$SurfaceAnimator:113 
12-02 14:53:38.157  1115  1461 I WindowManager: Destroying surface Surface(name=Splash Screen com.deepwaterooo.dwsdkTest$_1999)/@0x63d9d46 called by com.android.server.wm.WindowStateAnimator.destroySurface:987 com.android.server.wm.WindowStateAnimator.destroySurfaceLocked:518 com.android.server.wm.WindowState.destroySurfaceUnchecked:4229 com.android.server.wm.WindowState.destroySurface:4203 com.android.server.wm.ActivityRecord.destroySurfaces:5842 com.android.server.wm.ActivityRecord.destroySurfaces:5823 com.android.server.wm.WindowState.onExitAnimationDone:5975 com.android.server.wm.WindowStateAnimator.onAnimationFinished:242 
12-02 14:53:38.171   940   940 I Layer   : id=45246 removedFromDrawingState Splash Screen com.deepwaterooo.dwsdkTest$_1999#0 (149)
12-02 14:53:38.171   940   940 I Layer   : id=45245 removedFromDrawingState 1dc076b Splash Screen com.deepwaterooo.dwsdkTest#0 (149)
12-02 14:53:38.171   940   940 I Layer   : id=45255 removedFromDrawingState Surface(name=1dc076b Splash Screen com.deepwaterooo.dwsdkTest)/@0xe8dc3a5 - animation-leash of window_animation#0 (149)
12-02 14:53:38.171   940   940 I SurfaceFlinger: id=45245 Removed 1dc076b Splash Screen com.deepwaterooo.dwsdkTest#0 (149)
12-02 14:53:38.171   940   940 I SurfaceFlinger: id=45246 Removed Splash Screen com.deepwaterooo.dwsdkTest$_1999#0 (149)
12-02 14:53:38.171   940   940 I SurfaceFlinger: id=45255 Removed Surface(name=1dc076b Splash Screen com.deepwaterooo.dwsdkTest)/@0xe8dc3a5 - animation-leash of window_animation#0 (149)
12-02 14:53:38.172   940   940 I Layer   : id=45255 Destroyed Surface(name=1dc076b Splash Screen com.deepwaterooo.dwsdkTest)/@0xe8dc3a5 - animation-leash of window_animation#0
12-02 14:53:38.172   940   940 I Layer   : id=45245 Destroyed 1dc076b Splash Screen com.deepwaterooo.dwsdkTest#0
12-02 14:53:38.172   940   940 I Layer   : id=45246 Destroyed Splash Screen com.deepwaterooo.dwsdkTest$_1999#0
12-02 14:53:38.387   853 27823 I sensors-hal: handle_sns_client_event:660, [0][18188] accel_sample [ 0.078,  0.031,  9.789] 837154145943767
12-02 14:53:38.929   682   682 D io_stats: !@   8,0 r 5746675 217811940 w 5723395 167042400 d 0 0 f 0 0 iot 4335310 0 th 0 0 0 pt 0 inp 0 0 677716.713
12-02 14:53:39.334  1115  1555 I SPEG    : Send signal to dump profiles in app, pid=30233
12-02 14:53:39.334  1115  1555 I Process : Sending signal. PID: 30233 SIG: 10
12-02 14:53:39.418 30261 30261 I spqr    : Size: 147, waiting time: 51ms
12-02 14:53:39.449 30261 30261 I spqr    : dm saved, spqr v4.0s took 83ms
12-02 14:53:39.455  1115  1484 I ActivityManager: Force stopping com.deepwaterooo.dwsdkTest appid=10755 user=0: SPEG
12-02 14:53:39.457   940  1546 I SurfaceFlinger: destroyDisplay:SpegVirtualDisplay
12-02 14:53:39.460  1115  1484 I ActivityManager: Killing 30233:com.deepwaterooo.dwsdkTest/u0a755 (adj 102): stop com.deepwaterooo.dwsdkTest due to SPEG
12-02 14:53:39.462  1115  1484 D ActivityManager: proc ProcessRecord{b477f61 30233:com.deepwaterooo.dwsdkTest/u0a755} already removed. so we skip next process.
12-02 14:53:39.463  1115  1484 W ActivityTaskManager: Force removing ActivityRecord{79a23ae u0 com.deepwaterooo.dwsdkTest/com.deepwaterooo.dwsdk.MainActivity t4057 f}}: app died, no saved state
12-02 14:53:39.468 12017 15098 I SAMSUNGWALLET: [Hint_ProcessStatusChange] invoke foreground activities changed - onProcessDied pid:30233 uid : 10755
12-02 14:53:39.468  1115  1484 I ActivityTaskManager: Removing activity ActivityRecord{79a23ae u0 com.deepwaterooo.dwsdkTest/com.deepwaterooo.dwsdk.MainActivity t4057 f}}(appDied)  from stack callers=com.android.server.wm.ActivityRecord.handleAppDied:4261 com.android.server.wm.WindowProcessController.handleAppDied:1287 com.android.server.wm.ActivityTaskManagerService$LocalService.handleAppDied:7031 com.android.server.am.ActivityManagerService.handleAppDiedLocked:3649 com.android.server.am.ProcessList.removeProcessLocked:3707 
12-02 14:53:39.468  1115  1555 I DisplayDeviceRepository: Display device removed: DisplayDeviceInfo{"SpegVirtualDisplay": uniqueId="virtual:com.deepwaterooo.dwsdkTest:10755", 1440 x 3040
12-02 14:53:39.468  1115  1555 I DisplayDeviceRepository:     modeId 16, defaultModeId 16, supportedModes [{id=16, width=1440, height=3040, fps=60.0, alternativeRefreshRates=[]}]
12-02 14:53:39.468  1115  1555 I DisplayDeviceRepository:     colorMode 0, supportedColorModes [0], hdrCapabilities null
12-02 14:53:39.468  1115  1555 I DisplayDeviceRepository:     allmSupported false, gameContentTypeSupported false, density 560, 560.0 x 560.0 dpi, appVsyncOff 0, presDeadline 16666666
12-02 14:53:39.468  1115  1555 I DisplayDeviceRepository:     touch VIRTUAL, rotation 0, type VIRTUAL, deviceProductInfo null
12-02 14:53:39.468  1115  1555 I DisplayDeviceRepository:     state ON, owner com.deepwaterooo.dwsdkTest (uid 10755), frameRateOverride , brightnessMinimum 0.0, brightnessMaximum 0.0, brightnessDefault 0.0
12-02 14:53:39.468  1115  1555 I DisplayDeviceRepository:     , FLAG_ROTATES_WITH_CONTENT, FLAG_OWN_CONTENT_ONLY}
12-02 14:53:39.469 12017 12926 I SAMSUNGWALLET: [ServiceTypeTable] isSupportOperator : VZW, US
12-02 14:53:39.469 12017 12926 I SAMSUNGWALLET: [ServiceTypeTable] Upgrade - ServiceTypeTable - entryFromCountryIso - index is : 101, iso : US
12-02 14:53:39.470  1115  1486 I libprocessgroup: Successfully killed process cgroup uid 10755 pid 30233 in 7ms
12-02 14:53:39.472 12017 12926 I SAMSUNGWALLET: [ResetData] getSAResetDialogFlag : false
12-02 14:53:39.473   940   940 I SurfaceFlinger: SFWD update time=677717258981158
12-02 14:53:39.485  1115  1555 I LogicalDisplayMapper: Removing display: 18
12-02 14:53:39.491  1115  1484 V WindowManager: Setting visibility of Window{c72b16c u0 com.deepwaterooo.dwsdkTest/com.deepwaterooo.dwsdk.MainActivity}: false, caller=com.android.server.wm.WindowContainer.sendAppVisibilityToClients:1104 com.android.server.wm.WindowToken.setClientVisible:448 com.android.server.wm.ActivityRecord.setClientVisible:6985 com.android.server.wm.ActivityRecord.onAnimationFinished:7872 com.android.server.wm.ActivityRecord.postApplyAnimation:5573 
12-02 14:53:39.491  1115  1484 D RestrictionPolicy: isScreenCaptureEnabled : ret=true userId=0
12-02 14:53:39.492  1115  1484 D InputTransport: Input channel destroyed: 'c72b16c', fd=873
12-02 14:53:39.492  1115  1484 W InputManager-JNI: Input channel object 'c72b16c com.deepwaterooo.dwsdkTest/com.deepwaterooo.dwsdk.MainActivity (client)' was disposed without first being removed with the input manager!
12-02 14:53:39.492  1115  1484 D InputTransport: Input channel destroyed: 'c72b16c', fd=877
12-02 14:53:39.492  1115  1484 D RestrictionPolicy: isScreenCaptureEnabled : ret=true userId=0
12-02 14:53:39.492  1115  1484 I WindowManager: Destroying surface Surface(name=com.deepwaterooo.dwsdkTest/com.deepwaterooo.dwsdk.MainActivity$_30233)/@0x95d2759 called by com.android.server.wm.WindowStateAnimator.destroySurface:987 com.android.server.wm.WindowStateAnimator.destroySurfaceLocked:518 com.android.server.wm.WindowState.removeImmediately:2960 com.android.server.wm.WindowState.removeIfPossible:3151 com.android.server.wm.WindowState.removeIfPossible:2984 com.android.server.wm.WindowToken.removeAllWindowsIfPossible:241 com.android.server.wm.ActivityRecord.removeIfPossible:4279 com.android.server.wm.ActivityRecord.onRemovedFromDisplay:4369 
12-02 14:53:39.497   940  3149 I SurfaceFlinger: id=45256 createSurf (0x0),-1 flag=24004, Task=4057#1
12-02 14:53:39.502  1115  1461 W ActivityTaskManager: Can't find TaskDisplayArea to determine support for multi window. Task id=4057 attached=false
12-02 14:53:39.502  1115  1461 W ActivityTaskManager: Can't find TaskDisplayArea to determine support for multi window. Task id=4057 attached=false
12-02 14:53:39.502  1115  1461 W ActivityTaskManager: Can't find TaskDisplayArea to determine support for multi window. Task id=4057 attached=false
12-02 14:53:39.502 12017 12926 I SAMSUNGWALLET: [Hint_d] isHomePackageRunning topPkgName = com.sec.android.app.launcher, topClsName = com.android.launcher3.uioverrides.QuickstepLauncher, return true , se : true
12-02 14:53:39.504 12017 12017 I SAMSUNGWALLET: [ServiceTypeTable] isSupportOperator : VZW, US
12-02 14:53:39.504 12017 12017 I SAMSUNGWALLET: [ServiceTypeTable] Upgrade - ServiceTypeTable - entryFromCountryIso - index is : 101, iso : US
12-02 14:53:39.505 12017 12017 I SAMSUNGWALLET: [Hint_IntroHintService] Hint Status - already visible, skip show
12-02 14:53:39.506   940   940 I Layer   : id=45249 removedFromDrawingState com.deepwaterooo.dwsdkTest/com.deepwaterooo.dwsdk.MainActivity$_30233#0 (147)
12-02 14:53:39.506   940   940 I Layer   : id=45250 removedFromDrawingState Bounds for - com.deepwaterooo.dwsdkTest/com.deepwaterooo.dwsdk.MainActivity@0#0 (147)
12-02 14:53:39.506   940   940 I Layer   : id=45251 removedFromDrawingState SurfaceView - com.deepwaterooo.dwsdkTest/com.deepwaterooo.dwsdk.MainActivity@bd4c16c@0#0 (147)
12-02 14:53:39.506   940   940 I Layer   : id=45253 removedFromDrawingState Background for SurfaceView - com.deepwaterooo.dwsdkTest/com.deepwaterooo.dwsdk.MainActivity@bd4c16c@0#0 (147)
12-02 14:53:39.506   940   940 I Layer   : id=45252 removedFromDrawingState SurfaceView - com.deepwaterooo.dwsdkTest/com.deepwaterooo.dwsdk.MainActivity@bd4c16c@0(BLAST)#0 (147)
12-02 14:53:39.506   940   940 I Layer   : id=45248 removedFromDrawingState c72b16c com.deepwaterooo.dwsdkTest/com.deepwaterooo.dwsdk.MainActivity#0 (147)
12-02 14:53:39.506   940   940 I Layer   : id=45244 removedFromDrawingState ActivityRecord{79a23ae u0 com.deepwaterooo.dwsdkTest/com.deepwaterooo.dwsdk.MainActivity t4057}#0 (147)
12-02 14:53:39.506   940   940 I Layer   : id=45243 removedFromDrawingState Task=4057#0 (147)
12-02 14:53:39.506   940   940 I Layer   : id=45256 removedFromDrawingState Task=4057#1 (147)
12-02 14:53:39.506   940   940 I SurfaceFlinger: id=45256 Removed Task=4057#1 (147)
12-02 14:53:39.506   940   940 I SurfaceFlinger: id=45248 Removed c72b16c com.deepwaterooo.dwsdkTest/com.deepwaterooo.dwsdk.MainActivity#0 (147)
12-02 14:53:39.507   940   940 I SurfaceFlinger: id=45244 Removed ActivityRecord{79a23ae u0 com.deepwaterooo.dwsdkTest/com.deepwaterooo.dwsdk.MainActivity t4057}#0 (147)
12-02 14:53:39.507   940   940 I Layer   : id=45256 Destroyed Task=4057#1
12-02 14:53:39.507   940   940 I Layer   : id=45244 Destroyed ActivityRecord{79a23ae u0 com.deepwaterooo.dwsdkTest/com.deepwaterooo.dwsdk.MainActivity t4057}#0
12-02 14:53:39.507   940   940 I Layer   : id=45248 Destroyed c72b16c com.deepwaterooo.dwsdkTest/com.deepwaterooo.dwsdk.MainActivity#0
12-02 14:53:39.508  1115  1997 D InputDispatcher: removing all handles on display 18
12-02 14:53:39.516  1115  1555 D SPEG    : Skip permissions reset
12-02 14:53:39.518  1115  1115 D WALLPAPER_SVC:WallpaperManagerService: onDisplayRemoved, 18 
