12-01 19:27:59.317  1115  4554 D WindowManager: makeSurface duration=0 leash=Surface(name=Surface(name=ad056b5 Splash Screen com.deepwaterooo.dwsdkTest)/@0xf03b7c - animation-leash of window_animation)/@0x6514c05
12-01 19:27:59.317  5146  5433 D KnoxHelper: getActivityList callingUserId: 0, target user: 0
12-01 19:27:59.317  1115  4554 D InputTransport: Input channel constructed: 'Letterb', fd=746
12-01 19:27:59.317  1115  4554 D InputTransport: Input channel constructed: 'Letterb', fd=747
12-01 19:27:59.317  1115  4554 D InputTransport: Input channel constructed: 'Letterb', fd=768
12-01 19:27:59.317  1115  4554 D InputTransport: Input channel constructed: 'Letterb', fd=808
12-01 19:27:59.317  1115  4554 D InputTransport: Input channel constructed: 'Letterb', fd=824
12-01 19:27:59.317  1115  4554 D InputTransport: Input channel constructed: 'Letterb', fd=843
12-01 19:27:59.317  1115  4554 D InputTransport: Input channel constructed: 'Letterb', fd=846
12-01 19:27:59.317  1115  4554 D InputTransport: Input channel constructed: 'Letterb', fd=861
12-01 19:27:59.318  5146  5433 D KnoxHelper: getActivityList callingUserId: 0, target user: 0
12-01 19:27:59.318  2680  2680 I TouchInteractionService: onSystemUiFlagsChanged, userUnlocked
12-01 19:27:59.318   940  1546 I SurfaceFlinger: id=40460 createSurf (0x0),-1 flag=20004, Letterbox - top#0
12-01 19:27:59.319  8812  8812 I ViewRootImpl@3869863[CocktailBarService]: Relayout returned: old=(0,806,67,1374) new=(0,806,67,1374) req=(67,568)8 dur=2 res=0x5 s={false 0} ch=true fn=5
12-01 19:27:59.319  8812  8812 I TrayStateController: putInputRect mDynamicInputRegion=112951223@LastEvent=t=1669951679319Rect(0, 0 - 56, 568),Rect=Rect(0, 0 - 0, 0)
12-01 19:27:59.319  8812  8812 I DecorView: notifyKeepScreenOnChanged: keepScreenOn=false
12-01 19:27:59.319  5146  5433 D KnoxHelper: getActivityList callingUserId: 0, target user: 0
12-01 19:27:59.320  1115  1742 W CocktailBarStatePolicyController: updateWindowType: current window type is requested window type(1)
12-01 19:27:59.320  5146  5433 D KnoxHelper: getActivityList callingUserId: 0, target user: 0
12-01 19:27:59.322  5146  5433 D KnoxHelper: getActivityList callingUserId: 0, target user: 0
12-01 19:27:59.322  1115  4554 V WindowManager: Relayout hash=ad056b5, pid=1999: mAttrs={(0,0)(fillxfill) sim={adjust=pan} ty=APPLICATION_STARTING fmt=TRANSLUCENT wanim=0x10302f2
12-01 19:27:59.322  1115  4554 V WindowManager:   fl=81030118
12-01 19:27:59.322  1115  4554 V WindowManager:   pfl=36000010
12-01 19:27:59.322  1115  4554 V WindowManager:   apr=LIGHT_STATUS_BARS LIGHT_NAVIGATION_BARS
12-01 19:27:59.322  1115  4554 V WindowManager:   bhv=DEFAULT
12-01 19:27:59.322  1115  4554 V WindowManager:   fitSides= naviIconColor=0}
12-01 19:27:59.324  1999  2081 I ViewRootImpl@52e6f6b[dwsdkTest]: Relayout returned: old=(0,0,1440,3040) new=(0,0,1440,3040) req=(1440,3040)8 dur=9 res=0x5 s={false 0} ch=true fn=5
12-01 19:27:59.324  5146  5433 D KnoxHelper: getActivityList callingUserId: 0, target user: 0
12-01 19:27:59.324  1999  2081 I ViewRootImpl@52e6f6b[dwsdkTest]: dispatchDetachedFromWindow
12-01 19:27:59.324  1115  2167 I WindowManager: Cancelling animation restarting=false, leash=Surface(name=Surface(name=b66649e com.deepwaterooo.dwsdkTest/com.deepwaterooo.dwsdk.MainActivity)/@0x9029411 - animation-leash of starting_reveal)/@0x7bf0b77
12-01 19:27:59.324  1115  2167 I WindowManager: Reparenting to original parent: Surface(name=ActivityRecord{874fac0 u0 com.deepwaterooo.dwsdkTest/com.deepwaterooo.dwsdk.MainActivity t3961})/@0x55c6976, destroy=false, surface=Surface(name=b66649e com.deepwaterooo.dwsdkTest/com.deepwaterooo.dwsdk.MainActivity)/@0x9029411
12-01 19:27:59.325  1115  2167 D InputTransport: Input channel destroyed: 'ad056b5', fd=659
12-01 19:27:59.325  5146  5433 D KnoxHelper: getActivityList callingUserId: 0, target user: 0
12-01 19:27:59.325  1115  2167 W InputManager-JNI: Input channel object 'ad056b5 Splash Screen com.deepwaterooo.dwsdkTest (client)' was disposed without first being removed with the input manager!
12-01 19:27:59.325  1115  2167 D InputTransport: Input channel destroyed: 'ad056b5', fd=694
12-01 19:27:59.326  5146  5433 D KnoxHelper: getActivityList callingUserId: 0, target user: 0
12-01 19:27:59.327  2680  5160 I ViewRootImpl@635960b[LauncherActivity]: mWNT: t = android.view.SurfaceControl$Transaction@6a53153 fN = 101 com.android.systemui.shared.system.ViewRootImplCompat.mergeWithNextTransaction:62 com.android.quickstep.util.SurfaceTransactionApplier.lambda$scheduleApply$0$SurfaceTransactionApplier:94 com.android.quickstep.util.-$$Lambda$SurfaceTransactionApplier$Xj9m0ayWHIr2xvQnKB4EJdxg8RU.accept:6 
12-01 19:27:59.327  2680  5160 I ViewRootImpl@635960b[LauncherActivity]: mWNT: merge t to BBQ
12-01 19:27:59.328   940   940 I Layer   : id=40427 removedFromDrawingState com.samsung.android.app.cocktailbarservice/com.samsung.android.app.cocktailbarservice.CocktailBarService$_8812#0 (132)
12-01 19:27:59.329  1999  2081 D InputTransport: Input channel destroyed: 'ad056b5', fd=254
12-01 19:27:59.329  1999  2081 E ViewRootImpl: sendUserActionEvent() mView returned.
12-01 19:27:59.329   940   940 I Layer   : id=40457 removedFromDrawingState Surface(name=b66649e com.deepwaterooo.dwsdkTest/com.deepwaterooo.dwsdk.MainActivity)/@0x9029411 - animation-leash of starting_reveal#0 (132)
12-01 19:27:59.329   940   940 I SurfaceFlinger: id=40427 Removed com.samsung.android.app.cocktailbarservice/com.samsung.android.app.cocktailbarservice.CocktailBarService$_8812#0 (132)
12-01 19:27:59.330  1115  4554 V WindowManager: Relayout Window{3491f9d u0 com.samsung.android.app.cocktailbarservice/com.samsung.android.app.cocktailbarservice.CocktailBarService}: viewVisibility=8 req=67x568 d0
12-01 19:27:59.331  1115 25180 D TspStateManager: update cmd=set_grip_data,0,0,0,0
12-01 19:27:59.332  1115  4554 V WindowManager: Relayout hash=3491f9d, pid=8812: mAttrs={(0,806)(67x568) gr=TOP LEFT CENTER sim={adjust=nothing} layoutInDisplayCutoutMode=shortEdges ty=2226 fmt=TRANSPARENT
12-01 19:27:59.332  1115  4554 V WindowManager:   fl=81800548
12-01 19:27:59.332  1115  4554 V WindowManager:   pfl=2000050
12-01 19:27:59.332  1115  4554 V WindowManager:   vsysui=10
12-01 19:27:59.332  1115  4554 V WindowManager:   apr=LIGHT_NAVIGATION_BARS
12-01 19:27:59.332  1115  4554 V WindowManager:   bhv=SHOW_TRANSIENT_BARS_BY_SWIPE
12-01 19:27:59.332  1115  4554 V WindowManager:   fitTypes=NAVIGATION_BARS CAPTION_BAR dimAmount=0.0 dimDuration=0 naviIconColor=0
12-01 19:27:59.332  1115  4554 V WindowManager:   sfl=600000}
12-01 19:27:59.332  5146  5433 D KnoxHelper: getActivityList callingUserId: 0, target user: 0
12-01 19:27:59.332  8812  8812 I ViewRootImpl@3869863[CocktailBarService]: Relayout returned: old=(0,806,67,1374) new=(0,806,67,1374) req=(67,568)8 dur=5 res=0x1 s={false 0} ch=false fn=-1
12-01 19:27:59.332  8812  8812 I CocktailBarUiController: onCocktailBarStateChanged: flag=0x1 vis=2 bgType= showTimeout=-1 activate=true
12-01 19:27:59.333   940   940 I Layer   : id=40427 Destroyed com.samsung.android.app.cocktailbarservice/com.samsung.android.app.cocktailbarservice.CocktailBarService$_8812#0
12-01 19:27:59.335  5146  5433 D KnoxHelper: getActivityList callingUserId: 0, target user: 0
12-01 19:27:59.336  5146  5433 D KnoxHelper: getActivityList callingUserId: 0, target user: 0
12-01 19:27:59.337  5146  5433 D KnoxHelper: getActivityList callingUserId: 0, target user: 0
12-01 19:27:59.338  5146  5433 D KnoxHelper: getActivityList callingUserId: 0, target user: 0
12-01 19:27:59.339  5146  5433 D KnoxHelper: getActivityList callingUserId: 0, target user: 0
12-01 19:27:59.340  1115  2062 V MdnieScenarioControlService: mAclOffEnabled : false mAclPreviewState : false mAclCompensationState : false
12-01 19:27:59.340  5146  5433 D KnoxHelper: getActivityList callingUserId: 0, target user: 0
12-01 19:27:59.341  5146  5433 D KnoxHelper: getActivityList callingUserId: 0, target user: 0
12-01 19:27:59.342  5146  5433 D KnoxHelper: getActivityList callingUserId: 0, target user: 0
12-01 19:27:59.342   940   940 D SurfaceFlinger: Display 4630947232161729153 HWC layers:
12-01 19:27:59.342   940   940 D SurfaceFlinger:      CLIENT | 0xb400007a2c826dc0 | 0100 | RGBx_8888    |    1.0    0.0 1081.0 2280.0 |    0    0 1440 3040 | Wallpaper BBQ wrapper#0
12-01 19:27:59.342   940   940 D SurfaceFlinger:      CLIENT |              | 0000 |  Unknown  |    0.0    0.0    0.0    0.0 |    0    0 1440 3040 | OneUiHome-BlurLayer#0 (backgroundBlurRadius)
12-01 19:27:59.342   940   940 D SurfaceFlinger:      CLIENT | 0xb400007a2c8264c0 | 0100 | RGBA_8888    |    0.0    0.0 1440.0 3040.0 |    0    0 1440 3040 | com.sec.android.app.launcher/com.sec[...].activities.LauncherActivity$_2680#0
12-01 19:27:59.342   940   940 D SurfaceFlinger:      CLIENT |              | 0000 |  Unknown  |    0.0    0.0    0.0    0.0 |   42   44 1416  180 | Letterbox - top#0
12-01 19:27:59.342   940   940 D SurfaceFlinger:      CLIENT |              | 0002 |  Unknown  |    0.0    0.0    0.0    0.0 |   42  180 1416 2947 | Background for SurfaceView - com.dee[...]erooo.dwsdk.MainActivity@bd4c16c@0#0
12-01 19:27:59.342   940   940 D SurfaceFlinger:      CLIENT | 0xb400007a2c854c60 | 0100 | RGBA_8888    |    0.0    0.0 1440.0 2898.0 |   42  180 1416 2947 | com.deepwaterooo.dwsdkTest/com.deepwaterooo.dwsdk.MainActivity$_25137#0
12-01 19:27:59.342   940   940 D SurfaceFlinger:      CLIENT | 0xb400007a2c858140 | 0100 |
12-01 19:27:59.342   940   940 D SurfaceFlinger:  RGBA_8888    |    0.0    0.0 1440.0 3040.0 |   42   44 1416 2947 | Splash Screen com.deepwaterooo.dwsdkTest$_1999#0
12-01 19:27:59.342   940   940 D SurfaceFlinger:      DEVICE | 0xb400007a2c824f60 | 0100 | RGBA_8888    |    0.0    0.0 1440.0  168.0 |    0 2872 1440 3040 | NavigationBar0$_1999#0
12-01 19:27:59.342   940   940 D SurfaceFlinger: 
12-01 19:27:59.343 25137 25168 E libprocessgroup: set_timerslack_ns write failed: Operation not permitted
12-01 19:27:59.343  5146  5433 D KnoxHelper: getActivityList callingUserId: 0, target user: 0
12-01 19:27:59.343 25137 25168 E libprocessgroup: set_timerslack_ns write failed: Operation not permitted
12-01 19:27:59.343 25137 25168 E libprocessgroup: set_timerslack_ns write failed: Operation not permitted
12-01 19:27:59.344 25137 25168 E libprocessgroup: set_timerslack_ns write failed: Operation not permitted
12-01 19:27:59.344 25137 25168 E libprocessgroup: set_timerslack_ns write failed: Operation not permitted
12-01 19:27:59.344 25137 25168 E libprocessgroup: set_timerslack_ns write failed: Operation not permitted
12-01 19:27:59.344 25137 25168 E libprocessgroup: set_timerslack_ns write failed: Operation not permitted
12-01 19:27:59.344 25137 25168 E libprocessgroup: set_timerslack_ns write failed: Operation not permitted
12-01 19:27:59.344 25137 25168 E libprocessgroup: set_timerslack_ns write failed: Operation not permitted
12-01 19:27:59.344 25137 25168 E libprocessgroup: set_timerslack_ns write failed: Operation not permitted
12-01 19:27:59.344 25137 25168 E libprocessgroup: set_timerslack_ns write failed: Operation not permitted
12-01 19:27:59.344 25137 25168 E libprocessgroup: set_timerslack_ns write failed: Operation not permitted
12-01 19:27:59.344 25137 25168 E libprocessgroup: set_timerslack_ns write failed: Operation not permitted
12-01 19:27:59.344 25137 25168 E libprocessgroup: set_timerslack_ns write failed: Operation not permitted
12-01 19:27:59.344 25137 25168 E libprocessgroup: set_timerslack_ns write failed: Operation not permitted
12-01 19:27:59.344 25137 25168 E libprocessgroup: set_timerslack_ns write failed: Operation not permitted
12-01 19:27:59.345  5146  5433 D KnoxHelper: getActivityList callingUserId: 0, target user: 0
12-01 19:27:59.345  2680  5159 I ViewRootImpl@635960b[LauncherActivity]: mWNT: t = android.view.SurfaceControl$Transaction@28f7a90 fN = 102 com.android.systemui.shared.system.ViewRootImplCompat.mergeWithNextTransaction:62 com.android.quickstep.util.SurfaceTransactionApplier.lambda$scheduleApply$0$SurfaceTransactionApplier:94 com.android.quickstep.util.-$$Lambda$SurfaceTransactionApplier$Xj9m0ayWHIr2xvQnKB4EJdxg8RU.accept:6 
12-01 19:27:59.345  2680  5159 I ViewRootImpl@635960b[LauncherActivity]: mWNT: merge t to BBQ
12-01 19:27:59.346  5146  5433 D KnoxHelper: getActivityList callingUserId: 0, target user: 0
12-01 19:27:59.348  5146  5433 D KnoxHelper: getActivityList callingUserId: 0, target user: 0
12-01 19:27:59.349  5146  5433 D KnoxHelper: getActivityList callingUserId: 0, target user: 0
12-01 19:27:59.351 25137 25168 I Unity   : Company Name: deepwaterooo
12-01 19:27:59.351 25137 25168 I Unity   : Product Name: dwsdkTest
12-01 19:27:59.351  5146  5433 D KnoxHelper: getActivityList callingUserId: 0, target user: 0
12-01 19:27:59.352  1115  1742 V WindowManager: rotationForOrientation(orient=SCREEN_ORIENTATION_PORTRAIT (1), last=ROTATION_0 (0)); user=ROTATION_0 (0) 
12-01 19:27:59.352  1115  1742 D WindowManager: rotationForOrientation, orientationSource=ActivityRecord{874fac0 u0 com.deepwaterooo.dwsdkTest/com.deepwaterooo.dwsdk.MainActivity t3961}
12-01 19:27:59.352  5146  5433 D KnoxHelper: getActivityList callingUserId: 0, target user: 0
12-01 19:27:59.352  1115  1742 V WindowManager: Computed rotation=ROTATION_0 (0) for display id=0 based on lastOrientation=SCREEN_ORIENTATION_PORTRAIT (1) and oldRotation=ROTATION_0 (0), caller=com.android.server.wm.DisplayRotation.updateOrientation:407 com.android.server.wm.DisplayContent.updateOrientation:1932 com.android.server.wm.DisplayContent.updateOrientation:1870 com.android.server.wm.DisplayContent.onDescendantOrientationChanged:1807 com.android.server.wm.WindowContainer.onDescendantOrientationChanged:1284 com.android.server.wm.DisplayArea.onDescendantOrientationChanged:167 
12-01 19:27:59.353  1115  1742 D TspStateManager: updateCustomValue customSetting=
12-01 19:27:59.354  5146  5433 D KnoxHelper: getActivityList callingUserId: 0, target user: 0
12-01 19:27:59.355  5146  5433 D KnoxHelper: getActivityList callingUserId: 0, target user: 0
12-01 19:27:59.356  5146  5433 D KnoxHelper: getActivityList callingUserId: 0, target user: 0
12-01 19:27:59.357  5146  5433 D KnoxHelper: getActivityList callingUserId: 0, target user: 0
12-01 19:27:59.358  5146  5433 D KnoxHelper: getActivityList callingUserId: 0, target user: 0
12-01 19:27:59.359 25137 25168 D vulkan  : searching for layers in '/data/app/~~SrBngGBgeDc84H-lJc0Ybw==/com.deepwaterooo.dwsdkTest-852hMqwbaxOcgR8Tt8UlEA==/lib/arm'
12-01 19:27:59.359 25137 25168 D vulkan  : searching for layers in '/data/app/~~SrBngGBgeDc84H-lJc0Ybw==/com.deepwaterooo.dwsdkTest-852hMqwbaxOcgR8Tt8UlEA==/base.apk!/lib/armeabi-v7a'
12-01 19:27:59.359  5146  5433 D KnoxHelper: getActivityList callingUserId: 0, target user: 0
12-01 19:27:59.360  5146  5433 D KnoxHelper: getActivityList callingUserId: 0, target user: 0
12-01 19:27:59.361  2680  5160 I ViewRootImpl@635960b[LauncherActivity]: mWNT: t = android.view.SurfaceControl$Transaction@9cf3f89 fN = 103 com.android.systemui.shared.system.ViewRootImplCompat.mergeWithNextTransaction:62 com.android.quickstep.util.SurfaceTransactionApplier.lambda$scheduleApply$0$SurfaceTransactionApplier:94 com.android.quickstep.util.-$$Lambda$SurfaceTransactionApplier$Xj9m0ayWHIr2xvQnKB4EJdxg8RU.accept:6 
12-01 19:27:59.361  2680  5160 I ViewRootImpl@635960b[LauncherActivity]: mWNT: merge t to BBQ
12-01 19:27:59.362  2680  2741 W QuickstepModelDelegate: handleUpdate targets : 9
12-01 19:27:59.363 25137 25168 I AdrenoVK-0: ===== BEGIN DUMP OF OVERRIDDEN SETTINGS =====
12-01 19:27:59.363 25137 25168 I AdrenoVK-0: ===== END DUMP OF OVERRIDDEN SETTINGS =====
12-01 19:27:59.363 25137 25168 I AdrenoVK-0: QUALCOMM build          : 3dad7f8ed7, I593c16c433
12-01 19:27:59.363 25137 25168 I AdrenoVK-0: Build Date              : 10/01/21
12-01 19:27:59.363 25137 25168 I AdrenoVK-0: Shader Compiler Version : EV031.32.02.02
12-01 19:27:59.363 25137 25168 I AdrenoVK-0: Local Branch            : 
12-01 19:27:59.363 25137 25168 I AdrenoVK-0: Remote Branch           : refs/tags/AU_LINUX_ANDROID_LA.UM.9.1.R1.11.00.00.604.073
12-01 19:27:59.363 25137 25168 I AdrenoVK-0: Remote Branch           : NONE
12-01 19:27:59.363 25137 25168 I AdrenoVK-0: Reconstruct Branch      : NOTHING
12-01 19:27:59.363 25137 25168 I AdrenoVK-0: Build Config            : S P 10.0.7 AArch32
12-01 19:27:59.363 25137 25168 I AdrenoVK-0: Driver Path             : /vendor/lib/hw/vulkan.adreno.so
12-01 19:27:59.368  2680  2680 W SuggestedAppsViewImpl: pending predictedApps : 9, alpha: 0.0, overview: false
12-01 19:27:59.370 25137 25168 I AdrenoVK-0: QUALCOMM build          : 3dad7f8ed7, I593c16c433
12-01 19:27:59.370 25137 25168 I AdrenoVK-0: Build Date              : 10/01/21
12-01 19:27:59.370 25137 25168 I AdrenoVK-0: Shader Compiler Version : EV031.32.02.02
12-01 19:27:59.370 25137 25168 I AdrenoVK-0: Local Branch            : 
12-01 19:27:59.370 25137 25168 I AdrenoVK-0: Remote Branch           : refs/tags/AU_LINUX_ANDROID_LA.UM.9.1.R1.11.00.00.604.073
12-01 19:27:59.370 25137 25168 I AdrenoVK-0: Remote Branch           : NONE
12-01 19:27:59.370 25137 25168 I AdrenoVK-0: Reconstruct Branch      : NOTHING
12-01 19:27:59.370 25137 25168 I AdrenoVK-0: Build Config            : S P 10.0.7 AArch32
12-01 19:27:59.370 25137 25168 I AdrenoVK-0: Driver Path             : /vendor/lib/hw/vulkan.adreno.so
12-01 19:27:59.376  1115  1461 I WindowManager: Reparenting to original parent: Surface(name=ActivityRecord{874fac0 u0 com.deepwaterooo.dwsdkTest/com.deepwaterooo.dwsdk.MainActivity t3961})/@0x55c6976, destroy=true, surface=Surface(name=ad056b5 Splash Screen com.deepwaterooo.dwsdkTest)/@0xf03b7c
12-01 19:27:59.377  1115  1461 E WindowManager: win=Window{ad056b5 u0 Splash Screen com.deepwaterooo.dwsdkTest EXITING} destroySurfaces: appStopped=false win.mWindowRemovalAllowed=true win.mRemoveOnExit=true win.mViewVisibility=8 caller=com.android.server.wm.ActivityRecord.destroySurfaces:5842 com.android.server.wm.ActivityRecord.destroySurfaces:5823 com.android.server.wm.WindowState.onExitAnimationDone:5975 com.android.server.wm.WindowStateAnimator.onAnimationFinished:242 com.android.server.wm.WindowState.onAnimationFinished:6228 com.android.server.wm.WindowContainer$$ExternalSyntheticLambda0.onAnimationFinished:2 com.android.server.wm.SurfaceAnimator.lambda$getFinishedCallback$0$SurfaceAnimator:113 
12-01 19:27:59.377  1115  1461 I WindowManager: Destroying surface Surface(name=Splash Screen com.deepwaterooo.dwsdkTest$_1999)/@0xb53c067 called by com.android.server.wm.WindowStateAnimator.destroySurface:987 com.android.server.wm.WindowStateAnimator.destroySurfaceLocked:518 com.android.server.wm.WindowState.destroySurfaceUnchecked:4229 com.android.server.wm.WindowState.destroySurface:4203 com.android.server.wm.ActivityRecord.destroySurfaces:5842 com.android.server.wm.ActivityRecord.destroySurfaces:5823 com.android.server.wm.WindowState.onExitAnimationDone:5975 com.android.server.wm.WindowStateAnimator.onAnimationFinished:242 
12-01 19:27:59.378   940   940 I Layer   : id=40443 removedFromDrawingState Splash Screen com.deepwaterooo.dwsdkTest$_1999#0 (131)
12-01 19:27:59.378  2680  5159 I ViewRootImpl@635960b[LauncherActivity]: mWNT: t = android.view.SurfaceControl$Transaction@cc78faf fN = 104 com.android.systemui.shared.system.ViewRootImplCompat.mergeWithNextTransaction:62 com.android.quickstep.util.SurfaceTransactionApplier.lambda$scheduleApply$0$SurfaceTransactionApplier:94 com.android.quickstep.util.-$$Lambda$SurfaceTransactionApplier$Xj9m0ayWHIr2xvQnKB4EJdxg8RU.accept:6 
12-01 19:27:59.378  2680  5159 I ViewRootImpl@635960b[LauncherActivity]: mWNT: merge t to BBQ
12-01 19:27:59.379  1999  1999 D SecLightBarControlHelper: updateStatus(WHITE icon) NumLightStacks:0, NumStacks:1, IndexLightStack:-1, StatusBarMode:0, StatusBarState:SHD, NeedDarkFontFromWallpaper:false, isWhiteKeyguardStatusBarBySettings:false
12-01 19:27:59.389 25137 25168 I BufferQueueProducer: [SurfaceView - com.deepwaterooo.dwsdkTest/com.deepwaterooo.dwsdk.MainActivity@bd4c16c@0#1(BLAST Consumer)1](id:623100000001,api:1,p:25137,c:25137) FrameBooster: VULKAN surface was catched
12-01 19:27:59.389 25137 25168 D erooo.dwsdkTes: FrameBooster: InterpolationGui: UID 10743 detected as using Vulkan
12-01 19:27:59.390 25137 25168 I BufferQueueProducer: [SurfaceView - com.deepwaterooo.dwsdkTest/com.deepwaterooo.dwsdk.MainActivity@bd4c16c@0#1(BLAST Consumer)1](id:623100000001,api:1,p:25137,c:25137) FrameBooster: VULKAN surface was catched
12-01 19:27:59.390 25137 25168 D erooo.dwsdkTes: FrameBooster: InterpolationGui: UID 10743 detected as using Vulkan
12-01 19:27:59.392   940   940 D SurfaceFlinger: Display 4630947232161729153 HWC layers:
12-01 19:27:59.392   940   940 D SurfaceFlinger:      CLIENT | 0xb400007a2c826dc0 | 0100 | RGBx_8888    |    1.0    0.0 1081.0 2280.0 |    0    0 1440 3040 | Wallpaper BBQ wrapper#0
12-01 19:27:59.392   940   940 D SurfaceFlinger:      CLIENT |              | 0000 |  Unknown  |    0.0    0.0    0.0    0.0 |    0    0 1440 3040 | OneUiHome-BlurLayer#0 (backgroundBlurRadius)
12-01 19:27:59.392   940   940 D SurfaceFlinger:      CLIENT | 0xb400007a2c8264c0 | 0100 | RGBA_8888    |    0.0    0.0 1440.0 3040.0 |    0    0 1440 3040 | com.sec.android.app.launcher/com.sec[...].activities.LauncherActivity$_2680#0
12-01 19:27:59.392   940   940 D SurfaceFlinger:      CLIENT |              | 0000 |  Unknown  |    0.0    0.0    0.0    0.0 |   13   14 1433  154 | Letterbox - top#0
12-01 19:27:59.392   940   940 D SurfaceFlinger:      CLIENT |              | 0002 |  Unknown  |    0.0    0.0    0.0    0.0 |   13  154 1433 3011 | Background for SurfaceView - com.dee[...]erooo.dwsdk.MainActivity@bd4c16c@0#0
12-01 19:27:59.392   940   940 D SurfaceFlinger:      CLIENT | 0xb400007a2c854c60 | 0100 | RGBA_8888    |    0.0    0.0 1440.0 2898.0 |   13  154 1433 3011 | com.deepwaterooo.dwsdkTest/com.deepwaterooo.dwsdk.MainActivity$_25137#0
12-01 19:27:59.392   940   940 D SurfaceFlinger:      DEVICE | 0xb400007a2c845960 | 0100 |
12-01 19:27:59.392   940   940 D SurfaceFlinger:  RGBA_8888    |    0.0    0.0 1440.0  157.0 |    0 2883 1440 3040 | NavigationBar0$_1999#0
12-01 19:27:59.392   940   940 D SurfaceFlinger: 
12-01 19:27:59.394   940   940 I Layer   : id=40442 removedFromDrawingState ad056b5 Splash Screen com.deepwaterooo.dwsdkTest#0 (131)
12-01 19:27:59.394   940   940 I Layer   : id=40459 removedFromDrawingState Surface(name=ad056b5 Splash Screen com.deepwaterooo.dwsdkTest)/@0xf03b7c - animation-leash of window_animation#0 (131)
12-01 19:27:59.395   940   940 I SurfaceFlinger: id=40442 Removed ad056b5 Splash Screen com.deepwaterooo.dwsdkTest#0 (131)
12-01 19:27:59.395   940   940 I SurfaceFlinger: id=40443 Removed Splash Screen com.deepwaterooo.dwsdkTest$_1999#0 (131)
12-01 19:27:59.395   940   940 I SurfaceFlinger: id=40459 Removed Surface(name=ad056b5 Splash Screen com.deepwaterooo.dwsdkTest)/@0xf03b7c - animation-leash of window_animation#0 (131)
12-01 19:27:59.395  2680  5160 I ViewRootImpl@635960b[LauncherActivity]: mWNT: t = android.view.SurfaceControl$Transaction@f19afbc fN = 105 com.android.systemui.shared.system.ViewRootImplCompat.mergeWithNextTransaction:62 com.android.quickstep.util.SurfaceTransactionApplier.lambda$scheduleApply$0$SurfaceTransactionApplier:94 com.android.quickstep.util.-$$Lambda$SurfaceTransactionApplier$Xj9m0ayWHIr2xvQnKB4EJdxg8RU.accept:6 
12-01 19:27:59.395  2680  5160 I ViewRootImpl@635960b[LauncherActivity]: mWNT: merge t to BBQ
12-01 19:27:59.395   940   940 I Layer   : id=40443 Destroyed Splash Screen com.deepwaterooo.dwsdkTest$_1999#0
12-01 19:27:59.396   940   940 I Layer   : id=40459 Destroyed Surface(name=ad056b5 Splash Screen com.deepwaterooo.dwsdkTest)/@0xf03b7c - animation-leash of window_animation#0
12-01 19:27:59.396   940   940 I Layer   : id=40442 Destroyed ad056b5 Splash Screen com.deepwaterooo.dwsdkTest#0
12-01 19:27:59.397  1115  2167 V WindowManager: Relayout Window{4cdbd53 u0 NotificationShade}: viewVisibility=4 req=1440x3040 d0
12-01 19:27:59.398  1115  2167 V WindowManager: Relayout hash=4cdbd53, pid=1999: mAttrs={(0,0)(fillxfill) gr=TOP CENTER_VERTICAL sim={adjust=resize} layoutInDisplayCutoutMode=always ty=2040 fmt=TRANSLUCENT
12-01 19:27:59.398  1115  2167 V WindowManager:   fl=81840048
12-01 19:27:59.398  1115  2167 V WindowManager:   pfl=1b000000
12-01 19:27:59.398  1115  2167 V WindowManager:   bhv=SHOW_TRANSIENT_BARS_BY_SWIPE naviIconColor=0
12-01 19:27:59.398  1115  2167 V WindowManager:   sfl=42000}
12-01 19:27:59.399  1999  1999 I ViewRootImpl@d8197b4[NotificationShade]: Relayout returned: old=(0,0,1440,3040) new=(0,0,1440,3040) req=(1440,3040)4 dur=2 res=0x1 s={false 0} ch=false fn=-1
12-01 19:27:59.399  1999  1999 D PanelCarrierLabelManager: updateNavBarHeight(168 >> 0) NavSettingsHelper(navGestureProtectionEnabled:false, navGestureHintEnabled:true, navHideKeyboardButtonEnabled:true)
12-01 19:27:59.400  1999  1999 D QSPanelResourcePicker: cabinetHeight= 895.1334
12-01 19:27:59.400  1999  1999 D QSPanelResourcePicker: cabinetHeight= 895.1334
12-01 19:27:59.401  1999  1999 D KeyguardBottomAreaShortcutView: updateCameraVisibility isCameraDisabled:false visible:true
12-01 19:27:59.401  1999  1999 D KeyguardBottomAreaShortcutView: mIndicationArea margin start : 217, end : 217, bottom : 513
12-01 19:27:59.402 25137 25208 D Choreographer: Attaching thread to JVM for AChoreographer
12-01 19:27:59.404  1999  1999 D ScrollView:  onsize change changed 
12-01 19:27:59.404  1999  1999 D QS      : setQSExpansion 0.0 -157.325
12-01 19:27:59.404  1999  1999 V SecQSFragmentAnimatorBase: setQsExpansionPosition 0.0
12-01 19:27:59.404  1999  1999 V QsExpandAnimator: setQsExpansionPosition 0.0 0
12-01 19:27:59.405  1999  1999 D QS      : setQSExpansion 0.0 -161.525
12-01 19:27:59.405  1999  1999 V SecQSFragmentAnimatorBase: setQsExpansionPosition 0.0
12-01 19:27:59.405  1999  1999 V QsExpandAnimator: setQsExpansionPosition 0.0 0
12-01 19:27:59.405 25137 25209 I SwappyDisplayManager: Starting looper thread
12-01 19:27:59.405  1999  1999 D QS      : setQSExpansion 0.0 -161.525
12-01 19:27:59.405 25137 25168 V SwappyVk: SwappyVk initialized for VkDevice 0xb87dd0d0 using VK_GOOGLE_display_timing on Android
12-01 19:27:59.406 25137 25168 I SwappyVk: Returning refresh duration of 16666666 nsec (approx 60.000002 Hz)
12-01 19:27:59.410  1115  4554 D WifiDisplayAdapter: getWifiDisplayStatusLocked: result=WifiDisplayStatus{featureState=2, scanState=0, activeDisplayState=0, activeDisplay=null, displays=[]}
12-01 19:27:59.410  2680  5159 I ViewRootImpl@635960b[LauncherActivity]: mWNT: t = android.view.SurfaceControl$Transaction@8e34b45 fN = 106 com.android.systemui.shared.system.ViewRootImplCompat.mergeWithNextTransaction:62 com.android.quickstep.util.SurfaceTransactionApplier.lambda$scheduleApply$0$SurfaceTransactionApplier:94 com.android.quickstep.util.-$$Lambda$SurfaceTransactionApplier$Xj9m0ayWHIr2xvQnKB4EJdxg8RU.accept:6 
12-01 19:27:59.410  2680  5159 I ViewRootImpl@635960b[LauncherActivity]: mWNT: merge t to BBQ
12-01 19:27:59.413 25137 25168 V MediaRouter: Selecting route: RouteInfo{ name=Phone, description=null, status=null, category=RouteCategory{ name=System types=ROUTE_TYPE_LIVE_AUDIO ROUTE_TYPE_LIVE_VIDEO  groupable=false }, supportedTypes=ROUTE_TYPE_LIVE_AUDIO ROUTE_TYPE_LIVE_VIDEO , presentationDisplay=null }
12-01 19:27:59.413 25137 25168 I MediaRouter: Skip setBluetoothA2dpOn(): types=8388615, isPlaybackActive()=false, BT route=null
12-01 19:27:59.413  1999  1999 D IndicatorGardenInputProperty: updateRotation() prv:-1 >> new:0
12-01 19:27:59.413  1999  1999 D DeviceState: getDeviceResolutionPixelSize - currentDensity = 560 deviceDensity = 560 initialDisplaySizeFactor = 1440 currentDisplaySizeFactor = 1440 initialDisplayDensity = 560 proportionalDensity = 560 proportionalPixel = 75
12-01 19:27:59.413  1115  4554 D WifiDisplayAdapter: getWifiDisplayStatusLocked: result=WifiDisplayStatus{featureState=2, scanState=0, activeDisplayState=0, activeDisplay=null, displays=[]}
12-01 19:27:59.413  1999  1999 D DeviceState: getDeviceResolutionPixelSize - currentDensity = 560 deviceDensity = 560 initialDisplaySizeFactor = 1440 currentDisplaySizeFactor = 1440 initialDisplayDensity = 560 proportionalDensity = 560 proportionalPixel = 34
12-01 19:27:59.413  1999  1999 D DeviceState: getDeviceResolutionPixelSize - currentDensity = 560 deviceDensity = 560 initialDisplaySizeFactor = 1440 currentDisplaySizeFactor = 1440 initialDisplayDensity = 560 proportionalDensity = 560 proportionalPixel = 32
12-01 19:27:59.414  1999  1999 V QsExpandAnimator: updateAnimators
12-01 19:27:59.414  1999  1999 V QsExpandAnimator: clearAnimationState 
12-01 19:27:59.414  1999  1999 V QsExpandAnimator: setQsExpansionPosition 0.0 0
12-01 19:27:59.418   934 10964 V APM_AudioPolicyManager: listAudioPorts() role 0 type 0 num_ports 0 ports 0xb400007926d31750
12-01 19:27:59.418   934 10964 V APM_AudioPolicyManager: listAudioPorts() got 0 ports needed 13
12-01 19:27:59.418   934 10964 V APM_AudioPolicyManager: listAudioPorts() role 0 type 0 num_ports 13 ports 0xb400007b46de1070
12-01 19:27:59.418   934 10964 V APM_AudioPolicyManager: listAudioPorts() got 13 ports needed 13
12-01 19:27:59.421   934  1649 D AudioFlinger: ro.audio.silent is ignored since no output device is set
12-01 19:27:59.423 25137 25168 D erooo.dwsdkTes: PlayerBase::PlayerBase()
12-01 19:27:59.426 25137 25168 D erooo.dwsdkTes: TrackPlayerBase::TrackPlayerBase()
12-01 19:27:59.426 25137 25168 I libOpenSLES: Emulating old channel mask behavior (ignoring positional mask 0x3, using default mask 0x3 based on channel count of 2)
12-01 19:27:59.426 25137 25168 W AudioTrack: set(): notificationFrames=-21 clamped to the range -1 to -8
12-01 19:27:59.427  1999  1999 D QS      : setQSExpansion 0.0 -161.525
12-01 19:27:59.427  1999  1999 D QS      : setQSExpansion 0.0 -161.525
12-01 19:27:59.428   934 10964 V APM_AudioPolicyManager: getOutputForAttrInt() attributes={ Content type: AUDIO_CONTENT_TYPE_UNKNOWN Usage: AUDIO_USAGE_MEDIA Source: AUDIO_SOURCE_DEFAULT Flags: 0x0 Tags:  } stream=AUDIO_STREAM_MUSIC session 7929 selectedDeviceId 0
12-01 19:27:59.428   934 10964 I APM_AudioPolicyManager: selectOutputFlags: remove ULL flag for dolby
12-01 19:27:59.428   934 10964 V APM_AudioPolicyManager: getOutputForAttrInt() device {type:0x2,@:}, sampling rate 48000, format 0x1, channel mask 0x3, flags 0x4 stream AUDIO_STREAM_MUSIC
12-01 19:27:59.428   934 10964 V APM_AudioPolicyManager: selectOutput new bestOutput 13 criteria 0 0 0 0 0 0 4 2 
12-01 19:27:59.428   934 10964 V APM_AudioPolicyManager: selectOutput new bestOutput 29 criteria 0 0 0 0 0 1 4 0 
12-01 19:27:59.428   934 10964 V APM_AudioPolicyManager: getOutputForAttrInt returns output 29 selectedDeviceId 3
12-01 19:27:59.428   934 10964 V APM_AudioPolicyManager: getOutputForAttr() returns output 29 requestedPortId 0 selectedDeviceId 3 for port ID 646
12-01 19:27:59.428  2680  5160 I ViewRootImpl@635960b[LauncherActivity]: mWNT: t = android.view.SurfaceControl$Transaction@614429a fN = 107 com.android.systemui.shared.system.ViewRootImplCompat.mergeWithNextTransaction:62 com.android.quickstep.util.SurfaceTransactionApplier.lambda$scheduleApply$0$SurfaceTransactionApplier:94 com.android.quickstep.util.-$$Lambda$SurfaceTransactionApplier$Xj9m0ayWHIr2xvQnKB4EJdxg8RU.accept:6 
12-01 19:27:59.428  2680  5160 I ViewRootImpl@635960b[LauncherActivity]: mWNT: merge t to BBQ
12-01 19:27:59.429   934 10964 I AudioFlinger: nonSecFlag 104, secFlag 0, outputFlags 4
12-01 19:27:59.429   934 10964 W AudioFlinger: createTrack_l(): mismatch between requested flags (00000104) and output flags (00000004)
12-01 19:27:59.429   934 10964 D AudioFlinger: Client defaulted notificationFrames to 192 for frameCount 1536
12-01 19:27:59.429   682   682 D io_stats: !@   8,0 r 5023962 192173848 w 5158395 151911688 d 0 0 f 0 0 iot 3835670 0 th 0 0 0 pt 0 inp 0 0 618805.932
12-01 19:27:59.431   934 10964 D AF::TrackHandle: OpPlayAudio: track:669 usage:1 not muted
12-01 19:27:59.432   934 10964 I AF::Track: setMixerOutConfig return default condition, mixer key 2002, thread key 2002
12-01 19:27:59.432 25137 25168 I AudioTrack: createTrack_l(0): AUDIO_OUTPUT_FLAG_FAST successful; frameCount 0 -> 1536
12-01 19:27:59.434   934 10964 I AF::Track: setMixerOutConfig return default condition, mixer key 2002, thread key 2002
12-01 19:27:59.435   934 10964 I AudioPolicyEffectException: MySpaceHandler::checkDetachCondition media 1, ring 0, mp 0
12-01 19:27:59.435   934 10964 I AudioPolicyEffectException: MySpace detach value 1
12-01 19:27:59.435   934 10964 V APM_AudioPolicyManager: startOutput() output 29, stream 3, session 7929, portId 646
12-01 19:27:59.435  1115  1115 D AudioPlayerStateMonitor: Found a new active media playback. AudioPlaybackConfiguration piid:6359 deviceId:3 type:OpenSL ES AudioPlayer (Buffer Queue) u/pid:10743/25137 state:started attr:AudioAttributes: usage=USAGE_MEDIA content=CONTENT_TYPE_UNKNOWN flags=0x0 tags= bundle=null sessionId:7929
12-01 19:27:59.435  1115  1847 D AS.SoundAliveHelper: notify dvfs state : 2, screen : true
12-01 19:27:59.435 25137 25137 D MediaRouter: onRestoreRoute() : route=RouteInfo{ name=Phone, description=null, status=null, category=RouteCategory{ name=System types=ROUTE_TYPE_LIVE_AUDIO ROUTE_TYPE_LIVE_VIDEO  groupable=false }, supportedTypes=ROUTE_TYPE_LIVE_AUDIO ROUTE_TYPE_LIVE_VIDEO , presentationDisplay=null }
12-01 19:27:59.435 25137 25137 V MediaRouter: Selecting route: RouteInfo{ name=Phone, description=null, status=null, category=RouteCategory{ name=System types=ROUTE_TYPE_LIVE_AUDIO ROUTE_TYPE_LIVE_VIDEO  groupable=false }, supportedTypes=ROUTE_TYPE_LIVE_AUDIO ROUTE_TYPE_LIVE_VIDEO , presentationDisplay=null }
12-01 19:27:59.438 22613 22627 I SAContentProvider:  getType() : screen on is true
12-01 19:27:59.438   934 10964 V APM_AudioPolicyManager: selectOutputForMusicEffects activeOnly 1 output 29 flags 0x00000004
12-01 19:27:59.438   934 10964 V APM_AudioPolicyManager: selectOutputForMusicEffects selected output 13
12-01 19:27:59.438   934 10964 V APM_AudioPolicyManager: getNewOutputDevices selected devices {type:0x2,@:}
12-01 19:27:59.438   934 10964 V APM_AudioPolicyManager: setOutputDevices device {type:0x2,@:} delayMs 0
12-01 19:27:59.438   934 10964 V APM_AudioPolicyManager: setOutputDevices() prevDevice {type:0x2,@:}
12-01 19:27:59.438   934 10964 V APM_AudioPolicyManager: setOutputDevices: suppressing checkDeviceMuteStrategies
12-01 19:27:59.438   934 10964 V APM_AudioPolicyManager: setOutputDevices changing device to {type:0x2,@:}
12-01 19:27:59.443  2680  2680 W AppTransitionAnimatorImpl: onAnimationEnd - APP IN, Execution time for each frame : Start-(0)-1-(16)-0-(17)-0-(17)-0-(16)-0-(17)-0-(17)-0-(17)-0-(16)-0-(17)-0-(16)-1-(17)-0-(17)-0-(15)-1-(16)-0-(18)-1-(15)-0-(17)-0-(17)-0-(15)-1-(16)-1-(16)-0-End
12-01 19:27:59.444  2680  5159 I ViewRootImpl@635960b[LauncherActivity]: mWNT: t = android.view.SurfaceControl$Transaction@777cb fN = 108 com.android.systemui.shared.system.ViewRootImplCompat.mergeWithNextTransaction:62 com.android.quickstep.util.SurfaceTransactionApplier.lambda$scheduleApply$0$SurfaceTransactionApplier:94 com.android.quickstep.util.-$$Lambda$SurfaceTransactionApplier$Xj9m0ayWHIr2xvQnKB4EJdxg8RU.accept:6 
12-01 19:27:59.444  2680  5159 I ViewRootImpl@635960b[LauncherActivity]: mWNT: merge t to BBQ
12-01 19:27:59.444  2680  2680 I AppTransitionAnimatorImpl: resetContentView
12-01 19:27:59.445  1115  4554 D WindowManager: app-onAnimationFinished(): mOuter=com.android.server.wm.RemoteAnimationController@81b480a
12-01 19:27:59.445  1115  4554 D WindowManager: onAnimationFinished(): mPendingAnimations=2, caller=
12-01 19:27:59.445  1115  4554 D WindowManager: onAnimationFinished(): mPendingAnimations=2
12-01 19:27:59.445  1115  4554 D WindowManager: app-release(): mOuter=com.android.server.wm.RemoteAnimationController@81b480a
12-01 19:27:59.445  1115  4554 D WindowManager: onAnimationFinished(): Notify animation finished:
12-01 19:27:59.445  1115  4554 I WindowManager: Reparenting to original parent: Surface(name=DefaultTaskDisplayArea)/@0xdda5962, destroy=true, surface=Surface(name=Task=3961)/@0x25f61d8
12-01 19:27:59.446  1115  4554 D WindowManager: 	container=Task{eb573f9 #3961 type=standard A=10743:com.deepwaterooo.dwsdkTest U=0 visible=true mode=fullscreen translucent=false sz=1}
12-01 19:27:59.446  1115  4554 I WindowManager: Reparenting to original parent: Surface(name=DefaultTaskDisplayArea)/@0xdda5962, destroy=true, surface=Surface(name=Task=1)/@0xc822f5e
12-01 19:27:59.446  1115  4554 V WindowManager: Setting visibility of Window{62ee612 u0 com.sec.android.app.launcher/com.sec.android.app.launcher.activities.LauncherActivity}: false, caller=com.android.server.wm.WindowContainer.sendAppVisibilityToClients:1104 com.android.server.wm.WindowToken.setClientVisible:448 com.android.server.wm.ActivityRecord.setClientVisible:6985 com.android.server.wm.ActivityRecord.onAnimationFinished:7872 com.android.server.wm.WindowContainer.doAnimationFinished:3101 
12-01 19:27:59.446  1115  4554 V WindowManager: Setting visibility of Window{7e4ecd3 u0 com.android.systemui.ImageWallpaper}: false, caller=com.android.server.wm.WindowContainer.sendAppVisibilityToClients:1104 com.android.server.wm.WindowToken.setClientVisible:448 com.android.server.wm.WallpaperWindowToken.setVisible:162 com.android.server.wm.WallpaperWindowToken.updateWallpaperWindows:157 com.android.server.wm.WallpaperController.updateWallpaperTokens:672 
12-01 19:27:59.446  1999 23730 D WallpaperService: dispatchAppVisibility onVisibilityChanged(): false
12-01 19:27:59.447  1999  1999 D WallpaperService: reportVisibility onVisibilityChanged visible: false
12-01 19:27:59.447  1999  2245 I ImageWallpaper:  onVisibilityChanged false , 0
12-01 19:27:59.448  1115  4554 D WindowManager: 	container=Task{ed3f101 #1 type=home ?? U=0 visible=false mode=fullscreen translucent=true sz=1}
12-01 19:27:59.448  1115  4554 I WindowManager: Reparenting to original parent: Surface(name=Leaf:0:1)/@0xdc370d7, destroy=true, surface=Surface(name=WallpaperWindowToken{d16ff53 token=android.os.Binder@fe69342})/@0x878856
12-01 19:27:59.448  1115  4554 D WindowManager: 	wallpaper=WallpaperWindowToken{d16ff53 token=android.os.Binder@fe69342}
12-01 19:27:59.448  1115  4554 I WindowManager: Finishing remote animation
12-01 19:27:59.449  1115  1460 I ActivityManager: Changes in 10111 2 to 5, 15 to 8
12-01 19:27:59.450  1115  1458 D NetworkPolicy: onUidStateChanged() uid: 10111, isForeground(true, 5)
12-01 19:27:59.453  1115  1460 I AppOps  : updateUidProcState uid: 10115 procState: 5 capability:15
12-01 19:27:59.461   940   940 I Layer   : id=40445 removedFromDrawingState Surface(name=Task=3961)/@0x25f61d8 - animation-leash of app_transition#0 (128)
12-01 19:27:59.461   940   940 I Layer   : id=40444 removedFromDrawingState Surface(name=Task=1)/@0xc822f5e - animation-leash of app_transition#0 (128)
12-01 19:27:59.461  2680  2680 I ViewRootImpl@635960b[LauncherActivity]: handleAppVisibility mAppVisible=true visible=false
12-01 19:27:59.461  2680  2680 I ViewRootImpl@635960b[LauncherActivity]: stopped(true) old=false
12-01 19:27:59.462   934  1614 I MySound : setDevice 2, 2
12-01 19:27:59.463   833  1843 D audio_hw_primary: adev_create_audio_patch: enter: num sources 1, num_sinks 1, handle 8
12-01 19:27:59.463   833  1843 D audio_hw_primary: adev_create_audio_patch: Playback patch from mix handle 29 to device 2
12-01 19:27:59.463   833  1843 D audio_hw_primary: update_patch: enter
12-01 19:27:59.463   833  1843 D audio_hw_primary: route_output_stream: enter: usecase(2: low-latency-playback) devices 2
12-01 19:27:59.463   934  1614 D AudioFlinger: setCurDevice() 0x2
12-01 19:27:59.463   934 10964 V APM_AudioPolicyManager: setOutputDevices() AF::createAudioPatch returned 0 patchHandle 6372 num_sources 1 num_sinks 1
12-01 19:27:59.463   934 10964 V APM_AudioPolicyManager: computeVolume: stream 10, index 9, volume 0.298538, deviceTypes 0x2
12-01 19:27:59.464   934 10964 V APM_AudioPolicyManager: computeVolume: stream 4, index 11, volume 0.281838, deviceTypes 0x2
12-01 19:27:59.464   934 10964 V APM_AudioPolicyManager: checkAndSetVolume cannot set volume group 3 volume when isn ot requested for comm
12-01 19:27:59.464   934 10964 V APM_AudioPolicyManager: computeVolume: stream 8, index 3, volume 0.014962, deviceTypes 0x2
12-01 19:27:59.465   934 10964 V APM_AudioPolicyManager: computeVolume: camera shutter sound volume 1.000000
12-01 19:27:59.465   934 10964 V APM_AudioPolicyManager: computeVolume: stream 3, index 8, volume 0.089125, deviceTypes 0x2
12-01 19:27:59.465   934 10964 V APM_AudioPolicyManager: computeVolume: stream 3, index 9, volume 0.100000, deviceTypes 0x2
12-01 19:27:59.465   934 10964 V APM_AudioPolicyManager: computeVolume: stream 5, index 11, volume 0.281838, deviceTypes 0x2
12-01 19:27:59.465   934 10964 V APM_AudioPolicyManager: computeVolume: stream 2, index 3, volume 0.044668, deviceTypes 0x2
12-01 19:27:59.465   934 10964 V APM_AudioPolicyManager: computeVolume: stream 1, index 11, volume 0.316228, deviceTypes 0x2
12-01 19:27:59.466  2680  2680 I BaseActivity: removeActivityFlags, flags : 17
12-01 19:27:59.466  2680  2680 W LauncherAppWidgetHost: setShouldListenFlag, mFlags:7 flag:start on:false isFront:false
12-01 19:27:59.466  2680  2739 I IMM_LC  : hsifw() - flags=0, caller=android.view.inputmethod.InputMethodManager.hideSoftInputFromWindow:1846 android.view.inputmethod.InputMethodManager.hideSoftInputFromWindow:1815 com.android.launcher3.util.UiThreadHelper$UiCallbacks.handleMessage:103 android.os.Handler.dispatchMessage:102 android.os.Looper.loopOnce:226 
12-01 19:27:59.466  2680  2739 I IMM_LC  : hideSoftInputFromWindow - mService.hideSoftInput
12-01 19:27:59.467   934 10964 V APM_AudioPolicyManager: computeVolume: stream 9, index 8, volume 0.251189, deviceTypes 0x2
12-01 19:27:59.467   934 10964 V APM_AudioPolicyManager: computeVolume: stream 0, index 8, volume 1.000000, deviceTypes 0x2
12-01 19:27:59.467  1115  2167 D InputMethodManagerService: hideSoftInput
12-01 19:27:59.467  1115  2167 W InputMethodManagerService: Ignoring hideSoftInput of uid 10111: com.android.internal.view.IInputMethodClient$Stub$Proxy@7a3092d
12-01 19:27:59.467  1115  4554 I AppWidgetServiceImpl: stopListening callbacks : null
12-01 19:27:59.467  2680  2680 W LauncherAppWidgetHost: stopListening, mFlags:2 isFront:false
12-01 19:27:59.467  2680  2680 W Launcher.NotificationListener: removeNotificationsChangedListener
12-01 19:27:59.467  2680  2680 I BadgeCountUpdaterImpl: onNotificationsChangedDisConnected
12-01 19:27:59.467  2680  2680 I Launcher.NotificationListener: unregisterObserver, this is not notificationService!!
12-01 19:27:59.467   934 10964 V APM_AudioPolicyManager: computeVolume use music stream 11, stream=AUDIO_STREAM_ASSISTANT
12-01 19:27:59.467   934 10964 V APM_AudioPolicyManager: computeVolume: stream 3, index 7, volume 0.070795, deviceTypes 0x2
12-01 19:27:59.467  2680  2739 I LiveIconUpdateEventHandler: LiveIcon onStop
12-01 19:27:59.467   934 10964 V APM_AudioPolicyManager: computeVolume: stream 3, index 8, volume 0.089125, deviceTypes 0x2
12-01 19:27:59.467   934 10964 V APM_AudioPolicyManager: computeVolume: stream 3, index 9, volume 0.100000, deviceTypes 0x2
12-01 19:27:59.467  2680  2739 I LiveIconUpdateEventHandler: cancelMinuteChangeAlarm
12-01 19:27:59.468  1115  1742 D SamsungAlarmManager: Cancel Alarm calling from uid:10111 pid :2680 / OP:PendingIntent{304ce62: PendingIntentRecord{c3e6d09 com.sec.android.app.launcher broadcastIntent}}
12-01 19:27:59.468   934 15698 V APM_AudioPolicyManager: listAudioPorts() role 0 type 0 num_ports 0 ports 0xb400007926d2a010
12-01 19:27:59.468   934 15698 V APM_AudioPolicyManager: listAudioPorts() got 0 ports needed 13
12-01 19:27:59.468   934  1222 V APM_AudioPolicyManager: listAudioPorts() role 0 type 0 num_ports 0 ports 0xb400007926d318d0
12-01 19:27:59.468   934  1222 V APM_AudioPolicyManager: listAudioPorts() got 0 ports needed 13
12-01 19:27:59.468   934  1433 V APM_AudioPolicyManager: listAudioPorts() role 0 type 0 num_ports 0 ports 0xb400007926d095f0
12-01 19:27:59.468   934  1433 V APM_AudioPolicyManager: listAudioPorts() got 0 ports needed 13
12-01 19:27:59.468   934 22991 V APM_AudioPolicyManager: listAudioPorts() role 0 type 0 num_ports 0 ports 0xb400007926d33070
12-01 19:27:59.468   934 22991 V APM_AudioPolicyManager: listAudioPorts() got 0 ports needed 13
12-01 19:27:59.468   934  6733 V APM_AudioPolicyManager: listAudioPorts() role 0 type 0 num_ports 0 ports 0xb400007926d26590
12-01 19:27:59.468   934  6733 V APM_AudioPolicyManager: listAudioPorts() got 0 ports needed 13
12-01 19:27:59.468   934  1222 V APM_AudioPolicyManager: listAudioPorts() role 0 type 0 num_ports 13 ports 0xb400007b46e590a0
12-01 19:27:59.468   934  1222 V APM_AudioPolicyManager: listAudioPorts() got 13 ports needed 13
12-01 19:27:59.469  1115  1742 V SamsungAlarmManager: setLocked to kernel - W:767224161 / NW:767217384, now=767216852
12-01 19:27:59.469   934 15698 V APM_AudioPolicyManager: listAudioPorts() role 0 type 0 num_ports 13 ports 0xb400007b46d19020
12-01 19:27:59.469   934 15698 V APM_AudioPolicyManager: listAudioPorts() got 13 ports needed 13
12-01 19:27:59.469   934 22991 V APM_AudioPolicyManager: listAudioPorts() role 0 type 0 num_ports 13 ports 0xb400007b46e810b0
12-01 19:27:59.469   934 22991 V APM_AudioPolicyManager: listAudioPorts() got 13 ports needed 13
12-01 19:27:59.469  2680  2739 I LiveIconUpdateEventHandler: cancelDateChangeAlarm
12-01 19:27:59.469  1115  1997 D SamsungAlarmManager: Cancel Alarm calling from uid:10111 pid :2680 / OP:PendingIntent{1b9ebf3: PendingIntentRecord{c010d0d com.sec.android.app.launcher broadcastIntent}}
12-01 19:27:59.469   934 22991 V APM_AudioPolicyManager: listAudioPorts() role 0 type 0 num_ports 13 ports 0xb400007b46e810b0
12-01 19:27:59.469   934 22991 V APM_AudioPolicyManager: listAudioPorts() got 13 ports needed 13
12-01 19:27:59.469  1115  1997 V SamsungAlarmManager: setLocked to kernel - W:767224161 / NW:767217384, now=767216853
12-01 19:27:59.470   934  1433 V APM_AudioPolicyManager: listAudioPorts() role 0 type 0 num_ports 13 ports 0xb400007b46f210f0
12-01 19:27:59.470   934  1433 V APM_AudioPolicyManager: listAudioPorts() got 13 ports needed 13
12-01 19:27:59.470  2680  2739 I LiveIconUpdateEventHandler: unregisterReceiver
12-01 19:27:59.470   833 30096 D audio_hw_primary: start_output_stream: enter: stream(0xf2a0a7e0)usecase(2: low-latency-playback) devices(0x2) is_haptic_usecase(0)
12-01 19:27:59.471   833 30096 D audio_hw_primary: select_devices for use case (low-latency-playback)
12-01 19:27:59.471   833 30096 I sm8150_platform: platform_check_and_set_codec_backend_cfg:becf: afe: bitwidth 24, samplerate 48000 channels 2, backend_idx 0 usecase = 2 device (speaker)
12-01 19:27:59.471   833 30096 D sm8150_platform: platform_split_snd_device: snd_device(2) num devices(1) new_snd_devices(0)
12-01 19:27:59.471   833 30096 I sm8150_platform: platform_check_and_set_codec_backend_cfg: new_snd_devices[0] is 2
12-01 19:27:59.471   833 30096 I sm8150_platform: platform_check_codec_backend_cfg:becf: afe: bitwidth 24, samplerate 48000 channels 2, backend_idx 0 usecase = 2 device (speaker)
12-01 19:27:59.471   833 30096 D sm8150_platform: platform_check_codec_backend_cfg:becf: updated afe: bitwidth 24, samplerate 48000 channels 2,backend_idx 0 usecase = 2 device (speaker)
12-01 19:27:59.471   833 30096 D sm8150_platform: platform_check_codec_backend_cfg:becf: afe: playback on codec device not supporting native playback set default Sample Rate(48k)
12-01 19:27:59.471   833 30096 I sm8150_platform: platform_check_codec_backend_cfg:becf: afe: Codec selected backend: 0 updated bit width: 24 and sample rate: 48000
12-01 19:27:59.471   833 30096 D audio_hw_primary: check_usecases_codec_backend:becf: force routing 1
12-01 19:27:59.471   833 30096 E sm8150_platform: platform_check_backends_match: Invalid snd_device = 
12-01 19:27:59.471   833 30096 D audio_hw_primary: check_usecases_codec_backend:becf: (81) check_usecases curr device: speaker, usecase device: backends match 0
12-01 19:27:59.471   833 30096 D audio_hw_primary: check_usecases_codec_backend:becf: check_usecases num.of Usecases to switch 0
12-01 19:27:59.471   833 30096 D hardware_info: hw_info_append_hw_type : device_name = speaker
12-01 19:27:59.471   833 30096 V audio_hw_sec: sec_dsm_spkr_prot_control_tx_topology() enable:1, dsm_is_enabled:0
12-01 19:27:59.471   833 30096 D hardware_info: hw_info_append_hw_type : device_name = vi-feedback
12-01 19:27:59.471   833 30096 D audio_hw_primary: enable_snd_device: snd_device(292: vi-feedback)
12-01 19:27:59.471   833 30096 D sm8150_platform: platform_get_island_cfg_on_device:island cfg status on snd_device = (vi-feedback 0)
12-01 19:27:59.471   833 30096 I soundtrigger: audio_extn_sound_trigger_update_device_status: device 0x124 of type 1 for Event 1, with Raise=0
12-01 19:27:59.471   833 30096 D audio_route: Apply path: vi-feedback
12-01 19:27:59.471   833 30096 D soundtrigger: audio_extn_sound_trigger_update_stream_status: uc_info->id 79 of type 1 for Event 3, with Raise=0
12-01 19:27:59.471   833 30096 D audio_hw_utils: audio_extn_utils_send_app_type_cfg: usecase->in_snd_device vi-feedback
12-01 19:27:59.471   833 30096 E voice   : voice_is_in_call_rec_stream: input stream is NULL
12-01 19:27:59.471   833 30096 D sm8150_platform: platform_split_snd_device: snd_device(292) num devices(0) new_snd_devices(0)
12-01 19:27:59.471   833 30096 E voice   : voice_is_in_call_rec_stream: input stream is NULL
12-01 19:27:59.471   833 30096 I audio_hw_utils: send_app_type_cfg_for_device default app_type 69938, acdb_dev_id 102, sample_rate 48000, snd_device_be_idx 72
