12-01 19:27:00.000  1115  1748 D SamsungAlarmManager: Expired : 8
12-01 19:27:00.001  1115  1748 V SamsungAlarmManager: Sending to uid : 1000 L=772868c:TIME_TICK alarm=Alarm{260064e type 3 origWhen 767157384 whenElapsed 767157384 android}
12-01 19:27:00.003  1115  1748 D SamsungAlarmManager: setExact (T:3/F:9/AC:false) 20221201T192800 now=767157387 - CU:1000/CP:1115/L:772868c:TIME_TICK
12-01 19:27:00.004  1115  1748 V SamsungAlarmManager: setLocked to kernel - W:767164016, now=767157387
12-01 19:27:00.007  1999  1999 D KeyguardUpdateMonitor: received broadcast android.intent.action.TIME_TICK
12-01 19:27:00.007  1999  1999 D KeyguardUpdateMonitor: handleTimeUpdate
12-01 19:27:00.008  1115  1748 V SamsungAlarmManager: setLocked to kernel - W:767164016, now=767157392
12-01 19:27:00.009  1999  1999 D FaceWidgetPagesController: onTimeChanged()
12-01 19:27:00.009  1999  2710 D QSClockBellTower: onReceive(android.intent.action.TIME_TICK) mTimeZoneString:null
12-01 19:27:00.010  1115  1115 I EyeComfortSolutionService: action  :  android.intent.action.TIME_TICK
12-01 19:27:00.012  1115  2066 I EyeComfortSolutionService: BLF Adaptive Mode Enable : false , targetIndex : [0 + 11] = 6000.0
12-01 19:27:00.012  1115  2066 I SemMdnieManagerService: setNightModeStep : 11
12-01 19:27:00.013  1115  2066 I SemMdnieManagerService: setNightMode : false - 11 - true - false
12-01 19:27:00.013  1999  1999 D QSClockBellTower: He is ready to ring the bell. (((QSClockBellSound - TimeText:7:27, TimeContentDescription:7:27 PM, DateText:Thu, December 1, ShortDateText:Thu, Dec 1, Demofalse)))
12-01 19:27:00.015  1999  1999 D QSClockHomeIndicatorView: Home Indicator status_bar_clock notifyTimeChanged(QSClockBellSound - TimeText:7:27, TimeContentDescription:7:27 PM, DateText:Thu, December 1, ShortDateText:Thu, Dec 1, Demofalse) ClockVisibleByPolicy:true, ClockVisibleByUser:true, visible?true, parent:android.widget.LinearLayout{d2d8cb3 V.E...... ......ID 0,0-103,110 #7f0b0472 app:id/left_clock_container}
12-01 19:27:00.017  1999  1999 D QSClockBellTower: Everyone heard the bell. run(currentTime:1669951620010,   getTime():Thu Dec 01 19:27:00 PST 2022,   getTimeZone():libcore.util.ZoneInfo[mDstSavings=3600000,mUseDst=true,mDelegate=[id="America/Los_Angeles",mRawOffset=-28800000,mEarliestRawOffset=-28378000,transitions=186]])
12-01 19:27:00.024  1115  2066 I SemMdnieManagerService: setNightMode : false - 11
12-01 19:27:00.044  1999  1999 D QS      : setQSExpansion 0.0 -161.525
12-01 19:27:00.045  1999  1999 D QS      : setQSExpansion 0.0 -161.525
12-01 19:27:00.046  1999  1999 V SecQSFragmentAnimatorBase: setQsExpansionPosition 0.0
12-01 19:27:00.046  1999  1999 V QsExpandAnimator: setQsExpansionPosition 0.0 0
12-01 19:27:00.047  1999  1999 D QS      : setQSExpansion 0.0 -161.525
12-01 19:27:00.051  1999  1999 D IndicatorGardenInputProperty: updateRotation() prv:-1 >> new:0
12-01 19:27:00.051  1999  1999 D DeviceState: getDeviceResolutionPixelSize - currentDensity = 560 deviceDensity = 560 initialDisplaySizeFactor = 1440 currentDisplaySizeFactor = 1440 initialDisplayDensity = 560 proportionalDensity = 560 proportionalPixel = 75
12-01 19:27:00.051  1999  1999 D DeviceState: getDeviceResolutionPixelSize - currentDensity = 560 deviceDensity = 560 initialDisplaySizeFactor = 1440 currentDisplaySizeFactor = 1440 initialDisplayDensity = 560 proportionalDensity = 560 proportionalPixel = 34
12-01 19:27:00.051  1999  1999 D DeviceState: getDeviceResolutionPixelSize - currentDensity = 560 deviceDensity = 560 initialDisplaySizeFactor = 1440 currentDisplaySizeFactor = 1440 initialDisplayDensity = 560 proportionalDensity = 560 proportionalPixel = 32
12-01 19:27:00.058  1999  1999 V QsExpandAnimator: updateAnimators
12-01 19:27:00.058  1999  1999 V QsExpandAnimator: clearAnimationState 
12-01 19:27:00.060  1999  1999 V QsExpandAnimator: setQsExpansionPosition 0.0 0
12-01 19:27:00.066   940   940 I SurfaceFlinger: SFWD update time=618746569862716
12-01 19:27:00.347  1115  1867 D SemCellularStateManager: onSignalStrengthsChanged: mCellularSignalLevel=1
12-01 19:27:00.350  1999  2213 D MobileStatusTracker(0/8): onSignalStrengthsChanged signalStrength=SignalStrength:{mCdma=Invalid,mGsm=Invalid,mWcdma=Invalid,mTdscdma=Invalid,mLte=CellSignalStrengthLte: rssi=-77 rsrp=-112 rsrq=-15 rssnr=6 cqiTableIndex=2147483647 cqi=2147483647 ta=2147483647 level=1 parametersUseForLevel=0,mNr=Invalid,SignalBarInfo{ lteLevel=2 },rat=14,primary=CellSignalStrengthLte} level=2
12-01 19:27:00.350  3697  3741 I EPDG -- SIM0 [SMARTCELLULAR]: onSignalStrengthsChanged: SignalStrength:{mCdma=Invalid,mGsm=Invalid,mWcdma=Invalid,mTdscdma=Invalid,mLte=CellSignalStrengthLte: rssi=-77 rsrp=-112 rsrq=-15 rssnr=6 cqiTableIndex=2147483647 cqi=2147483647 ta=2147483647 level=1 parametersUseForLevel=0,mNr=Invalid,SignalBarInfo{ lteLevel=2 },rat=14,primary=CellSignalStrengthLte}
12-01 19:27:00.350  1999  2213 D CscParser: OMC path : /product/omc/VZW/conf/customer.xml
12-01 19:27:00.351  3697  3771 I EPDG -- SIM0 [SMARTCELLULAR]: lastLteRSRP is -112 currentLteRSRP is -112 lastLteRSRQ is -15 currentLteRSRQ is -15 lastLteSNR is 3 currentLteSNR is 6
12-01 19:27:00.351  1999  2213 I CscParser: getCustomerPath : omc customer file can read
12-01 19:27:00.351  1999  2213 E CscParser: update(): xml file exist
12-01 19:27:00.362  1999  2213 D NetworkController.MobileSignalController(0/8): notifyListener: enabled=true, connected=true, dataConnected=false, networkType=LTE (4G_VZW), emergencyOnly=false, roaming=false, isDefault=false, fiveGAvailable=false, mmWave=false, showDisabledDataIcon=false, voWifiConnected=false, dataActivity=, simState=LOADED, cardOperator=VZW, simCardActivated=0
12-01 19:27:00.363  1999  2213 D NetworkController: SignalStrength from intent slotId=0
12-01 19:27:00.645   853 22840 I sensors-hal: handle_sns_client_event:660, [0][12746] accel_sample [ 0.078,  0.036,  9.806] 767156441384176
12-01 19:27:01.434  1115  2306 D BatteryService: Sending ACTION_BATTERY_CHANGED. scale:100, info:{.chargerAcOnline = false, .chargerUsbOnline = true, .chargerWirelessOnline = false, .maxChargingCurrent = 0, .maxChargingVoltage = 0, .batteryStatus = CHARGING, .batteryHealth = GOOD, .batteryPresent = true, .batteryLevel = 79, .batteryVoltage = 4161, .batteryTemperature = 173, .batteryCurrent = 379, .batteryCycleCount = 0, .batteryFullCharge = 4000000, .batteryChargeCounter = 3142652, .batteryTechnology = Li-ion}
12-01 19:27:01.434  1115  2306 D BatteryService: online:4, current avg:385, charge type:1, POGO powered:false, power sharing:false, high voltage charger:false, charger_type:0, capacity:280000, misc_event:0x10000, current_event:0x0, current_now:379
12-01 19:27:01.438  1115  1773 D MotionRecognitionService:   onReceive : ACTION_BATTERY_CHANGED, Plugged: 2
12-01 19:27:01.438  1115  1773 I MotionRecognitionService: [TA] In/out: true, curr state: 1
12-01 19:27:01.439  1115  1115 D SemWifiApBroadcastReceiver: Received : android.intent.action.BATTERY_CHANGED
12-01 19:27:01.439  1115  1115 D AdaptiveBrightnessLongtermModelBuilder: Received android.intent.action.BATTERY_CHANGED
12-01 19:27:01.441  1954  1954 D SemBigDataInfoController: Intent : android.intent.action.BATTERY_CHANGED
12-01 19:27:01.441  1954  1954 D Telephony: SamsungBatteryBroadcastReceiver: onReceive: action=android.intent.action.BATTERY_CHANGED
12-01 19:27:01.441  1999  1999 D KeyguardUpdateMonitor: received broadcast android.intent.action.BATTERY_CHANGED
12-01 19:27:01.442  1999  1999 I PowerUI : mBootCompleted = true |  mFullyConnected = true
12-01 19:27:01.442  1999  1999 I PowerUI : BATTERY_HEALTH_CHECK extraHealth=2 mBatteryMiscEvent=65536
12-01 19:27:01.442  1999  1999 D PowerUI : priorPlugType = 2 mPlugType = 2 priorBatteryStatus = 2 mBatteryStatus = 2
12-01 19:27:01.442  1999  1999 I PowerUI : oldMisalign : false, curMisalign : false
12-01 19:27:01.443  3697  3742 I EPDG -- SIM0 [EpdgIntentReceiver]: android.intent.action.BATTERY_CHANGED intent received.
12-01 19:27:01.443  1115  4554 V AS.AudioDeviceBroker: requestedCommunicationDevice, device: null mode owner pid: 0
12-01 19:27:01.444  1999  1999 D PowerUI.Notification: showChargingNotice oldChargingType : 1 currentChargingType : 1 oldChargingTime : 5427000 mChargingTime : 5427000
12-01 19:27:01.444  1999  1999 D PowerUI.Notification: There is no change about charging status, so return!
12-01 19:27:01.444  1999  1999 D PowerUI : Battery swelling mode - priorBatterySwellingMode = 0 mBatterySwellingMode = 0 mBatteryStatus = 2
12-01 19:27:01.444  1999  1999 I PowerUI : mBatteryMiscEvent = 65536
12-01 19:27:01.446  1954  1954 D Telephony: SamsungLowBatteryTonePlayer: registerLowBatteryAlarmIfPossible: isSpeakerOn=false isLowBatterySoundScheduled=false isActiveCall=false
12-01 19:27:01.446  1999  1999 D KeyguardUpdateMonitor: handleBatteryUpdate
12-01 19:27:01.448  1999 13625 D PowerUI.Notification: 1. restoreScreenTimeOut - saved_value : :
12-01 19:27:01.448  1115  4554 D SamsungAlarmManager: Cancel Alarm calling from uid:1001 pid :1954 / OP:PendingIntent{4529126: PendingIntentRecord{8c59167 com.android.phone broadcastIntent}}
12-01 19:27:01.449  1999 13625 E PowerUI.Notification: no saved value, so we do nothing !!
12-01 19:27:01.455  1999  1999 D QS      : setQSExpansion 0.0 -161.525
12-01 19:27:01.458  1954  1954 D Telephony: SamsungLowBatteryTonePlayer: registerLowBatteryAlarmIfPossible: canceled alarm.
12-01 19:27:01.461  1999  1999 D QS      : setQSExpansion 0.0 -161.525
12-01 19:27:01.462  1999  1999 V SecQSFragmentAnimatorBase: setQsExpansionPosition 0.0
12-01 19:27:01.462  1999  1999 V QsExpandAnimator: setQsExpansionPosition 0.0 0
12-01 19:27:01.462  1999  1999 D QS      : setQSExpansion 0.0 -161.525
12-01 19:27:01.464  1999  1999 I AODBatteryManager: updateBatteryData: ACTION_BATTERY_CHANGED
12-01 19:27:01.466  1999  1999 I AODBatteryManager: saveBatteryData : AOD BatteryData [mBatteryLevel=79, mBatteryStatus=CHARGING, mBatteryPlugType=USB, mBatteryPlugged=true, mRemainingChargeTime=5427000, mBatteryChargingType=1, mBatteryChargerType=NORMAL, mBatteryOnline=USB, mBatterySwellingMode=NONE, mBatteryProtectMode=false]
12-01 19:27:02.016 24062 24177 I MicroMsg.MMApplicationContext: [:24177, ]:isToolsIsolatedProcess, processName:com.tencent.mm:push
12-01 19:27:02.029  1126  1432 I CameraService: onUidStateChanged: uid=10287, procState is changed. (19 -> 11)
12-01 19:27:02.047  1126  1432 I CameraService: onUidStateChanged: uid=10287, procState is changed. (11 -> 19)
12-01 19:27:02.644   853 22840 I sensors-hal: handle_sns_client_event:660, [0][12855] accel_sample [ 0.089,  0.029,  9.779] 767158457474488
12-01 19:27:03.374   682   682 D io_stats: !@   8,0 r 5023640 192168932 w 5158168 151909644 d 0 0 f 0 0 iot 3835470 0 th 0 0 0 pt 0 inp 0 0 618749.877
12-01 19:27:03.749  1115  1884 I SemWifiEleStateTracker: Ele Parameters BD : 9 11 10 11 9 11 MD : -112 -112 -112 -112 -112 -112 WD : -57 -57 -62 -59 -56 -57 GC : false false false false false false SC : false false false false false false SH : false false false false false false TB : false false false false false false
12-01 19:27:03.809  1115  1886 D WifiConnectivityMonitor.NetworkStatsAnalyzer: Backhaul result - RSSI:-58, CE:5, PE:5, TI:3, PTI:3, TW:0, PTW:0, Tx:11, Rx:1, TxS:3, RxS:0, RESULT:true, IC:3, ICT:5, WC:5, WCT:5, R:0, RC:0, IE:0, EC:0
12-01 19:27:03.809  2036  2036 I wpa_supplicant: Heartbeat 62321
12-01 19:27:04.643   853 22840 I sensors-hal: handle_sns_client_event:660, [0][12964] accel_sample [ 0.068,  0.060,  9.782] 767160473585478
12-01 19:27:05.473  1115  1867 D SemCellularStateManager: onSignalStrengthsChanged: mCellularSignalLevel=1
12-01 19:27:05.475  1999  2213 D MobileStatusTracker(0/8): onSignalStrengthsChanged signalStrength=SignalStrength:{mCdma=Invalid,mGsm=Invalid,mWcdma=Invalid,mTdscdma=Invalid,mLte=CellSignalStrengthLte: rssi=-77 rsrp=-111 rsrq=-15 rssnr=4 cqiTableIndex=2147483647 cqi=2147483647 ta=2147483647 level=1 parametersUseForLevel=0,mNr=Invalid,SignalBarInfo{ lteLevel=3 },rat=14,primary=CellSignalStrengthLte} level=3
12-01 19:27:05.475  1999  2213 D CscParser: OMC path : /product/omc/VZW/conf/customer.xml
12-01 19:27:05.475  1999  2213 I CscParser: getCustomerPath : omc customer file can read
12-01 19:27:05.476  1999  2213 E CscParser: update(): xml file exist
12-01 19:27:05.477  3697  3741 I EPDG -- SIM0 [SMARTCELLULAR]: onSignalStrengthsChanged: SignalStrength:{mCdma=Invalid,mGsm=Invalid,mWcdma=Invalid,mTdscdma=Invalid,mLte=CellSignalStrengthLte: rssi=-77 rsrp=-111 rsrq=-15 rssnr=4 cqiTableIndex=2147483647 cqi=2147483647 ta=2147483647 level=1 parametersUseForLevel=0,mNr=Invalid,SignalBarInfo{ lteLevel=3 },rat=14,primary=CellSignalStrengthLte}
12-01 19:27:05.477  3697  3771 I EPDG -- SIM0 [SMARTCELLULAR]: lastLteRSRP is -112 currentLteRSRP is -111 lastLteRSRQ is -15 currentLteRSRQ is -15 lastLteSNR is 6 currentLteSNR is 4
12-01 19:27:05.493  1999  2213 D NetworkController.MobileSignalController(0/8): notifyListener: enabled=true, connected=true, dataConnected=false, networkType=LTE (4G_VZW), emergencyOnly=false, roaming=false, isDefault=false, fiveGAvailable=false, mmWave=false, showDisabledDataIcon=false, voWifiConnected=false, dataActivity=, simState=LOADED, cardOperator=VZW, simCardActivated=0
12-01 19:27:05.495  1999  2213 D NetworkController: SignalStrength from intent slotId=0
12-01 19:27:06.448  4427  5042 I SDHMS:C : SIOP:: AP:80(180,110) BAT:173(173,0) USB:179(179,0) CHG:178(178,0) PA:192(192,0) WIFI:169(169,0) BLK:0(0,0) SUBBAT:0(0,0) LRP:181(181,0) LRF:181(181) LRB:177(177) 
12-01 19:27:06.632  1115  1748 D SamsungAlarmManager: Expired : 4
12-01 19:27:06.634  1115  1748 V SamsungAlarmManager: Sending to uid : 10045 action=com.google.android.location.ALARM_WAKEUP_ACTIVITY_DETECTION alarm=Alarm{ebfa257 type 2 origWhen 767164016 whenElapsed 767164016 com.google.android.gms}
12-01 19:27:06.635  1115  1748 D ActivityManager: Received BROADCAST intent 0x9bcad88 Key{broadcastIntent pkg=com.google.android.gms/com.google.android.gms.location_base intent=act=com.google.android.location.ALARM_WAKEUP_ACTIVITY_DETECTION flags=0x4000000 u=0} requestCode=0 sent=0 from uid 1000
12-01 19:27:06.642   853 22840 I sensors-hal: handle_sns_client_event:660, [0][13073] accel_sample [ 0.072,  0.036,  9.787] 767162489744332
12-01 19:27:06.657  1115  1458 D PowerManagerService: [api] setDeviceIdleTempWhitelist: appids: [0]10045  (uid: 1000 pid: 1115)
12-01 19:27:06.665  1115  1748 V SamsungAlarmManager: setLocked to kernel - W:767700000 / NW:767177299, now=767164049
12-01 19:27:06.666   853   853 I sensors-hal: flush:356, android.sensor.accelerometer/11
12-01 19:27:06.666   853   853 I sensors-hal: flush:362, android.sensor.accelerometer/11 completed
12-01 19:27:06.668  1115  4553 D SamsungAlarmManager: Cancel Alarm calling from uid:10045 pid :28483 / OP:PendingIntent{12c022d: PendingIntentRecord{586c09e com.google.android.gms/com.google.android.gms.location_base broadcastIntent}}
12-01 19:27:06.739  1115  4553 W AppOps  : Noting op not finished: uid 10045 pkg com.google.android.gms code 113 startTime of in progress event=1669917683086
12-01 19:27:06.746  1115  4553 D ActivityManager: Received SERVICE intent 0xb975134 Key{startService pkg=com.google.android.gms/fused_location_provider intent=act=com.google.android.gms.location.util.nlp.RESULT cat=[targeted_intent_op_prefix:.location.util.nlp.NlpInternalApi$NlpReceiverIntentOperation] cmp=com.google.android.gms/.chimera.PersistentIntentOperationService flags=0x2000000 u=0} requestCode=0 from uid 10045
12-01 19:27:06.747  1115  4553 W AppOps  : Noting op not finished: uid 10393 pkg com.urbandroid.sleep code 79 startTime of in progress event=1669951566619
12-01 19:27:06.749  1115  4553 D ActivityManager: Received BROADCAST intent 0xf6a8784 Key{broadcastIntent pkg=com.urbandroid.sleep intent=cmp=com.urbandroid.sleep/.activityrecognition.ActivityReceiver flags=0x2000000 u=0} requestCode=0 sent=0 from uid 10045
12-01 19:27:06.749  1115  4553 W AppOps  : Noting op not finished: uid 10045 pkg com.google.android.gms code 113 startTime of in progress event=1669917683870
12-01 19:27:06.757  1115  4553 D ActivityManager: Received SERVICE intent 0x348794b Key{startService pkg=com.google.android.gms/com.google.android.gms.location_base intent=act=com.google.android.location.internal.action.AR_TRANSITION_RESULT pkg=com.google.android.gms cmp=com.google.android.gms/com.google.android.location.internal.PendingIntentCallbackService flags=0x2000000 u=0} requestCode=0 from uid 10045
12-01 19:27:06.759  1115  4553 W AppOps  : Noting op not finished: uid 10045 pkg com.google.android.gms code 113 startTime of in progress event=1669917683086
12-01 19:27:06.775  1115  2182 D SamsungAlarmManager: setInexact (T:3/F:0/AC:false) 20321128T192706 now=767164158 - CU:10045/CP:28483/OP:PendingIntent{cb3bdb0: PendingIntentRecord{2739429 com.google.android.gms/ startService}}
12-01 19:27:06.775  1115  2182 V SamsungAlarmManager: setLocked to kernel - W:767700000 / NW:767177299, now=767164159
12-01 19:27:06.776  1115  4553 D ActivityManager: Received SERVICE intent 0x860ea79 Key{startService pkg=com.google.android.gms/fused_location_provider intent=act=com.google.android.location.internal.action.FLP_AR_RESULT pkg=com.google.android.gms cmp=com.google.android.gms/com.google.android.location.internal.PendingIntentCallbackService flags=0x2000000 u=0} requestCode=0 from uid 10045
12-01 19:27:06.779  1115  2182 D SamsungAlarmManager: setExact (T:2/F:33/AC:false) 20221201T192806 now=767164163 - CU:10045/CP:28483/OP:PendingIntent{310c3ae: PendingIntentRecord{9bcad88 com.google.android.gms/com.google.android.gms.location_base broadcastIntent}}
12-01 19:27:06.779  1115  2182 V SamsungAlarmManager: setLocked to kernel - W:767224161 / NW:767177299, now=767164163
12-01 19:27:07.379   682   682 D io_stats: !@   8,0 r 5023640 192168932 w 5158183 151909760 d 0 0 f 0 0 iot 3835490 0 th 0 0 0 pt 0 inp 0 0 618753.881
12-01 19:27:08.671   853 22840 I sensors-hal: handle_sns_client_event:660, [0][13182] accel_sample [ 0.086,  0.045,  9.783] 767164505790894
12-01 19:27:08.708   853 24022 I sensors-hal: handle_sns_client_event:217, auto_rotation_event_2: mode:255, type:1:0/0.038,0.000,9.782, ar:0
12-01 19:27:09.146  1115  2714 D SamsungAlarmManager: setExact (T:2/F:1/AC:false) 20221201T192709 now=767166529 - CU:10287/CP:24062/OP:PendingIntent{a789f61: PendingIntentRecord{bf19a86 com.tencent.mm broadcastIntent}}
12-01 19:27:09.146  1115  2714 V SamsungAlarmManager: setLocked to kernel - W:767224161 / NW:767177299, now=767166530
12-01 19:27:09.149 24062 25093 I mars::stn: [longlink_connect_monitor.cc:119, __LongLinkStateToSystemLog]:longlink_progress longlink state: connect failed connect socket error, disconnected time: 767166533
12-01 19:27:09.181  1115  1911 D NetdEventListenerService: DNS Requested by : 249, 10287, 2
12-01 19:27:09.339  1115  1876 I SemWifiServiceDetector: Traff. tracking resumed
12-01 19:27:09.345  1115  1886 I WifiConnectivityMonitor.NetworkStatsAnalyzer: pull out the line???
12-01 19:27:09.351  1115 25122 D WifiConnectivityMonitor.DnsPingerHandler: setCurrentLinkProperties: lp={InterfaceName: wlan0 LinkAddresses: [ fe80::147c:82ff:fe09:e448/64,192.168.1.203/24,2600:1700:e840:17a0:147c:82ff:fe09:e448/64,2600:1700:e840:17a0:f56d:a18:b02e:1c24/64 ] DnsAddresses: [ /2600:1700:e840:17a0::1,/192.168.1.254 ] Domains: attlocal.net MTU: 0 ServerAddress: /192.168.1.254 TcpBufferSizes: 524288,1048576,4194304,524288,1048576,4194304 Routes: [ fe80::/64 -> :: wlan0 mtu 0,::/0 -> fe80::8a96:4eff:fe04:74a0 wlan0 mtu 0,2600:1700:e840:17a0::/60 -> fe80::8a96:4eff:fe04:74a0 wlan0 mtu 0,2600:1700:e840:17a0::/64 -> :: wlan0 mtu 0,192.168.1.0/24 -> 0.0.0.0 wlan0 mtu 0,0.0.0.0/0 -> 192.168.1.254 wlan0 mtu 0 ]}
12-01 19:27:09.644 24062 25093 I mars::stn: [longlink_connect_monitor.cc:257, __IntervalConnect]:longlink_progress next connect interval: 300000, process active state: true, process foreground: false
12-01 19:27:09.650  1115  1115 V SamsungAlarmManager: setLocked to kernel - W:767224161 / NW:767177299, now=767167033
12-01 19:27:09.651  1115  2182 D SamsungAlarmManager: setExact (T:2/F:1/AC:false) 20221201T193136 now=767167035 - CU:10287/CP:24062/OP:PendingIntent{f3cd999: PendingIntentRecord{c8b745e com.tencent.mm broadcastIntent}}
12-01 19:27:09.651  1115  2182 V SamsungAlarmManager: setLocked to kernel - W:767224161 / NW:767177299, now=767167035
12-01 19:27:09.653 24062 25093 I mars::stn: [longlink_connect_monitor.cc:319, __AutoIntervalConnect]:longlink_progress set rebuild alarm, reason: rebuild longlink alarm, current time: 767167037, next rebuild time interval: 267324
12-01 19:27:09.663  1115 25123 D WifiConnectivityMonitor.DnsThread:  [|210] []
12-01 19:27:09.664  1115  1886 D WifiConnectivityMonitor.NetworkStatsAnalyzer: DNS resultType : 0, responseTime : 210
12-01 19:27:09.875  1115  1876 D SemNscXgbMsL1: Probability - Cloud gaming: [0.003934148]
12-01 19:27:09.877  1115  1876 D SemNscXgbMsL1: Probability - Real time: [0.018210368]
12-01 19:27:09.878  1115  1876 D SemNscXgbMsL1: Probability - Non real time: [0.9833719]
12-01 19:27:09.878  1115  1876 D SemNscXgbMsL1: 1 sample inference time: 3.372604 msecs
12-01 19:27:09.882  1115  1876 D SemNscXgbL2Rt: L2 RT 1 sample inference time: 4.026302 msecs
12-01 19:27:09.885  1115  1876 D SemNscXgbL2Nrt: L2 NRT 1 sample inference time: 2.942604 msecs
12-01 19:27:10.228  1115  1884 I SemWifiEleStateTracker: Ele Parameters BD : 10 10 10 11 9 11 MD : -112 -112 -111 -111 -111 -111 WD : -58 -58 -57 -57 -58 -59 GC : false false false false false false SC : false false false false false false SH : false false false false false false TB : false false false false false false
12-01 19:27:10.389  1115  1876 D SemNscXgbMsL1: Probability - Cloud gaming: [0.0032499216]
12-01 19:27:10.390  1115  1876 D SemNscXgbMsL1: Probability - Real time: [0.010307862]
12-01 19:27:10.391  1115  1876 D SemNscXgbMsL1: Probability - Non real time: [0.9812949]
12-01 19:27:10.391  1115  1876 D SemNscXgbMsL1: 1 sample inference time: 3.344792 msecs
12-01 19:27:10.396  1115  1876 D SemNscXgbL2Rt: L2 RT 1 sample inference time: 3.978438 msecs
12-01 19:27:10.399  1115  1876 D SemNscXgbL2Nrt: L2 NRT 1 sample inference time: 2.822135 msecs
12-01 19:27:10.671 24532 24626 I MicroMsg.SimcardService: [:24626, ]:CheckMobileSIMType Timer
12-01 19:27:10.672   853 22840 I sensors-hal: handle_sns_client_event:660, [0][13291] accel_sample [ 0.092,  0.024,  9.793] 767166522000322
12-01 19:27:10.735  1999  1999 D NetworkController.WifiSignalController: notifyListener: visible=true, enabled=true, connected=true, inetCondition=1, isDefault=true, receivedCR=true, receivedIC=-1, shouldForceHide=false, emptyConnected=false
12-01 19:27:10.904  1115  1876 D SemNscXgbMsL1: Probability - Cloud gaming: [0.003120581]
12-01 19:27:10.905  1115  1876 D SemNscXgbMsL1: Probability - Real time: [0.014048659]
12-01 19:27:10.907  1115  1876 D SemNscXgbMsL1: Probability - Non real time: [0.9890085]
12-01 19:27:10.907  1115  1876 D SemNscXgbMsL1: 1 sample inference time: 4.766928 msecs
12-01 19:27:10.911  1115  1876 D SemNscXgbL2Rt: L2 RT 1 sample inference time: 3.55625 msecs
12-01 19:27:10.914  1115  1876 D SemNscXgbL2Nrt: L2 NRT 1 sample inference time: 2.931458 msecs
12-01 19:27:11.419  1115  1876 D SemNscXgbMsL1: Probability - Cloud gaming: [0.006442643]
12-01 19:27:11.420  1115  1876 D SemNscXgbMsL1: Probability - Real time: [0.010791686]
12-01 19:27:11.421  1115  1876 D SemNscXgbMsL1: Probability - Non real time: [0.9817648]
12-01 19:27:11.421  1115  1876 D SemNscXgbMsL1: 1 sample inference time: 3.145104 msecs
12-01 19:27:11.425  1115  1876 D SemNscXgbL2Rt: L2 RT 1 sample inference time: 3.863646 msecs
12-01 19:27:11.429  1115  1876 D SemNscXgbL2Nrt: L2 NRT 1 sample inference time: 3.691406 msecs
12-01 19:27:11.463  1115  3216 D BatteryService: Sending ACTION_BATTERY_CHANGED. scale:100, info:{.chargerAcOnline = false, .chargerUsbOnline = true, .chargerWirelessOnline = false, .maxChargingCurrent = 0, .maxChargingVoltage = 0, .batteryStatus = CHARGING, .batteryHealth = GOOD, .batteryPresent = true, .batteryLevel = 79, .batteryVoltage = 4161, .batteryTemperature = 173, .batteryCurrent = 376, .batteryCycleCount = 0, .batteryFullCharge = 4000000, .batteryChargeCounter = 3142652, .batteryTechnology = Li-ion}
12-01 19:27:11.463  1115  3216 D BatteryService: online:4, current avg:383, charge type:1, POGO powered:false, power sharing:false, high voltage charger:false, charger_type:0, capacity:280000, misc_event:0x10000, current_event:0x0, current_now:376
12-01 19:27:11.466  1115  1773 D MotionRecognitionService:   onReceive : ACTION_BATTERY_CHANGED, Plugged: 2
12-01 19:27:11.466  1115  1773 I MotionRecognitionService: [TA] In/out: true, curr state: 1
12-01 19:27:11.467  1115  1115 D SemWifiApBroadcastReceiver: Received : android.intent.action.BATTERY_CHANGED
12-01 19:27:11.467  1115  1115 D AdaptiveBrightnessLongtermModelBuilder: Received android.intent.action.BATTERY_CHANGED
12-01 19:27:11.471  1999  1999 D KeyguardUpdateMonitor: received broadcast android.intent.action.BATTERY_CHANGED
12-01 19:27:11.471  1999  1999 I PowerUI : mBootCompleted = true |  mFullyConnected = true
12-01 19:27:11.471  1999  1999 I PowerUI : BATTERY_HEALTH_CHECK extraHealth=2 mBatteryMiscEvent=65536
12-01 19:27:11.471  1999  1999 D PowerUI : priorPlugType = 2 mPlugType = 2 priorBatteryStatus = 2 mBatteryStatus = 2
12-01 19:27:11.471  1999  1999 I PowerUI : oldMisalign : false, curMisalign : false
12-01 19:27:11.473  3697  3742 I EPDG -- SIM0 [EpdgIntentReceiver]: android.intent.action.BATTERY_CHANGED intent received.
12-01 19:27:11.473  1954  1954 D SemBigDataInfoController: Intent : android.intent.action.BATTERY_CHANGED
12-01 19:27:11.473  1954  1954 D Telephony: SamsungBatteryBroadcastReceiver: onReceive: action=android.intent.action.BATTERY_CHANGED
12-01 19:27:11.473  1999 15284 D PowerUI.Notification: 1. restoreScreenTimeOut - saved_value : :
12-01 19:27:11.474  1999 15284 E PowerUI.Notification: no saved value, so we do nothing !!
12-01 19:27:11.475  1999  1999 D PowerUI.Notification: showChargingNotice oldChargingType : 1 currentChargingType : 1 oldChargingTime : 5427000 mChargingTime : 5398000
12-01 19:27:11.475  1999  1999 D PowerUI.Notification: showChargingNotification()
12-01 19:27:11.476  1115  2714 V AS.AudioDeviceBroker: requestedCommunicationDevice, device: null mode owner pid: 0
12-01 19:27:11.476  1954  1954 D Telephony: SamsungLowBatteryTonePlayer: registerLowBatteryAlarmIfPossible: isSpeakerOn=false isLowBatterySoundScheduled=false isActiveCall=false
12-01 19:27:11.478  1115  2182 D SamsungAlarmManager: Cancel Alarm calling from uid:1001 pid :1954 / OP:PendingIntent{c9bb136: PendingIntentRecord{40d1837 com.android.phone broadcastIntent}}
12-01 19:27:11.479  1115  2714 D ApplicationPolicy: isStatusBarNotificationAllowedAsUser: packageName = com.android.systemui,userId = 0
12-01 19:27:11.479  1115  2714 D ApplicationPolicy: isStatusBarNotificationAllowedAsUser: packageName = com.android.systemui,userId = -1
12-01 19:27:11.479  1115  2714 D ApplicationPolicy: isStatusBarNotificationAllowedAsUser: converting userId from USER_ALLto 0
12-01 19:27:11.480  1954  1954 D Telephony: SamsungLowBatteryTonePlayer: registerLowBatteryAlarmIfPossible: canceled alarm.
12-01 19:27:11.482  1999  1999 D PowerUI : Battery swelling mode - priorBatterySwellingMode = 0 mBatterySwellingMode = 0 mBatteryStatus = 2
12-01 19:27:11.482  1999  1999 I PowerUI : mBatteryMiscEvent = 65536
12-01 19:27:11.484  1999  1999 D KeyguardUpdateMonitor: handleBatteryUpdate
12-01 19:27:11.485  1115  1115 W NotificationHistory: Attempted to add notif for locked/gone/disabled user 0
12-01 19:27:11.486  1999  1999 D KeyguardSecIndicationController: addIndicationTimeout() returned - unlocking
12-01 19:27:11.486  1999  1999 D KeyguardSecIndicationController: addIndication() returned - unlocking
12-01 19:27:11.486  1999  1999 D KeyguardSecIndicationController: addBatteryIndication() status = BatteryStatus{status=2,level=79,plugged=2,health=2,maxChargingWattage=-1,remaining=5398000ultraFastCharger=0}
12-01 19:27:11.486  1999  1999 I AODBatteryManager: updateBatteryData: ACTION_BATTERY_CHANGED
12-01 19:27:11.487  1999  1999 I AODBatteryManager: saveBatteryData : AOD BatteryData [mBatteryLevel=79, mBatteryStatus=CHARGING, mBatteryPlugType=USB, mBatteryPlugged=true, mRemainingChargeTime=5398000, mBatteryChargingType=1, mBatteryChargerType=NORMAL, mBatteryOnline=USB, mBatterySwellingMode=NONE, mBatteryProtectMode=false]
12-01 19:27:11.487  1999  1999 I ChargingInfoManager: updateChargingInfo: newState = AOD ChargingInfo [mState=BATTERY_AND_REMAIN_TIME, mIsCharging=true, mIsFullyCharged=false, mIsBatteryProtectMode=false], oldState = AOD ChargingInfo [mState=BATTERY_AND_REMAIN_TIME, mIsCharging=true, mIsFullyCharged=false, mIsBatteryProtectMode=false]
12-01 19:27:11.488  8812  8812 I Edge.badge: updateBadge item = com.android.systemui:-1 1
12-01 19:27:11.500  1999  1999 D QS      : setQSExpansion 0.0 -161.525
12-01 19:27:11.503  1999  1999 D QS      : setQSExpansion 0.0 -161.525
12-01 19:27:11.503  1999  1999 V SecQSFragmentAnimatorBase: setQsExpansionPosition 0.0
12-01 19:27:11.503  1999  1999 V QsExpandAnimator: setQsExpansionPosition 0.0 0
12-01 19:27:11.504  1999  1999 D QS      : setQSExpansion 0.0 -161.525
12-01 19:27:11.507  1999  1999 D InterruptionStateProvider: No bubble up: not allowed to bubble: -1|com.android.systemui|2131428820|charging_state|10010
12-01 19:27:11.509  1999  1999 D InterruptionStateProvider:  no Heads up : edgelighting enabled app. -1|com.android.systemui|2131428820|charging_state|10010
12-01 19:27:11.511  1999  2213 D PeopleSpaceWidgetMgr: Sbn doesn't contain valid PeopleTileKey: null/-1/com.android.systemui
12-01 19:27:11.516  1999  1999 D QS      : setQSExpansion 0.0 -161.525
12-01 19:27:11.516  1999  1999 D QS      : setQSExpansion 0.0 -161.525
12-01 19:27:11.536  1999  1999 D QS      : setQSExpansion 0.0 -161.525
12-01 19:27:11.537  1999  1999 D QS      : setQSExpansion 0.0 -161.525
12-01 19:27:11.939  1115  1876 D SemNscXgbMsL1: Probability - Cloud gaming: [0.0035270916]
12-01 19:27:11.940  1115  1876 D SemNscXgbMsL1: Probability - Real time: [0.013029367]
12-01 19:27:11.941  1115  1876 D SemNscXgbMsL1: Probability - Non real time: [0.97522324]
12-01 19:27:11.941  1115  1876 D SemNscXgbMsL1: 1 sample inference time: 7.292344 msecs
12-01 19:27:11.944  1115  1876 D SemNscXgbL2Rt: L2 RT 1 sample inference time: 3.490833 msecs
12-01 19:27:11.947  1115  1876 D SemNscXgbL2Nrt: L2 NRT 1 sample inference time: 2.143021 msecs
12-01 19:27:12.347  1115  1876 I SemWifiServiceDetector: Traff. tracking suspended
12-01 19:27:12.673   853 22840 I sensors-hal: handle_sns_client_event:660, [0][13400] accel_sample [ 0.055,  0.026,  9.793] 767168538118134
12-01 19:27:13.151  1115  1867 D SemCellularStateManager: onSignalStrengthsChanged: mCellularSignalLevel=1
12-01 19:27:13.154  3697  3741 I EPDG -- SIM0 [SMARTCELLULAR]: onSignalStrengthsChanged: SignalStrength:{mCdma=Invalid,mGsm=Invalid,mWcdma=Invalid,mTdscdma=Invalid,mLte=CellSignalStrengthLte: rssi=-75 rsrp=-111 rsrq=-14 rssnr=6 cqiTableIndex=2147483647 cqi=2147483647 ta=2147483647 level=1 parametersUseForLevel=0,mNr=Invalid,SignalBarInfo{ lteLevel=3 },rat=14,primary=CellSignalStrengthLte}
12-01 19:27:13.154  1999  2213 D MobileStatusTracker(0/8): onSignalStrengthsChanged signalStrength=SignalStrength:{mCdma=Invalid,mGsm=Invalid,mWcdma=Invalid,mTdscdma=Invalid,mLte=CellSignalStrengthLte: rssi=-75 rsrp=-111 rsrq=-14 rssnr=6 cqiTableIndex=2147483647 cqi=2147483647 ta=2147483647 level=1 parametersUseForLevel=0,mNr=Invalid,SignalBarInfo{ lteLevel=3 },rat=14,primary=CellSignalStrengthLte} level=3
12-01 19:27:13.154  1999  2213 D CscParser: OMC path : /product/omc/VZW/conf/customer.xml
12-01 19:27:13.155  1999  2213 I CscParser: getCustomerPath : omc customer file can read
12-01 19:27:13.155  1999  2213 E CscParser: update(): xml file exist
12-01 19:27:13.155  3697  3771 I EPDG -- SIM0 [SMARTCELLULAR]: lastLteRSRP is -111 currentLteRSRP is -111 lastLteRSRQ is -15 currentLteRSRQ is -14 lastLteSNR is 4 currentLteSNR is 6
12-01 19:27:13.171  1999  2213 D NetworkController: SignalStrength from intent slotId=0
12-01 19:27:13.384   682   682 D io_stats: !@   8,0 r 5023640 192168932 w 5158204 151909980 d 0 0 f 0 0 iot 3835500 0 th 0 0 0 pt 0 inp 0 0 618759.887
12-01 19:27:13.800  1115  1742 D SamsungAlarmManager: Cancel Alarm calling from uid:10045 pid :28483 / OP:PendingIntent{9c49ec5: PendingIntentRecord{2739429 com.google.android.gms/ startService}}
12-01 19:27:13.800  1115  1742 V SamsungAlarmManager: setLocked to kernel - W:767224161 / NW:767177299, now=767171184
12-01 19:27:13.810  2036  2036 I wpa_supplicant: Heartbeat 62322
12-01 19:27:13.815  1115  1886 D WifiConnectivityMonitor.NetworkStatsAnalyzer: Backhaul result - RSSI:-63, CE:5, PE:5, TI:0, PTI:3, TW:0, PTW:0, Tx:19, Rx:4, TxS:0, RxS:0, RESULT:true, IC:3, ICT:5, WC:6, WCT:5, R:0, RC:0, IE:0, EC:0
12-01 19:27:13.847  1999  1999 D NetworkController.WifiSignalController: notifyListener: visible=true, enabled=true, connected=true, inetCondition=1, isDefault=true, receivedCR=true, receivedIC=-1, shouldForceHide=false, emptyConnected=false
12-01 19:27:14.428  1115  1867 D SemCellularStateManager: onSignalStrengthsChanged: mCellularSignalLevel=1
12-01 19:27:14.430  1999  2213 D MobileStatusTracker(0/8): onSignalStrengthsChanged signalStrength=SignalStrength:{mCdma=Invalid,mGsm=Invalid,mWcdma=Invalid,mTdscdma=Invalid,mLte=CellSignalStrengthLte: rssi=-77 rsrp=-111 rsrq=-14 rssnr=4 cqiTableIndex=2147483647 cqi=2147483647 ta=2147483647 level=1 parametersUseForLevel=0,mNr=Invalid,SignalBarInfo{ lteLevel=3 },rat=14,primary=CellSignalStrengthLte} level=3
12-01 19:27:14.431  1999  2213 D CscParser: OMC path : /product/omc/VZW/conf/customer.xml
12-01 19:27:14.431  1999  2213 I CscParser: getCustomerPath : omc customer file can read
12-01 19:27:14.431  1999  2213 E CscParser: update(): xml file exist
12-01 19:27:14.432  3697  3741 I EPDG -- SIM0 [SMARTCELLULAR]: onSignalStrengthsChanged: SignalStrength:{mCdma=Invalid,mGsm=Invalid,mWcdma=Invalid,mTdscdma=Invalid,mLte=CellSignalStrengthLte: rssi=-77 rsrp=-111 rsrq=-14 rssnr=4 cqiTableIndex=2147483647 cqi=2147483647 ta=2147483647 level=1 parametersUseForLevel=0,mNr=Invalid,SignalBarInfo{ lteLevel=3 },rat=14,primary=CellSignalStrengthLte}
12-01 19:27:14.432  3697  3771 I EPDG -- SIM0 [SMARTCELLULAR]: lastLteRSRP is -111 currentLteRSRP is -111 lastLteRSRQ is -14 currentLteRSRQ is -14 lastLteSNR is 6 currentLteSNR is 4
12-01 19:27:14.451  1999  2213 D NetworkController: SignalStrength from intent slotId=0
12-01 19:27:14.674   853 22840 I sensors-hal: handle_sns_client_event:660, [0][13509] accel_sample [ 0.086,  0.047,  9.779] 767170554265217
12-01 19:27:16.671   853 22840 I sensors-hal: handle_sns_client_event:660, [0][13618] accel_sample [ 0.073,  0.044,  9.773] 767172570489697
12-01 19:27:16.680  1115  1724 D PowerManagerService: [api] setDeviceIdleTempWhitelist: appids:  (uid: 1000 pid: 1115)
12-01 19:27:16.711  1115  1884 I SemWifiEleStateTracker: Ele Parameters BD : 10 10 10 11 10 10 MD : -111 -111 -111 -111 -111 -111 WD : -62 -63 -63 -63 -62 -62 GC : false false false false false false SC : false false false false false false SH : false false false false false false TB : false false false false false false
12-01 19:27:16.960  1999  1999 D NetworkController.WifiSignalController: notifyListener: visible=true, enabled=true, connected=true, inetCondition=1, isDefault=true, receivedCR=true, receivedIC=-1, shouldForceHide=false, emptyConnected=false
12-01 19:27:17.388   682   682 D io_stats: !@   8,0 r 5023640 192168932 w 5158225 151910152 d 0 0 f 0 0 iot 3835510 0 th 0 0 0 pt 0 inp 0 0 618763.891
12-01 19:27:18.673   853 22840 I sensors-hal: handle_sns_client_event:660, [0][13727] accel_sample [ 0.090,  0.041,  9.789] 767174586596363
12-01 19:27:19.066   853 24022 I sensors-hal: handle_sns_client_event:217, auto_rotation_event_2: mode:255, type:1:0/0.060,0.036,9.787, ar:0
12-01 19:27:19.137 24062 24482 I MicroMsg.MMApplicationContext: [:24482, ]:isToolsIsolatedProcess, processName:com.tencent.mm:push
12-01 19:27:19.150  1126  1432 I CameraService: onUidStateChanged: uid=10287, procState is changed. (19 -> 11)
12-01 19:27:19.161  1126  1432 I CameraService: onUidStateChanged: uid=10287, procState is changed. (11 -> 19)
12-01 19:27:19.915  1115  1748 D SamsungAlarmManager: Expired : 8
12-01 19:27:19.917  1115  1748 V SamsungAlarmManager: Sending to uid : 10111 action=com.samsung.action.EVERY_MINUTE_CLOCK_UPDATE alarm=Alarm{a7273ca type 1 origWhen 1669951620000 whenElapsed 767157384 com.sec.android.app.launcher}
12-01 19:27:19.919  1115  1748 D ActivityManager: Received BROADCAST intent 0xc3e6d09 Key{broadcastIntent pkg=com.sec.android.app.launcher intent=act=com.samsung.action.EVERY_MINUTE_CLOCK_UPDATE flags=0x4000000 u=0} requestCode=0 sent=0 from uid 1000
12-01 19:27:19.928  1115  1748 V SamsungAlarmManager: setLocked to kernel - W:767224161 / NW:767211124, now=767177312
12-01 19:27:19.928  2680  2680 I LiveIconUpdateEventHandler: onReceive: com.samsung.action.EVERY_MINUTE_CLOCK_UPDATE
12-01 19:27:19.928  2680  2739 I LiveIconUpdateEventHandler: LiveIcon DateChanged
12-01 19:27:19.929  2680  2739 I LiveIconUpdateEventHandler: updateLiveIcon type:0
12-01 19:27:19.929  2680  2739 I LiveIconViewUpdater: onUpdateLiveIcon 72
12-01 19:27:19.929  2680  2680 E libprocessgroup: set_timerslack_ns write failed: Operation not permitted
12-01 19:27:19.930  2680  2739 I LiveIconUpdateEventHandler: cancelMinuteChangeAlarm
12-01 19:27:19.931  1115  2182 D SamsungAlarmManager: Cancel Alarm calling from uid:10111 pid :2680 / OP:PendingIntent{491858: PendingIntentRecord{c3e6d09 com.sec.android.app.launcher broadcastIntent}}
12-01 19:27:19.937  2680  2739 I LiveIconUpdateEventHandler: setMinuteChangeAlarm
12-01 19:27:19.937  2680  2741 I LiveIconUtil: getLiveIcon was called in ClockPackage
12-01 19:27:19.937  2680  2741 I LiveIconUtil: getLiveIcon res = com.sec.android.app.clockpackage
12-01 19:27:19.938  1115  4587 D SamsungAlarmManager: setInexact (T:1/F:0/AC:false) 20221201T192800 now=767177321 - CU:10111/CP:2680/OP:PendingIntent{9a5db1: PendingIntentRecord{c3e6d09 com.sec.android.app.launcher broadcastIntent}}
12-01 19:27:19.938  1115  4587 V SamsungAlarmManager: setLocked to kernel - W:767224161 / NW:767211124, now=767177322
12-01 19:27:19.940  2680  2741 I LiveIconUtil: stdIconSize : 168 , targetIconSize : 203
12-01 19:27:19.940  2680  2741 I LiveIconUtil: mIconDpi : 720 , mTargetIconDpi : 560
12-01 19:27:19.951  2680  2741 I AppIconSolution: load= live icon for com.sec.android.app.clockpackage, from overlay = false
12-01 19:27:19.951  2680  2741 I LauncherActivityInfo: Load live icon for com.sec.android.app.clockpackage
12-01 19:27:19.951  2680  2741 I LauncherActivityInfo: packageName: com.sec.android.app.clockpackage, useThemeIcon: false, height: 144, width: 144, density: 640
12-01 19:27:19.959  2680  2680 E libprocessgroup: set_timerslack_ns write failed: Operation not permitted
12-01 19:27:20.673   853 22840 I sensors-hal: handle_sns_client_event:660, [0][13836] accel_sample [ 0.091,  0.035,  9.807] 767176602726884
12-01 19:27:20.832  9022  9049 I ContactsProvider_EventLog: contents_sample_state: [CONTACT contacts(13) data(71) accounts({com.google (14)=13}) accounts deleted({}) in_trash(in_trash(1), in_trash_for_sync(0)) calls([logtype:100 cnt:803, logtype:200 cnt:67, logtype:300 cnt:433, logtype:1150 cnt:6]) countryIso(US) userId(0)  ]
12-01 19:27:20.832  9022  9049 I ContactsProvider_EventLog: contents_sample_state: [ agr({[14]=13})  ]
12-01 19:27:20.832  9022  9049 I ContactsProvider_EventLog: contents_sample_state: [ actCnt({android.process.acore(9022)=1})  ]
12-01 19:27:20.832  9022  9049 I ContactsProvider_EventLog: contents_sample_state: [PROFILE contacts(0) data(0) accounts({})  ] [SAPROFILE contacts(1) data(5) accounts({vnd.sec.contact.phone (1)=1})  ]
12-01 19:27:20.832  9022  9049 I ContactsProvider_EventLog: contents_sample_state: [STORAGE Contacts(CE) Profile(CE) SAProfile(CE) CallLog(CE)  ]
12-01 19:27:20.832  9022  9049 I ContactsProvider_EventLog: contents_sample_state: [STATE R(F) ]
12-01 19:27:21.169   940  3148 I SurfaceFlinger: [SEC_SF_EFFECTS] [capture x2 ]: captureDisplay(): size 1440 x 3040, raSourceCrop [0 0 1440 3040] 1440 x 3040
12-01 19:27:21.197  1115  1474 E Watchdog: !@Sync: 20614 heap: 109 / 116 [2022-12-01 19:27:21.196] sdogWay: softdog FD: 920
12-01 19:27:21.199  1115  9961 D system_server: mAFPC_Read - w = 1440, h = 3040, s = 32, f = 4, s_size = 17899520, luminance = 178, count = 1017, captureOrientation = 0
12-01 19:27:21.392   682   682 D io_stats: !@   8,0 r 5023640 192168932 w 5158228 151910260 d 0 0 f 0 0 iot 3835530 0 th 0 0 0 pt 0 inp 0 0 618767.895
12-01 19:27:21.511  1115  3216 D BatteryService: Sending ACTION_BATTERY_CHANGED. scale:100, info:{.chargerAcOnline = false, .chargerUsbOnline = true, .chargerWirelessOnline = false, .maxChargingCurrent = 0, .maxChargingVoltage = 0, .batteryStatus = CHARGING, .batteryHealth = GOOD, .batteryPresent = true, .batteryLevel = 79, .batteryVoltage = 4164, .batteryTemperature = 173, .batteryCurrent = 386, .batteryCycleCount = 0, .batteryFullCharge = 4000000, .batteryChargeCounter = 3146610, .batteryTechnology = Li-ion}
12-01 19:27:21.511  1115  3216 D BatteryService: online:4, current avg:380, charge type:1, POGO powered:false, power sharing:false, high voltage charger:false, charger_type:0, capacity:280000, misc_event:0x10000, current_event:0x0, current_now:386
12-01 19:27:21.514  1115  1115 D SemWifiApBroadcastReceiver: Received : android.intent.action.BATTERY_CHANGED
12-01 19:27:21.514  1115  1115 D AdaptiveBrightnessLongtermModelBuilder: Received android.intent.action.BATTERY_CHANGED
12-01 19:27:21.519  1115  1773 D MotionRecognitionService:   onReceive : ACTION_BATTERY_CHANGED, Plugged: 2
12-01 19:27:21.519  1115  1773 I MotionRecognitionService: [TA] In/out: true, curr state: 1
12-01 19:27:21.520  3697  3742 I EPDG -- SIM0 [EpdgIntentReceiver]: android.intent.action.BATTERY_CHANGED intent received.
12-01 19:27:21.521  1954  1954 D SemBigDataInfoController: Intent : android.intent.action.BATTERY_CHANGED
12-01 19:27:21.521  1954  1954 D Telephony: SamsungBatteryBroadcastReceiver: onReceive: action=android.intent.action.BATTERY_CHANGED
12-01 19:27:21.522  1999  1999 I AODBatteryManager: updateBatteryData: ACTION_BATTERY_CHANGED
12-01 19:27:21.524  1115  2182 V AS.AudioDeviceBroker: requestedCommunicationDevice, device: null mode owner pid: 0
12-01 19:27:21.525  1999  1999 I AODBatteryManager: saveBatteryData : AOD BatteryData [mBatteryLevel=79, mBatteryStatus=CHARGING, mBatteryPlugType=USB, mBatteryPlugged=true, mRemainingChargeTime=5398000, mBatteryChargingType=1, mBatteryChargerType=NORMAL, mBatteryOnline=USB, mBatterySwellingMode=NONE, mBatteryProtectMode=false]
12-01 19:27:21.525  1999  1999 D KeyguardUpdateMonitor: received broadcast android.intent.action.BATTERY_CHANGED
12-01 19:27:21.526  1999  1999 I PowerUI : mBootCompleted = true |  mFullyConnected = true
12-01 19:27:21.526  1999  1999 I PowerUI : BATTERY_HEALTH_CHECK extraHealth=2 mBatteryMiscEvent=65536
12-01 19:27:21.526  1999  1999 D PowerUI : priorPlugType = 2 mPlugType = 2 priorBatteryStatus = 2 mBatteryStatus = 2
12-01 19:27:21.526  1999  1999 I PowerUI : oldMisalign : false, curMisalign : false
12-01 19:27:21.527  1954  1954 D Telephony: SamsungLowBatteryTonePlayer: registerLowBatteryAlarmIfPossible: isSpeakerOn=false isLowBatterySoundScheduled=false isActiveCall=false
12-01 19:27:21.528  1999 20468 D PowerUI.Notification: 1. restoreScreenTimeOut - saved_value : :
12-01 19:27:21.528  1999 20468 E PowerUI.Notification: no saved value, so we do nothing !!
12-01 19:27:21.528  1999  1999 D PowerUI.Notification: showChargingNotice oldChargingType : 1 currentChargingType : 1 oldChargingTime : 5398000 mChargingTime : 5398000
12-01 19:27:21.528  1999  1999 D PowerUI.Notification: There is no change about charging status, so return!
12-01 19:27:21.528  1999  1999 D PowerUI : Battery swelling mode - priorBatterySwellingMode = 0 mBatterySwellingMode = 0 mBatteryStatus = 2
12-01 19:27:21.528  1999  1999 I PowerUI : mBatteryMiscEvent = 65536
12-01 19:27:21.530  1999  1999 D KeyguardUpdateMonitor: handleBatteryUpdate
12-01 19:27:21.531  1115  1742 D SamsungAlarmManager: Cancel Alarm calling from uid:1001 pid :1954 / OP:PendingIntent{88ce6e: PendingIntentRecord{39990f com.android.phone broadcastIntent}}
12-01 19:27:21.532  1954  1954 D Telephony: SamsungLowBatteryTonePlayer: registerLowBatteryAlarmIfPossible: canceled alarm.
12-01 19:27:21.547  1999  1999 D QS      : setQSExpansion 0.0 -161.525
12-01 19:27:21.549  1999  1999 D QS      : setQSExpansion 0.0 -161.525
12-01 19:27:21.549  1999  1999 V SecQSFragmentAnimatorBase: setQsExpansionPosition 0.0
12-01 19:27:21.549  1999  1999 V QsExpandAnimator: setQsExpansionPosition 0.0 0
12-01 19:27:21.550  1999  1999 D QS      : setQSExpansion 0.0 -161.525
12-01 19:27:22.108  1115  1867 D SemCellularStateManager: onSignalStrengthsChanged: mCellularSignalLevel=1
12-01 19:27:22.111  1999  2213 D MobileStatusTracker(0/8): onSignalStrengthsChanged signalStrength=SignalStrength:{mCdma=Invalid,mGsm=Invalid,mWcdma=Invalid,mTdscdma=Invalid,mLte=CellSignalStrengthLte: rssi=-75 rsrp=-112 rsrq=-14 rssnr=7 cqiTableIndex=2147483647 cqi=2147483647 ta=2147483647 level=1 parametersUseForLevel=0,mNr=Invalid,SignalBarInfo{ lteLevel=3 },rat=14,primary=CellSignalStrengthLte} level=3
12-01 19:27:22.111  1999  2213 D CscParser: OMC path : /product/omc/VZW/conf/customer.xml
12-01 19:27:22.112  1999  2213 I CscParser: getCustomerPath : omc customer file can read
12-01 19:27:22.112  1999  2213 E CscParser: update(): xml file exist
12-01 19:27:22.113  3697  3741 I EPDG -- SIM0 [SMARTCELLULAR]: onSignalStrengthsChanged: SignalStrength:{mCdma=Invalid,mGsm=Invalid,mWcdma=Invalid,mTdscdma=Invalid,mLte=CellSignalStrengthLte: rssi=-75 rsrp=-112 rsrq=-14 rssnr=7 cqiTableIndex=2147483647 cqi=2147483647 ta=2147483647 level=1 parametersUseForLevel=0,mNr=Invalid,SignalBarInfo{ lteLevel=3 },rat=14,primary=CellSignalStrengthLte}
12-01 19:27:22.114  3697  3771 I EPDG -- SIM0 [SMARTCELLULAR]: lastLteRSRP is -111 currentLteRSRP is -112 lastLteRSRQ is -14 currentLteRSRQ is -14 lastLteSNR is 4 currentLteSNR is 7
12-01 19:27:22.122  1999  2213 D NetworkController: SignalStrength from intent slotId=0
12-01 19:27:22.673   853 22840 I sensors-hal: handle_sns_client_event:660, [0][13945] accel_sample [ 0.065,  0.026,  9.799] 767178618723030
12-01 19:27:23.173  1999  1999 D NetworkController.WifiSignalController: notifyListener: visible=true, enabled=true, connected=true, inetCondition=1, isDefault=true, receivedCR=true, receivedIC=-1, shouldForceHide=false, emptyConnected=false
12-01 19:27:23.254  1115  1884 I SemWifiEleStateTracker: Ele Parameters BD : 9 11 11 10 11 10 MD : -111 -111 -111 -111 -111 -111 WD : -63 -62 -61 -61 -62 -60 GC : false false false false false false SC : false false false false false false SH : false false false false false false TB : false false false false false false
12-01 19:27:23.393  3697  3741 I EPDG -- SIM0 [SMARTCELLULAR]: onSignalStrengthsChanged: SignalStrength:{mCdma=Invalid,mGsm=Invalid,mWcdma=Invalid,mTdscdma=Invalid,mLte=CellSignalStrengthLte: rssi=-79 rsrp=-112 rsrq=-14 rssnr=6 cqiTableIndex=2147483647 cqi=2147483647 ta=2147483647 level=1 parametersUseForLevel=0,mNr=Invalid,SignalBarInfo{ lteLevel=3 },rat=14,primary=CellSignalStrengthLte}
12-01 19:27:23.393  1999  2213 D MobileStatusTracker(0/8): onSignalStrengthsChanged signalStrength=SignalStrength:{mCdma=Invalid,mGsm=Invalid,mWcdma=Invalid,mTdscdma=Invalid,mLte=CellSignalStrengthLte: rssi=-79 rsrp=-112 rsrq=-14 rssnr=6 cqiTableIndex=2147483647 cqi=2147483647 ta=2147483647 level=1 parametersUseForLevel=0,mNr=Invalid,SignalBarInfo{ lteLevel=3 },rat=14,primary=CellSignalStrengthLte} level=3
12-01 19:27:23.393  3697  3771 I EPDG -- SIM0 [SMARTCELLULAR]: lastLteRSRP is -112 currentLteRSRP is -112 lastLteRSRQ is -14 currentLteRSRQ is -14 lastLteSNR is 7 currentLteSNR is 6
12-01 19:27:23.393  1999  2213 D CscParser: OMC path : /product/omc/VZW/conf/customer.xml
12-01 19:27:23.394  1999  2213 I CscParser: getCustomerPath : omc customer file can read
12-01 19:27:23.394  1999  2213 E CscParser: update(): xml file exist
12-01 19:27:23.395  1115  1867 D SemCellularStateManager: onSignalStrengthsChanged: mCellularSignalLevel=1
12-01 19:27:23.408  1999  2213 D NetworkController: SignalStrength from intent slotId=0
12-01 19:27:23.813  2036  2036 I wpa_supplicant: Heartbeat 62323
12-01 19:27:23.822  1115  1886 D WifiConnectivityMonitor.NetworkStatsAnalyzer: Backhaul result - RSSI:-58, CE:5, PE:5, TI:0, PTI:0, TW:0, PTW:0, Tx:4, Rx:6, TxS:0, RxS:0, RESULT:true, IC:3, ICT:5, WC:7, WCT:5, R:0, RC:0, IE:0, EC:0
12-01 19:27:24.673   853 22840 I sensors-hal: handle_sns_client_event:660, [0][14054] accel_sample [ 0.085,  0.044,  9.791] 767180634720402
12-01 19:27:25.951  1115  1867 D SemCellularStateManager: onSignalStrengthsChanged: mCellularSignalLevel=1
12-01 19:27:25.953  1999  2213 D MobileStatusTracker(0/8): onSignalStrengthsChanged signalStrength=SignalStrength:{mCdma=Invalid,mGsm=Invalid,mWcdma=Invalid,mTdscdma=Invalid,mLte=CellSignalStrengthLte: rssi=-75 rsrp=-112 rsrq=-15 rssnr=5 cqiTableIndex=2147483647 cqi=2147483647 ta=2147483647 level=1 parametersUseForLevel=0,mNr=Invalid,SignalBarInfo{ lteLevel=3 },rat=14,primary=CellSignalStrengthLte} level=3
12-01 19:27:25.953  1999  2213 D CscParser: OMC path : /product/omc/VZW/conf/customer.xml
12-01 19:27:25.954  1999  2213 I CscParser: getCustomerPath : omc customer file can read
