12-01 19:28:01.383  2680  2741 I WidgetsPredictionUpdateTask: execute(), info: PendingAddWidgetInfo(id=-1 type=WIDGET container=# com.android.launcher3.logger.LauncherAtom$ContainerInfo@7ba6f targetComponent=ComponentInfo{com.tencent.mm/com.tencent.mm.plugin.appbrand.outerwidget.AppBrandOuterWidget} screen=-1 cell(-1,-1) span(4,2) minSpan(4,2) rank=0 rankOfList=-1 user=UserHandle{0} title=null hidden=0 screenType=0 componentName=ComponentInfo{com.tencent.mm/com.tencent.mm.plugin.appbrand.outerwidget.AppBrandOuterWidget}), info: PendingAddWidgetInfo(id=-1 type=WIDGET container=# com.android.launcher3.logger.LauncherAtom$ContainerInfo@7ba6f targetComponent=ComponentInfo{com.sec.android.app.sbrowser/com.sec.android.app.sbrowser.search_widget.SearchWidgetProvider} screen=-1 cell(-1,-1) span(4,1) minSpan(1,1) rank=0 rankOfList=-1 user=UserHandle{0} title=null hidden=0 screenType=0 componentName=ComponentInfo{com.sec.android.app.sbrowser/com.sec.android.app.sbrowser.search_widget.SearchWidgetProvider}), info: PendingAddWidgetInfo(id=-1 type=WIDGET container=# com.android.launcher3.logger.LauncherAtom$ContainerInfo@7ba6f targetComponent=ComponentInfo{com.sec.android.app.clockpackage/com.sec.android.app.clockpackage.alarmwidget.ClockAlarmWidgetProvider} screen=-1 cell(-1,-1) span(2,1) minSpan(2,1) rank=0 rankOfList=-1 user=UserHandle{0} title=null hidden=0 screenType=0 componentName=ComponentInfo{com.sec.android.app.clockpackage/com.sec.android.app.clockpackage.alarmwidget.ClockAlarmWidgetProvider}), info: PendingAddWidgetInfo(id=-1 type=WIDGET container=# com.android.launcher3.logger.LauncherAtom$ContainerInfo@7ba6f targetComponent=ComponentInfo{com.google.android.gm/com.google.android.gm.widget.GmailWidgetProvider} screen=-1 cell(-1,-1) span(3,2) minSpan(2,2) rank=0 rankOfList=-1 user=UserHandle{0} title=null hidden=0 screenType=0 componentName=ComponentInfo{com.google.android.gm/com.google.android.gm.widget.GmailWidgetProvider}), info: PendingAddWidgetInfo(id=-1 type=WIDGET container=# com.android.launcher3.logger.LauncherAtom$ContainerInfo@7ba6f targetComponent=ComponentInfo{com.urbandroid.sleep/com.urbandroid.sleep.appwidget.GraphWidget} screen=-1 cell(-1,-1) span(4,2) minSpan(3,1) rank=0 rankOfList=-1 user=UserHandle{0} title=null hidden=0 screenType=0 componentName=ComponentInfo{com.urbandroid.sleep/com.urbandroid.sleep.appwidget.GraphWidget}), info: PendingAddWidgetInfo(id=-1 type=WIDGET container=# com.android.launcher3.logger.LauncherAtom$ContainerInfo@7ba6f targetComponent=ComponentInfo{com.google.android.apps.maps/com.google.android.apps.gmm.widget.SearchWidgetProvider} screen=-1 cell(-1,-1) span(3,2) minSpan(2,2) rank=0 rankOfList=-1 user=UserHandle{0} title=null hidden=0 screenType=0 componentName=ComponentInfo{com.google.android.apps.maps/com.google.android.apps.gmm.widget.SearchWidgetProvider})
12-01 19:28:01.569   853 22840 I sensors-hal: handle_sns_client_event:660, [0][16125] accel_sample [ 0.160,  4.133,  8.841] 767218942400610
12-01 19:28:01.768  1115  1789 D BatteryService: Sending ACTION_BATTERY_CHANGED. scale:100, info:{.chargerAcOnline = false, .chargerUsbOnline = true, .chargerWirelessOnline = false, .maxChargingCurrent = 0, .maxChargingVoltage = 0, .batteryStatus = CHARGING, .batteryHealth = GOOD, .batteryPresent = true, .batteryLevel = 79, .batteryVoltage = 4105, .batteryTemperature = 174, .batteryCurrent = 28, .batteryCycleCount = 0, .batteryFullCharge = 4000000, .batteryChargeCounter = 3150568, .batteryTechnology = Li-ion}
12-01 19:28:01.769  1115  1789 D BatteryService: online:4, current avg:251, charge type:1, POGO powered:false, power sharing:false, high voltage charger:false, charger_type:0, capacity:280000, misc_event:0x10000, current_event:0x0, current_now:28
12-01 19:28:01.772  1115  1773 D MotionRecognitionService:   onReceive : ACTION_BATTERY_CHANGED, Plugged: 2
12-01 19:28:01.772  1115  1773 I MotionRecognitionService: [TA] In/out: true, curr state: 1
12-01 19:28:01.775  1115  1115 D SemWifiApBroadcastReceiver: Received : android.intent.action.BATTERY_CHANGED
12-01 19:28:01.779  1999  1999 D KeyguardUpdateMonitor: received broadcast android.intent.action.BATTERY_CHANGED
12-01 19:28:01.779  1999  1999 I PowerUI : mBootCompleted = true |  mFullyConnected = true
12-01 19:28:01.779  1999  1999 I PowerUI : BATTERY_HEALTH_CHECK extraHealth=2 mBatteryMiscEvent=65536
12-01 19:28:01.779  1999  1999 D PowerUI : priorPlugType = 2 mPlugType = 2 priorBatteryStatus = 2 mBatteryStatus = 2
12-01 19:28:01.779  1999  1999 I PowerUI : oldMisalign : false, curMisalign : false
12-01 19:28:01.781  3697  3742 I EPDG -- SIM0 [EpdgIntentReceiver]: android.intent.action.BATTERY_CHANGED intent received.
12-01 19:28:01.784  1954  1954 D SemBigDataInfoController: Intent : android.intent.action.BATTERY_CHANGED
12-01 19:28:01.784  1954  1954 D Telephony: SamsungBatteryBroadcastReceiver: onReceive: action=android.intent.action.BATTERY_CHANGED
12-01 19:28:01.785  1115  2167 V AS.AudioDeviceBroker: requestedCommunicationDevice, device: null mode owner pid: 0
12-01 19:28:01.785  1954  1954 D Telephony: SamsungLowBatteryTonePlayer: registerLowBatteryAlarmIfPossible: isSpeakerOn=false isLowBatterySoundScheduled=false isActiveCall=false
12-01 19:28:01.787  1115  1997 D SamsungAlarmManager: Cancel Alarm calling from uid:1001 pid :1954 / OP:PendingIntent{d90f661: PendingIntentRecord{1d0a586 com.android.phone broadcastIntent}}
12-01 19:28:01.788  1999  1999 D PowerUI.Notification: showChargingNotice oldChargingType : 1 currentChargingType : 1 oldChargingTime : 5373000 mChargingTime : 5373000
12-01 19:28:01.788  1999  1999 D PowerUI.Notification: There is no change about charging status, so return!
12-01 19:28:01.788  1999  1999 D PowerUI : Battery swelling mode - priorBatterySwellingMode = 0 mBatterySwellingMode = 0 mBatteryStatus = 2
12-01 19:28:01.789  1999  1999 I PowerUI : mBatteryMiscEvent = 65536
12-01 19:28:01.791  1999  1999 D KeyguardUpdateMonitor: handleBatteryUpdate
12-01 19:28:01.792  1999 11159 D PowerUI.Notification: 1. restoreScreenTimeOut - saved_value : :
12-01 19:28:01.792  1999 11159 E PowerUI.Notification: no saved value, so we do nothing !!
12-01 19:28:01.792  1954  1954 D Telephony: SamsungLowBatteryTonePlayer: registerLowBatteryAlarmIfPossible: canceled alarm.
12-01 19:28:01.794  1115  1115 D AdaptiveBrightnessLongtermModelBuilder: Received android.intent.action.BATTERY_CHANGED
12-01 19:28:01.799  1999  1999 I AODBatteryManager: updateBatteryData: ACTION_BATTERY_CHANGED
12-01 19:28:01.804  1999  1999 I AODBatteryManager: saveBatteryData : AOD BatteryData [mBatteryLevel=79, mBatteryStatus=CHARGING, mBatteryPlugType=USB, mBatteryPlugged=true, mRemainingChargeTime=5373000, mBatteryChargingType=1, mBatteryChargerType=NORMAL, mBatteryOnline=USB, mBatterySwellingMode=NONE, mBatteryProtectMode=false]
12-01 19:28:01.807  1999  1999 D QS      : setQSExpansion 0.0 -161.525
12-01 19:28:01.808  1999  1999 D QS      : setQSExpansion 0.0 -161.525
12-01 19:28:01.808  1999  1999 V SecQSFragmentAnimatorBase: setQsExpansionPosition 0.0
12-01 19:28:01.808  1999  1999 V QsExpandAnimator: setQsExpansionPosition 0.0 0
12-01 19:28:01.808  1999  1999 D QS      : setQSExpansion 0.0 -161.525
12-01 19:28:01.812  1115  1867 D SemCellularStateManager: onSignalStrengthsChanged: mCellularSignalLevel=0
12-01 19:28:01.813  1999  2213 D MobileStatusTracker(0/8): onSignalStrengthsChanged signalStrength=SignalStrength:{mCdma=Invalid,mGsm=Invalid,mWcdma=Invalid,mTdscdma=Invalid,mLte=CellSignalStrengthLte: rssi=-83 rsrp=-117 rsrq=-15 rssnr=-1 cqiTableIndex=2147483647 cqi=2147483647 ta=2147483647 level=0 parametersUseForLevel=0,mNr=Invalid,SignalBarInfo{ lteLevel=2 },rat=14,primary=CellSignalStrengthLte} level=2
12-01 19:28:01.813  1999  2213 D CscParser: OMC path : /product/omc/VZW/conf/customer.xml
12-01 19:28:01.814  1999  2213 I CscParser: getCustomerPath : omc customer file can read
12-01 19:28:01.814  1999  2213 E CscParser: update(): xml file exist
12-01 19:28:01.817  3697  3741 I EPDG -- SIM0 [SMARTCELLULAR]: onSignalStrengthsChanged: SignalStrength:{mCdma=Invalid,mGsm=Invalid,mWcdma=Invalid,mTdscdma=Invalid,mLte=CellSignalStrengthLte: rssi=-83 rsrp=-117 rsrq=-15 rssnr=-1 cqiTableIndex=2147483647 cqi=2147483647 ta=2147483647 level=0 parametersUseForLevel=0,mNr=Invalid,SignalBarInfo{ lteLevel=2 },rat=14,primary=CellSignalStrengthLte}
12-01 19:28:01.818  3697  3771 I EPDG -- SIM0 [SMARTCELLULAR]: lastLteRSRP is -118 currentLteRSRP is -117 lastLteRSRQ is -15 currentLteRSRQ is -15 lastLteSNR is 3 currentLteSNR is -1
12-01 19:28:01.828  1999  2213 D NetworkController: SignalStrength from intent slotId=0
12-01 19:28:01.880 25137 25137 I DecorView: notifyKeepScreenOnChanged: keepScreenOn=false
12-01 19:28:01.881  1115  2167 V WindowManager: Relayout Window{b66649e u0 com.deepwaterooo.dwsdkTest/com.deepwaterooo.dwsdk.MainActivity}: viewVisibility=0 req=1440x3040 d0
12-01 19:28:01.882  1115  2167 D PowerManagerService: [api] release WakeLock SCREEN_BRIGHT_WAKE_LOCK        'WindowManager' ON_AFTER_RELEASE ACQ=-2s621ms (uid=1000 pid=1115 ws=WorkSource{10743} displayId=-1)
12-01 19:28:01.883  1115  2167 D EdgeLightingManager: hideForWakeLock packageName=android
12-01 19:28:01.883  1115  2167 D EdgeLightingManager: hideForWakeLock is no more used
12-01 19:28:01.883  1115  2167 D PowerManagerService: [api] applyWakeLockFlagsOnReleaseLocked : userActivityNoUpdateLocked is called : SCREEN_BRIGHT_WAKE_LOCK        'WindowManager' ON_AFTER_RELEASE (uid=1000 pid=1115 ws=WorkSource{10743} displayId=-1)
12-01 19:28:01.886  1115  2167 V WindowManager: Relayout hash=b66649e, pid=25137: mAttrs={(0,0)(fillxfill) sim={adjust=pan} layoutInDisplayCutoutMode=shortEdges ty=BASE_APPLICATION fmt=TRANSLUCENT wanim=0x1030303 preferredDisplayMode=1
12-01 19:28:01.886  1115  2167 V WindowManager:   fl=80810500
12-01 19:28:01.886  1115  2167 V WindowManager:   pfl=12020040
12-01 19:28:01.886  1115  2167 V WindowManager:   vsysui=1706
12-01 19:28:01.886  1115  2167 V WindowManager:   apr=LIGHT_NAVIGATION_BARS
12-01 19:28:01.886  1115  2167 V WindowManager:   bhv=SHOW_TRANSIENT_BARS_BY_SWIPE
12-01 19:28:01.886  1115  2167 V WindowManager:   fitSides= naviIconColor=0
12-01 19:28:01.886  1115  2167 V WindowManager:   sfl=100000}
12-01 19:28:01.886  1115  4554 W ServiceManager: Permission failure: android.permission.HIGH_SAMPLING_RATE_SENSORS from uid=10743 pid=25137
12-01 19:28:01.886  1115  4554 W SensorService: sensor 0000000b already enabled in connection 0xb400006e1f67d6f0 (ignoring)
12-01 19:28:01.886  1115  4554 D SensorService: Calling batch handle==11 flags=0 rate=200000000 timeout== 0
12-01 19:28:01.888 25137 25137 I ViewRootImpl@7f5d3ed[MainActivity]: Relayout returned: old=(0,0,1440,3040) new=(0,0,1440,3040) req=(1440,3040)0 dur=7 res=0x1 s={true 3917020144} ch=false fn=9
12-01 19:28:01.888 25137 25137 I ViewRootImpl@7f5d3ed[MainActivity]: updateBoundsLayer: t = android.view.SurfaceControl$Transaction@9d713ff sc = Surface(name=Bounds for - com.deepwaterooo.dwsdkTest/com.deepwaterooo.dwsdk.MainActivity@0)/@0xee565cc frame = 9
12-01 19:28:01.888   853   853 I sensors-hal: set_config:67, sample_period_ns is adjusted to 20000000 based on min/max delay_ns
12-01 19:28:01.888 25137 25137 I ViewRootImpl@7f5d3ed[MainActivity]: mWNT: t = android.view.SurfaceControl$Transaction@9d713ff fN = 9 android.view.ViewRootImpl.prepareSurfaces:2752 android.view.ViewRootImpl.performTraversals:3998 android.view.ViewRootImpl.doTraversal:2893 
12-01 19:28:01.888 25137 25137 I ViewRootImpl@7f5d3ed[MainActivity]: mWNT: merge t to BBQ
12-01 19:28:01.888   853   853 I sensors-hal: batch:336, android.sensor.accelerometer/11, period=20000000, max_latency=200000000 request completed
12-01 19:28:01.888   853   853 I sensors-hal: flush:356, android.sensor.accelerometer/11
12-01 19:28:01.889   853   853 I sensors-hal: flush:362, android.sensor.accelerometer/11 completed
12-01 19:28:01.890  1115  4554 E SensorService: BigData:Pakage) 1 already enabled. 
12-01 19:28:01.890  1115  1997 W ServiceManager: Permission failure: android.permission.HIGH_SAMPLING_RATE_SENSORS from uid=10743 pid=25137
12-01 19:28:01.891   853   853 I sensors-hal: set_config:67, sample_period_ns is adjusted to 20000000 based on min/max delay_ns
12-01 19:28:01.891   853   853 I sensors-hal: batch:336, android.sensor.accelerometer/11, period=20000000, max_latency=0 request completed
12-01 19:28:01.893 25137 25168 D CompatibilityChangeReporter: Compat change id reported: 147600208; UID 10743; state: ENABLED
12-01 19:28:01.895  1115  1997 D CompatibilityChangeReporter: Compat change id reported: 157233955; UID 10743; state: DISABLED
12-01 19:28:01.918 25137 25168 I Unity   : Main Start()
12-01 19:28:01.958 22613 22613 I AudioPathManager: loadAudioPath() : loaded audio path is speaker (0)
12-01 19:28:01.958 22613 22613 I ModelUtil: isHighEndModel() : this model is SM-G975U1
12-01 19:28:01.958 22613 22613 I BoardUtil: isBoardOnSystemLSI() : board is msmnile
12-01 19:28:01.981  1115  1526 D PowerManagerService: UserActivityStateListenerState: 0
12-01 19:28:01.982 25137 25168 E Unity   : NullReferenceException: Object reference not set to an instance of an object
12-01 19:28:01.982 25137 25168 E Unity   :   at Main.Start () [0x00030] in <cbb6219cb16f438b9b9594f903a2431d>:0 
12-01 19:28:01.982 25137 25168 E Unity   : 
12-01 19:28:02.071  1115  4496 E TaskPersister: File error accessing recents directory (directory doesn't exist?).
12-01 19:28:02.093   934  1433 V APM_AudioPolicyManager: listAudioPorts() role 0 type 0 num_ports 0 ports 0xb400007926d095f0
12-01 19:28:02.093   934  1433 V APM_AudioPolicyManager: listAudioPorts() got 0 ports needed 13
12-01 19:28:02.093   934  1433 V APM_AudioPolicyManager: listAudioPorts() role 0 type 0 num_ports 13 ports 0xb400007b46f210f0
12-01 19:28:02.093   934  1433 V APM_AudioPolicyManager: listAudioPorts() got 13 ports needed 13
12-01 19:28:02.238  1115  1955 I Pageboost: Launcher App Execution
12-01 19:28:02.266  1115  1884 I SemWifiEleStateTracker: Ele Parameters BD : 11 10 11 10 10 11 MD : -112 -112 -112 -112 -112 -118 WD : -53 -54 -53 -53 -53 -52 GC : false false false false false false SC : false false false false false false SH : false false false false false false TB : false false false false false false
12-01 19:28:02.860  1115  1782 D InputReader: Btn_touch(5): value=1 when=618809.364483
12-01 19:28:02.861  1115  1782 I InputReader: Touch event's action is 0x0 (id=7, t=0) [pCnt=1, s=1.13760 ] when=618809.364483
12-01 19:28:02.861  1115  1781 I InputDispatcher: Delivering touch to (25137): action: 0x0, f=0x0, d=0, 'b66649e', t=1 
12-01 19:28:02.861 25137 25137 I ViewRootImpl@7f5d3ed[MainActivity]: ViewPostIme pointer 0
12-01 19:28:02.862  1115  1781 D PowerManagerService: UserActivityStateListenerState: 1
12-01 19:28:02.868  1115  1782 I InputReader: Touch event's action (MT) is 0x105 (id=7, t=0) [pCnt=2, s=0.13761 1.13760 ] when=618809.372516
12-01 19:28:02.869  1115  1781 I InputDispatcher: Delivering touch to (25137): action: 0x105, f=0x0, d=0, 'b66649e', t=1 
12-01 19:28:03.062   862 25155 I HYPER-HAL: [RequestManager.cpp]releaseLocked(): Released ID : 9867918
12-01 19:28:03.162  1115  1782 I InputReader: Touch event's action (MT) is 0x6 (id=7, t=0) [pCnt=2, s=0.13761 ] when=618809.665830
12-01 19:28:03.162  1115  1781 I InputDispatcher: Delivering touch to (25137): action: 0x6, f=0x0, d=0, 'b66649e', t=1 
12-01 19:28:03.162  1115  1781 D PowerManagerService: [api] userActivityFromNative : 20 (event: 2 flags: 0 displayId: 0) eventTime = 618809665
12-01 19:28:03.169  1115  1782 D InputReader: Btn_touch(5): value=0 when=618809.673050
12-01 19:28:03.169  1115  1782 I InputReader: Touch event's action is 0x1 (id=7, t=0) [pCnt=1, s=] when=618809.673050
12-01 19:28:03.169  1115  1781 I InputDispatcher: Delivering touch to (25137): action: 0x1, f=0x0, d=0, 'b66649e', t=1 
12-01 19:28:03.169 25137 25137 I ViewRootImpl@7f5d3ed[MainActivity]: ViewPostIme pointer 1
12-01 19:28:03.432   682   682 D io_stats: !@   8,0 r 5023967 192174008 w 5158471 151912216 d 0 0 f 0 0 iot 3835690 0 th 0 0 0 pt 0 inp 0 0 618809.935
12-01 19:28:03.495  1115  1782 D InputReader: Btn_touch(5): value=1 when=618809.998907
12-01 19:28:03.495  1115  1782 I InputReader: Touch event's action is 0x0 (id=7, t=0) [pCnt=1, s=0.13762 ] when=618809.998907
12-01 19:28:03.495  1115  1781 I InputDispatcher: Delivering touch to (25137): action: 0x0, f=0x0, d=0, 'b66649e', t=1 
12-01 19:28:03.495 25137 25137 I ViewRootImpl@7f5d3ed[MainActivity]: ViewPostIme pointer 0
12-01 19:28:03.545  1115  1782 D InputReader: Btn_touch(5): value=0 when=618810.048584
12-01 19:28:03.545  1115  1782 I InputReader: Touch event's action is 0x1 (id=7, t=0) [pCnt=1, s=] when=618810.048584
12-01 19:28:03.545  1115  1781 I InputDispatcher: Delivering touch to (25137): action: 0x1, f=0x0, d=0, 'b66649e', t=1 
12-01 19:28:03.545 25137 25137 I ViewRootImpl@7f5d3ed[MainActivity]: ViewPostIme pointer 1
12-01 19:28:03.585   853 22840 I sensors-hal: handle_sns_client_event:660, [0][16234] accel_sample [-0.731,  4.449,  9.083] 767220958650194
12-01 19:28:03.818  2036  2036 I wpa_supplicant: Heartbeat 62327
12-01 19:28:03.844  1115  1886 D WifiConnectivityMonitor.NetworkStatsAnalyzer: Backhaul result - RSSI:-52, CE:5, PE:5, TI:0, PTI:0, TW:0, PTW:0, Tx:0, Rx:2, TxS:0, RxS:0, RESULT:true, IC:3, ICT:5, WC:11, WCT:5, R:0, RC:0, IE:0, EC:0
12-01 19:28:04.012  1115  1782 D InputReader: Btn_touch(5): value=1 when=618810.516283
12-01 19:28:04.013  1115  1782 I InputReader: Touch event's action is 0x0 (id=7, t=0) [pCnt=1, s=0.13763 ] when=618810.516283
12-01 19:28:04.013  1115  1781 I InputDispatcher: Delivering touch to (25137): action: 0x0, f=0x0, d=0, 'b66649e', t=1 
12-01 19:28:04.013 25137 25137 I ViewRootImpl@7f5d3ed[MainActivity]: ViewPostIme pointer 0
12-01 19:28:04.079  1115  1782 D InputReader: Btn_touch(5): value=0 when=618810.582735
12-01 19:28:04.079  1115  1782 I InputReader: Touch event's action is 0x1 (id=7, t=0) [pCnt=1, s=] when=618810.582735
12-01 19:28:04.079  1115  1781 I InputDispatcher: Delivering touch to (25137): action: 0x1, f=0x0, d=0, 'b66649e', t=1 
12-01 19:28:04.079 25137 25137 I ViewRootImpl@7f5d3ed[MainActivity]: ViewPostIme pointer 1
12-01 19:28:04.287  1115 25176 I SystemUiVisibilityPolicyController: handleMessage: entry what = 101
12-01 19:28:04.337  1115  1867 D SemCellularStateManager: onSignalStrengthsChanged: mCellularSignalLevel=0
12-01 19:28:04.338  1999  2213 D MobileStatusTracker(0/8): onSignalStrengthsChanged signalStrength=SignalStrength:{mCdma=Invalid,mGsm=Invalid,mWcdma=Invalid,mTdscdma=Invalid,mLte=CellSignalStrengthLte: rssi=-85 rsrp=-119 rsrq=-15 rssnr=2 cqiTableIndex=2147483647 cqi=2147483647 ta=2147483647 level=0 parametersUseForLevel=0,mNr=Invalid,SignalBarInfo{ lteLevel=2 },rat=14,primary=CellSignalStrengthLte} level=2
12-01 19:28:04.338  1999  2213 D CscParser: OMC path : /product/omc/VZW/conf/customer.xml
12-01 19:28:04.338  1999  2213 I CscParser: getCustomerPath : omc customer file can read
12-01 19:28:04.338  1999  2213 E CscParser: update(): xml file exist
12-01 19:28:04.338  3697  3741 I EPDG -- SIM0 [SMARTCELLULAR]: onSignalStrengthsChanged: SignalStrength:{mCdma=Invalid,mGsm=Invalid,mWcdma=Invalid,mTdscdma=Invalid,mLte=CellSignalStrengthLte: rssi=-85 rsrp=-119 rsrq=-15 rssnr=2 cqiTableIndex=2147483647 cqi=2147483647 ta=2147483647 level=0 parametersUseForLevel=0,mNr=Invalid,SignalBarInfo{ lteLevel=2 },rat=14,primary=CellSignalStrengthLte}
12-01 19:28:04.338  3697  3771 I EPDG -- SIM0 [SMARTCELLULAR]: lastLteRSRP is -117 currentLteRSRP is -119 lastLteRSRQ is -15 currentLteRSRQ is -15 lastLteSNR is -1 currentLteSNR is 2
12-01 19:28:04.341  1999  2213 D NetworkController: SignalStrength from intent slotId=0
12-01 19:28:04.350  1115  1821 D ConnectivityService: notifyType CALLBACK_CAP_CHANGED for [101 CELLULAR]
12-01 19:28:04.479  1115  1782 D InputReader: Btn_touch(5): value=1 when=618810.983436
12-01 19:28:04.479  1115  1782 I InputReader: Touch event's action is 0x0 (id=7, t=0) [pCnt=1, s=0.13764 ] when=618810.983436
12-01 19:28:04.480  1115  1781 I InputDispatcher: Delivering touch to (25137): action: 0x0, f=0x0, d=0, 'b66649e', t=1 
12-01 19:28:04.480 25137 25137 I ViewRootImpl@7f5d3ed[MainActivity]: ViewPostIme pointer 0
12-01 19:28:04.538  1115  1782 D InputReader: Btn_touch(5): value=0 when=618811.041705
12-01 19:28:04.538  1115  1782 I InputReader: Touch event's action is 0x1 (id=7, t=0) [pCnt=1, s=] when=618811.041705
12-01 19:28:04.538  1115  1781 I InputDispatcher: Delivering touch to (25137): action: 0x1, f=0x0, d=0, 'b66649e', t=1 
12-01 19:28:04.538 25137 25137 I ViewRootImpl@7f5d3ed[MainActivity]: ViewPostIme pointer 1
12-01 19:28:04.947  1115  1782 D InputReader: Btn_touch(5): value=1 when=618811.451085
12-01 19:28:04.947  1115  1782 I InputReader: Touch event's action is 0x0 (id=7, t=0) [pCnt=1, s=0.13765 ] when=618811.451085
12-01 19:28:04.947  1115  1781 I InputDispatcher: Delivering touch to (25137): action: 0x0, f=0x0, d=0, 'b66649e', t=1 
12-01 19:28:04.948 25137 25137 I ViewRootImpl@7f5d3ed[MainActivity]: ViewPostIme pointer 0
12-01 19:28:04.997  1115  1782 D InputReader: Btn_touch(5): value=0 when=618811.500830
12-01 19:28:04.997  1115  1782 I InputReader: Touch event's action is 0x1 (id=7, t=0) [pCnt=1, s=] when=618811.500830
12-01 19:28:04.997  1115  1781 I InputDispatcher: Delivering touch to (25137): action: 0x1, f=0x0, d=0, 'b66649e', t=1 
12-01 19:28:04.997 25137 25137 I ViewRootImpl@7f5d3ed[MainActivity]: ViewPostIme pointer 1
12-01 19:28:05.137  1115  7844 D SGM:GameManager: identifyGamePackage. com.deepwaterooo.dwsdkTest, mCurrentUserId: 0, callerUserId: 0, callingMethodInfo: com.android.server.ssrm.SortingMachine.isGame(SortingMachine.java:162)
12-01 19:28:05.138  1115  7844 D SGM:PkgDataHelper: getGamePkgData(). com.deepwaterooo.dwsdkTest
12-01 19:28:05.602   853 22840 I sensors-hal: handle_sns_client_event:660, [0][16343] accel_sample [-1.295,  4.718,  8.547] 767222974792433
12-01 19:28:05.791  1115  1782 D InputReader: Btn_touch(5): value=1 when=618812.294513
12-01 19:28:05.793  1115  1782 I InputReader: Touch event's action is 0x0 (id=7, t=0) [pCnt=1, s=0.13766 ] when=618812.294513
12-01 19:28:05.794  1115  1781 I InputDispatcher: Delivering touch to (25137): action: 0x0, f=0x0, d=0, 'b66649e', t=1 
12-01 19:28:05.795 25137 25137 I ViewRootImpl@7f5d3ed[MainActivity]: ViewPostIme pointer 0
12-01 19:28:05.898  1115  1782 D InputReader: Btn_touch(5): value=0 when=618812.402145
12-01 19:28:05.898  1115  1782 I InputReader: Touch event's action is 0x1 (id=7, t=0) [pCnt=1, s=] when=618812.402145
12-01 19:28:05.898  1115  1781 I InputDispatcher: Delivering touch to (25137): action: 0x1, f=0x0, d=0, 'b66649e', t=1 
12-01 19:28:05.899 25137 25137 I ViewRootImpl@7f5d3ed[MainActivity]: ViewPostIme pointer 1
12-01 19:28:06.273  2317  9400 D NetlinkTracker/wlan0: addressUpdated: 2600:1700:e840:17a0:147c:82ff:fe09:e448/64 on wlan0 flags 256 scope 0
12-01 19:28:06.273  2317  9400 D NetlinkTracker/wlan0: addressUpdated: 2600:1700:e840:17a0:f56d:a18:b02e:1c24/64 on wlan0 flags 1 scope 0
12-01 19:28:06.274  3697  3742 I EPDG -- SIM0 [EpdgNetworkMgmtObserver]: EpdgAddressUpdated: address: Suppressed iface: SuppressedmFqdnRetryCount : 0
12-01 19:28:06.274  3697  3742 I EPDG -- SIM0 [EpdgNetworkMgmtObserver]: EpdgAddressUpdated: address: Suppressed iface: SuppressedmFqdnRetryCount : 0
12-01 19:28:06.274  3697  3697 I EPDG -- SIM0 [EpdgIntfCont]: Not Mobile Interface. Ignoring Event
12-01 19:28:06.274  3697  3697 I EPDG -- SIM0 [EpdgIntfCont]: Not Mobile Interface. Ignoring Event
12-01 19:28:06.287   770   797 W Netd    : No subsystem found in netlink event
12-01 19:28:06.294   859   859 D WifiHAL : Setting APF program, halHandle = 0xb400006f069cd6d0
12-01 19:28:06.294   859   859 I WifiHAL : createRequest: APF set program request
12-01 19:28:06.313   859   859 I WifiHAL : Done!
12-01 19:28:06.447  4427  5042 I SDHMS:C : SIOP:: AP:75(242,110) BAT:174(174,0) USB:180(180,0) CHG:182(182,0) PA:193(193,0) WIFI:170(170,0) BLK:0(0,0) SUBBAT:0(0,0) LRP:187(187,0) LRF:187(187) LRB:183(183) 
12-01 19:28:06.541  1115  1782 D InputReader: Btn_touch(5): value=1 when=618813.045218
12-01 19:28:06.542  1115  1782 I InputReader: Touch event's action is 0x0 (id=7, t=0) [pCnt=1, s=0.13767 ] when=618813.045218
12-01 19:28:06.542  1115  1781 I InputDispatcher: Delivering touch to (25137): action: 0x0, f=0x0, d=0, 'b66649e', t=1 
12-01 19:28:06.543 25137 25137 I ViewRootImpl@7f5d3ed[MainActivity]: ViewPostIme pointer 0
12-01 19:28:06.608  1115  1782 D InputReader: Btn_touch(5): value=0 when=618813.111721
12-01 19:28:06.608  1115  1782 I InputReader: Touch event's action is 0x1 (id=7, t=0) [pCnt=1, s=] when=618813.111721
12-01 19:28:06.608  1115  1781 I InputDispatcher: Delivering touch to (25137): action: 0x1, f=0x0, d=0, 'b66649e', t=1 
12-01 19:28:06.608 25137 25137 I ViewRootImpl@7f5d3ed[MainActivity]: ViewPostIme pointer 1
12-01 19:28:06.732  1999  1999 D NetworkController.WifiSignalController: notifyListener: visible=true, enabled=true, connected=true, inetCondition=1, isDefault=true, receivedCR=true, receivedIC=-1, shouldForceHide=false, emptyConnected=false
12-01 19:28:06.777  1115  1748 D SamsungAlarmManager: Expired : 4
12-01 19:28:06.777  1115  1748 V SamsungAlarmManager: Sending to uid : 10045 action=com.google.android.location.ALARM_WAKEUP_ACTIVITY_DETECTION alarm=Alarm{a425209 type 2 origWhen 767224161 whenElapsed 767224161 com.google.android.gms}
12-01 19:28:06.777  1115  1748 D ActivityManager: Received BROADCAST intent 0x9bcad88 Key{broadcastIntent pkg=com.google.android.gms/com.google.android.gms.location_base intent=act=com.google.android.location.ALARM_WAKEUP_ACTIVITY_DETECTION flags=0x4000000 u=0} requestCode=0 sent=0 from uid 1000
12-01 19:28:06.782  1115  1748 V SamsungAlarmManager: setLocked to kernel - W:767700000 / NW:767271126, now=767224166
12-01 19:28:06.782  1115  1458 D PowerManagerService: [api] setDeviceIdleTempWhitelist: appids: [0]10045  (uid: 1000 pid: 1115)
12-01 19:28:06.787  1115  2167 D SensorService: Calling batch handle==51 flags=0 rate=200000000 timeout== 0
12-01 19:28:06.787   853   853 I sensors-hal: set_config:67, sample_period_ns is adjusted to 0 based on min/max delay_ns
12-01 19:28:06.787   853   853 I sensors-hal: batch:336, android.sensor.light/51, period=200000000, max_latency=0 request completed
12-01 19:28:06.788   853   853 I sensors-hal: activate:252, android.sensor.light/51 en=1
12-01 19:28:06.788   853   853 I sensors-hal: get_qmi_debug_flag:241, support_qmi_debug : false
12-01 19:28:06.797   853   853 I sensors-hal: activate:270, android.sensor.light/51 en=1 completed
12-01 19:28:06.798 28483 25230 D SensorManager: registerListener :: 51, TCS3407 Light Ambient Light Sensor Non-wakeup, 200000, 0, 
12-01 19:28:06.798   853   853 I sensors-hal: flush:356, android.sensor.accelerometer/11
12-01 19:28:06.798   853   853 I sensors-hal: flush:362, android.sensor.accelerometer/11 completed
12-01 19:28:06.823   853 25232 I sensors-hal: handle_indication_realtime:466,  SCHED_FIFO(10) for qmi_cbk
12-01 19:28:06.901  1115  1867 D SemCellularStateManager: onSignalStrengthsChanged: mCellularSignalLevel=0
12-01 19:28:06.902  1999  2213 D MobileStatusTracker(0/8): onSignalStrengthsChanged signalStrength=SignalStrength:{mCdma=Invalid,mGsm=Invalid,mWcdma=Invalid,mTdscdma=Invalid,mLte=CellSignalStrengthLte: rssi=-83 rsrp=-119 rsrq=-15 rssnr=0 cqiTableIndex=2147483647 cqi=2147483647 ta=2147483647 level=0 parametersUseForLevel=0,mNr=Invalid,SignalBarInfo{ lteLevel=2 },rat=14,primary=CellSignalStrengthLte} level=2
12-01 19:28:06.902  3697  3741 I EPDG -- SIM0 [SMARTCELLULAR]: onSignalStrengthsChanged: SignalStrength:{mCdma=Invalid,mGsm=Invalid,mWcdma=Invalid,mTdscdma=Invalid,mLte=CellSignalStrengthLte: rssi=-83 rsrp=-119 rsrq=-15 rssnr=0 cqiTableIndex=2147483647 cqi=2147483647 ta=2147483647 level=0 parametersUseForLevel=0,mNr=Invalid,SignalBarInfo{ lteLevel=2 },rat=14,primary=CellSignalStrengthLte}
12-01 19:28:06.902  1999  2213 D CscParser: OMC path : /product/omc/VZW/conf/customer.xml
12-01 19:28:06.902  1999  2213 I CscParser: getCustomerPath : omc customer file can read
12-01 19:28:06.902  1999  2213 E CscParser: update(): xml file exist
12-01 19:28:06.902  1115  1997 D SensorService: Calling activate off 51
12-01 19:28:06.902  3697  3771 I EPDG -- SIM0 [SMARTCELLULAR]: lastLteRSRP is -119 currentLteRSRP is -119 lastLteRSRQ is -15 currentLteRSRQ is -15 lastLteSNR is 2 currentLteSNR is 0
12-01 19:28:06.903   853   853 I sensors-hal: activate:252, android.sensor.light/51 en=0
12-01 19:28:06.905  1999  2213 D NetworkController: SignalStrength from intent slotId=0
12-01 19:28:06.909   853   853 I sensors-hal: deactivate:301, disconnect qmi to disable sensor
12-01 19:28:06.909   853   853 I sensors-hal: activate:270, android.sensor.light/51 en=0 completed
12-01 19:28:06.909 28483 24991 D SensorManager: unregisterListener
12-01 19:28:06.943  1115  2167 W AppOps  : Noting op not finished: uid 10045 pkg com.google.android.gms code 113 startTime of in progress event=1669917683086
12-01 19:28:06.947  1115  2167 D ActivityManager: Received SERVICE intent 0xb975134 Key{startService pkg=com.google.android.gms/fused_location_provider intent=act=com.google.android.gms.location.util.nlp.RESULT cat=[targeted_intent_op_prefix:.location.util.nlp.NlpInternalApi$NlpReceiverIntentOperation] cmp=com.google.android.gms/.chimera.PersistentIntentOperationService flags=0x2000000 u=0} requestCode=0 from uid 10045
12-01 19:28:06.948  1115  2167 W AppOps  : Noting op not finished: uid 10393 pkg com.urbandroid.sleep code 79 startTime of in progress event=1669951626763
12-01 19:28:06.950  1115  2167 D ActivityManager: Received BROADCAST intent 0xf6a8784 Key{broadcastIntent pkg=com.urbandroid.sleep intent=cmp=com.urbandroid.sleep/.activityrecognition.ActivityReceiver flags=0x2000000 u=0} requestCode=0 sent=0 from uid 10045
12-01 19:28:06.950  1115  1782 D InputReader: Btn_touch(5): value=1 when=618813.454173
12-01 19:28:06.950  1115  1782 I InputReader: Touch event's action is 0x0 (id=7, t=0) [pCnt=1, s=0.13768 ] when=618813.454173
12-01 19:28:06.951  1115  1781 I InputDispatcher: Delivering touch to (25137): action: 0x0, f=0x0, d=0, 'b66649e', t=1 
12-01 19:28:06.951 25137 25137 I ViewRootImpl@7f5d3ed[MainActivity]: ViewPostIme pointer 0
12-01 19:28:06.952  1115  4554 W AppOps  : Noting op not finished: uid 10045 pkg com.google.android.gms code 113 startTime of in progress event=1669917683870
12-01 19:28:06.957  1115  1997 D SamsungAlarmManager: setInexact (T:3/F:0/AC:false) 20321128T192806 now=767224341 - CU:10045/CP:28483/OP:PendingIntent{5b505c5: PendingIntentRecord{133ab1a com.google.android.gms/ startService}}
12-01 19:28:06.958  1115  1997 V SamsungAlarmManager: setLocked to kernel - W:767700000 / NW:767271126, now=767224341
12-01 19:28:06.959  1115  4554 D ActivityManager: Received SERVICE intent 0x348794b Key{startService pkg=com.google.android.gms/com.google.android.gms.location_base intent=act=com.google.android.location.internal.action.AR_TRANSITION_RESULT pkg=com.google.android.gms cmp=com.google.android.gms/com.google.android.location.internal.PendingIntentCallbackService flags=0x2000000 u=0} requestCode=0 from uid 10045
12-01 19:28:06.960  1115  1997 W AppOps  : Noting op not finished: uid 10045 pkg com.google.android.gms code 113 startTime of in progress event=1669917683086
12-01 19:28:06.965  1115  1742 D ActivityManager: Received SERVICE intent 0x860ea79 Key{startService pkg=com.google.android.gms/fused_location_provider intent=act=com.google.android.location.internal.action.FLP_AR_RESULT pkg=com.google.android.gms cmp=com.google.android.gms/com.google.android.location.internal.PendingIntentCallbackService flags=0x2000000 u=0} requestCode=0 from uid 10045
12-01 19:28:06.967  1115  1742 D SensorService: Calling activate off 11
12-01 19:28:06.967   853   853 I sensors-hal: set_config:67, sample_period_ns is adjusted to 20000000 based on min/max delay_ns
12-01 19:28:06.967   853   853 I sensors-hal: batch:336, android.sensor.accelerometer/11, period=20000000, max_latency=0 request completed
12-01 19:28:06.968 28483 28767 D SensorManager: unregisterListener
12-01 19:28:06.969  1115  4587 D SamsungAlarmManager: setExact (T:2/F:33/AC:false) 20221201T192902 now=767224353 - CU:10045/CP:28483/OP:PendingIntent{13df64b: PendingIntentRecord{9bcad88 com.google.android.gms/com.google.android.gms.location_base broadcastIntent}}
12-01 19:28:06.969  1115  4587 V SamsungAlarmManager: setLocked to kernel - W:767279651 / NW:767271126, now=767224353
12-01 19:28:07.000  1115  1782 D InputReader: Btn_touch(5): value=0 when=618813.503881
12-01 19:28:07.000  1115  1782 I InputReader: Touch event's action is 0x1 (id=7, t=0) [pCnt=1, s=] when=618813.503881
12-01 19:28:07.000  1115  1781 I InputDispatcher: Delivering touch to (25137): action: 0x1, f=0x0, d=0, 'b66649e', t=1 
12-01 19:28:07.000 25137 25137 I ViewRootImpl@7f5d3ed[MainActivity]: ViewPostIme pointer 1
12-01 19:28:07.615  1115  1884 I SemWifiEleStateTracker: Ele Parameters BD : 11 10 11 10 11 10 MD : -118 -117 -117 -119 -119 -119 WD : -52 -54 -52 -53 -53 -54 GC : false false false false false false SC : false false false false false false SH : false false false false false false TB : false false false false false false
12-01 19:28:07.618   853 22840 I sensors-hal: handle_sns_client_event:660, [0][16452] accel_sample [-2.442,  5.389,  4.111] 767224990947277
12-01 19:28:07.785  1115  1782 D InputReader: Btn_touch(5): value=1 when=618814.288860
12-01 19:28:07.786  1115  1782 I InputReader: Touch event's action is 0x0 (id=7, t=0) [pCnt=1, s=0.13769 ] when=618814.288860
12-01 19:28:07.786  1115  1781 I InputDispatcher: Delivering touch to (25137): action: 0x0, f=0x0, d=0, 'b66649e', t=1 
12-01 19:28:07.787 25137 25137 I ViewRootImpl@7f5d3ed[MainActivity]: ViewPostIme pointer 0
12-01 19:28:07.893  1115  1781 D PowerManagerService: [api] userActivityFromNative : 30 (event: 2 flags: 0 displayId: 0) eventTime = 618814396
12-01 19:28:07.934  1115  1782 D InputReader: Btn_touch(5): value=0 when=618814.438620
12-01 19:28:07.934  1115  1782 I InputReader: Touch event's action is 0x1 (id=7, t=0) [pCnt=1, s=] when=618814.438620
12-01 19:28:07.935  1115  1781 I InputDispatcher: Delivering touch to (25137): action: 0x1, f=0x0, d=0, 'b66649e', t=1 
12-01 19:28:07.935 25137 25137 I ViewRootImpl@7f5d3ed[MainActivity]: ViewPostIme pointer 1
12-01 19:28:08.151  1115  1782 D InputReader: Btn_touch(5): value=1 when=618814.655638
12-01 19:28:08.152  1115  1782 I InputReader: Touch event's action is 0x0 (id=7, t=0) [pCnt=1, s=0.13770 ] when=618814.655638
12-01 19:28:08.152  1115  1781 I InputDispatcher: Delivering touch to (25137): action: 0x0, f=0x0, d=0, 'b66649e', t=1 
12-01 19:28:08.152 25137 25137 I ViewRootImpl@7f5d3ed[MainActivity]: ViewPostIme pointer 0
12-01 19:28:08.179  1115  1867 D SemCellularStateManager: onSignalStrengthsChanged: mCellularSignalLevel=0
12-01 19:28:08.180  1999  2213 D MobileStatusTracker(0/8): onSignalStrengthsChanged signalStrength=SignalStrength:{mCdma=Invalid,mGsm=Invalid,mWcdma=Invalid,mTdscdma=Invalid,mLte=CellSignalStrengthLte: rssi=-85 rsrp=-119 rsrq=-15 rssnr=2 cqiTableIndex=2147483647 cqi=2147483647 ta=2147483647 level=0 parametersUseForLevel=0,mNr=Invalid,SignalBarInfo{ lteLevel=1 },rat=14,primary=CellSignalStrengthLte} level=1
12-01 19:28:08.180  1999  2213 D CscParser: OMC path : /product/omc/VZW/conf/customer.xml
12-01 19:28:08.180  1999  2213 I CscParser: getCustomerPath : omc customer file can read
12-01 19:28:08.180  1999  2213 E CscParser: update(): xml file exist
12-01 19:28:08.182  3697  3741 I EPDG -- SIM0 [SMARTCELLULAR]: onSignalStrengthsChanged: SignalStrength:{mCdma=Invalid,mGsm=Invalid,mWcdma=Invalid,mTdscdma=Invalid,mLte=CellSignalStrengthLte: rssi=-85 rsrp=-119 rsrq=-15 rssnr=2 cqiTableIndex=2147483647 cqi=2147483647 ta=2147483647 level=0 parametersUseForLevel=0,mNr=Invalid,SignalBarInfo{ lteLevel=1 },rat=14,primary=CellSignalStrengthLte}
12-01 19:28:08.182  3697  3771 I EPDG -- SIM0 [SMARTCELLULAR]: lastLteRSRP is -119 currentLteRSRP is -119 lastLteRSRQ is -15 currentLteRSRQ is -15 lastLteSNR is 0 currentLteSNR is 2
12-01 19:28:08.183  1999  2213 D NetworkController.MobileSignalController(0/8): notifyListener: enabled=true, connected=true, dataConnected=false, networkType=LTE (4G_VZW), emergencyOnly=false, roaming=false, isDefault=false, fiveGAvailable=false, mmWave=false, showDisabledDataIcon=false, voWifiConnected=false, dataActivity=, simState=LOADED, cardOperator=VZW, simCardActivated=0
12-01 19:28:08.184  1999  2213 D NetworkController: SignalStrength from intent slotId=0
12-01 19:28:08.260  1115  1782 D InputReader: Btn_touch(5): value=0 when=618814.764272
12-01 19:28:08.260  1115  1782 I InputReader: Touch event's action is 0x1 (id=7, t=0) [pCnt=1, s=] when=618814.764272
12-01 19:28:08.260  1115  1781 I InputDispatcher: Delivering touch to (25137): action: 0x1, f=0x0, d=0, 'b66649e', t=1 
12-01 19:28:08.261 25137 25137 I ViewRootImpl@7f5d3ed[MainActivity]: ViewPostIme pointer 1
12-01 19:28:08.261  1115  1115 I SemDvfsHyPerManager: acquire hyper - GESTURE_DETECTED/1115@24, type = -999
12-01 19:28:08.261  1115  1115 I SemDvfsHyPerManager: acquire hyper - GESTURE_DETECTED/1115@24, type = -999
12-01 19:28:08.262   862   901 I HYPER-HAL: [RequestManager.cpp]acquire(): Acquired ID : 649254  [1115 / 24]    HINT : GESTURE_DETECTED    list : [TIMEOUT / 257] 
12-01 19:28:08.265   862   901 I HYPER-HAL: [RequestManager.cpp]acquire(): Acquired ID : 649254  [1115 / 24]    HINT : GESTURE_DETECTED    list : [TIMEOUT / 257] 
12-01 19:28:08.523   862 25236 I HYPER-HAL: [RequestManager.cpp]releaseLocked(): Released ID : 649254
12-01 19:28:08.687  1115  1884 I SemWifiEleStateTracker: Ele Parameters BD : 10 11 10 11 10 11 MD : -117 -117 -119 -119 -119 -119 WD : -54 -52 -53 -53 -54 -54 GC : false false false false false false SC : false false false false false false SH : false false false false false false TB : false false false false false false
12-01 19:28:08.687  1115  1884 I SemWifiEleStateTracker: Monitoring finished by expiration count
12-01 19:28:08.688  1115  1884 I WifiConnectivityMonitor: current mode : 2
12-01 19:28:08.688  1115  1884 I SemWifiEleStateTracker: mMonitorEnabled false
12-01 19:28:08.718   853 24022 I sensors-hal: handle_sns_client_event:212, auto_rotation_event_2: 255/-0.350,0.067,9.785, ar:0
12-01 19:28:08.719  1115  1458 I WindowOrientationListener: OrientationSensorJudge.onSensorChanged, Rotation: -1
12-01 19:28:08.720  1115  1458 V WindowManager: rotationForOrientation(orient=SCREEN_ORIENTATION_PORTRAIT (1), last=ROTATION_0 (0)); user=ROTATION_0 (0) 
12-01 19:28:08.720  1115  1458 D WindowManager: rotationForOrientation, orientationSource=ActivityRecord{874fac0 u0 com.deepwaterooo.dwsdkTest/com.deepwaterooo.dwsdk.MainActivity t3961}
12-01 19:28:08.720  1115  1458 V WindowManager: Computed rotation=ROTATION_0 (0) for display id=0 based on lastOrientation=SCREEN_ORIENTATION_PORTRAIT (1) and oldRotation=ROTATION_0 (0), caller=com.android.server.wm.DisplayContent.updateRotationUnchecked:2332 com.android.server.wm.WindowManagerService.updateRotationUnchecked:4517 com.android.server.wm.WindowManagerService.updateRotation:4498 com.android.server.wm.DisplayRotation$OrientationListener$UpdateRunnable.run:1834 android.os.Handler.handleCallback:938 android.os.Handler.dispatchMessage:99 
12-01 19:28:08.761  1115  1458 V WindowManager: rotationForOrientation(orient=SCREEN_ORIENTATION_PORTRAIT (1), last=ROTATION_0 (0)); user=ROTATION_0 (0) 
12-01 19:28:08.761  1115  1458 D WindowManager: rotationForOrientation, orientationSource=ActivityRecord{874fac0 u0 com.deepwaterooo.dwsdkTest/com.deepwaterooo.dwsdk.MainActivity t3961}
12-01 19:28:08.762  1115  1458 V WindowManager: Computed rotation=ROTATION_0 (0) for display id=0 based on lastOrientation=SCREEN_ORIENTATION_PORTRAIT (1) and oldRotation=ROTATION_0 (0), caller=com.android.server.wm.DisplayContent.updateRotationUnchecked:2332 com.android.server.wm.WindowManagerService.updateRotationUnchecked:4517 com.android.server.wm.WindowManagerService.updateRotation:4498 com.android.server.wm.DisplayRotation$OrientationListener$UpdateRunnable.run:1834 android.os.Handler.handleCallback:938 android.os.Handler.dispatchMessage:99 
12-01 19:28:08.763  1115  1458 V WindowManager: rotationForOrientation(orient=SCREEN_ORIENTATION_PORTRAIT (1), last=ROTATION_0 (0)); user=ROTATION_0 (0) 
12-01 19:28:08.763  1115  1458 D WindowManager: rotationForOrientation, orientationSource=ActivityRecord{874fac0 u0 com.deepwaterooo.dwsdkTest/com.deepwaterooo.dwsdk.MainActivity t3961}
12-01 19:28:08.763  1115  1458 V WindowManager: Computed rotation=ROTATION_0 (0) for display id=0 based on lastOrientation=SCREEN_ORIENTATION_PORTRAIT (1) and oldRotation=ROTATION_0 (0), caller=com.android.server.wm.DisplayContent.updateRotationUnchecked:2332 com.android.server.wm.WindowManagerService.updateRotationUnchecked:4517 com.android.server.wm.WindowManagerService.updateRotation:4498 com.android.server.wm.DisplayRotation$OrientationListener$UpdateRunnable.run:1834 android.os.Handler.handleCallback:938 android.os.Handler.dispatchMessage:99 
12-01 19:28:09.435   682   682 D io_stats: !@   8,0 r 5023969 192174016 w 5158473 151912288 d 0 0 f 0 0 iot 3835710 0 th 0 0 0 pt 0 inp 0 0 618815.938
12-01 19:28:09.470  1115  1867 D SemCellularStateManager: onSignalStrengthsChanged: mCellularSignalLevel=0
12-01 19:28:09.471  1999  2213 D MobileStatusTracker(0/8): onSignalStrengthsChanged signalStrength=SignalStrength:{mCdma=Invalid,mGsm=Invalid,mWcdma=Invalid,mTdscdma=Invalid,mLte=CellSignalStrengthLte: rssi=-83 rsrp=-119 rsrq=-15 rssnr=2 cqiTableIndex=2147483647 cqi=2147483647 ta=2147483647 level=0 parametersUseForLevel=0,mNr=Invalid,SignalBarInfo{ lteLevel=1 },rat=14,primary=CellSignalStrengthLte} level=1
12-01 19:28:09.472  3697  3741 I EPDG -- SIM0 [SMARTCELLULAR]: onSignalStrengthsChanged: SignalStrength:{mCdma=Invalid,mGsm=Invalid,mWcdma=Invalid,mTdscdma=Invalid,mLte=CellSignalStrengthLte: rssi=-83 rsrp=-119 rsrq=-15 rssnr=2 cqiTableIndex=2147483647 cqi=2147483647 ta=2147483647 level=0 parametersUseForLevel=0,mNr=Invalid,SignalBarInfo{ lteLevel=1 },rat=14,primary=CellSignalStrengthLte}
12-01 19:28:09.472  3697  3771 I EPDG -- SIM0 [SMARTCELLULAR]: lastLteRSRP is -119 currentLteRSRP is -119 lastLteRSRQ is -15 currentLteRSRQ is -15 lastLteSNR is 2 currentLteSNR is 2
12-01 19:28:09.472  1999  2213 D CscParser: OMC path : /product/omc/VZW/conf/customer.xml
12-01 19:28:09.472  1999  2213 I CscParser: getCustomerPath : omc customer file can read
12-01 19:28:09.472  1999  2213 E CscParser: update(): xml file exist
12-01 19:28:09.482  1999  2213 D NetworkController: SignalStrength from intent slotId=0
12-01 19:28:09.634   853 22840 I sensors-hal: handle_sns_client_event:660, [0][16561] accel_sample [-0.342,  0.055,  9.798] 767227007098579
12-01 19:28:09.735  1115 25238 D WifiConnectivityMonitor.DnsPingerHandler: setCurrentLinkProperties: lp={InterfaceName: wlan0 LinkAddresses: [ fe80::147c:82ff:fe09:e448/64,192.168.1.203/24,2600:1700:e840:17a0:147c:82ff:fe09:e448/64,2600:1700:e840:17a0:f56d:a18:b02e:1c24/64 ] DnsAddresses: [ /2600:1700:e840:17a0::1,/192.168.1.254 ] Domains: attlocal.net MTU: 0 ServerAddress: /192.168.1.254 TcpBufferSizes: 524288,1048576,4194304,524288,1048576,4194304 Routes: [ fe80::/64 -> :: wlan0 mtu 0,::/0 -> fe80::8a96:4eff:fe04:74a0 wlan0 mtu 0,2600:1700:e840:17a0::/60 -> fe80::8a96:4eff:fe04:74a0 wlan0 mtu 0,2600:1700:e840:17a0::/64 -> :: wlan0 mtu 0,192.168.1.0/24 -> 0.0.0.0 wlan0 mtu 0,0.0.0.0/0 -> 192.168.1.254 wlan0 mtu 0 ]}
12-01 19:28:10.045  1115 25239 D WifiConnectivityMonitor.DnsThread:  [|210] []
12-01 19:28:10.047  1115  1886 D WifiConnectivityMonitor.NetworkStatsAnalyzer: DNS resultType : 0, responseTime : 210
12-01 19:28:10.716 24532 24626 I MicroMsg.SimcardService: [:24626, ]:CheckMobileSIMType Timer
12-01 19:28:10.855   853 24022 I sensors-hal: handle_sns_client_event:217, auto_rotation_event_2: mode:255, type:1:0/-0.352,0.065,9.782, ar:0
12-01 19:28:11.256  1115  1526 D PowerManagerService: UserActivityStateListenerState: 0
12-01 19:28:11.650   853 22840 I sensors-hal: handle_sns_client_event:660, [0][16670] accel_sample [-0.366,  0.066,  9.737] 767229023297277
12-01 19:28:11.824  1115  1788 D BatteryService: Sending ACTION_BATTERY_CHANGED. scale:100, info:{.chargerAcOnline = false, .chargerUsbOnline = true, .chargerWirelessOnline = false, .maxChargingCurrent = 0, .maxChargingVoltage = 0, .batteryStatus = CHARGING, .batteryHealth = GOOD, .batteryPresent = true, .batteryLevel = 79, .batteryVoltage = 4106, .batteryTemperature = 174, .batteryCurrent = 111, .batteryCycleCount = 0, .batteryFullCharge = 4000000, .batteryChargeCounter = 3150568, .batteryTechnology = Li-ion}
12-01 19:28:11.824  1115  1788 D BatteryService: online:4, current avg:99, charge type:1, POGO powered:false, power sharing:false, high voltage charger:false, charger_type:0, capacity:280000, misc_event:0x10000, current_event:0x0, current_now:111
12-01 19:28:11.827  1115  1115 D SemWifiApBroadcastReceiver: Received : android.intent.action.BATTERY_CHANGED
12-01 19:28:11.827  1115  1115 D AdaptiveBrightnessLongtermModelBuilder: Received android.intent.action.BATTERY_CHANGED
12-01 19:28:11.831  1999  1999 D KeyguardUpdateMonitor: received broadcast android.intent.action.BATTERY_CHANGED
12-01 19:28:11.831  1115  1773 D MotionRecognitionService:   onReceive : ACTION_BATTERY_CHANGED, Plugged: 2
12-01 19:28:11.831  1115  1773 I MotionRecognitionService: [TA] In/out: true, curr state: 1
12-01 19:28:11.831  1954  1954 D SemBigDataInfoController: Intent : android.intent.action.BATTERY_CHANGED
12-01 19:28:11.831  1954  1954 D Telephony: SamsungBatteryBroadcastReceiver: onReceive: action=android.intent.action.BATTERY_CHANGED
12-01 19:28:11.831  1999  1999 I PowerUI : mBootCompleted = true |  mFullyConnected = true
12-01 19:28:11.832  1999  1999 I PowerUI : BATTERY_HEALTH_CHECK extraHealth=2 mBatteryMiscEvent=65536
12-01 19:28:11.832  1999  1999 D PowerUI : priorPlugType = 2 mPlugType = 2 priorBatteryStatus = 2 mBatteryStatus = 2
12-01 19:28:11.832  1999  1999 I PowerUI : oldMisalign : false, curMisalign : false
12-01 19:28:11.836  3697  3742 I EPDG -- SIM0 [EpdgIntentReceiver]: android.intent.action.BATTERY_CHANGED intent received.
12-01 19:28:11.837  1115  4587 V AS.AudioDeviceBroker: requestedCommunicationDevice, device: null mode owner pid: 0
12-01 19:28:11.837  1954  1954 D Telephony: SamsungLowBatteryTonePlayer: registerLowBatteryAlarmIfPossible: isSpeakerOn=false isLowBatterySoundScheduled=false isActiveCall=false
12-01 19:28:11.838  1999 11971 D PowerUI.Notification: 1. restoreScreenTimeOut - saved_value : :
12-01 19:28:11.838  1999 11971 E PowerUI.Notification: no saved value, so we do nothing !!
12-01 19:28:11.839  1115  1997 D SamsungAlarmManager: Cancel Alarm calling from uid:1001 pid :1954 / OP:PendingIntent{3cdf4b1: PendingIntentRecord{1254d96 com.android.phone broadcastIntent}}
12-01 19:28:11.839  1999  1999 D PowerUI.Notification: showChargingNotice oldChargingType : 1 currentChargingType : 1 oldChargingTime : 5373000 mChargingTime : 5373000
12-01 19:28:11.839  1999  1999 D PowerUI.Notification: There is no change about charging status, so return!
12-01 19:28:11.839  1999  1999 D PowerUI : Battery swelling mode - priorBatterySwellingMode = 0 mBatterySwellingMode = 0 mBatteryStatus = 2
12-01 19:28:11.839  1999  1999 I PowerUI : mBatteryMiscEvent = 65536
12-01 19:28:11.839  1954  1954 D Telephony: SamsungLowBatteryTonePlayer: registerLowBatteryAlarmIfPossible: canceled alarm.
12-01 19:28:11.840  1999  1999 D KeyguardUpdateMonitor: handleBatteryUpdate
12-01 19:28:11.841  1999  1999 I AODBatteryManager: updateBatteryData: ACTION_BATTERY_CHANGED
12-01 19:28:11.842  1999  1999 I AODBatteryManager: saveBatteryData : AOD BatteryData [mBatteryLevel=79, mBatteryStatus=CHARGING, mBatteryPlugType=USB, mBatteryPlugged=true, mRemainingChargeTime=5373000, mBatteryChargingType=1, mBatteryChargerType=NORMAL, mBatteryOnline=USB, mBatterySwellingMode=NONE, mBatteryProtectMode=false]
12-01 19:28:11.850  1999  1999 D QS      : setQSExpansion 0.0 -161.525
12-01 19:28:11.852  1999  1999 D QS      : setQSExpansion 0.0 -161.525
12-01 19:28:11.852  1999  1999 V SecQSFragmentAnimatorBase: setQsExpansionPosition 0.0
12-01 19:28:11.852  1999  1999 V QsExpandAnimator: setQsExpansionPosition 0.0 0
12-01 19:28:11.853  1999  1999 D QS      : setQSExpansion 0.0 -161.525
12-01 19:28:13.667   853 22840 I sensors-hal: handle_sns_client_event:660, [0][16779] accel_sample [-0.346,  0.054,  9.778] 767231039527277
12-01 19:28:13.818  2036  2036 I wpa_supplicant: Heartbeat 62328
12-01 19:28:13.857  1115  1886 D WifiConnectivityMonitor.NetworkStatsAnalyzer: Backhaul result - RSSI:-57, CE:5, PE:5, TI:-2, PTI:0, TW:0, PTW:0, Tx:8, Rx:11, TxS:4, RxS:2, RESULT:true, IC:3, ICT:5, WC:12, WCT:5, R:0, RC:0, IE:0, EC:0
12-01 19:28:13.981  1115  2167 D SamsungAlarmManager: Cancel Alarm calling from uid:10045 pid :28483 / OP:PendingIntent{bea4a07: PendingIntentRecord{133ab1a com.google.android.gms/ startService}}
12-01 19:28:13.982  1115  2167 V SamsungAlarmManager: setLocked to kernel - W:767279651 / NW:767271126, now=767231366
12-01 19:28:14.223   862 25171 I HYPER-HAL: [RequestManager.cpp]releaseLocked(): Released ID : 644700
12-01 19:28:15.201   940   940 I SurfaceFlinger: SFWD update time=618821705011906
12-01 19:28:15.683   853 22840 I sensors-hal: handle_sns_client_event:660, [0][16888] accel_sample [-0.356,  0.061,  9.780] 767233055645090
12-01 19:28:15.874  1115  1867 D SemCellularStateManager: onSignalStrengthsChanged: mCellularSignalLevel=1
12-01 19:28:15.874  1115  1867 D SemSupplicantStaIfaceHal: updateCellularCapabilities called
