12-01 19:27:25.954  3697  3741 I EPDG -- SIM0 [SMARTCELLULAR]: onSignalStrengthsChanged: SignalStrength:{mCdma=Invalid,mGsm=Invalid,mWcdma=Invalid,mTdscdma=Invalid,mLte=CellSignalStrengthLte: rssi=-75 rsrp=-112 rsrq=-15 rssnr=5 cqiTableIndex=2147483647 cqi=2147483647 ta=2147483647 level=1 parametersUseForLevel=0,mNr=Invalid,SignalBarInfo{ lteLevel=3 },rat=14,primary=CellSignalStrengthLte}
12-01 19:27:25.954  1999  2213 E CscParser: update(): xml file exist
12-01 19:27:25.954  3697  3771 I EPDG -- SIM0 [SMARTCELLULAR]: lastLteRSRP is -112 currentLteRSRP is -112 lastLteRSRQ is -14 currentLteRSRQ is -15 lastLteSNR is 6 currentLteSNR is 5
12-01 19:27:25.968  1999  2213 D NetworkController: SignalStrength from intent slotId=0
12-01 19:27:26.300  1999  1999 D NetworkController.WifiSignalController: notifyListener: visible=true, enabled=true, connected=true, inetCondition=1, isDefault=true, receivedCR=true, receivedIC=-1, shouldForceHide=false, emptyConnected=false
12-01 19:27:26.673   853 22840 I sensors-hal: handle_sns_client_event:660, [0][14163] accel_sample [ 0.080,  0.059,  9.776] 767182650694412
12-01 19:27:27.397   682   682 D io_stats: !@   8,0 r 5023640 192168932 w 5158263 151910480 d 0 0 f 0 0 iot 3835540 0 th 0 0 0 pt 0 inp 0 0 618773.900
12-01 19:27:28.673   853 22840 I sensors-hal: handle_sns_client_event:660, [0][14272] accel_sample [ 0.099,  0.036,  9.792] 767184666805715
12-01 19:27:29.423   853 24022 I sensors-hal: handle_sns_client_event:217, auto_rotation_event_2: mode:255, type:1:0/0.077,0.069,9.782, ar:0
12-01 19:27:29.424   853 22840 I sensors-hal: handle_sns_client_event:660, [0][14381] accel_sample [ 0.095,  0.053,  9.798] 767186682945037
12-01 19:27:29.749  1115  1884 I SemWifiEleStateTracker: Ele Parameters BD : 10 10 10 11 10 10 MD : -112 -112 -112 -112 -112 -112 WD : -58 -59 -62 -61 -59 -59 GC : false false false false false false SC : false false false false false false SH : false false false false false false TB : false false false false false false
12-01 19:27:31.073  1115  1867 D SemCellularStateManager: onSignalStrengthsChanged: mCellularSignalLevel=1
12-01 19:27:31.074  1999  2213 D MobileStatusTracker(0/8): onSignalStrengthsChanged signalStrength=SignalStrength:{mCdma=Invalid,mGsm=Invalid,mWcdma=Invalid,mTdscdma=Invalid,mLte=CellSignalStrengthLte: rssi=-77 rsrp=-112 rsrq=-15 rssnr=3 cqiTableIndex=2147483647 cqi=2147483647 ta=2147483647 level=1 parametersUseForLevel=0,mNr=Invalid,SignalBarInfo{ lteLevel=3 },rat=14,primary=CellSignalStrengthLte} level=3
12-01 19:27:31.075  1999  2213 D CscParser: OMC path : /product/omc/VZW/conf/customer.xml
12-01 19:27:31.075  1999  2213 I CscParser: getCustomerPath : omc customer file can read
12-01 19:27:31.075  3697  3741 I EPDG -- SIM0 [SMARTCELLULAR]: onSignalStrengthsChanged: SignalStrength:{mCdma=Invalid,mGsm=Invalid,mWcdma=Invalid,mTdscdma=Invalid,mLte=CellSignalStrengthLte: rssi=-77 rsrp=-112 rsrq=-15 rssnr=3 cqiTableIndex=2147483647 cqi=2147483647 ta=2147483647 level=1 parametersUseForLevel=0,mNr=Invalid,SignalBarInfo{ lteLevel=3 },rat=14,primary=CellSignalStrengthLte}
12-01 19:27:31.075  1999  2213 E CscParser: update(): xml file exist
12-01 19:27:31.076  3697  3771 I EPDG -- SIM0 [SMARTCELLULAR]: lastLteRSRP is -112 currentLteRSRP is -112 lastLteRSRQ is -15 currentLteRSRQ is -15 lastLteSNR is 5 currentLteSNR is 3
12-01 19:27:31.089  1999  2213 D NetworkController: SignalStrength from intent slotId=0
12-01 19:27:31.594  1115  3216 D BatteryService: Sending ACTION_BATTERY_CHANGED. scale:100, info:{.chargerAcOnline = false, .chargerUsbOnline = true, .chargerWirelessOnline = false, .maxChargingCurrent = 0, .maxChargingVoltage = 0, .batteryStatus = CHARGING, .batteryHealth = GOOD, .batteryPresent = true, .batteryLevel = 79, .batteryVoltage = 4167, .batteryTemperature = 173, .batteryCurrent = 415, .batteryCycleCount = 0, .batteryFullCharge = 4000000, .batteryChargeCounter = 3146610, .batteryTechnology = Li-ion}
12-01 19:27:31.594  1115  3216 D BatteryService: online:4, current avg:381, charge type:1, POGO powered:false, power sharing:false, high voltage charger:false, charger_type:0, capacity:280000, misc_event:0x10000, current_event:0x0, current_now:415
12-01 19:27:31.597  1115  1773 D MotionRecognitionService:   onReceive : ACTION_BATTERY_CHANGED, Plugged: 2
12-01 19:27:31.597  1115  1773 I MotionRecognitionService: [TA] In/out: true, curr state: 1
12-01 19:27:31.600  1954  1954 D SemBigDataInfoController: Intent : android.intent.action.BATTERY_CHANGED
12-01 19:27:31.600  1954  1954 D Telephony: SamsungBatteryBroadcastReceiver: onReceive: action=android.intent.action.BATTERY_CHANGED
12-01 19:27:31.600  1999  1999 D KeyguardUpdateMonitor: received broadcast android.intent.action.BATTERY_CHANGED
12-01 19:27:31.601  1999  1999 I PowerUI : mBootCompleted = true |  mFullyConnected = true
12-01 19:27:31.601  1999  1999 I PowerUI : BATTERY_HEALTH_CHECK extraHealth=2 mBatteryMiscEvent=65536
12-01 19:27:31.601  1999  1999 D PowerUI : priorPlugType = 2 mPlugType = 2 priorBatteryStatus = 2 mBatteryStatus = 2
12-01 19:27:31.601  1999  1999 I PowerUI : oldMisalign : false, curMisalign : false
12-01 19:27:31.601  1115  1742 V AS.AudioDeviceBroker: requestedCommunicationDevice, device: null mode owner pid: 0
12-01 19:27:31.602  1954  1954 D Telephony: SamsungLowBatteryTonePlayer: registerLowBatteryAlarmIfPossible: isSpeakerOn=false isLowBatterySoundScheduled=false isActiveCall=false
12-01 19:27:31.604  3697  3742 I EPDG -- SIM0 [EpdgIntentReceiver]: android.intent.action.BATTERY_CHANGED intent received.
12-01 19:27:31.606  1999  1999 D PowerUI.Notification: showChargingNotice oldChargingType : 1 currentChargingType : 1 oldChargingTime : 5398000 mChargingTime : 5398000
12-01 19:27:31.606  1999  1999 D PowerUI.Notification: There is no change about charging status, so return!
12-01 19:27:31.606  1999  1999 D PowerUI : Battery swelling mode - priorBatterySwellingMode = 0 mBatterySwellingMode = 0 mBatteryStatus = 2
12-01 19:27:31.606  1999  1999 I PowerUI : mBatteryMiscEvent = 65536
12-01 19:27:31.607  1115  1115 D SemWifiApBroadcastReceiver: Received : android.intent.action.BATTERY_CHANGED
12-01 19:27:31.608  1115  1115 D AdaptiveBrightnessLongtermModelBuilder: Received android.intent.action.BATTERY_CHANGED
12-01 19:27:31.608  1999  1999 D KeyguardUpdateMonitor: handleBatteryUpdate
12-01 19:27:31.611  1115  2182 D SamsungAlarmManager: Cancel Alarm calling from uid:1001 pid :1954 / OP:PendingIntent{ae81ccd: PendingIntentRecord{128e982 com.android.phone broadcastIntent}}
12-01 19:27:31.612  1954  1954 D Telephony: SamsungLowBatteryTonePlayer: registerLowBatteryAlarmIfPossible: canceled alarm.
12-01 19:27:31.612  1999  3047 D PowerUI.Notification: 1. restoreScreenTimeOut - saved_value : :
12-01 19:27:31.613  1999  3047 E PowerUI.Notification: no saved value, so we do nothing !!
12-01 19:27:31.614  1999  1999 I AODBatteryManager: updateBatteryData: ACTION_BATTERY_CHANGED
12-01 19:27:31.618  1999  1999 I AODBatteryManager: saveBatteryData : AOD BatteryData [mBatteryLevel=79, mBatteryStatus=CHARGING, mBatteryPlugType=USB, mBatteryPlugged=true, mRemainingChargeTime=5398000, mBatteryChargingType=1, mBatteryChargerType=NORMAL, mBatteryOnline=USB, mBatterySwellingMode=NONE, mBatteryProtectMode=false]
12-01 19:27:31.622  1999  1999 D QS      : setQSExpansion 0.0 -161.525
12-01 19:27:31.625  1999  1999 D QS      : setQSExpansion 0.0 -161.525
12-01 19:27:31.626  1999  1999 V SecQSFragmentAnimatorBase: setQsExpansionPosition 0.0
12-01 19:27:31.626  1999  1999 V QsExpandAnimator: setQsExpansionPosition 0.0 0
12-01 19:27:31.627  1999  1999 D QS      : setQSExpansion 0.0 -161.525
12-01 19:27:31.940  1115  1837 D DeviceStorageMonitorService: check() STORAGE TOTAL > 64G
12-01 19:27:31.941  1115  1837 W DeviceStorageMonitorService: updateBroadcasts(/data) oldLevel:0, newLevel:0, seq:1
12-01 19:27:31.942   633   664 E vold    : getUsedF2fsFileNode -> Cannot Get Used FileNode Number (errno=25 Inappropriate ioctl for device)
12-01 19:27:31.943  1115  1837 D DeviceStorageMonitorService: Cannot get USED FILE NODE NUMBER!!!
12-01 19:27:31.943  1115  1837 D DeviceStorageMonitorService: Available File Node Number is [-1]
12-01 19:27:31.943  1115  1837 W DeviceStorageMonitorService: updateBroadcasts_filenode(/data) fn_oldLevel:0, fn_newLevel:0, seq:1
12-01 19:27:32.671   853 22840 I sensors-hal: handle_sns_client_event:660, [0][14490] accel_sample [ 0.067,  0.035,  9.795] 767188699076131
12-01 19:27:33.403   682   682 D io_stats: !@   8,0 r 5023640 192168932 w 5158294 151910632 d 0 0 f 0 0 iot 3835550 0 th 0 0 0 pt 0 inp 0 0 618779.906
12-01 19:27:33.815  2036  2036 I wpa_supplicant: Heartbeat 62324
12-01 19:27:33.829  1115  1886 D WifiConnectivityMonitor.NetworkStatsAnalyzer: Backhaul result - RSSI:-57, CE:5, PE:5, TI:0, PTI:0, TW:0, PTW:0, Tx:0, Rx:3, TxS:0, RxS:0, RESULT:true, IC:3, ICT:5, WC:8, WCT:5, R:0, RC:0, IE:0, EC:0
12-01 19:27:34.673   853 22840 I sensors-hal: handle_sns_client_event:660, [0][14599] accel_sample [ 0.083,  0.066,  9.806] 767190715249308
12-01 19:27:36.281  1115  1884 I SemWifiEleStateTracker: Ele Parameters BD : 11 10 10 11 10 9 MD : -112 -112 -112 -112 -112 -112 WD : -59 -58 -57 -57 -58 -58 GC : false false false false false false SC : false false false false false false SH : false false false false false false TB : false false false false false false
12-01 19:27:36.444  4427  5042 I SDHMS:C : SIOP:: AP:80(180,110) BAT:173(173,0) USB:179(179,0) CHG:178(178,0) PA:192(192,0) WIFI:169(169,0) BLK:0(0,0) SUBBAT:0(0,0) LRP:181(181,0) LRF:181(181) LRB:177(177) 
12-01 19:27:36.673   853 22840 I sensors-hal: handle_sns_client_event:660, [0][14708] accel_sample [ 0.081,  0.044,  9.779] 767192731448840
12-01 19:27:38.675   853 22840 I sensors-hal: handle_sns_client_event:660, [0][14817] accel_sample [ 0.075,  0.036,  9.777] 767194747667642
12-01 19:27:39.409   682   682 D io_stats: !@   8,0 r 5023640 192168932 w 5158302 151910688 d 0 0 f 0 0 iot 3835560 0 th 0 0 0 pt 0 inp 0 0 618785.912
12-01 19:27:39.784   853 24022 I sensors-hal: handle_sns_client_event:217, auto_rotation_event_2: mode:255, type:1:0/0.074,0.041,9.806, ar:0
12-01 19:27:39.784   853 22840 I sensors-hal: handle_sns_client_event:660, [0][14926] accel_sample [ 0.061,  0.043,  9.787] 767196763879360
12-01 19:27:40.684 24532 24626 I MicroMsg.SimcardService: [:24626, ]:CheckMobileSIMType Timer
12-01 19:27:41.646  1115  2306 D BatteryService: Sending ACTION_BATTERY_CHANGED. scale:100, info:{.chargerAcOnline = false, .chargerUsbOnline = true, .chargerWirelessOnline = false, .maxChargingCurrent = 0, .maxChargingVoltage = 0, .batteryStatus = CHARGING, .batteryHealth = GOOD, .batteryPresent = true, .batteryLevel = 79, .batteryVoltage = 4167, .batteryTemperature = 173, .batteryCurrent = 380, .batteryCycleCount = 0, .batteryFullCharge = 4000000, .batteryChargeCounter = 3146610, .batteryTechnology = Li-ion}
12-01 19:27:41.647  1115  2306 D BatteryService: online:4, current avg:386, charge type:1, POGO powered:false, power sharing:false, high voltage charger:false, charger_type:0, capacity:280000, misc_event:0x10000, current_event:0x0, current_now:380
12-01 19:27:41.650  1115  1773 D MotionRecognitionService:   onReceive : ACTION_BATTERY_CHANGED, Plugged: 2
12-01 19:27:41.650  1115  1773 I MotionRecognitionService: [TA] In/out: true, curr state: 1
12-01 19:27:41.651  1115  1115 D SemWifiApBroadcastReceiver: Received : android.intent.action.BATTERY_CHANGED
12-01 19:27:41.654  1954  1954 D SemBigDataInfoController: Intent : android.intent.action.BATTERY_CHANGED
12-01 19:27:41.655  1954  1954 D Telephony: SamsungBatteryBroadcastReceiver: onReceive: action=android.intent.action.BATTERY_CHANGED
12-01 19:27:41.657  1115  1742 V AS.AudioDeviceBroker: requestedCommunicationDevice, device: null mode owner pid: 0
12-01 19:27:41.657  3697  3742 I EPDG -- SIM0 [EpdgIntentReceiver]: android.intent.action.BATTERY_CHANGED intent received.
12-01 19:27:41.657  1999  1999 D KeyguardUpdateMonitor: received broadcast android.intent.action.BATTERY_CHANGED
12-01 19:27:41.657  1999  1999 I PowerUI : mBootCompleted = true |  mFullyConnected = true
12-01 19:27:41.657  1999  1999 I PowerUI : BATTERY_HEALTH_CHECK extraHealth=2 mBatteryMiscEvent=65536
12-01 19:27:41.658  1999  1999 D PowerUI : priorPlugType = 2 mPlugType = 2 priorBatteryStatus = 2 mBatteryStatus = 2
12-01 19:27:41.658  1999  1999 I PowerUI : oldMisalign : false, curMisalign : false
12-01 19:27:41.660  1999  5488 D PowerUI.Notification: 1. restoreScreenTimeOut - saved_value : :
12-01 19:27:41.660  1999  5488 E PowerUI.Notification: no saved value, so we do nothing !!
12-01 19:27:41.660  1954  1954 D Telephony: SamsungLowBatteryTonePlayer: registerLowBatteryAlarmIfPossible: isSpeakerOn=false isLowBatterySoundScheduled=false isActiveCall=false
12-01 19:27:41.660  1999  1999 D PowerUI.Notification: showChargingNotice oldChargingType : 1 currentChargingType : 1 oldChargingTime : 5398000 mChargingTime : 5373000
12-01 19:27:41.660  1999  1999 D PowerUI.Notification: showChargingNotification()
12-01 19:27:41.662  1115  1115 D AdaptiveBrightnessLongtermModelBuilder: Received android.intent.action.BATTERY_CHANGED
12-01 19:27:41.662  1115  1742 D SamsungAlarmManager: Cancel Alarm calling from uid:1001 pid :1954 / OP:PendingIntent{47add18: PendingIntentRecord{3da371 com.android.phone broadcastIntent}}
12-01 19:27:41.669  1954  1954 D Telephony: SamsungLowBatteryTonePlayer: registerLowBatteryAlarmIfPossible: canceled alarm.
12-01 19:27:41.669  1115  4587 D ApplicationPolicy: isStatusBarNotificationAllowedAsUser: packageName = com.android.systemui,userId = 0
12-01 19:27:41.669  1115  4587 D ApplicationPolicy: isStatusBarNotificationAllowedAsUser: packageName = com.android.systemui,userId = -1
12-01 19:27:41.669  1115  4587 D ApplicationPolicy: isStatusBarNotificationAllowedAsUser: converting userId from USER_ALLto 0
12-01 19:27:41.670  1999  1999 D PowerUI : Battery swelling mode - priorBatterySwellingMode = 0 mBatterySwellingMode = 0 mBatteryStatus = 2
12-01 19:27:41.670  1999  1999 I PowerUI : mBatteryMiscEvent = 65536
12-01 19:27:41.677  8812  8812 I Edge.badge: updateBadge item = com.android.systemui:-1 1
12-01 19:27:41.678  1999  1999 D KeyguardUpdateMonitor: handleBatteryUpdate
12-01 19:27:41.681  1999  1999 D KeyguardSecIndicationController: addIndicationTimeout() returned - unlocking
12-01 19:27:41.681  1999  1999 D KeyguardSecIndicationController: addIndication() returned - unlocking
12-01 19:27:41.681  1999  1999 D KeyguardSecIndicationController: addBatteryIndication() status = BatteryStatus{status=2,level=79,plugged=2,health=2,maxChargingWattage=-1,remaining=5373000ultraFastCharger=0}
12-01 19:27:41.681  1999  1999 I AODBatteryManager: updateBatteryData: ACTION_BATTERY_CHANGED
12-01 19:27:41.682  1999  1999 I AODBatteryManager: saveBatteryData : AOD BatteryData [mBatteryLevel=79, mBatteryStatus=CHARGING, mBatteryPlugType=USB, mBatteryPlugged=true, mRemainingChargeTime=5373000, mBatteryChargingType=1, mBatteryChargerType=NORMAL, mBatteryOnline=USB, mBatterySwellingMode=NONE, mBatteryProtectMode=false]
12-01 19:27:41.682  1999  1999 I ChargingInfoManager: updateChargingInfo: newState = AOD ChargingInfo [mState=BATTERY_AND_REMAIN_TIME, mIsCharging=true, mIsFullyCharged=false, mIsBatteryProtectMode=false], oldState = AOD ChargingInfo [mState=BATTERY_AND_REMAIN_TIME, mIsCharging=true, mIsFullyCharged=false, mIsBatteryProtectMode=false]
12-01 19:27:41.694  1999  1999 D QS      : setQSExpansion 0.0 -161.525
12-01 19:27:41.695  1999  1999 D QS      : setQSExpansion 0.0 -161.525
12-01 19:27:41.696  1999  1999 V SecQSFragmentAnimatorBase: setQsExpansionPosition 0.0
12-01 19:27:41.696  1999  1999 V QsExpandAnimator: setQsExpansionPosition 0.0 0
12-01 19:27:41.697  1999  1999 D QS      : setQSExpansion 0.0 -161.525
12-01 19:27:41.700  1999  1999 D InterruptionStateProvider: No bubble up: not allowed to bubble: -1|com.android.systemui|2131428820|charging_state|10010
12-01 19:27:41.702  1999  1999 D InterruptionStateProvider:  no Heads up : edgelighting enabled app. -1|com.android.systemui|2131428820|charging_state|10010
12-01 19:27:41.705  1999  2213 D PeopleSpaceWidgetMgr: Sbn doesn't contain valid PeopleTileKey: null/-1/com.android.systemui
12-01 19:27:41.707  1999  1999 D QS      : setQSExpansion 0.0 -161.525
12-01 19:27:41.707  1999  1999 D QS      : setQSExpansion 0.0 -161.525
12-01 19:27:41.726  1999  1999 D QS      : setQSExpansion 0.0 -161.525
12-01 19:27:41.726  1999  1999 D QS      : setQSExpansion 0.0 -161.525
12-01 19:27:42.671   853 22840 I sensors-hal: handle_sns_client_event:660, [0][15035] accel_sample [ 0.072,  0.035,  9.783] 767198780060298
12-01 19:27:42.784  1115  1884 I SemWifiEleStateTracker: Ele Parameters BD : 12 9 9 10 10 10 MD : -112 -112 -112 -112 -112 -112 WD : -57 -57 -58 -58 -58 -57 GC : false false false false false false SC : false false false false false false SH : false false false false false false TB : false false false false false false
12-01 19:27:43.413   682   682 D io_stats: !@   8,0 r 5023640 192168932 w 5158313 151910760 d 0 0 f 0 0 iot 3835570 0 th 0 0 0 pt 0 inp 0 0 618789.916
12-01 19:27:43.817  2036  2036 I wpa_supplicant: Heartbeat 62325
12-01 19:27:43.836  1115  1886 D WifiConnectivityMonitor.NetworkStatsAnalyzer: Backhaul result - RSSI:-57, CE:5, PE:5, TI:0, PTI:0, TW:0, PTW:0, Tx:0, Rx:2, TxS:0, RxS:0, RESULT:true, IC:3, ICT:5, WC:9, WCT:5, R:0, RC:0, IE:0, EC:0
12-01 19:27:44.673   853 22840 I sensors-hal: handle_sns_client_event:660, [0][15144] accel_sample [ 0.085,  0.056,  9.799] 767200796200298
12-01 19:27:45.149  1115  1867 D SemCellularStateManager: onSignalStrengthsChanged: mCellularSignalLevel=1
12-01 19:27:45.151  1999  2213 D MobileStatusTracker(0/8): onSignalStrengthsChanged signalStrength=SignalStrength:{mCdma=Invalid,mGsm=Invalid,mWcdma=Invalid,mTdscdma=Invalid,mLte=CellSignalStrengthLte: rssi=-77 rsrp=-112 rsrq=-15 rssnr=6 cqiTableIndex=2147483647 cqi=2147483647 ta=2147483647 level=1 parametersUseForLevel=0,mNr=Invalid,SignalBarInfo{ lteLevel=2 },rat=14,primary=CellSignalStrengthLte} level=2
12-01 19:27:45.151  1999  2213 D CscParser: OMC path : /product/omc/VZW/conf/customer.xml
12-01 19:27:45.152  3697  3741 I EPDG -- SIM0 [SMARTCELLULAR]: onSignalStrengthsChanged: SignalStrength:{mCdma=Invalid,mGsm=Invalid,mWcdma=Invalid,mTdscdma=Invalid,mLte=CellSignalStrengthLte: rssi=-77 rsrp=-112 rsrq=-15 rssnr=6 cqiTableIndex=2147483647 cqi=2147483647 ta=2147483647 level=1 parametersUseForLevel=0,mNr=Invalid,SignalBarInfo{ lteLevel=2 },rat=14,primary=CellSignalStrengthLte}
12-01 19:27:45.152  1999  2213 I CscParser: getCustomerPath : omc customer file can read
12-01 19:27:45.152  1999  2213 E CscParser: update(): xml file exist
12-01 19:27:45.153  3697  3771 I EPDG -- SIM0 [SMARTCELLULAR]: lastLteRSRP is -112 currentLteRSRP is -112 lastLteRSRQ is -15 currentLteRSRQ is -15 lastLteSNR is 3 currentLteSNR is 6
12-01 19:27:45.165  1999  2213 D NetworkController.MobileSignalController(0/8): notifyListener: enabled=true, connected=true, dataConnected=false, networkType=LTE (4G_VZW), emergencyOnly=false, roaming=false, isDefault=false, fiveGAvailable=false, mmWave=false, showDisabledDataIcon=false, voWifiConnected=false, dataActivity=, simState=LOADED, cardOperator=VZW, simCardActivated=0
12-01 19:27:45.166  1999  2213 D NetworkController: SignalStrength from intent slotId=0
12-01 19:27:45.192   940   940 I SurfaceFlinger: SFWD update time=618791696180563
12-01 19:27:46.674   853 22840 I sensors-hal: handle_sns_client_event:660, [0][15253] accel_sample [ 0.086,  0.036,  9.797] 767202812390246
12-01 19:27:48.672   853 22840 I sensors-hal: handle_sns_client_event:660, [0][15362] accel_sample [ 0.083,  0.045,  9.775] 767204828658475
12-01 19:27:49.318  1115  1884 I SemWifiEleStateTracker: Ele Parameters BD : 9 11 11 10 10 9 MD : -112 -112 -112 -112 -112 -112 WD : -58 -57 -59 -58 -59 -60 GC : false false false false false false SC : false false false false false false SH : false false false false false false TB : false false false false false false
12-01 19:27:49.420   682   682 D io_stats: !@   8,0 r 5023640 192168932 w 5158322 151910820 d 0 0 f 0 0 iot 3835580 0 th 0 0 0 pt 0 inp 0 0 618795.923
12-01 19:27:50.140   853 24022 I sensors-hal: handle_sns_client_event:217, auto_rotation_event_2: mode:255, type:1:0/0.081,0.034,9.768, ar:0
12-01 19:27:50.140   853 22840 I sensors-hal: handle_sns_client_event:660, [0][15471] accel_sample [ 0.080,  0.075,  9.783] 767206844952694
12-01 19:27:51.210  1115  1474 E Watchdog: !@Sync: 20615 heap: 113 / 116 [2022-12-01 19:27:51.209] sdogWay: softdog FD: 917
12-01 19:27:51.718  1115  1852 D UsbStatsMonitor: 0 0 0 0 0 0 0 0 0 0 0 0 1 0 0 0 0 0 0 0 0 0 0 0 0 0 0 0 0 0 0 0 0 0 0 0 0 0 0 0 0 0 0 0 0 0 0 0 17703855194138
12-01 19:27:51.722  1115  2306 D BatteryService: Sending ACTION_BATTERY_CHANGED. scale:100, info:{.chargerAcOnline = false, .chargerUsbOnline = true, .chargerWirelessOnline = false, .maxChargingCurrent = 0, .maxChargingVoltage = 0, .batteryStatus = CHARGING, .batteryHealth = GOOD, .batteryPresent = true, .batteryLevel = 79, .batteryVoltage = 4170, .batteryTemperature = 173, .batteryCurrent = 403, .batteryCycleCount = 0, .batteryFullCharge = 4000000, .batteryChargeCounter = 3150568, .batteryTechnology = Li-ion}
12-01 19:27:51.722  1115  2306 D BatteryService: online:4, current avg:389, charge type:1, POGO powered:false, power sharing:false, high voltage charger:false, charger_type:0, capacity:280000, misc_event:0x10000, current_event:0x0, current_now:403
12-01 19:27:51.724  1115  1773 D MotionRecognitionService:   onReceive : ACTION_BATTERY_CHANGED, Plugged: 2
12-01 19:27:51.724  1115  1773 I MotionRecognitionService: [TA] In/out: true, curr state: 1
12-01 19:27:51.725  1115  1115 D SemWifiApBroadcastReceiver: Received : android.intent.action.BATTERY_CHANGED
12-01 19:27:51.725  1115  1115 D AdaptiveBrightnessLongtermModelBuilder: Received android.intent.action.BATTERY_CHANGED
12-01 19:27:51.730  3697  3742 I EPDG -- SIM0 [EpdgIntentReceiver]: android.intent.action.BATTERY_CHANGED intent received.
12-01 19:27:51.731  1999  1999 I AODBatteryManager: updateBatteryData: ACTION_BATTERY_CHANGED
12-01 19:27:51.732  1954  1954 D SemBigDataInfoController: Intent : android.intent.action.BATTERY_CHANGED
12-01 19:27:51.732  1954  1954 D Telephony: SamsungBatteryBroadcastReceiver: onReceive: action=android.intent.action.BATTERY_CHANGED
12-01 19:27:51.733  1115  1742 V AS.AudioDeviceBroker: requestedCommunicationDevice, device: null mode owner pid: 0
12-01 19:27:51.734  1954  1954 D Telephony: SamsungLowBatteryTonePlayer: registerLowBatteryAlarmIfPossible: isSpeakerOn=false isLowBatterySoundScheduled=false isActiveCall=false
12-01 19:27:51.736  1115  1742 D SamsungAlarmManager: Cancel Alarm calling from uid:1001 pid :1954 / OP:PendingIntent{6f14e8c: PendingIntentRecord{6f549d5 com.android.phone broadcastIntent}}
12-01 19:27:51.737  1999  1999 I AODBatteryManager: saveBatteryData : AOD BatteryData [mBatteryLevel=79, mBatteryStatus=CHARGING, mBatteryPlugType=USB, mBatteryPlugged=true, mRemainingChargeTime=5373000, mBatteryChargingType=1, mBatteryChargerType=NORMAL, mBatteryOnline=USB, mBatterySwellingMode=NONE, mBatteryProtectMode=false]
12-01 19:27:51.738  1999  1999 D KeyguardUpdateMonitor: received broadcast android.intent.action.BATTERY_CHANGED
12-01 19:27:51.738  1999  1999 I PowerUI : mBootCompleted = true |  mFullyConnected = true
12-01 19:27:51.738  1999  1999 I PowerUI : BATTERY_HEALTH_CHECK extraHealth=2 mBatteryMiscEvent=65536
12-01 19:27:51.738  1999  1999 D PowerUI : priorPlugType = 2 mPlugType = 2 priorBatteryStatus = 2 mBatteryStatus = 2
12-01 19:27:51.738  1999  1999 I PowerUI : oldMisalign : false, curMisalign : false
12-01 19:27:51.740  1999  7423 D PowerUI.Notification: 1. restoreScreenTimeOut - saved_value : :
12-01 19:27:51.740  1999  7423 E PowerUI.Notification: no saved value, so we do nothing !!
12-01 19:27:51.741  1999  1999 D PowerUI.Notification: showChargingNotice oldChargingType : 1 currentChargingType : 1 oldChargingTime : 5373000 mChargingTime : 5373000
12-01 19:27:51.741  1999  1999 D PowerUI.Notification: There is no change about charging status, so return!
12-01 19:27:51.741  1999  1999 D PowerUI : Battery swelling mode - priorBatterySwellingMode = 0 mBatterySwellingMode = 0 mBatteryStatus = 2
12-01 19:27:51.741  1999  1999 I PowerUI : mBatteryMiscEvent = 65536
12-01 19:27:51.744  1954  1954 D Telephony: SamsungLowBatteryTonePlayer: registerLowBatteryAlarmIfPossible: canceled alarm.
12-01 19:27:51.744  1999  1999 D KeyguardUpdateMonitor: handleBatteryUpdate
12-01 19:27:51.762  1999  1999 D QS      : setQSExpansion 0.0 -161.525
12-01 19:27:51.764  1999  1999 D QS      : setQSExpansion 0.0 -161.525
12-01 19:27:51.764  1999  1999 V SecQSFragmentAnimatorBase: setQsExpansionPosition 0.0
12-01 19:27:51.764  1999  1999 V QsExpandAnimator: setQsExpansionPosition 0.0 0
12-01 19:27:51.765  1999  1999 D QS      : setQSExpansion 0.0 -161.525
12-01 19:27:51.902   743   743 E audit   : type=1400 audit(1669951671.892:54267): avc:  denied  { kill } for  pid=0 comm="swapper/0" capability=5  scontext=u:r:kernel:s0 tcontext=u:r:kernel:s0 tclass=capability permissive=0 SEPF_SM-G975U1_12_0001 audit_filtered
12-01 19:27:52.672   853 22840 I sensors-hal: handle_sns_client_event:660, [0][15580] accel_sample [ 0.075,  0.068,  9.787] 767208861052069
12-01 19:27:53.425   682   682 D io_stats: !@   8,0 r 5023640 192168932 w 5158336 151910924 d 0 0 f 0 0 iot 3835590 0 th 0 0 0 pt 0 inp 0 0 618799.928
12-01 19:27:53.740  1115  1748 D SamsungAlarmManager: Expired : 8
12-01 19:27:53.741  1115  1748 V SamsungAlarmManager: Sending to uid : 1000 L=86f5b3e:DetectMovementSPListener alarm=Alarm{5edde8d type 3 origWhen 767211124 whenElapsed 767211124 android}
12-01 19:27:53.742  1115  2318 D SLocation: SPManager - SP is not support Q OS upgrade model!
12-01 19:27:53.744  1115  1748 V SamsungAlarmManager: setLocked to kernel - W:767224161 / NW:767217384, now=767211128
12-01 19:27:53.746  1115  2318 D SamsungAlarmManager: setExact (T:3/F:9/AC:false) 20221201T192853 now=767211130 - CU:1000/CP:1115/L:86f5b3e:DetectMovementSPListener
12-01 19:27:53.746  1115  2318 V SamsungAlarmManager: setLocked to kernel - W:767224161 / NW:767217384, now=767211130
12-01 19:27:53.818  2036  2036 I wpa_supplicant: Heartbeat 62326
12-01 19:27:53.843  1115  1886 D WifiConnectivityMonitor.NetworkStatsAnalyzer: Backhaul result - RSSI:-58, CE:5, PE:5, TI:0, PTI:0, TW:0, PTW:0, Tx:0, Rx:3, TxS:0, RxS:0, RESULT:true, IC:3, ICT:5, WC:10, WCT:5, R:0, RC:0, IE:0, EC:0
12-01 19:27:54.170 28483 28878 I NearbyDiscovery: FastPair: isDestroyable: Scanner is alive. [CONTEXT service_id=265 ]
12-01 19:27:54.170 28483 28878 I NearbyDiscovery: DiscoveryService: Skip stopSelf(), fast pair controller is not destroyable. [CONTEXT service_id=265 ]
12-01 19:27:54.672   853 22840 I sensors-hal: handle_sns_client_event:660, [0][15689] accel_sample [ 0.069,  0.031,  9.791] 767210877226756
12-01 19:27:55.884  1115  1884 I SemWifiEleStateTracker: Ele Parameters BD : 11 11 9 10 10 11 MD : -112 -112 -112 -112 -112 -112 WD : -57 -60 -57 -59 -58 -54 GC : false false false false false false SC : false false false false false false SH : false false false false false false TB : false false false false false false
12-01 19:27:55.930  1115  1782 D InputReader: Btn_touch(5): value=1 when=618802.433767
12-01 19:27:55.931  1115  1782 I InputReader: Touch event's action is 0x0 (id=7, t=0) [pCnt=1, s=0.13758 ] when=618802.433767
12-01 19:27:55.932  1115  1781 I InputDispatcher: Delivering touch to (1999): action: 0x4, f=0x0, d=0, '234d322', t=1 
12-01 19:27:55.933  1115  1781 I InputDispatcher: Delivering touch to (2680): action: 0x0, f=0x0, d=0, '62ee612', t=1 
12-01 19:27:55.934  1115  1781 D PowerManagerService: UserActivityStateListenerState: 1
12-01 19:27:55.934  2680  2680 I ViewRootImpl@635960b[LauncherActivity]: ViewPostIme pointer 0
12-01 19:27:55.935  2680  2680 W BaseDragLayer: dispatchTouchEvent, ACTION_DOWN - mTouchDispatchState = 9
12-01 19:27:55.935  2680  2680 W PageOverlayMover: isMoving : false
12-01 19:27:55.935  2680  2680 W PageOverlayMover: isMoving : false
12-01 19:27:55.935  2680  2680 W StatusBarController: onControllerInterceptTouchEvent return false by setting value
12-01 19:27:55.935  2680  2680 W BaseDragLayer: findActiveController return false mTouchDispatchState = 9
12-01 19:27:55.936  2680  2680 W PageOverlayMover: isMoving : false
12-01 19:27:55.952  2680  2680 W PageOverlayMover: isMoving : false
12-01 19:27:55.952  2680  2680 I StateManager: createAnimationToNewWorkspaceInternal : AllApps
12-01 19:27:55.952  2680  2680 I AppsTransitionController: setStateWithAnimation - toState : AllApps
12-01 19:27:55.954  2680  2680 I HomeStateTransitionController: setAnimPropForWorkspaceChild, state: AllApps, alpha: 0.0
12-01 19:27:55.954  2680  2680 I PartialBlurUtils: finishExitingPageEdit
12-01 19:27:55.955  2680  2680 I PartialBlurUtils: finishExitingPageEdit
12-01 19:27:55.955  2680  2680 I PartialBlurUtils: finishExitingPageEdit
12-01 19:27:55.955  2680  2680 I PartialBlurUtils: finishExitingPageEdit
12-01 19:27:55.955  2680  2680 I FolderTransitionController: setFolderProperty : AllApps,Normal,Normal
12-01 19:27:55.955  2680  2680 I PageEditTransitionController: setStateWithAnimation - from : Normal to : AllApps
12-01 19:27:55.957  2680  2680 I StateManager: onAnimationStart state : AllApps
12-01 19:27:55.957  2680  2680 I StateManager: onStateTransitionStart mState = AllApps
12-01 19:27:55.957  2680  2680 I Launcher.AppsPagedView: setLayout(), l: 51, r: 51, b: 132, spacing: 52
12-01 19:27:55.958  2680  2680 W HsDeviceProfile: getDrawablePaddingSizeRatio : 0.5
12-01 19:27:55.958  2680  2680 W HsDeviceProfile: mFixedLargeSize: 2872, iconSizePx: 224, iconTextSizePx: 50, fontScale: 1.1, fontSize : 3, iconDrawablePaddingPx: 14, isLandscape: false, invIconSizeRatio home: 7.8
12-01 19:27:55.958  2680  2680 W HsDeviceProfile: invIconSizeRatio apps: 7.8
12-01 19:27:55.958  2680  2680 W HsDeviceProfile: iconContentHeight = 358, cellHeight = 341, reducedIconTextSize =  48
12-01 19:27:55.959  2680  2741 I Launcher.BaseIconFactory: mIconBitmapSize = 235, fillResIconDpi: 640
12-01 19:27:55.959  2680  2680 I Launcher: onStateSetEnd for widget host, state : AllApps
12-01 19:27:55.959  2680  2680 W LauncherAppWidgetHost: setShouldListenFlag, mFlags:15 flag:resume on:false isFront:false
12-01 19:27:55.959  2680  2680 I BaseActivity: addActivityFlags, flags : 64
12-01 19:27:55.959  2680  2680 I LauncherRecentsView: onStateTransitionStart AllApps
12-01 19:27:55.959  2680  2680 I RecentsView: setOverviewStateEnabled false
12-01 19:27:55.959  2680  2680 I RecentsOrientedState: current RecentsOrientedState: [this=RecentsOrientedState@33223097 mOrientationHandler=PortraitPagedViewHandler@194345470 mDisplayRotation=0 mTouchRotation=0 mRecentsActivityRotation=0 mRecentsRotation=0 isRecentsActivityRotationAllowed=false mSystemRotation=true mStateId=38272 mFlags=299]
12-01 19:27:55.959  2680  2680 I LiveIconViewUpdater: onUpdateLiveIcon 39
12-01 19:27:55.960  2680  2680 E libprocessgroup: set_timerslack_ns write failed: Operation not permitted
12-01 19:27:55.960  2680  2680 I LiveIconViewUpdater: onUpdateLiveIcon 42
12-01 19:27:55.962  2680  2680 I BlurOperator: progress = 0.057257447, mBlurProgress = 0.0, forced = false, mForced = false
12-01 19:27:55.962  2680  2680 I BlurOperator: mSetTime = 1669951515337, currentTimeMs = 1669951675962
12-01 19:27:55.962  2680  2680 I BlurOperator: blurAmount = 0.007157181, mBgBlurAmount = 0.125, show = true, mPreBlur = 0.0, mDuration = 0
12-01 19:27:55.963  2680  2680 I ScrimView: updateColors mProgress = 0.9828228
12-01 19:27:55.963  2680  2680 I BaseDragLayer: founded touch controller : com.android.launcher3.uioverrides.touchcontrollers.PortraitStatesTouchController@9a3511f
12-01 19:27:55.963  2680  2680 I BaseDragLayer: activeController - com.android.launcher3.uioverrides.touchcontrollers.PortraitStatesTouchController
12-01 19:27:55.963  2680  2680 W PagedView: Touch Pos - : D-(675, 618802440)-C-(663, 618802454)-End
12-01 19:27:55.962  1115  1115 I Pageboost: package null
12-01 19:27:55.964  3280  3280 E pageboostd: Received HALT command code 2
12-01 19:27:55.966  1999  1999 D PipMotionHelper: animateToOffset: originalBounds=Rect(712, 2438 - 1384, 2816) offset=0 callers=
12-01 19:27:55.966  1999  1999 D PipMotionHelper:     com.android.wm.shell.pip.phone.PipTouchHandler.onMovementBoundsChanged:482
12-01 19:27:55.966  1999  1999 D PipMotionHelper:     com.android.wm.shell.pip.phone.PipController.updateMovementBounds:700
12-01 19:27:55.966  1999  1999 D PipMotionHelper:     com.android.wm.shell.pip.phone.PipController.lambda$init$3:350
12-01 19:27:55.966  1999  1999 D PipMotionHelper:     com.android.wm.shell.pip.phone.PipController.$r8$lambda$u15Oj_b57njSWegfZTV6TpliGaw:0
12-01 19:27:55.966  1999  1999 D PipMotionHelper:     com.android.wm.shell.pip.phone.PipController$$ExternalSyntheticLambda0.accept:8
12-01 19:27:55.970  2680  2680 I BlurOperator: progress = 0.18608226, mBlurProgress = 0.057257447, forced = false, mForced = false
12-01 19:27:55.970  2680  2680 I BlurOperator: mSetTime = 1669951675962, currentTimeMs = 1669951675970
12-01 19:27:55.970  2680  2680 I BlurOperator: blurAmount = 0.023260282, mBgBlurAmount = 0.125, show = true, mPreBlur = 0.007157181, mDuration = 0
12-01 19:27:55.971  2680  2739 I SPayUpdater: updateSpayHandler, show = false, defaultPage = false
12-01 19:27:55.972  2680  2680 I ScrimView: updateColors mProgress = 0.9441753
12-01 19:27:55.973   940   940 D Layer   : setBackgroundBlurRadius ## OneUiHome-BlurLayer#0, backgroundBlurRadius=8
12-01 19:27:55.973 30379 30379 I SAMSUNGWALLET: [Hint_IntroHintService] onReceive() action=com.sec.android.app.launcher.intent.action.UPDATE_SPAY_HANDLER
12-01 19:27:55.973   940   940 D Layer   : setBackgroundBlurRadius ## OneUiHome-BlurLayer#0, backgroundBlurRadius=27
12-01 19:27:55.973   940  3151 D NativeSemDvfsManager: acquire:: timeout = 2000 mIsAcquired = 1  mTagName : SurfaceFlinger 
12-01 19:27:55.973 30379 30379 I SAMSUNGWALLET: [Hint_IntroHintService] home change, s home : false , default : false , gesture : false , s result : false , prev : true
12-01 19:27:55.973 30379 30379 I SAMSUNGWALLET: [ServiceTypeTable] isSupportOperator : VZW, US
12-01 19:27:55.974 30379 30379 I SAMSUNGWALLET: [ServiceTypeTable] Upgrade - ServiceTypeTable - entryFromCountryIso - index is : 101, iso : US
12-01 19:27:55.974   862   901 I HYPER-HAL: [RequestManager.cpp]acquire(): Acquired ID : 1883770  [940 / 1000]    HINT : SF_GPU_MINLOCK    list : [TIMEOUT / 2000] 
12-01 19:27:55.974 30379 30379 I SAMSUNGWALLET: [Hint_IntroHintService] Hint Status - HIDE : [4000000] - 4000000
12-01 19:27:55.974 30379 30379 I SemUiSupportService: getWindowAttributes()
12-01 19:27:55.975  2680  2680 E libprocessgroup: set_timerslack_ns write failed: Operation not permitted
12-01 19:27:55.976   940  3151 E NativeCustomFrequencyManager: [NativeCFMS] BpCustomFrequencyManager::acquire()
12-01 19:27:55.977  2680  2680 I BlurOperator: progress = 0.5655581, mBlurProgress = 0.18608226, forced = false, mForced = false
12-01 19:27:55.977  2680  2680 I BlurOperator: mSetTime = 1669951675970, currentTimeMs = 1669951675977
12-01 19:27:55.977  2680  2680 I BlurOperator: blurAmount = 0.07069476, mBgBlurAmount = 0.125, show = true, mPreBlur = 0.023260282, mDuration = 0
12-01 19:27:55.978  2680  2680 I ScrimView: updateColors mProgress = 0.8303326
12-01 19:27:55.986   940   940 D SurfaceFlinger: Display 4630947232161729153 HWC layers:
12-01 19:27:55.986   940   940 D SurfaceFlinger:      CLIENT | 0xb400007a2c826dc0 | 0100 | RGBx_8888    |    1.0    0.0 1081.0 2280.0 |    0    0 1440 3040 | Wallpaper BBQ wrapper#0
12-01 19:27:55.986   940   940 D SurfaceFlinger:      CLIENT |              | 0000 |  Unknown  |    0.0    0.0    0.0    0.0 |    0    0 1440 3040 | OneUiHome-BlurLayer#0 (backgroundBlurRadius)
12-01 19:27:55.986   940   940 D SurfaceFlinger:      DEVICE | 0xb400007a2c8264c0 | 0100 | RGBA_8888    |    0.0    0.0 1440.0 3040.0 |    0    0 1440 3040 | com.sec.android.app.launcher/com.sec[...].activities.LauncherActivity$_2680#0
12-01 19:27:55.986   940   940 D SurfaceFlinger:      DEVICE | 0xb400007a2c85fac0 | 0100 | RGBA_8888    |    0.0    0.0 1440.0  142.0 |    0    0 1440  142 | StatusBar$_1999#0
12-01 19:27:55.986   940   940 D SurfaceFlinger:      DEVICE | 0xb400007a2c847220 | 0100 | RGBA_8888    |    0.0    0.0   67.0  568.0 |    0  806   67 1374 | com.samsung.android.app.cocktailbars[...]arservice.CocktailBarService$_8812#0
12-01 19:27:55.986   940   940 D SurfaceFlinger:      DEVICE | 0xb400007a2c854f30 | 0100 | RGBA_8888    |    0.0    0.0 1440.0  168.0 |    0 2872 1440 3040 | NavigationBar0$_1999#0
12-01 19:27:55.986   940   940 D SurfaceFlinger:      DEVICE | 0xb400007a2c846410 | 0100 | RGBA_8888    |    0.0    0.0  
12-01 19:27:55.986   940   940 D SurfaceFlinger: 695.0   84.0 |  372 2956 1067 3040 | com.samsung.android.spay.pay.HintService$_30379#0
12-01 19:27:55.986   940   940 D SurfaceFlinger: 
12-01 19:27:55.988   940   940 D Layer   : setBackgroundBlurRadius ## OneUiHome-BlurLayer#0, backgroundBlurRadius=84
12-01 19:27:55.989  2680  2680 I BlurOperator: progress = 1.0, mBlurProgress = 0.5655581, forced = false, mForced = false
12-01 19:27:55.989  2680  2680 I BlurOperator: mSetTime = 1669951675977, currentTimeMs = 1669951675989
12-01 19:27:55.989  2680  2680 I BlurOperator: blurAmount = 0.125, mBgBlurAmount = 0.125, show = true, mPreBlur = 0.07069476, mDuration = 0
12-01 19:27:55.990  1115  1742 V WindowManager: Relayout Window{2ce4560 u0 com.samsung.android.spay.pay.HintService}: viewVisibility=8 req=695x84 d0
12-01 19:27:55.990  1115  1742 E WindowManager: win=Window{2ce4560 u0 com.samsung.android.spay.pay.HintService} destroySurfaces: appStopped=true win.mWindowRemovalAllowed=false win.mRemoveOnExit=false win.mViewVisibility=8 caller=com.android.server.wm.WindowManagerService.tryStartExitingAnimation:2950 com.android.server.wm.WindowManagerService.relayoutWindow:2674 com.android.server.wm.Session.relayout:242 android.view.IWindowSession$Stub.onTransact:790 com.android.server.wm.Session.onTransact:176 android.os.Binder.execTransactInternal:1215 android.os.Binder.execTransact:1179 
12-01 19:27:55.990  1115  1742 I WindowManager: Destroying surface Surface(name=com.samsung.android.spay.pay.HintService$_30379)/@0x85d5245 called by com.android.server.wm.WindowStateAnimator.destroySurface:987 com.android.server.wm.WindowStateAnimator.destroySurfaceLocked:518 com.android.server.wm.WindowState.destroySurfaceUnchecked:4229 com.android.server.wm.WindowState.destroySurface:4203 com.android.server.wm.WindowManagerService.tryStartExitingAnimation:2950 com.android.server.wm.WindowManagerService.relayoutWindow:2674 com.android.server.wm.Session.relayout:242 android.view.IWindowSession$Stub.onTransact:790 
12-01 19:27:55.990  2680  2680 I ScrimView: updateColors mProgress = 0.7
12-01 19:27:55.990  2680  2680 W PageOverlayMover: isMoving : false
12-01 19:27:55.992  1115  1782 D InputReader: Btn_touch(5): value=0 when=618802.496410
12-01 19:27:55.992  1115  1782 I InputReader: Touch event's action is 0x1 (id=7, t=0) [pCnt=1, s=] when=618802.496410
12-01 19:27:55.993  1115  1781 I InputDispatcher: Delivering touch to (2680): action: 0x1, f=0x0, d=0, '62ee612', t=1 
12-01 19:27:55.993  1115  1115 I SemDvfsHyPerManager: acquire hyper - SMOOTH_SCROLL/1115@23, type = -999
12-01 19:27:55.993  1115  1115 I SemDvfsHyPerManager: acquire hyper - GESTURE_DETECTED/1115@24, type = -999
12-01 19:27:55.994  1115  1115 I SemDvfsHyPerManager: acquire hyper - GESTURE_DETECTED/1115@24, type = -999
12-01 19:27:55.994  2680  2680 I BlurOperator: progress = 1.0, mBlurProgress = 1.0, forced = false, mForced = false
12-01 19:27:55.994  2680  2680 I BlurOperator: mSetTime = 1669951675989, currentTimeMs = 1669951675994
12-01 19:27:55.994  2680  2680 I BlurOperator: blurAmount = 0.125, mBgBlurAmount = 0.125, show = true, mPreBlur = 0.125, mDuration = 0
12-01 19:27:55.994  2680  2680 W PageOverlayMover: isMoving : false
12-01 19:27:55.994  2680  2680 I ViewRootImpl@635960b[LauncherActivity]: ViewPostIme pointer 1
12-01 19:27:55.994   862   901 I HYPER-HAL: [RequestManager.cpp]acquire(): Acquired ID : 648114  [1115 / 23]    HINT : SMOOTH_SCROLL    list : 
12-01 19:27:55.994  2680  2680 W PortraitStatesTouchCtrl: updateSwipeCompleteAnimation, isFling = true, targetState = AllApps
12-01 19:27:55.994  2680  2680 I StateManager: onAnimationStart state : AllApps
12-01 19:27:55.994  2680  2680 I StateManager: onStateTransitionStart mState = AllApps
12-01 19:27:55.995  2680  2680 I Launcher.AppsPagedView: setLayout(), l: 51, r: 51, b: 132, spacing: 52
12-01 19:27:55.995  2680  2680 W HsDeviceProfile: getDrawablePaddingSizeRatio : 0.5
12-01 19:27:55.995  2680  2680 W HsDeviceProfile: mFixedLargeSize: 2872, iconSizePx: 224, iconTextSizePx: 50, fontScale: 1.1, fontSize : 3, iconDrawablePaddingPx: 14, isLandscape: false, invIconSizeRatio home: 7.8
12-01 19:27:55.995  2680  2680 W HsDeviceProfile: invIconSizeRatio apps: 7.8
12-01 19:27:55.995  2680  2680 W HsDeviceProfile: iconContentHeight = 358, cellHeight = 341, reducedIconTextSize =  48
12-01 19:27:55.995  2680  2741 I Launcher.BaseIconFactory: mIconBitmapSize = 235, fillResIconDpi: 640
12-01 19:27:55.995  2680  2680 I Launcher: onStateSetEnd for widget host, state : AllApps
12-01 19:27:55.996  2680  2680 W LauncherAppWidgetHost: setShouldListenFlag, mFlags:7 flag:resume on:false isFront:false
12-01 19:27:55.996  2680  2680 I BaseActivity: addActivityFlags, flags : 64
12-01 19:27:55.996  2680  2680 I LauncherRecentsView: onStateTransitionStart AllApps
12-01 19:27:55.996  2680  2680 I RecentsView: setOverviewStateEnabled false
12-01 19:27:55.996  2680  2680 I RecentsOrientedState: current RecentsOrientedState: [this=RecentsOrientedState@33223097 mOrientationHandler=PortraitPagedViewHandler@194345470 mDisplayRotation=0 mTouchRotation=0 mRecentsActivityRotation=0 mRecentsRotation=0 isRecentsActivityRotationAllowed=false mSystemRotation=true mStateId=38272 mFlags=299]
12-01 19:27:55.996  1115  1115 I Pageboost: package null
12-01 19:27:55.996  2680  2680 I BlurOperator: progress = 1.0, mBlurProgress = 1.0, forced = false, mForced = false
12-01 19:27:55.996  2680  2680 I BlurOperator: mSetTime = 1669951675994, currentTimeMs = 1669951675996
12-01 19:27:55.996  2680  2680 I BlurOperator: blurAmount = 0.125, mBgBlurAmount = 0.125, show = true, mPreBlur = 0.125, mDuration = 0
12-01 19:27:55.996  2680  2680 I BlurOperator: progress = 1.0, mBlurProgress = 1.0, forced = true, mForced = false
12-01 19:27:55.996  2680  2680 I BlurOperator: mSetTime = 1669951675996, currentTimeMs = 1669951675996
12-01 19:27:55.996  2680  2680 I BlurOperator: blurAmount = 0.125, mBgBlurAmount = 0.125, show = true, mPreBlur = 0.125, mDuration = 0
12-01 19:27:55.997  3280  3280 E pageboostd: Received HALT command code 2
12-01 19:27:55.998  1115  1742 V WindowManager: Relayout hash=2ce4560, pid=30379: mAttrs={(0,0)(695x84) gr=BOTTOM CENTER sim={adjust=pan} layoutInDisplayCutoutMode=shortEdges ty=NAVIGATION_BAR_PANEL fmt=TRANSLUCENT
12-01 19:27:55.998  1115  1742 V WindowManager:   fl=1800308
12-01 19:27:55.998  1115  1742 V WindowManager:   pfl=12000040
12-01 19:27:55.998  1115  1742 V WindowManager:   vsysui=2010
12-01 19:27:55.998  1115  1742 V WindowManager:   apr=LIGHT_STATUS_BARS LIGHT_NAVIGATION_BARS
12-01 19:27:55.998  1115  1742 V WindowManager:   bhv=DEFAULT
12-01 19:27:55.998  1115  1742 V WindowManager:   fitTypes=NAVIGATION_BARS
12-01 19:27:55.998  1115  1742 V WindowManager:   fitSides=LEFT RIGHT naviIconColor=0}
12-01 19:27:55.998   862   901 I HYPER-HAL: [RequestManager.cpp]acquire(): Acquired ID : 649254  [1115 / 24]    HINT : GESTURE_DETECTED    list : [TIMEOUT / 2989] 
12-01 19:27:56.000 30379 30379 I ViewRootImpl@db3e70d[HintService]: Relayout returned: old=(372,2956,1067,3040) new=(372,2956,1067,3040) req=(695,84)8 dur=10 res=0x5 s={false 0} ch=true fn=2
12-01 19:27:56.000   862   901 I HYPER-HAL: [RequestManager.cpp]releaseLocked(): Released ID : 648114
12-01 19:27:56.000   862   901 I HYPER-HAL: [RequestManager.cpp]acquire(): Acquired ID : 649254  [1115 / 24]    HINT : GESTURE_DETECTED    list : [TIMEOUT / 2989] 
12-01 19:27:56.005   940   940 D Layer   : setBackgroundBlurRadius ## OneUiHome-BlurLayer#0, backgroundBlurRadius=150
12-01 19:27:56.005   940   940 I Layer   : id=40439 removedFromDrawingState com.samsung.android.spay.pay.HintService$_30379#0 (117)
12-01 19:27:56.006   940   940 I SurfaceFlinger: id=40439 Removed com.samsung.android.spay.pay.HintService$_30379#0 (117)
12-01 19:27:56.006  2680  2680 I BlurOperator: progress = 1.0, mBlurProgress = 1.0, forced = false, mForced = true
12-01 19:27:56.006  2680  2680 I BlurOperator: mSetTime = 1669951675996, currentTimeMs = 1669951676006
12-01 19:27:56.006  2680  2680 I BlurOperator: blurAmount = 0.125, mBgBlurAmount = 0.125, show = true, mPreBlur = 0.125, mDuration = 0
12-01 19:27:56.006  2680  2680 I RecentsView: resetTaskVisuals
12-01 19:27:56.006  2680  2680 I RecentsView: Skip loading task enabled : false  changeId : -1
12-01 19:27:56.006  2680  2680 I HandOffImpl: updateVisibility: false
12-01 19:27:56.006  2680  2680 I StateManager: onAnimationSuccess state : AllApps
12-01 19:27:56.006  2680  2680 I StateManager: onStateTransitionEnd mState : AllApps
12-01 19:27:56.006  2680  2680 I BaseActivity: removeActivityFlags, flags : 64
12-01 19:27:56.006  2680  2680 I LauncherRecentsView: onStateTransitionComplete AllApps
12-01 19:27:56.006  2680  2680 I StateManager: goToStateAnimated mStateChanged is false
12-01 19:27:56.007  2680  2680 I StateManager: End animation. mStateChanged is changed to False
12-01 19:27:56.007  2680  2680 I ASCTouchController: clearState
12-01 19:27:56.007  2680  2680 W PortraitStatesTouchCtrl: onSwipeInteractionCompleted, targetState = AllApps
12-01 19:27:56.008  1115  1115 I Pageboost: package null
12-01 19:27:56.008   940   940 I Layer   : id=40439 Destroyed com.samsung.android.spay.pay.HintService$_30379#0
12-01 19:27:56.008  2680  2680 I InputMethodManager: startInputInner - mService.startInputOrWindowGainedFocus
12-01 19:27:56.008  3280  3280 E pageboostd: Received HALT command code 2
12-01 19:27:56.008  1115  1742 D InputMethodManagerService: mSecureKeypadEnabled = false
12-01 19:27:56.009  1115  1742 D InputMethodManagerService: DESKTOP MODE! : 2
12-01 19:27:56.009  1115  1742 D InputMethodManagerService: NOT IN KNOX DESKTOP MODE!
12-01 19:27:56.009  1115  1742 V InputMethodManagerService: getDisplayIdOfInputMethodWindowToBeAdded : 0
12-01 19:27:56.009  1115  1742 D InputMethodManagerService: checkDisplayOfStartInputAndUpdateKeyboard display Id 0last 0
12-01 19:27:56.009  1115  1742 D InputTransport: Input channel constructed: 'ClientS', fd=659
12-01 19:27:56.009  1115  1742 D InputTransport: Input channel destroyed: 'ClientS', fd=659
12-01 19:27:56.010  2680  2739 I SPayUpdater: updateSpayHandler, show = false, defaultPage = false
12-01 19:27:56.010  5198  5198 D InputMethodService: checkDisplayOfStartInputAndUpdateKeyboard display Id 0last 0
12-01 19:27:56.011 30379 30379 I SAMSUNGWALLET: [Hint_IntroHintService] onReceive() action=com.sec.android.app.launcher.intent.action.UPDATE_SPAY_HANDLER
12-01 19:27:56.011 30379 30379 I SAMSUNGWALLET: [Hint_IntroHintService] home change, s home : false , default : false , gesture : false , s result : false , prev : false
12-01 19:27:56.011  1115  1742 I InputMethodManagerService: isAccessoryKeyboard 0
12-01 19:27:56.012  1115  1742 I InputMethodManagerService: isAccessoryKeyboard 0
12-01 19:27:56.012  1115  1742 I InputMethodManagerService: isAccessoryKeyboard 0
12-01 19:27:56.022   940   940 D SurfaceFlinger: Display 4630947232161729153 HWC layers:
12-01 19:27:56.022   940   940 D SurfaceFlinger:      CLIENT | 0xb400007a2c826dc0 | 0100 | RGBx_8888    |    1.0    0.0 1081.0 2280.0 |    0    0 1440 3040 | Wallpaper BBQ wrapper#0
12-01 19:27:56.022   940   940 D SurfaceFlinger:      CLIENT |              | 0000 |  Unknown  |    0.0    0.0    0.0    0.0 |    0    0 1440 3040 | OneUiHome-BlurLayer#0 (backgroundBlurRadius)
12-01 19:27:56.022   940   940 D SurfaceFlinger:      DEVICE | 0xb400007a2c824c90 | 0100 | RGBA_8888    |    0.0    0.0 1440.0 3040.0 |    0    0 1440 3040 | com.sec.android.app.launcher/com.sec[...].activities.LauncherActivity$_2680#0
12-01 19:27:56.022   940   940 D SurfaceFlinger:      DEVICE | 0xb400007a2c85fac0 | 0100 | RGBA_8888    |    0.0    0.0 1440.0  142.0 |    0    0 1440  142 | StatusBar$_1999#0
12-01 19:27:56.022   940   940 D SurfaceFlinger:      DEVICE | 0xb400007a2c847220 | 0100 | RGBA_8888    |    0.0    0.0   67.0  568.0 |    0  806   67 1374 | com.samsung.android.app.cocktailbars[...]arservice.CocktailBarService$_8812#0
12-01 19:27:56.022   940   940 D SurfaceFlinger:      DEVICE | 0xb400007a2c854f30 | 0100 | RGBA_8888    |    0.0    0.0 1440.0  168.0 |    0 2872 1440 3040 | NavigationBar0$_1999#0
12-01 19:27:56.022   940   940 D SurfaceFlinger: 
12-01 19:27:56.673   853 22840 I sensors-hal: handle_sns_client_event:660, [0][15798] accel_sample [-0.378,  2.926,  9.435] 767212893491340
12-01 19:27:56.937   853 24022 I sensors-hal: handle_sns_client_event:212, auto_rotation_event_2: 0/2.902,3.029,8.913, ar:0
12-01 19:27:56.939  1115  1458 I WindowOrientationListener: OrientationSensorJudge.onSensorChanged, Rotation: 0
12-01 19:27:56.939  1115  1458 V WindowManager: rotationForOrientation(orient=SCREEN_ORIENTATION_NOSENSOR (5), last=ROTATION_0 (0)); user=ROTATION_0 (0) 
12-01 19:27:56.940  1115  1458 D WindowManager: rotationForOrientation, orientationSource=ActivityRecord{19d74a0 u0 com.sec.android.app.launcher/.activities.LauncherActivity t3293}
